<?xml version="1.0" encoding="UTF-8"?>
<testsuites name="jest tests" tests="887" failures="178" errors="0" time="45.893">
  <testsuite name="CommitParser" errors="0" failures="0" skipped="0" timestamp="2025-09-03T15:32:02" time="1.911" tests="58">
    <testcase classname="CommitParser Constructor should initialize with default options" name="CommitParser Constructor should initialize with default options" time="0.045">
    </testcase>
    <testcase classname="CommitParser Constructor should initialize with custom options" name="CommitParser Constructor should initialize with custom options" time="0.01">
    </testcase>
    <testcase classname="CommitParser parseCommit should parse conventional commit message" name="CommitParser parseCommit should parse conventional commit message" time="0.022">
    </testcase>
    <testcase classname="CommitParser parseCommit should parse commit with urgency keyword" name="CommitParser parseCommit should parse commit with urgency keyword" time="0.003">
    </testcase>
    <testcase classname="CommitParser parseCommit should parse commit with override keyword" name="CommitParser parseCommit should parse commit with override keyword" time="0.002">
    </testcase>
    <testcase classname="CommitParser parseCommit should parse commit with ticket references" name="CommitParser parseCommit should parse commit with ticket references" time="0.001">
    </testcase>
    <testcase classname="CommitParser parseCommit should handle empty commit message" name="CommitParser parseCommit should handle empty commit message" time="0.002">
    </testcase>
    <testcase classname="CommitParser parseCommit should handle null commit message" name="CommitParser parseCommit should handle null commit message" time="0.002">
    </testcase>
    <testcase classname="CommitParser cleanCommitMessage should clean commit message" name="CommitParser cleanCommitMessage should clean commit message" time="0.001">
    </testcase>
    <testcase classname="CommitParser cleanCommitMessage should handle empty message" name="CommitParser cleanCommitMessage should handle empty message" time="0.001">
    </testcase>
    <testcase classname="CommitParser extractCommitType should extract conventional commit types" name="CommitParser extractCommitType should extract conventional commit types" time="0.003">
    </testcase>
    <testcase classname="CommitParser extractCommitType should extract type with scope" name="CommitParser extractCommitType should extract type with scope" time="0.001">
    </testcase>
    <testcase classname="CommitParser extractCommitType should return unknown for non-conventional commits" name="CommitParser extractCommitType should return unknown for non-conventional commits" time="0.001">
    </testcase>
    <testcase classname="CommitParser extractCommitType should respect extractConventionalType setting" name="CommitParser extractCommitType should respect extractConventionalType setting" time="0">
    </testcase>
    <testcase classname="CommitParser extractCommitScope should extract scope from conventional commits" name="CommitParser extractCommitScope should extract scope from conventional commits" time="0.002">
    </testcase>
    <testcase classname="CommitParser extractCommitScope should return null for commits without scope" name="CommitParser extractCommitScope should return null for commits without scope" time="0.001">
    </testcase>
    <testcase classname="CommitParser extractCommitScope should respect extractConventionalType setting" name="CommitParser extractCommitScope should respect extractConventionalType setting" time="0">
    </testcase>
    <testcase classname="CommitParser extractCommitSubject should extract first line as subject" name="CommitParser extractCommitSubject should extract first line as subject" time="0.001">
    </testcase>
    <testcase classname="CommitParser extractCommitSubject should handle empty message" name="CommitParser extractCommitSubject should handle empty message" time="0.001">
    </testcase>
    <testcase classname="CommitParser extractCommitBody should extract body from multi-line commit" name="CommitParser extractCommitBody should extract body from multi-line commit" time="0">
    </testcase>
    <testcase classname="CommitParser extractCommitBody should return empty string for single-line commit" name="CommitParser extractCommitBody should return empty string for single-line commit" time="0">
    </testcase>
    <testcase classname="CommitParser extractCommitBody should handle empty message" name="CommitParser extractCommitBody should handle empty message" time="0.005">
    </testcase>
    <testcase classname="CommitParser extractTickets should extract ticket references" name="CommitParser extractTickets should extract ticket references" time="0">
    </testcase>
    <testcase classname="CommitParser extractTickets should handle different ticket formats" name="CommitParser extractTickets should handle different ticket formats" time="0.007">
    </testcase>
    <testcase classname="CommitParser extractTickets should not extract duplicate tickets" name="CommitParser extractTickets should not extract duplicate tickets" time="0">
    </testcase>
    <testcase classname="CommitParser extractTickets should respect extractTickets setting" name="CommitParser extractTickets should respect extractTickets setting" time="0.001">
    </testcase>
    <testcase classname="CommitParser detectOverrides should detect override keywords" name="CommitParser detectOverrides should detect override keywords" time="0.002">
    </testcase>
    <testcase classname="CommitParser detectOverrides should detect multiple overrides" name="CommitParser detectOverrides should detect multiple overrides" time="0">
    </testcase>
    <testcase classname="CommitParser detectOverrides should be case insensitive" name="CommitParser detectOverrides should be case insensitive" time="0">
    </testcase>
    <testcase classname="CommitParser detectOverrides should return empty array for no overrides" name="CommitParser detectOverrides should return empty array for no overrides" time="0.001">
    </testcase>
    <testcase classname="CommitParser detectUrgency should detect urgency keywords" name="CommitParser detectUrgency should detect urgency keywords" time="0">
    </testcase>
    <testcase classname="CommitParser detectUrgency should detect multiple urgency keywords" name="CommitParser detectUrgency should detect multiple urgency keywords" time="0">
    </testcase>
    <testcase classname="CommitParser detectUrgency should assign correct urgency levels" name="CommitParser detectUrgency should assign correct urgency levels" time="0.001">
    </testcase>
    <testcase classname="CommitParser detectUrgency should be case insensitive" name="CommitParser detectUrgency should be case insensitive" time="0.001">
    </testcase>
    <testcase classname="CommitParser hasUrgentOverride should return true for urgent commits" name="CommitParser hasUrgentOverride should return true for urgent commits" time="0.001">
    </testcase>
    <testcase classname="CommitParser hasUrgentOverride should return false for non-urgent commits" name="CommitParser hasUrgentOverride should return false for non-urgent commits" time="0">
    </testcase>
    <testcase classname="CommitParser getUrgentOverride should return highest priority urgency" name="CommitParser getUrgentOverride should return highest priority urgency" time="0.001">
    </testcase>
    <testcase classname="CommitParser getUrgentOverride should return null for non-urgent commits" name="CommitParser getUrgentOverride should return null for non-urgent commits" time="0.003">
    </testcase>
    <testcase classname="CommitParser validateCommitMessage should validate conventional commit" name="CommitParser validateCommitMessage should validate conventional commit" time="0.002">
    </testcase>
    <testcase classname="CommitParser validateCommitMessage should reject empty message" name="CommitParser validateCommitMessage should reject empty message" time="0">
    </testcase>
    <testcase classname="CommitParser validateCommitMessage should warn about short message" name="CommitParser validateCommitMessage should warn about short message" time="0.001">
    </testcase>
    <testcase classname="CommitParser validateCommitMessage should warn about long message" name="CommitParser validateCommitMessage should warn about long message" time="0.001">
    </testcase>
    <testcase classname="CommitParser validateCommitMessage should warn about non-conventional format" name="CommitParser validateCommitMessage should warn about non-conventional format" time="0">
    </testcase>
    <testcase classname="CommitParser validateCommitMessage should warn about WIP/TODO indicators" name="CommitParser validateCommitMessage should warn about WIP/TODO indicators" time="0.001">
    </testcase>
    <testcase classname="CommitParser validateCommitMessage should warn about URLs" name="CommitParser validateCommitMessage should warn about URLs" time="0">
    </testcase>
    <testcase classname="CommitParser metadata extraction should detect breaking changes" name="CommitParser metadata extraction should detect breaking changes" time="0">
    </testcase>
    <testcase classname="CommitParser metadata extraction should detect revert commits" name="CommitParser metadata extraction should detect revert commits" time="0.001">
    </testcase>
    <testcase classname="CommitParser metadata extraction should detect merge commits" name="CommitParser metadata extraction should detect merge commits" time="0.001">
    </testcase>
    <testcase classname="CommitParser metadata extraction should detect squash commits" name="CommitParser metadata extraction should detect squash commits" time="0">
    </testcase>
    <testcase classname="CommitParser metadata extraction should count words and lines" name="CommitParser metadata extraction should count words and lines" time="0.001">
    </testcase>
    <testcase classname="CommitParser metadata extraction should detect URLs and emails" name="CommitParser metadata extraction should detect URLs and emails" time="0">
    </testcase>
    <testcase classname="CommitParser createEmptyCommit should create empty commit object" name="CommitParser createEmptyCommit should create empty commit object" time="0.002">
    </testcase>
    <testcase classname="CommitParser getCommitSummary should create commit summary" name="CommitParser getCommitSummary should create commit summary" time="0.014">
    </testcase>
    <testcase classname="CommitParser getCommitSummary should truncate long subjects" name="CommitParser getCommitSummary should truncate long subjects" time="0.001">
    </testcase>
    <testcase classname="CommitParser Logging should log info messages when enabled" name="CommitParser Logging should log info messages when enabled" time="0.001">
    </testcase>
    <testcase classname="CommitParser Logging should not log info messages when disabled" name="CommitParser Logging should not log info messages when disabled" time="0">
    </testcase>
    <testcase classname="CommitParser Logging should log warning messages" name="CommitParser Logging should log warning messages" time="0.001">
    </testcase>
    <testcase classname="CommitParser Logging should log error messages" name="CommitParser Logging should log error messages" time="0.001">
    </testcase>
  </testsuite>
  <testsuite name="GitHubClient" errors="0" failures="8" skipped="0" timestamp="2025-09-03T15:32:02" time="2.327" tests="43">
    <testcase classname="GitHubClient Constructor should initialize with default options" name="GitHubClient Constructor should initialize with default options" time="0.028">
      <failure>Error: expect(received).toBe(expected) // Object.is equality

Expected: &quot;test-owner&quot;
Received: &quot;unknown&quot;
    at Object.toBe (C:\Users\eposh\OneDrive\Desktop\Dikshant\jenkins\github-review-plugin\src\utils\github-client.test.js:59:42)
    at Promise.then.completed (C:\Users\eposh\OneDrive\Desktop\Dikshant\jenkins\github-review-plugin\node_modules\jest-circus\build\utils.js:298:28)
    at new Promise (&lt;anonymous&gt;)
    at callAsyncCircusFn (C:\Users\eposh\OneDrive\Desktop\Dikshant\jenkins\github-review-plugin\node_modules\jest-circus\build\utils.js:231:10)
    at _callCircusTest (C:\Users\eposh\OneDrive\Desktop\Dikshant\jenkins\github-review-plugin\node_modules\jest-circus\build\run.js:316:40)
    at processTicksAndRejections (node:internal/process/task_queues:105:5)
    at _runTest (C:\Users\eposh\OneDrive\Desktop\Dikshant\jenkins\github-review-plugin\node_modules\jest-circus\build\run.js:252:3)
    at _runTestsForDescribeBlock (C:\Users\eposh\OneDrive\Desktop\Dikshant\jenkins\github-review-plugin\node_modules\jest-circus\build\run.js:126:9)
    at _runTestsForDescribeBlock (C:\Users\eposh\OneDrive\Desktop\Dikshant\jenkins\github-review-plugin\node_modules\jest-circus\build\run.js:121:9)
    at _runTestsForDescribeBlock (C:\Users\eposh\OneDrive\Desktop\Dikshant\jenkins\github-review-plugin\node_modules\jest-circus\build\run.js:121:9)
    at run (C:\Users\eposh\OneDrive\Desktop\Dikshant\jenkins\github-review-plugin\node_modules\jest-circus\build\run.js:71:3)
    at runAndTransformResultsToJestFormat (C:\Users\eposh\OneDrive\Desktop\Dikshant\jenkins\github-review-plugin\node_modules\jest-circus\build\legacy-code-todo-rewrite\jestAdapterInit.js:122:21)
    at jestAdapter (C:\Users\eposh\OneDrive\Desktop\Dikshant\jenkins\github-review-plugin\node_modules\jest-circus\build\legacy-code-todo-rewrite\jestAdapter.js:79:19)
    at runTestInternal (C:\Users\eposh\OneDrive\Desktop\Dikshant\jenkins\github-review-plugin\node_modules\jest-runner\build\runTest.js:367:16)
    at runTest (C:\Users\eposh\OneDrive\Desktop\Dikshant\jenkins\github-review-plugin\node_modules\jest-runner\build\runTest.js:444:34)
    at Object.worker (C:\Users\eposh\OneDrive\Desktop\Dikshant\jenkins\github-review-plugin\node_modules\jest-runner\build\testWorker.js:106:12)</failure>
    </testcase>
    <testcase classname="GitHubClient Constructor should initialize with custom options" name="GitHubClient Constructor should initialize with custom options" time="0.003">
    </testcase>
    <testcase classname="GitHubClient Constructor should throw error when no token provided" name="GitHubClient Constructor should throw error when no token provided" time="0.079">
    </testcase>
    <testcase classname="GitHubClient createReviewIssue should create GitHub issue successfully" name="GitHubClient createReviewIssue should create GitHub issue successfully" time="0.021">
      <failure>Error: expect(jest.fn()).toHaveBeenCalledWith(...expected)

- Expected
+ Received

  Object {
-   &quot;assignees&quot;: ArrayContaining [
+   &quot;assignees&quot;: Array [
      &quot;team-lead&quot;,
      &quot;test-user&quot;,
    ],
-   &quot;body&quot;: StringContaining &quot;AI Code Review Results&quot;,
-   &quot;labels&quot;: ArrayContaining [
+   &quot;body&quot;: &quot;## 🔍 AI Code Review Results
+
+ **Target Branch:** `main`  
+ **Highest Severity:** ![High](https://img.shields.io/badge/Severity-HIGH-red)  
+ **Review Status:** ❌ Failed
+
+ ### 📊 Severity Summary
+
+ 🔴 **High:** 1 issues
+ 🟡 **Medium:** 1 issues
+
+ ### 📝 Commit Information
+
+ **Source Branch:** `feature/test`  
+ **Target Branch:** `main`  
+ **Commit SHA:** `abc12345`  
+ **Author:** @test-user  
+ **Message:** `Test commit`
+
+ ### 📁 Files Reviewed
+
+ - `src/test.js`
+
+ ## 🚨 Issues Found
+
+ ### ![High](https://img.shields.io/badge/Severity-HIGH-red) ![Security](https://img.shields.io/badge/Category-Security-red) Security Issue
+
+ **File:** `src/test.js`  
+ **Line:** 10  
+ **Description:** Potential SQL injection
+
+ ```query = \&quot;SELECT * FROM users WHERE id = \&quot; + userId```
+
+ ## 💡 Recommendations
+
+ ### ![High](https://img.shields.io/badge/Severity-HIGH-red) Security Issue
+
+ **Recommendation:** Use parameterized queries
+
+ ---
+
+ **Review Duration:** 1500ms  
+ **Generated by:** AI Code Review System  
+ **Configuration:** production
+
+ ---
+ *This issue was automatically generated by the AI Code Review system. Please review the findings and take appropriate action.*&quot;,
+   &quot;labels&quot;: Array [
      &quot;ai-review&quot;,
      &quot;security&quot;,
      &quot;severity-high&quot;,
      &quot;env-production&quot;,
    ],
-   &quot;owner&quot;: &quot;test-owner&quot;,
-   &quot;repo&quot;: &quot;test-repo&quot;,
-   &quot;title&quot;: StringContaining &quot;Code Review [main]&quot;,
+   &quot;owner&quot;: &quot;unknown&quot;,
+   &quot;repo&quot;: &quot;unknown&quot;,
+   &quot;title&quot;: &quot;🔴 Code Review [main] - HIGH severity issues detected&quot;,
  },

Number of calls: 1
    at Object.toHaveBeenCalledWith (C:\Users\eposh\OneDrive\Desktop\Dikshant\jenkins\github-review-plugin\src\utils\github-client.test.js:166:46)
    at processTicksAndRejections (node:internal/process/task_queues:105:5)</failure>
    </testcase>
    <testcase classname="GitHubClient createReviewIssue should handle issue creation errors" name="GitHubClient createReviewIssue should handle issue creation errors" time="0.007">
    </testcase>
    <testcase classname="GitHubClient prepareIssueData should prepare issue data with high severity" name="GitHubClient prepareIssueData should prepare issue data with high severity" time="0.003">
    </testcase>
    <testcase classname="GitHubClient prepareIssueData should prepare issue data with medium severity" name="GitHubClient prepareIssueData should prepare issue data with medium severity" time="0.001">
    </testcase>
    <testcase classname="GitHubClient prepareIssueData should prepare issue data with low severity" name="GitHubClient prepareIssueData should prepare issue data with low severity" time="0.002">
    </testcase>
    <testcase classname="GitHubClient prepareIssueData should handle no issues found" name="GitHubClient prepareIssueData should handle no issues found" time="0.001">
    </testcase>
    <testcase classname="GitHubClient createStatusCheck should create success status check" name="GitHubClient createStatusCheck should create success status check" time="0.003">
      <failure>Error: expect(jest.fn()).toHaveBeenCalledWith(...expected)

- Expected
+ Received

  Object {
    &quot;context&quot;: &quot;ai-code-review/development&quot;,
    &quot;description&quot;: &quot;AI code review passed&quot;,
-   &quot;owner&quot;: &quot;test-owner&quot;,
-   &quot;repo&quot;: &quot;test-repo&quot;,
+   &quot;owner&quot;: &quot;unknown&quot;,
+   &quot;repo&quot;: &quot;unknown&quot;,
    &quot;sha&quot;: &quot;abc123456789&quot;,
    &quot;state&quot;: &quot;success&quot;,
-   &quot;target_url&quot;: Any&lt;String&gt;,
+   &quot;target_url&quot;: &quot;https://github.com/unknown/unknown/issues&quot;,
  },

Number of calls: 1
    at Object.toHaveBeenCalledWith (C:\Users\eposh\OneDrive\Desktop\Dikshant\jenkins\github-review-plugin\src\utils\github-client.test.js:390:57)
    at processTicksAndRejections (node:internal/process/task_queues:105:5)</failure>
    </testcase>
    <testcase classname="GitHubClient createStatusCheck should create failure status check for high severity issues" name="GitHubClient createStatusCheck should create failure status check for high severity issues" time="0.007">
      <failure>Error: expect(jest.fn()).toHaveBeenCalledWith(...expected)

- Expected
+ Received

  Object {
    &quot;context&quot;: &quot;ai-code-review/production&quot;,
    &quot;description&quot;: &quot;AI code review failed - high severity issues detected&quot;,
-   &quot;owner&quot;: &quot;test-owner&quot;,
-   &quot;repo&quot;: &quot;test-repo&quot;,
+   &quot;owner&quot;: &quot;unknown&quot;,
+   &quot;repo&quot;: &quot;unknown&quot;,
    &quot;sha&quot;: &quot;abc123456789&quot;,
    &quot;state&quot;: &quot;failure&quot;,
-   &quot;target_url&quot;: Any&lt;String&gt;,
+   &quot;target_url&quot;: &quot;https://github.com/unknown/unknown/issues&quot;,
  },

Number of calls: 1
    at Object.toHaveBeenCalledWith (C:\Users\eposh\OneDrive\Desktop\Dikshant\jenkins\github-review-plugin\src\utils\github-client.test.js:428:57)
    at processTicksAndRejections (node:internal/process/task_queues:105:5)</failure>
    </testcase>
    <testcase classname="GitHubClient createStatusCheck should create warning status check for low severity issues" name="GitHubClient createStatusCheck should create warning status check for low severity issues" time="0.009">
    </testcase>
    <testcase classname="GitHubClient createStatusCheck should handle override used in status check" name="GitHubClient createStatusCheck should handle override used in status check" time="0.001">
    </testcase>
    <testcase classname="GitHubClient getRepositoryInfo should get repository information successfully" name="GitHubClient getRepositoryInfo should get repository information successfully" time="0.006">
      <failure>Error: expect(jest.fn()).toHaveBeenCalledWith(...expected)

- Expected
+ Received

  Object {
-   &quot;owner&quot;: &quot;test-owner&quot;,
-   &quot;repo&quot;: &quot;test-repo&quot;,
+   &quot;owner&quot;: &quot;unknown&quot;,
+   &quot;repo&quot;: &quot;unknown&quot;,
  },

Number of calls: 1
    at Object.toHaveBeenCalledWith (C:\Users\eposh\OneDrive\Desktop\Dikshant\jenkins\github-review-plugin\src\utils\github-client.test.js:524:42)
    at processTicksAndRejections (node:internal/process/task_queues:105:5)</failure>
    </testcase>
    <testcase classname="GitHubClient getRepositoryInfo should handle repository info errors" name="GitHubClient getRepositoryInfo should handle repository info errors" time="0.003">
    </testcase>
    <testcase classname="GitHubClient getBranchProtection should get branch protection when enabled" name="GitHubClient getBranchProtection should get branch protection when enabled" time="0.008">
      <failure>Error: expect(jest.fn()).toHaveBeenCalledWith(...expected)

- Expected
+ Received

  Object {
    &quot;branch&quot;: &quot;main&quot;,
-   &quot;owner&quot;: &quot;test-owner&quot;,
-   &quot;repo&quot;: &quot;test-repo&quot;,
+   &quot;owner&quot;: &quot;unknown&quot;,
+   &quot;repo&quot;: &quot;unknown&quot;,
  },

Number of calls: 1
    at Object.toHaveBeenCalledWith (C:\Users\eposh\OneDrive\Desktop\Dikshant\jenkins\github-review-plugin\src\utils\github-client.test.js:574:58)
    at processTicksAndRejections (node:internal/process/task_queues:105:5)</failure>
    </testcase>
    <testcase classname="GitHubClient getBranchProtection should return disabled when branch protection not found" name="GitHubClient getBranchProtection should return disabled when branch protection not found" time="0.002">
    </testcase>
    <testcase classname="GitHubClient getBranchProtection should handle branch protection errors" name="GitHubClient getBranchProtection should handle branch protection errors" time="0.002">
    </testcase>
    <testcase classname="GitHubClient getCommitFiles should retrieve files from commit successfully" name="GitHubClient getCommitFiles should retrieve files from commit successfully" time="0.003">
      <failure>Error: expect(jest.fn()).toHaveBeenCalledWith(...expected)

- Expected
+ Received

  Object {
-   &quot;owner&quot;: &quot;test-owner&quot;,
+   &quot;owner&quot;: &quot;unknown&quot;,
    &quot;ref&quot;: &quot;abc123def456&quot;,
-   &quot;repo&quot;: &quot;test-repo&quot;,
+   &quot;repo&quot;: &quot;unknown&quot;,
  },

Number of calls: 1
    at Object.toHaveBeenCalledWith (C:\Users\eposh\OneDrive\Desktop\Dikshant\jenkins\github-review-plugin\src\utils\github-client.test.js:650:48)
    at processTicksAndRejections (node:internal/process/task_queues:105:5)</failure>
    </testcase>
    <testcase classname="GitHubClient getCommitFiles should handle commit with no files" name="GitHubClient getCommitFiles should handle commit with no files" time="0.001">
    </testcase>
    <testcase classname="GitHubClient getCommitFiles should handle commit response without files property" name="GitHubClient getCommitFiles should handle commit response without files property" time="0.002">
    </testcase>
    <testcase classname="GitHubClient getCommitFiles should handle null commit response" name="GitHubClient getCommitFiles should handle null commit response" time="0.001">
    </testcase>
    <testcase classname="GitHubClient getCommitFiles should handle files with missing optional properties" name="GitHubClient getCommitFiles should handle files with missing optional properties" time="0.002">
    </testcase>
    <testcase classname="GitHubClient getCommitFiles should throw error for invalid commit SHA" name="GitHubClient getCommitFiles should throw error for invalid commit SHA" time="0.004">
    </testcase>
    <testcase classname="GitHubClient getCommitFiles should handle GitHub API errors gracefully" name="GitHubClient getCommitFiles should handle GitHub API errors gracefully" time="0.001">
    </testcase>
    <testcase classname="GitHubClient getCommitFiles should handle network errors gracefully" name="GitHubClient getCommitFiles should handle network errors gracefully" time="0.001">
    </testcase>
    <testcase classname="GitHubClient getPullRequestFiles should retrieve files from pull request successfully" name="GitHubClient getPullRequestFiles should retrieve files from pull request successfully" time="0.005">
      <failure>Error: expect(jest.fn()).toHaveBeenCalledWith(...expected)

- Expected
+ Received

  Object {
-   &quot;owner&quot;: &quot;test-owner&quot;,
+   &quot;owner&quot;: &quot;unknown&quot;,
    &quot;pull_number&quot;: 123,
-   &quot;repo&quot;: &quot;test-repo&quot;,
+   &quot;repo&quot;: &quot;unknown&quot;,
  },

Number of calls: 1
    at Object.toHaveBeenCalledWith (C:\Users\eposh\OneDrive\Desktop\Dikshant\jenkins\github-review-plugin\src\utils\github-client.test.js:842:48)
    at processTicksAndRejections (node:internal/process/task_queues:105:5)</failure>
    </testcase>
    <testcase classname="GitHubClient getPullRequestFiles should handle pull request with no files" name="GitHubClient getPullRequestFiles should handle pull request with no files" time="0.001">
    </testcase>
    <testcase classname="GitHubClient getPullRequestFiles should handle PR response without data property" name="GitHubClient getPullRequestFiles should handle PR response without data property" time="0.002">
    </testcase>
    <testcase classname="GitHubClient getPullRequestFiles should handle null PR response" name="GitHubClient getPullRequestFiles should handle null PR response" time="0.001">
    </testcase>
    <testcase classname="GitHubClient getPullRequestFiles should handle files with missing optional properties" name="GitHubClient getPullRequestFiles should handle files with missing optional properties" time="0.001">
    </testcase>
    <testcase classname="GitHubClient getPullRequestFiles should throw error for invalid PR number" name="GitHubClient getPullRequestFiles should throw error for invalid PR number" time="0.003">
    </testcase>
    <testcase classname="GitHubClient getPullRequestFiles should handle GitHub API errors gracefully" name="GitHubClient getPullRequestFiles should handle GitHub API errors gracefully" time="0.004">
    </testcase>
    <testcase classname="GitHubClient getPullRequestFiles should handle network errors gracefully" name="GitHubClient getPullRequestFiles should handle network errors gracefully" time="0.002">
    </testcase>
    <testcase classname="GitHubClient Utility methods should get highest severity correctly" name="GitHubClient Utility methods should get highest severity correctly" time="0.002">
    </testcase>
    <testcase classname="GitHubClient Utility methods should get review status correctly" name="GitHubClient Utility methods should get review status correctly" time="0.009">
    </testcase>
    <testcase classname="GitHubClient Utility methods should get severity emoji correctly" name="GitHubClient Utility methods should get severity emoji correctly" time="0.001">
    </testcase>
    <testcase classname="GitHubClient Utility methods should get severity badge correctly" name="GitHubClient Utility methods should get severity badge correctly" time="0.002">
    </testcase>
    <testcase classname="GitHubClient Utility methods should get category badge correctly" name="GitHubClient Utility methods should get category badge correctly" time="0.002">
    </testcase>
    <testcase classname="GitHubClient Logging should log info messages when enabled" name="GitHubClient Logging should log info messages when enabled" time="0.001">
    </testcase>
    <testcase classname="GitHubClient Logging should not log info messages when disabled" name="GitHubClient Logging should not log info messages when disabled" time="0.002">
    </testcase>
    <testcase classname="GitHubClient Logging should log warning messages" name="GitHubClient Logging should log warning messages" time="0.002">
    </testcase>
    <testcase classname="GitHubClient Logging should log error messages" name="GitHubClient Logging should log error messages" time="0.001">
    </testcase>
  </testsuite>
  <testsuite name="ConfigParser" errors="0" failures="0" skipped="0" timestamp="2025-09-03T15:32:02" time="2.368" tests="52">
    <testcase classname="ConfigParser Constructor should initialize with default options" name="ConfigParser Constructor should initialize with default options" time="0.02">
    </testcase>
    <testcase classname="ConfigParser Constructor should initialize with custom options" name="ConfigParser Constructor should initialize with custom options" time="0.002">
    </testcase>
    <testcase classname="ConfigParser getDefaultConfiguration should return complete default configuration" name="ConfigParser getDefaultConfiguration should return complete default configuration" time="0.007">
    </testcase>
    <testcase classname="ConfigParser getDefaultConfiguration should include all environment configurations" name="ConfigParser getDefaultConfiguration should include all environment configurations" time="0.001">
    </testcase>
    <testcase classname="ConfigParser getDefaultConfiguration should include all rule categories" name="ConfigParser getDefaultConfiguration should include all rule categories" time="0.019">
    </testcase>
    <testcase classname="ConfigParser loadConfiguration should return default configuration when no file found" name="ConfigParser loadConfiguration should return default configuration when no file found" time="0.031">
    </testcase>
    <testcase classname="ConfigParser loadConfiguration should load configuration from specified path" name="ConfigParser loadConfiguration should load configuration from specified path" time="0.007">
    </testcase>
    <testcase classname="ConfigParser loadConfiguration should cache configuration results" name="ConfigParser loadConfiguration should cache configuration results" time="0.002">
    </testcase>
    <testcase classname="ConfigParser loadConfiguration should handle configuration parsing errors gracefully" name="ConfigParser loadConfiguration should handle configuration parsing errors gracefully" time="0.005">
    </testcase>
    <testcase classname="ConfigParser findConfigurationFile should find configuration file in order of preference" name="ConfigParser findConfigurationFile should find configuration file in order of preference" time="0.008">
    </testcase>
    <testcase classname="ConfigParser findConfigurationFile should return null when no configuration file found" name="ConfigParser findConfigurationFile should return null when no configuration file found" time="0.002">
    </testcase>
    <testcase classname="ConfigParser parseConfiguration should parse valid YAML content" name="ConfigParser parseConfiguration should parse valid YAML content" time="0.006">
    </testcase>
    <testcase classname="ConfigParser parseConfiguration should throw error for invalid YAML" name="ConfigParser parseConfiguration should throw error for invalid YAML" time="0.206">
    </testcase>
    <testcase classname="ConfigParser parseConfiguration should throw error for non-object YAML" name="ConfigParser parseConfiguration should throw error for non-object YAML" time="0.003">
    </testcase>
    <testcase classname="ConfigParser validateConfiguration should validate complete configuration successfully" name="ConfigParser validateConfiguration should validate complete configuration successfully" time="0.009">
    </testcase>
    <testcase classname="ConfigParser validateConfiguration should detect missing required fields" name="ConfigParser validateConfiguration should detect missing required fields" time="0.001">
    </testcase>
    <testcase classname="ConfigParser validateConfiguration should validate global settings" name="ConfigParser validateConfiguration should validate global settings" time="0.001">
    </testcase>
    <testcase classname="ConfigParser validateConfiguration should validate environment configurations" name="ConfigParser validateConfiguration should validate environment configurations" time="0.001">
    </testcase>
    <testcase classname="ConfigParser validateConfiguration should validate rules configuration" name="ConfigParser validateConfiguration should validate rules configuration" time="0.001">
    </testcase>
    <testcase classname="ConfigParser validateGlobalSettings should validate valid global settings" name="ConfigParser validateGlobalSettings should validate valid global settings" time="0">
    </testcase>
    <testcase classname="ConfigParser validateGlobalSettings should detect invalid severity threshold" name="ConfigParser validateGlobalSettings should detect invalid severity threshold" time="0.001">
    </testcase>
    <testcase classname="ConfigParser validateGlobalSettings should detect invalid numeric values" name="ConfigParser validateGlobalSettings should detect invalid numeric values" time="0.008">
    </testcase>
    <testcase classname="ConfigParser validateEnvironments should validate valid environment configurations" name="ConfigParser validateEnvironments should validate valid environment configurations" time="0">
    </testcase>
    <testcase classname="ConfigParser validateEnvironments should warn about unknown environments" name="ConfigParser validateEnvironments should warn about unknown environments" time="0.002">
    </testcase>
    <testcase classname="ConfigParser validateEnvironments should detect invalid severity thresholds in environments" name="ConfigParser validateEnvironments should detect invalid severity thresholds in environments" time="0.002">
    </testcase>
    <testcase classname="ConfigParser validateRules should validate valid rules configuration" name="ConfigParser validateRules should validate valid rules configuration" time="0.01">
    </testcase>
    <testcase classname="ConfigParser validateRules should warn about unknown rule categories" name="ConfigParser validateRules should warn about unknown rule categories" time="0.001">
    </testcase>
    <testcase classname="ConfigParser validateRules should detect invalid rule configurations" name="ConfigParser validateRules should detect invalid rule configurations" time="0.002">
    </testcase>
    <testcase classname="ConfigParser validateFileFiltering should validate valid file filtering configuration" name="ConfigParser validateFileFiltering should validate valid file filtering configuration" time="0">
    </testcase>
    <testcase classname="ConfigParser validateFileFiltering should detect invalid file filtering configuration" name="ConfigParser validateFileFiltering should detect invalid file filtering configuration" time="0.001">
    </testcase>
    <testcase classname="ConfigParser validateNotifications should validate valid notifications configuration" name="ConfigParser validateNotifications should validate valid notifications configuration" time="0.001">
    </testcase>
    <testcase classname="ConfigParser validateNotifications should validate required email fields when enabled" name="ConfigParser validateNotifications should validate required email fields when enabled" time="0">
    </testcase>
    <testcase classname="ConfigParser validateNotifications should validate required slack fields when enabled" name="ConfigParser validateNotifications should validate required slack fields when enabled" time="0.001">
    </testcase>
    <testcase classname="ConfigParser validateQualityGates should validate valid quality gates configuration" name="ConfigParser validateQualityGates should validate valid quality gates configuration" time="0">
    </testcase>
    <testcase classname="ConfigParser validateQualityGates should detect invalid quality gates configuration" name="ConfigParser validateQualityGates should detect invalid quality gates configuration" time="0.001">
    </testcase>
    <testcase classname="ConfigParser mergeWithDefaults should merge user configuration with defaults" name="ConfigParser mergeWithDefaults should merge user configuration with defaults" time="0.001">
    </testcase>
    <testcase classname="ConfigParser mergeWithDefaults should deep merge nested objects" name="ConfigParser mergeWithDefaults should deep merge nested objects" time="0.001">
    </testcase>
    <testcase classname="ConfigParser getEnvironmentConfiguration should return environment-specific configuration" name="ConfigParser getEnvironmentConfiguration should return environment-specific configuration" time="0.001">
    </testcase>
    <testcase classname="ConfigParser getEnvironmentConfiguration should auto-detect environment when not specified" name="ConfigParser getEnvironmentConfiguration should auto-detect environment when not specified" time="0">
    </testcase>
    <testcase classname="ConfigParser getEnvironmentConfiguration should default to development when no environment specified" name="ConfigParser getEnvironmentConfiguration should default to development when no environment specified" time="0.001">
    </testcase>
    <testcase classname="ConfigParser detectEnvironment should detect production environment" name="ConfigParser detectEnvironment should detect production environment" time="0.001">
    </testcase>
    <testcase classname="ConfigParser detectEnvironment should detect staging environment" name="ConfigParser detectEnvironment should detect staging environment" time="0.002">
    </testcase>
    <testcase classname="ConfigParser detectEnvironment should default to development" name="ConfigParser detectEnvironment should default to development" time="0.001">
    </testcase>
    <testcase classname="ConfigParser getRuleConfiguration should return merged rule configuration" name="ConfigParser getRuleConfiguration should return merged rule configuration" time="0.001">
    </testcase>
    <testcase classname="ConfigParser fileExists should return true for existing file" name="ConfigParser fileExists should return true for existing file" time="0.005">
    </testcase>
    <testcase classname="ConfigParser fileExists should return false for non-existing file" name="ConfigParser fileExists should return false for non-existing file" time="0.002">
    </testcase>
    <testcase classname="ConfigParser Cache management should clear cache" name="ConfigParser Cache management should clear cache" time="0.003">
    </testcase>
    <testcase classname="ConfigParser Cache management should return cache statistics" name="ConfigParser Cache management should return cache statistics" time="0.004">
    </testcase>
    <testcase classname="ConfigParser Logging should log info messages when enabled" name="ConfigParser Logging should log info messages when enabled" time="0.001">
    </testcase>
    <testcase classname="ConfigParser Logging should not log info messages when disabled" name="ConfigParser Logging should not log info messages when disabled" time="0.001">
    </testcase>
    <testcase classname="ConfigParser Logging should log warning messages" name="ConfigParser Logging should log warning messages" time="0.001">
    </testcase>
    <testcase classname="ConfigParser Logging should log error messages" name="ConfigParser Logging should log error messages" time="0.002">
    </testcase>
  </testsuite>
  <testsuite name="EmailNotifier" errors="0" failures="2" skipped="0" timestamp="2025-09-03T15:32:05" time="2.028" tests="25">
    <testcase classname="EmailNotifier constructor should initialize with enabled email notifications" name="EmailNotifier constructor should initialize with enabled email notifications" time="0.326">
    </testcase>
    <testcase classname="EmailNotifier constructor should not initialize transporter when email is disabled" name="EmailNotifier constructor should not initialize transporter when email is disabled" time="0.012">
      <failure>Error: expect(received).toBe(expected) // Object.is equality

Expected: false
Received: undefined
    at Object.toBe (C:\Users\eposh\OneDrive\Desktop\Dikshant\jenkins\github-review-plugin\src\utils\email-notifier.test.js:65:39)
    at Promise.then.completed (C:\Users\eposh\OneDrive\Desktop\Dikshant\jenkins\github-review-plugin\node_modules\jest-circus\build\utils.js:298:28)
    at new Promise (&lt;anonymous&gt;)
    at callAsyncCircusFn (C:\Users\eposh\OneDrive\Desktop\Dikshant\jenkins\github-review-plugin\node_modules\jest-circus\build\utils.js:231:10)
    at _callCircusTest (C:\Users\eposh\OneDrive\Desktop\Dikshant\jenkins\github-review-plugin\node_modules\jest-circus\build\run.js:316:40)
    at processTicksAndRejections (node:internal/process/task_queues:105:5)
    at _runTest (C:\Users\eposh\OneDrive\Desktop\Dikshant\jenkins\github-review-plugin\node_modules\jest-circus\build\run.js:252:3)
    at _runTestsForDescribeBlock (C:\Users\eposh\OneDrive\Desktop\Dikshant\jenkins\github-review-plugin\node_modules\jest-circus\build\run.js:126:9)
    at _runTestsForDescribeBlock (C:\Users\eposh\OneDrive\Desktop\Dikshant\jenkins\github-review-plugin\node_modules\jest-circus\build\run.js:121:9)
    at _runTestsForDescribeBlock (C:\Users\eposh\OneDrive\Desktop\Dikshant\jenkins\github-review-plugin\node_modules\jest-circus\build\run.js:121:9)
    at run (C:\Users\eposh\OneDrive\Desktop\Dikshant\jenkins\github-review-plugin\node_modules\jest-circus\build\run.js:71:3)
    at runAndTransformResultsToJestFormat (C:\Users\eposh\OneDrive\Desktop\Dikshant\jenkins\github-review-plugin\node_modules\jest-circus\build\legacy-code-todo-rewrite\jestAdapterInit.js:122:21)
    at jestAdapter (C:\Users\eposh\OneDrive\Desktop\Dikshant\jenkins\github-review-plugin\node_modules\jest-circus\build\legacy-code-todo-rewrite\jestAdapter.js:79:19)
    at runTestInternal (C:\Users\eposh\OneDrive\Desktop\Dikshant\jenkins\github-review-plugin\node_modules\jest-runner\build\runTest.js:367:16)
    at runTest (C:\Users\eposh\OneDrive\Desktop\Dikshant\jenkins\github-review-plugin\node_modules\jest-runner\build\runTest.js:444:34)
    at Object.worker (C:\Users\eposh\OneDrive\Desktop\Dikshant\jenkins\github-review-plugin\node_modules\jest-runner\build\testWorker.js:106:12)</failure>
    </testcase>
    <testcase classname="EmailNotifier constructor should throw error when SMTP config is incomplete" name="EmailNotifier constructor should throw error when SMTP config is incomplete" time="0.069">
    </testcase>
    <testcase classname="EmailNotifier constructor should use default values for optional SMTP settings" name="EmailNotifier constructor should use default values for optional SMTP settings" time="0.12">
    </testcase>
    <testcase classname="EmailNotifier sendServiceDowntimeNotification should send downtime notification successfully" name="EmailNotifier sendServiceDowntimeNotification should send downtime notification successfully" time="0.046">
    </testcase>
    <testcase classname="EmailNotifier sendServiceDowntimeNotification should skip notification when email is disabled" name="EmailNotifier sendServiceDowntimeNotification should skip notification when email is disabled" time="0.057">
    </testcase>
    <testcase classname="EmailNotifier sendServiceDowntimeNotification should handle email send failure" name="EmailNotifier sendServiceDowntimeNotification should handle email send failure" time="0.073">
    </testcase>
    <testcase classname="EmailNotifier sendReviewFailureNotification should send review failure notification successfully" name="EmailNotifier sendReviewFailureNotification should send review failure notification successfully" time="0.013">
    </testcase>
    <testcase classname="EmailNotifier sendReviewFailureNotification should handle review result without issues" name="EmailNotifier sendReviewFailureNotification should handle review result without issues" time="0.012">
    </testcase>
    <testcase classname="EmailNotifier sendOverrideNotification should send override notification successfully" name="EmailNotifier sendOverrideNotification should send override notification successfully" time="0.022">
    </testcase>
    <testcase classname="EmailNotifier sendEmail should send generic email successfully" name="EmailNotifier sendEmail should send generic email successfully" time="0.032">
    </testcase>
    <testcase classname="EmailNotifier sendEmail should throw error when transporter is not initialized" name="EmailNotifier sendEmail should throw error when transporter is not initialized" time="0.022">
    </testcase>
    <testcase classname="EmailNotifier sendEmail should handle transporter send failure" name="EmailNotifier sendEmail should handle transporter send failure" time="0.061">
    </testcase>
    <testcase classname="EmailNotifier sendEmail should handle missing email recipients gracefully without hardcoded fallbacks" name="EmailNotifier sendEmail should handle missing email recipients gracefully without hardcoded fallbacks" time="0.15">
    </testcase>
    <testcase classname="EmailNotifier sendEmail should handle missing email configuration without hardcoded fallbacks" name="EmailNotifier sendEmail should handle missing email configuration without hardcoded fallbacks" time="0.111">
    </testcase>
    <testcase classname="EmailNotifier sendEmail should handle undefined to_emails without hardcoded fallbacks" name="EmailNotifier sendEmail should handle undefined to_emails without hardcoded fallbacks" time="0.096">
    </testcase>
    <testcase classname="EmailNotifier sendEmail should use environment variable EMAIL_TO when available" name="EmailNotifier sendEmail should use environment variable EMAIL_TO when available" time="0.157">
    </testcase>
    <testcase classname="EmailNotifier testConfiguration should test email configuration successfully" name="EmailNotifier testConfiguration should test email configuration successfully" time="0.044">
    </testcase>
    <testcase classname="EmailNotifier testConfiguration should return error when email is disabled" name="EmailNotifier testConfiguration should return error when email is disabled" time="0.055">
    </testcase>
    <testcase classname="EmailNotifier testConfiguration should handle test email failure" name="EmailNotifier testConfiguration should handle test email failure" time="0.057">
    </testcase>
    <testcase classname="EmailNotifier getStatus should return status when email is enabled" name="EmailNotifier getStatus should return status when email is enabled" time="0.039">
    </testcase>
    <testcase classname="EmailNotifier getStatus should return status when email is disabled" name="EmailNotifier getStatus should return status when email is disabled" time="0.013">
      <failure>Error: expect(received).toEqual(expected) // deep equality

- Expected  - 1
+ Received  + 1

  Object {
    &quot;configured&quot;: false,
-   &quot;enabled&quot;: false,
+   &quot;enabled&quot;: undefined,
    &quot;recipientCount&quot;: 0,
    &quot;smtpHost&quot;: null,
  }
    at Object.toEqual (C:\Users\eposh\OneDrive\Desktop\Dikshant\jenkins\github-review-plugin\src\utils\email-notifier.test.js:504:22)
    at Promise.then.completed (C:\Users\eposh\OneDrive\Desktop\Dikshant\jenkins\github-review-plugin\node_modules\jest-circus\build\utils.js:298:28)
    at new Promise (&lt;anonymous&gt;)
    at callAsyncCircusFn (C:\Users\eposh\OneDrive\Desktop\Dikshant\jenkins\github-review-plugin\node_modules\jest-circus\build\utils.js:231:10)
    at _callCircusTest (C:\Users\eposh\OneDrive\Desktop\Dikshant\jenkins\github-review-plugin\node_modules\jest-circus\build\run.js:316:40)
    at processTicksAndRejections (node:internal/process/task_queues:105:5)
    at _runTest (C:\Users\eposh\OneDrive\Desktop\Dikshant\jenkins\github-review-plugin\node_modules\jest-circus\build\run.js:252:3)
    at _runTestsForDescribeBlock (C:\Users\eposh\OneDrive\Desktop\Dikshant\jenkins\github-review-plugin\node_modules\jest-circus\build\run.js:126:9)
    at _runTestsForDescribeBlock (C:\Users\eposh\OneDrive\Desktop\Dikshant\jenkins\github-review-plugin\node_modules\jest-circus\build\run.js:121:9)
    at _runTestsForDescribeBlock (C:\Users\eposh\OneDrive\Desktop\Dikshant\jenkins\github-review-plugin\node_modules\jest-circus\build\run.js:121:9)
    at run (C:\Users\eposh\OneDrive\Desktop\Dikshant\jenkins\github-review-plugin\node_modules\jest-circus\build\run.js:71:3)
    at runAndTransformResultsToJestFormat (C:\Users\eposh\OneDrive\Desktop\Dikshant\jenkins\github-review-plugin\node_modules\jest-circus\build\legacy-code-todo-rewrite\jestAdapterInit.js:122:21)
    at jestAdapter (C:\Users\eposh\OneDrive\Desktop\Dikshant\jenkins\github-review-plugin\node_modules\jest-circus\build\legacy-code-todo-rewrite\jestAdapter.js:79:19)
    at runTestInternal (C:\Users\eposh\OneDrive\Desktop\Dikshant\jenkins\github-review-plugin\node_modules\jest-runner\build\runTest.js:367:16)
    at runTest (C:\Users\eposh\OneDrive\Desktop\Dikshant\jenkins\github-review-plugin\node_modules\jest-runner\build\runTest.js:444:34)
    at Object.worker (C:\Users\eposh\OneDrive\Desktop\Dikshant\jenkins\github-review-plugin\node_modules\jest-runner\build\testWorker.js:106:12)</failure>
    </testcase>
    <testcase classname="EmailNotifier email formatting should format downtime email with error details" name="EmailNotifier email formatting should format downtime email with error details" time="0.018">
    </testcase>
    <testcase classname="EmailNotifier email formatting should format review failure email with issues" name="EmailNotifier email formatting should format review failure email with issues" time="0.009">
    </testcase>
    <testcase classname="EmailNotifier email formatting should format override email with override details" name="EmailNotifier email formatting should format override email with override details" time="0.01">
    </testcase>
  </testsuite>
  <testsuite name="File Detection Integration Tests" errors="0" failures="1" skipped="0" timestamp="2025-09-03T15:32:02" time="5.434" tests="13">
    <testcase classname="File Detection Integration Tests GitHub Commit File Integration should process commit files with GitHub API response structure" name="File Detection Integration Tests GitHub Commit File Integration should process commit files with GitHub API response structure" time="0.038">
      <failure>Error: expect(received).toBe(expected) // Object.is equality

Expected: 5
Received: 0
    at Object.toBe (C:\Users\eposh\OneDrive\Desktop\Dikshant\jenkins\github-review-plugin\tests\integration\file-detection-integration.test.js:147:38)
    at Promise.then.completed (C:\Users\eposh\OneDrive\Desktop\Dikshant\jenkins\github-review-plugin\node_modules\jest-circus\build\utils.js:298:28)
    at new Promise (&lt;anonymous&gt;)
    at callAsyncCircusFn (C:\Users\eposh\OneDrive\Desktop\Dikshant\jenkins\github-review-plugin\node_modules\jest-circus\build\utils.js:231:10)
    at _callCircusTest (C:\Users\eposh\OneDrive\Desktop\Dikshant\jenkins\github-review-plugin\node_modules\jest-circus\build\run.js:316:40)
    at processTicksAndRejections (node:internal/process/task_queues:105:5)
    at _runTest (C:\Users\eposh\OneDrive\Desktop\Dikshant\jenkins\github-review-plugin\node_modules\jest-circus\build\run.js:252:3)
    at _runTestsForDescribeBlock (C:\Users\eposh\OneDrive\Desktop\Dikshant\jenkins\github-review-plugin\node_modules\jest-circus\build\run.js:126:9)
    at _runTestsForDescribeBlock (C:\Users\eposh\OneDrive\Desktop\Dikshant\jenkins\github-review-plugin\node_modules\jest-circus\build\run.js:121:9)
    at _runTestsForDescribeBlock (C:\Users\eposh\OneDrive\Desktop\Dikshant\jenkins\github-review-plugin\node_modules\jest-circus\build\run.js:121:9)
    at run (C:\Users\eposh\OneDrive\Desktop\Dikshant\jenkins\github-review-plugin\node_modules\jest-circus\build\run.js:71:3)
    at runAndTransformResultsToJestFormat (C:\Users\eposh\OneDrive\Desktop\Dikshant\jenkins\github-review-plugin\node_modules\jest-circus\build\legacy-code-todo-rewrite\jestAdapterInit.js:122:21)
    at jestAdapter (C:\Users\eposh\OneDrive\Desktop\Dikshant\jenkins\github-review-plugin\node_modules\jest-circus\build\legacy-code-todo-rewrite\jestAdapter.js:79:19)
    at runTestInternal (C:\Users\eposh\OneDrive\Desktop\Dikshant\jenkins\github-review-plugin\node_modules\jest-runner\build\runTest.js:367:16)
    at runTest (C:\Users\eposh\OneDrive\Desktop\Dikshant\jenkins\github-review-plugin\node_modules\jest-runner\build\runTest.js:444:34)
    at Object.worker (C:\Users\eposh\OneDrive\Desktop\Dikshant\jenkins\github-review-plugin\node_modules\jest-runner\build\testWorker.js:106:12)</failure>
    </testcase>
    <testcase classname="File Detection Integration Tests GitHub Commit File Integration should handle large commit with many files" name="File Detection Integration Tests GitHub Commit File Integration should handle large commit with many files" time="0.007">
    </testcase>
    <testcase classname="File Detection Integration Tests GitHub Commit File Integration should categorize mixed file types correctly" name="File Detection Integration Tests GitHub Commit File Integration should categorize mixed file types correctly" time="0.003">
    </testcase>
    <testcase classname="File Detection Integration Tests GitHub Pull Request File Integration should process pull request files with GitHub API response structure" name="File Detection Integration Tests GitHub Pull Request File Integration should process pull request files with GitHub API response structure" time="0.006">
    </testcase>
    <testcase classname="File Detection Integration Tests GitHub Pull Request File Integration should handle complex file changes with renames and deletions" name="File Detection Integration Tests GitHub Pull Request File Integration should handle complex file changes with renames and deletions" time="0.003">
    </testcase>
    <testcase classname="File Detection Integration Tests Real-World File Patterns Integration should handle common project structure patterns" name="File Detection Integration Tests Real-World File Patterns Integration should handle common project structure patterns" time="0.146">
    </testcase>
    <testcase classname="File Detection Integration Tests Real-World File Patterns Integration should handle monorepo structure patterns" name="File Detection Integration Tests Real-World File Patterns Integration should handle monorepo structure patterns" time="0.014">
    </testcase>
    <testcase classname="File Detection Integration Tests Performance and Scalability Integration should handle large file sets efficiently" name="File Detection Integration Tests Performance and Scalability Integration should handle large file sets efficiently" time="0.014">
    </testcase>
    <testcase classname="File Detection Integration Tests Performance and Scalability Integration should maintain accuracy with complex file patterns" name="File Detection Integration Tests Performance and Scalability Integration should maintain accuracy with complex file patterns" time="0.004">
    </testcase>
    <testcase classname="File Detection Integration Tests Error Handling and Edge Cases Integration should handle malformed GitHub API responses gracefully" name="File Detection Integration Tests Error Handling and Edge Cases Integration should handle malformed GitHub API responses gracefully" time="0.003">
    </testcase>
    <testcase classname="File Detection Integration Tests Error Handling and Edge Cases Integration should handle files with extreme values" name="File Detection Integration Tests Error Handling and Edge Cases Integration should handle files with extreme values" time="0.008">
    </testcase>
    <testcase classname="File Detection Integration Tests Integration with GitHub Client Methods should work seamlessly with getCommitFiles response" name="File Detection Integration Tests Integration with GitHub Client Methods should work seamlessly with getCommitFiles response" time="0.039">
    </testcase>
    <testcase classname="File Detection Integration Tests Integration with GitHub Client Methods should work seamlessly with getPullRequestFiles response" name="File Detection Integration Tests Integration with GitHub Client Methods should work seamlessly with getPullRequestFiles response" time="0.017">
    </testcase>
  </testsuite>
  <testsuite name="MonitoringDashboard" errors="0" failures="2" skipped="0" timestamp="2025-09-03T15:32:02" time="5.142" tests="39">
    <testcase classname="MonitoringDashboard constructor should initialize with default configuration" name="MonitoringDashboard constructor should initialize with default configuration" time="0.057">
    </testcase>
    <testcase classname="MonitoringDashboard constructor should initialize with custom configuration" name="MonitoringDashboard constructor should initialize with custom configuration" time="0.002">
    </testcase>
    <testcase classname="MonitoringDashboard constructor should initialize dashboard data structure" name="MonitoringDashboard constructor should initialize dashboard data structure" time="0.002">
    </testcase>
    <testcase classname="MonitoringDashboard constructor should initialize alert history" name="MonitoringDashboard constructor should initialize alert history" time="0.002">
    </testcase>
    <testcase classname="MonitoringDashboard initialize should create dashboard directory and files" name="MonitoringDashboard initialize should create dashboard directory and files" time="0.186">
    </testcase>
    <testcase classname="MonitoringDashboard initialize should handle initialization errors gracefully" name="MonitoringDashboard initialize should handle initialization errors gracefully" time="0.002">
    </testcase>
    <testcase classname="MonitoringDashboard generateDashboardHTML should generate valid HTML with dashboard structure" name="MonitoringDashboard generateDashboardHTML should generate valid HTML with dashboard structure" time="0.002">
    </testcase>
    <testcase classname="MonitoringDashboard generateDashboardHTML should include all required CSS classes" name="MonitoringDashboard generateDashboardHTML should include all required CSS classes" time="0.002">
    </testcase>
    <testcase classname="MonitoringDashboard generateDashboardHTML should include JavaScript for real-time updates" name="MonitoringDashboard generateDashboardHTML should include JavaScript for real-time updates" time="0.002">
    </testcase>
    <testcase classname="MonitoringDashboard updateDashboard should update dashboard with latest metrics" name="MonitoringDashboard updateDashboard should update dashboard with latest metrics" time="0.625">
    </testcase>
    <testcase classname="MonitoringDashboard updateDashboard should calculate trends and check alerts" name="MonitoringDashboard updateDashboard should calculate trends and check alerts" time="1.796">
    </testcase>
    <testcase classname="MonitoringDashboard updateDashboard should handle update errors gracefully" name="MonitoringDashboard updateDashboard should handle update errors gracefully" time="0.538">
    </testcase>
    <testcase classname="MonitoringDashboard calculateTrends should calculate performance trends from audit logs" name="MonitoringDashboard calculateTrends should calculate performance trends from audit logs" time="0.001">
    </testcase>
    <testcase classname="MonitoringDashboard calculateTrends should handle missing audit files gracefully" name="MonitoringDashboard calculateTrends should handle missing audit files gracefully" time="0.001">
    </testcase>
    <testcase classname="MonitoringDashboard calculateTrends should handle malformed log entries gracefully" name="MonitoringDashboard calculateTrends should handle malformed log entries gracefully" time="0.001">
    </testcase>
    <testcase classname="MonitoringDashboard calculateTrends should limit performance data to last 50 points" name="MonitoringDashboard calculateTrends should limit performance data to last 50 points" time="0.002">
    </testcase>
    <testcase classname="MonitoringDashboard checkAlerts should generate response time alert when threshold exceeded" name="MonitoringDashboard checkAlerts should generate response time alert when threshold exceeded" time="0.001">
    </testcase>
    <testcase classname="MonitoringDashboard checkAlerts should generate error rate alert when threshold exceeded" name="MonitoringDashboard checkAlerts should generate error rate alert when threshold exceeded" time="0">
    </testcase>
    <testcase classname="MonitoringDashboard checkAlerts should generate quality score alert when below threshold" name="MonitoringDashboard checkAlerts should generate quality score alert when below threshold" time="0.001">
    </testcase>
    <testcase classname="MonitoringDashboard checkAlerts should generate cost alert when cost per review exceeds threshold" name="MonitoringDashboard checkAlerts should generate cost alert when cost per review exceeds threshold" time="0.001">
    </testcase>
    <testcase classname="MonitoringDashboard checkAlerts should not generate alerts when metrics are within thresholds" name="MonitoringDashboard checkAlerts should not generate alerts when metrics are within thresholds" time="0">
    </testcase>
    <testcase classname="MonitoringDashboard checkAlerts should maintain alert history with size limit" name="MonitoringDashboard checkAlerts should maintain alert history with size limit" time="0.002">
    </testcase>
    <testcase classname="MonitoringDashboard getHealthStatus should return health status from health checker" name="MonitoringDashboard getHealthStatus should return health status from health checker" time="0.002">
    </testcase>
    <testcase classname="MonitoringDashboard getHealthStatus should return fallback status when health checker fails" name="MonitoringDashboard getHealthStatus should return fallback status when health checker fails" time="0.009">
      <failure>Error: expect(received).toMatchObject(expected)

- Expected  - 3
+ Received  + 3

  Object {
    &quot;services&quot;: Object {},
-   &quot;status&quot;: &quot;unknown&quot;,
+   &quot;status&quot;: &quot;healthy&quot;,
    &quot;summary&quot;: Object {
      &quot;critical&quot;: 0,
-     &quot;healthy&quot;: 0,
+     &quot;healthy&quot;: 2,
      &quot;healthyCritical&quot;: 0,
-     &quot;total&quot;: 0,
+     &quot;total&quot;: 2,
      &quot;unhealthy&quot;: 0,
    },
  }
    at Object.toMatchObject (C:\Users\eposh\OneDrive\Desktop\Dikshant\jenkins\github-review-plugin\src\utils\monitoring-dashboard.test.js:418:28)
    at processTicksAndRejections (node:internal/process/task_queues:105:5)</failure>
    </testcase>
    <testcase classname="MonitoringDashboard sendAlerts should send alerts through configured channels" name="MonitoringDashboard sendAlerts should send alerts through configured channels" time="0.001">
    </testcase>
    <testcase classname="MonitoringDashboard sendAlerts should not send duplicate alerts" name="MonitoringDashboard sendAlerts should not send duplicate alerts" time="0">
    </testcase>
    <testcase classname="MonitoringDashboard sendAlert should send email alert when enabled" name="MonitoringDashboard sendAlert should send email alert when enabled" time="0.02">
    </testcase>
    <testcase classname="MonitoringDashboard sendAlert should send Slack alert when enabled" name="MonitoringDashboard sendAlert should send Slack alert when enabled" time="0.001">
    </testcase>
    <testcase classname="MonitoringDashboard sendAlert should send GitHub alert when enabled" name="MonitoringDashboard sendAlert should send GitHub alert when enabled" time="0.001">
    </testcase>
    <testcase classname="MonitoringDashboard sendAlert should handle alert sending errors gracefully" name="MonitoringDashboard sendAlert should handle alert sending errors gracefully" time="0.001">
    </testcase>
    <testcase classname="MonitoringDashboard formatAlertMessage should format alert message correctly" name="MonitoringDashboard formatAlertMessage should format alert message correctly" time="0">
    </testcase>
    <testcase classname="MonitoringDashboard generateReport should generate comprehensive monitoring report" name="MonitoringDashboard generateReport should generate comprehensive monitoring report" time="0.004">
    </testcase>
    <testcase classname="MonitoringDashboard generateReport should filter alerts by date range" name="MonitoringDashboard generateReport should filter alerts by date range" time="0">
    </testcase>
    <testcase classname="MonitoringDashboard generateReport should handle report generation errors gracefully" name="MonitoringDashboard generateReport should handle report generation errors gracefully" time="0.002">
      <failure>Error: expect(received).toHaveProperty(path)

Expected path: &quot;error&quot;
Received path: []

Received value: {&quot;alerts&quot;: [], &quot;generated_at&quot;: &quot;2025-09-03T15:32:07.249Z&quot;, &quot;period&quot;: {&quot;end&quot;: &quot;2025-09-03T15:32:07.249Z&quot;, &quot;start&quot;: &quot;2025-08-27T15:32:07.249Z&quot;}, &quot;recommendations&quot;: [&quot;Consider optimizing review content&quot;, &quot;Monitor cost trends&quot;], &quot;summary&quot;: {&quot;summary&quot;: {&quot;avgResponseTime&quot;: 25000, &quot;successRate&quot;: 95.5, &quot;totalReviews&quot;: 100}}}
    at Object.toHaveProperty (C:\Users\eposh\OneDrive\Desktop\Dikshant\jenkins\github-review-plugin\src\utils\monitoring-dashboard.test.js:674:22)
    at processTicksAndRejections (node:internal/process/task_queues:105:5)</failure>
    </testcase>
    <testcase classname="MonitoringDashboard utility methods should get dashboard URL" name="MonitoringDashboard utility methods should get dashboard URL" time="0.008">
    </testcase>
    <testcase classname="MonitoringDashboard utility methods should get alert history with limit" name="MonitoringDashboard utility methods should get alert history with limit" time="0">
    </testcase>
    <testcase classname="MonitoringDashboard utility methods should clear alert history" name="MonitoringDashboard utility methods should clear alert history" time="0.001">
    </testcase>
    <testcase classname="MonitoringDashboard utility methods should update alert thresholds" name="MonitoringDashboard utility methods should update alert thresholds" time="0.001">
    </testcase>
    <testcase classname="MonitoringDashboard utility methods should update alert channels" name="MonitoringDashboard utility methods should update alert channels" time="0">
    </testcase>
  </testsuite>
  <testsuite name="QualityGates" errors="0" failures="17" skipped="0" timestamp="2025-09-03T15:32:02" time="4.176" tests="42">
    <testcase classname="QualityGates Constructor should initialize with default configuration" name="QualityGates Constructor should initialize with default configuration" time="0.026">
    </testcase>
    <testcase classname="QualityGates Constructor should accept custom configuration" name="QualityGates Constructor should accept custom configuration" time="0.001">
    </testcase>
    <testcase classname="QualityGates Constructor should initialize empty maps for results and metrics" name="QualityGates Constructor should initialize empty maps for results and metrics" time="0.027">
    </testcase>
    <testcase classname="QualityGates evaluateQualityGates should evaluate all quality gates successfully" name="QualityGates evaluateQualityGates should evaluate all quality gates successfully" time="0.125">
    </testcase>
    <testcase classname="QualityGates evaluateQualityGates should store metrics for the session" name="QualityGates evaluateQualityGates should store metrics for the session" time="0.01">
    </testcase>
    <testcase classname="QualityGates evaluateQualityGates should handle missing data gracefully" name="QualityGates evaluateQualityGates should handle missing data gracefully" time="0.008">
    </testcase>
    <testcase classname="QualityGates evaluateQualityGates should calculate overall score correctly" name="QualityGates evaluateQualityGates should calculate overall score correctly" time="0.006">
    </testcase>
    <testcase classname="QualityGates evaluateCoverageGate should pass when coverage meets thresholds" name="QualityGates evaluateCoverageGate should pass when coverage meets thresholds" time="0.001">
    </testcase>
    <testcase classname="QualityGates evaluateCoverageGate should fail when global coverage is below threshold" name="QualityGates evaluateCoverageGate should fail when global coverage is below threshold" time="0.031">
    </testcase>
    <testcase classname="QualityGates evaluateCoverageGate should handle missing coverage data" name="QualityGates evaluateCoverageGate should handle missing coverage data" time="0.001">
    </testcase>
    <testcase classname="QualityGates evaluateCoverageGate should check test type specific thresholds" name="QualityGates evaluateCoverageGate should check test type specific thresholds" time="0.002">
    </testcase>
    <testcase classname="QualityGates evaluateTestResultsGate should pass when all tests pass" name="QualityGates evaluateTestResultsGate should pass when all tests pass" time="0.011">
      <failure>Error: expect(received).toBe(expected) // Object.is equality

Expected: true
Received: 100
    at Object.toBe (C:\Users\eposh\OneDrive\Desktop\Dikshant\jenkins\github-review-plugin\tests\unit\quality-gates.test.js:214:29)
    at processTicksAndRejections (node:internal/process/task_queues:105:5)</failure>
    </testcase>
    <testcase classname="QualityGates evaluateTestResultsGate should fail when tests fail" name="QualityGates evaluateTestResultsGate should fail when tests fail" time="0.002">
      <failure>Error: expect(received).toBe(expected) // Object.is equality

Expected: false
Received: 90
    at Object.toBe (C:\Users\eposh\OneDrive\Desktop\Dikshant\jenkins\github-review-plugin\tests\unit\quality-gates.test.js:231:29)
    at processTicksAndRejections (node:internal/process/task_queues:105:5)</failure>
    </testcase>
    <testcase classname="QualityGates evaluateTestResultsGate should fail when execution time exceeds limit" name="QualityGates evaluateTestResultsGate should fail when execution time exceeds limit" time="0.002">
      <failure>Error: expect(received).toBe(expected) // Object.is equality

Expected: false
Received: 100
    at Object.toBe (C:\Users\eposh\OneDrive\Desktop\Dikshant\jenkins\github-review-plugin\tests\unit\quality-gates.test.js:248:29)
    at processTicksAndRejections (node:internal/process/task_queues:105:5)</failure>
    </testcase>
    <testcase classname="QualityGates evaluateTestResultsGate should handle missing test results" name="QualityGates evaluateTestResultsGate should handle missing test results" time="0.001">
    </testcase>
    <testcase classname="QualityGates evaluateTestResultsGate should fail when no tests were executed" name="QualityGates evaluateTestResultsGate should fail when no tests were executed" time="0.002">
      <failure>Error: expect(received).toContain(expected) // indexOf

Expected substring: &quot;No tests were executed&quot;
Received string:    &quot;All tests must pass to proceed&quot;
    at Object.toContain (C:\Users\eposh\OneDrive\Desktop\Dikshant\jenkins\github-review-plugin\tests\unit\quality-gates.test.js:275:33)
    at processTicksAndRejections (node:internal/process/task_queues:105:5)</failure>
    </testcase>
    <testcase classname="QualityGates evaluatePerformanceGate should pass when performance meets thresholds" name="QualityGates evaluatePerformanceGate should pass when performance meets thresholds" time="0.001">
    </testcase>
    <testcase classname="QualityGates evaluatePerformanceGate should fail when response time exceeds limit" name="QualityGates evaluatePerformanceGate should fail when response time exceeds limit" time="0">
    </testcase>
    <testcase classname="QualityGates evaluatePerformanceGate should fail when memory usage exceeds limit" name="QualityGates evaluatePerformanceGate should fail when memory usage exceeds limit" time="0">
    </testcase>
    <testcase classname="QualityGates evaluatePerformanceGate should handle missing performance data" name="QualityGates evaluatePerformanceGate should handle missing performance data" time="0.007">
    </testcase>
    <testcase classname="QualityGates evaluatePerformanceGate should penalize poor scalability" name="QualityGates evaluatePerformanceGate should penalize poor scalability" time="0.004">
      <failure>Error: expect(received).toBe(expected) // Object.is equality

Expected: 85
Received: 100
    at Object.toBe (C:\Users\eposh\OneDrive\Desktop\Dikshant\jenkins\github-review-plugin\tests\unit\quality-gates.test.js:335:28)
    at processTicksAndRejections (node:internal/process/task_queues:105:5)</failure>
    </testcase>
    <testcase classname="QualityGates evaluateSecurityGate should pass when no vulnerabilities are found" name="QualityGates evaluateSecurityGate should pass when no vulnerabilities are found" time="0.001">
      <failure>Error: expect(received).toContain(expected) // indexOf

Expected substring: &quot;No security vulnerabilities detected&quot;
Received string:    &quot;Security scan completed successfully&quot;
    at Object.toContain (C:\Users\eposh\OneDrive\Desktop\Dikshant\jenkins\github-review-plugin\tests\unit\quality-gates.test.js:347:33)
    at processTicksAndRejections (node:internal/process/task_queues:105:5)</failure>
    </testcase>
    <testcase classname="QualityGates evaluateSecurityGate should fail when vulnerabilities exceed threshold" name="QualityGates evaluateSecurityGate should fail when vulnerabilities exceed threshold" time="0.004">
      <failure>Error: Property `scanForVulnerabilities` does not exist in the provided object
    at ModuleMocker.spyOn (C:\Users\eposh\OneDrive\Desktop\Dikshant\jenkins\github-review-plugin\node_modules\jest-mock\build\index.js:731:13)
    at Object.spyOn (C:\Users\eposh\OneDrive\Desktop\Dikshant\jenkins\github-review-plugin\tests\unit\quality-gates.test.js:352:12)
    at Promise.then.completed (C:\Users\eposh\OneDrive\Desktop\Dikshant\jenkins\github-review-plugin\node_modules\jest-circus\build\utils.js:298:28)
    at new Promise (&lt;anonymous&gt;)
    at callAsyncCircusFn (C:\Users\eposh\OneDrive\Desktop\Dikshant\jenkins\github-review-plugin\node_modules\jest-circus\build\utils.js:231:10)
    at _callCircusTest (C:\Users\eposh\OneDrive\Desktop\Dikshant\jenkins\github-review-plugin\node_modules\jest-circus\build\run.js:316:40)
    at processTicksAndRejections (node:internal/process/task_queues:105:5)
    at _runTest (C:\Users\eposh\OneDrive\Desktop\Dikshant\jenkins\github-review-plugin\node_modules\jest-circus\build\run.js:252:3)
    at _runTestsForDescribeBlock (C:\Users\eposh\OneDrive\Desktop\Dikshant\jenkins\github-review-plugin\node_modules\jest-circus\build\run.js:126:9)
    at _runTestsForDescribeBlock (C:\Users\eposh\OneDrive\Desktop\Dikshant\jenkins\github-review-plugin\node_modules\jest-circus\build\run.js:121:9)
    at _runTestsForDescribeBlock (C:\Users\eposh\OneDrive\Desktop\Dikshant\jenkins\github-review-plugin\node_modules\jest-circus\build\run.js:121:9)
    at run (C:\Users\eposh\OneDrive\Desktop\Dikshant\jenkins\github-review-plugin\node_modules\jest-circus\build\run.js:71:3)
    at runAndTransformResultsToJestFormat (C:\Users\eposh\OneDrive\Desktop\Dikshant\jenkins\github-review-plugin\node_modules\jest-circus\build\legacy-code-todo-rewrite\jestAdapterInit.js:122:21)
    at jestAdapter (C:\Users\eposh\OneDrive\Desktop\Dikshant\jenkins\github-review-plugin\node_modules\jest-circus\build\legacy-code-todo-rewrite\jestAdapter.js:79:19)
    at runTestInternal (C:\Users\eposh\OneDrive\Desktop\Dikshant\jenkins\github-review-plugin\node_modules\jest-runner\build\runTest.js:367:16)
    at runTest (C:\Users\eposh\OneDrive\Desktop\Dikshant\jenkins\github-review-plugin\node_modules\jest-runner\build\runTest.js:444:34)
    at Object.worker (C:\Users\eposh\OneDrive\Desktop\Dikshant\jenkins\github-review-plugin\node_modules\jest-runner\build\testWorker.js:106:12)</failure>
    </testcase>
    <testcase classname="QualityGates evaluateSecurityGate should handle security scan failures" name="QualityGates evaluateSecurityGate should handle security scan failures" time="0">
      <failure>Error: Property `scanForVulnerabilities` does not exist in the provided object
    at ModuleMocker.spyOn (C:\Users\eposh\OneDrive\Desktop\Dikshant\jenkins\github-review-plugin\node_modules\jest-mock\build\index.js:731:13)
    at Object.spyOn (C:\Users\eposh\OneDrive\Desktop\Dikshant\jenkins\github-review-plugin\tests\unit\quality-gates.test.js:370:12)
    at Promise.then.completed (C:\Users\eposh\OneDrive\Desktop\Dikshant\jenkins\github-review-plugin\node_modules\jest-circus\build\utils.js:298:28)
    at new Promise (&lt;anonymous&gt;)
    at callAsyncCircusFn (C:\Users\eposh\OneDrive\Desktop\Dikshant\jenkins\github-review-plugin\node_modules\jest-circus\build\utils.js:231:10)
    at _callCircusTest (C:\Users\eposh\OneDrive\Desktop\Dikshant\jenkins\github-review-plugin\node_modules\jest-circus\build\run.js:316:40)
    at processTicksAndRejections (node:internal/process/task_queues:105:5)
    at _runTest (C:\Users\eposh\OneDrive\Desktop\Dikshant\jenkins\github-review-plugin\node_modules\jest-circus\build\run.js:252:3)
    at _runTestsForDescribeBlock (C:\Users\eposh\OneDrive\Desktop\Dikshant\jenkins\github-review-plugin\node_modules\jest-circus\build\run.js:126:9)
    at _runTestsForDescribeBlock (C:\Users\eposh\OneDrive\Desktop\Dikshant\jenkins\github-review-plugin\node_modules\jest-circus\build\run.js:121:9)
    at _runTestsForDescribeBlock (C:\Users\eposh\OneDrive\Desktop\Dikshant\jenkins\github-review-plugin\node_modules\jest-circus\build\run.js:121:9)
    at run (C:\Users\eposh\OneDrive\Desktop\Dikshant\jenkins\github-review-plugin\node_modules\jest-circus\build\run.js:71:3)
    at runAndTransformResultsToJestFormat (C:\Users\eposh\OneDrive\Desktop\Dikshant\jenkins\github-review-plugin\node_modules\jest-circus\build\legacy-code-todo-rewrite\jestAdapterInit.js:122:21)
    at jestAdapter (C:\Users\eposh\OneDrive\Desktop\Dikshant\jenkins\github-review-plugin\node_modules\jest-circus\build\legacy-code-todo-rewrite\jestAdapter.js:79:19)
    at runTestInternal (C:\Users\eposh\OneDrive\Desktop\Dikshant\jenkins\github-review-plugin\node_modules\jest-runner\build\runTest.js:367:16)
    at runTest (C:\Users\eposh\OneDrive\Desktop\Dikshant\jenkins\github-review-plugin\node_modules\jest-runner\build\runTest.js:444:34)
    at Object.worker (C:\Users\eposh\OneDrive\Desktop\Dikshant\jenkins\github-review-plugin\node_modules\jest-runner\build\testWorker.js:106:12)</failure>
    </testcase>
    <testcase classname="QualityGates evaluateCodeQualityGate should pass when code quality meets standards" name="QualityGates evaluateCodeQualityGate should pass when code quality meets standards" time="0.001">
      <failure>Error: expect(received).toContain(expected) // indexOf

Expected substring: &quot;No linting errors found&quot;
Received string:    &quot;Code quality checks completed successfully&quot;
    at Object.toContain (C:\Users\eposh\OneDrive\Desktop\Dikshant\jenkins\github-review-plugin\tests\unit\quality-gates.test.js:392:33)
    at processTicksAndRejections (node:internal/process/task_queues:105:5)</failure>
    </testcase>
    <testcase classname="QualityGates evaluateCodeQualityGate should fail when linting errors are found" name="QualityGates evaluateCodeQualityGate should fail when linting errors are found" time="0.001">
      <failure>Error: Property `runLintingCheck` does not exist in the provided object
    at ModuleMocker.spyOn (C:\Users\eposh\OneDrive\Desktop\Dikshant\jenkins\github-review-plugin\node_modules\jest-mock\build\index.js:731:13)
    at Object.spyOn (C:\Users\eposh\OneDrive\Desktop\Dikshant\jenkins\github-review-plugin\tests\unit\quality-gates.test.js:397:12)
    at Promise.then.completed (C:\Users\eposh\OneDrive\Desktop\Dikshant\jenkins\github-review-plugin\node_modules\jest-circus\build\utils.js:298:28)
    at new Promise (&lt;anonymous&gt;)
    at callAsyncCircusFn (C:\Users\eposh\OneDrive\Desktop\Dikshant\jenkins\github-review-plugin\node_modules\jest-circus\build\utils.js:231:10)
    at _callCircusTest (C:\Users\eposh\OneDrive\Desktop\Dikshant\jenkins\github-review-plugin\node_modules\jest-circus\build\run.js:316:40)
    at processTicksAndRejections (node:internal/process/task_queues:105:5)
    at _runTest (C:\Users\eposh\OneDrive\Desktop\Dikshant\jenkins\github-review-plugin\node_modules\jest-circus\build\run.js:252:3)
    at _runTestsForDescribeBlock (C:\Users\eposh\OneDrive\Desktop\Dikshant\jenkins\github-review-plugin\node_modules\jest-circus\build\run.js:126:9)
    at _runTestsForDescribeBlock (C:\Users\eposh\OneDrive\Desktop\Dikshant\jenkins\github-review-plugin\node_modules\jest-circus\build\run.js:121:9)
    at _runTestsForDescribeBlock (C:\Users\eposh\OneDrive\Desktop\Dikshant\jenkins\github-review-plugin\node_modules\jest-circus\build\run.js:121:9)
    at run (C:\Users\eposh\OneDrive\Desktop\Dikshant\jenkins\github-review-plugin\node_modules\jest-circus\build\run.js:71:3)
    at runAndTransformResultsToJestFormat (C:\Users\eposh\OneDrive\Desktop\Dikshant\jenkins\github-review-plugin\node_modules\jest-circus\build\legacy-code-todo-rewrite\jestAdapterInit.js:122:21)
    at jestAdapter (C:\Users\eposh\OneDrive\Desktop\Dikshant\jenkins\github-review-plugin\node_modules\jest-circus\build\legacy-code-todo-rewrite\jestAdapter.js:79:19)
    at runTestInternal (C:\Users\eposh\OneDrive\Desktop\Dikshant\jenkins\github-review-plugin\node_modules\jest-runner\build\runTest.js:367:16)
    at runTest (C:\Users\eposh\OneDrive\Desktop\Dikshant\jenkins\github-review-plugin\node_modules\jest-runner\build\runTest.js:444:34)
    at Object.worker (C:\Users\eposh\OneDrive\Desktop\Dikshant\jenkins\github-review-plugin\node_modules\jest-runner\build\testWorker.js:106:12)</failure>
    </testcase>
    <testcase classname="QualityGates evaluateCodeQualityGate should handle formatting issues" name="QualityGates evaluateCodeQualityGate should handle formatting issues" time="0">
      <failure>Error: Property `runFormattingCheck` does not exist in the provided object
    at ModuleMocker.spyOn (C:\Users\eposh\OneDrive\Desktop\Dikshant\jenkins\github-review-plugin\node_modules\jest-mock\build\index.js:731:13)
    at Object.spyOn (C:\Users\eposh\OneDrive\Desktop\Dikshant\jenkins\github-review-plugin\tests\unit\quality-gates.test.js:414:12)
    at Promise.then.completed (C:\Users\eposh\OneDrive\Desktop\Dikshant\jenkins\github-review-plugin\node_modules\jest-circus\build\utils.js:298:28)
    at new Promise (&lt;anonymous&gt;)
    at callAsyncCircusFn (C:\Users\eposh\OneDrive\Desktop\Dikshant\jenkins\github-review-plugin\node_modules\jest-circus\build\utils.js:231:10)
    at _callCircusTest (C:\Users\eposh\OneDrive\Desktop\Dikshant\jenkins\github-review-plugin\node_modules\jest-circus\build\run.js:316:40)
    at processTicksAndRejections (node:internal/process/task_queues:105:5)
    at _runTest (C:\Users\eposh\OneDrive\Desktop\Dikshant\jenkins\github-review-plugin\node_modules\jest-circus\build\run.js:252:3)
    at _runTestsForDescribeBlock (C:\Users\eposh\OneDrive\Desktop\Dikshant\jenkins\github-review-plugin\node_modules\jest-circus\build\run.js:126:9)
    at _runTestsForDescribeBlock (C:\Users\eposh\OneDrive\Desktop\Dikshant\jenkins\github-review-plugin\node_modules\jest-circus\build\run.js:121:9)
    at _runTestsForDescribeBlock (C:\Users\eposh\OneDrive\Desktop\Dikshant\jenkins\github-review-plugin\node_modules\jest-circus\build\run.js:121:9)
    at run (C:\Users\eposh\OneDrive\Desktop\Dikshant\jenkins\github-review-plugin\node_modules\jest-circus\build\run.js:71:3)
    at runAndTransformResultsToJestFormat (C:\Users\eposh\OneDrive\Desktop\Dikshant\jenkins\github-review-plugin\node_modules\jest-circus\build\legacy-code-todo-rewrite\jestAdapterInit.js:122:21)
    at jestAdapter (C:\Users\eposh\OneDrive\Desktop\Dikshant\jenkins\github-review-plugin\node_modules\jest-circus\build\legacy-code-todo-rewrite\jestAdapter.js:79:19)
    at runTestInternal (C:\Users\eposh\OneDrive\Desktop\Dikshant\jenkins\github-review-plugin\node_modules\jest-runner\build\runTest.js:367:16)
    at runTest (C:\Users\eposh\OneDrive\Desktop\Dikshant\jenkins\github-review-plugin\node_modules\jest-runner\build\runTest.js:444:34)
    at Object.worker (C:\Users\eposh\OneDrive\Desktop\Dikshant\jenkins\github-review-plugin\node_modules\jest-runner\build\testWorker.js:106:12)</failure>
    </testcase>
    <testcase classname="QualityGates evaluateCodeQualityGate should handle high complexity functions" name="QualityGates evaluateCodeQualityGate should handle high complexity functions" time="0">
      <failure>Error: Property `analyzeCodeComplexity` does not exist in the provided object
    at ModuleMocker.spyOn (C:\Users\eposh\OneDrive\Desktop\Dikshant\jenkins\github-review-plugin\node_modules\jest-mock\build\index.js:731:13)
    at Object.spyOn (C:\Users\eposh\OneDrive\Desktop\Dikshant\jenkins\github-review-plugin\tests\unit\quality-gates.test.js:429:12)
    at Promise.then.completed (C:\Users\eposh\OneDrive\Desktop\Dikshant\jenkins\github-review-plugin\node_modules\jest-circus\build\utils.js:298:28)
    at new Promise (&lt;anonymous&gt;)
    at callAsyncCircusFn (C:\Users\eposh\OneDrive\Desktop\Dikshant\jenkins\github-review-plugin\node_modules\jest-circus\build\utils.js:231:10)
    at _callCircusTest (C:\Users\eposh\OneDrive\Desktop\Dikshant\jenkins\github-review-plugin\node_modules\jest-circus\build\run.js:316:40)
    at processTicksAndRejections (node:internal/process/task_queues:105:5)
    at _runTest (C:\Users\eposh\OneDrive\Desktop\Dikshant\jenkins\github-review-plugin\node_modules\jest-circus\build\run.js:252:3)
    at _runTestsForDescribeBlock (C:\Users\eposh\OneDrive\Desktop\Dikshant\jenkins\github-review-plugin\node_modules\jest-circus\build\run.js:126:9)
    at _runTestsForDescribeBlock (C:\Users\eposh\OneDrive\Desktop\Dikshant\jenkins\github-review-plugin\node_modules\jest-circus\build\run.js:121:9)
    at _runTestsForDescribeBlock (C:\Users\eposh\OneDrive\Desktop\Dikshant\jenkins\github-review-plugin\node_modules\jest-circus\build\run.js:121:9)
    at run (C:\Users\eposh\OneDrive\Desktop\Dikshant\jenkins\github-review-plugin\node_modules\jest-circus\build\run.js:71:3)
    at runAndTransformResultsToJestFormat (C:\Users\eposh\OneDrive\Desktop\Dikshant\jenkins\github-review-plugin\node_modules\jest-circus\build\legacy-code-todo-rewrite\jestAdapterInit.js:122:21)
    at jestAdapter (C:\Users\eposh\OneDrive\Desktop\Dikshant\jenkins\github-review-plugin\node_modules\jest-circus\build\legacy-code-todo-rewrite\jestAdapter.js:79:19)
    at runTestInternal (C:\Users\eposh\OneDrive\Desktop\Dikshant\jenkins\github-review-plugin\node_modules\jest-runner\build\runTest.js:367:16)
    at runTest (C:\Users\eposh\OneDrive\Desktop\Dikshant\jenkins\github-review-plugin\node_modules\jest-runner\build\runTest.js:444:34)
    at Object.worker (C:\Users\eposh\OneDrive\Desktop\Dikshant\jenkins\github-review-plugin\node_modules\jest-runner\build\testWorker.js:106:12)</failure>
    </testcase>
    <testcase classname="QualityGates determineOverallPass should pass when all critical gates pass" name="QualityGates determineOverallPass should pass when all critical gates pass" time="0.004">
    </testcase>
    <testcase classname="QualityGates determineOverallPass should fail when coverage gate fails" name="QualityGates determineOverallPass should fail when coverage gate fails" time="0.032">
    </testcase>
    <testcase classname="QualityGates determineOverallPass should fail when test results gate fails" name="QualityGates determineOverallPass should fail when test results gate fails" time="0.006">
    </testcase>
    <testcase classname="QualityGates determineOverallPass should fail when security gate fails" name="QualityGates determineOverallPass should fail when security gate fails" time="0.003">
    </testcase>
    <testcase classname="QualityGates determineOverallPass should pass when critical gates pass but non-critical fail" name="QualityGates determineOverallPass should pass when critical gates pass but non-critical fail" time="0.003">
      <failure>Error: expect(received).toBe(expected) // Object.is equality

Expected: true
Received: false
    at Object.toBe (C:\Users\eposh\OneDrive\Desktop\Dikshant\jenkins\github-review-plugin\tests\unit\quality-gates.test.js:507:22)
    at Promise.then.completed (C:\Users\eposh\OneDrive\Desktop\Dikshant\jenkins\github-review-plugin\node_modules\jest-circus\build\utils.js:298:28)
    at new Promise (&lt;anonymous&gt;)
    at callAsyncCircusFn (C:\Users\eposh\OneDrive\Desktop\Dikshant\jenkins\github-review-plugin\node_modules\jest-circus\build\utils.js:231:10)
    at _callCircusTest (C:\Users\eposh\OneDrive\Desktop\Dikshant\jenkins\github-review-plugin\node_modules\jest-circus\build\run.js:316:40)
    at processTicksAndRejections (node:internal/process/task_queues:105:5)
    at _runTest (C:\Users\eposh\OneDrive\Desktop\Dikshant\jenkins\github-review-plugin\node_modules\jest-circus\build\run.js:252:3)
    at _runTestsForDescribeBlock (C:\Users\eposh\OneDrive\Desktop\Dikshant\jenkins\github-review-plugin\node_modules\jest-circus\build\run.js:126:9)
    at _runTestsForDescribeBlock (C:\Users\eposh\OneDrive\Desktop\Dikshant\jenkins\github-review-plugin\node_modules\jest-circus\build\run.js:121:9)
    at _runTestsForDescribeBlock (C:\Users\eposh\OneDrive\Desktop\Dikshant\jenkins\github-review-plugin\node_modules\jest-circus\build\run.js:121:9)
    at run (C:\Users\eposh\OneDrive\Desktop\Dikshant\jenkins\github-review-plugin\node_modules\jest-circus\build\run.js:71:3)
    at runAndTransformResultsToJestFormat (C:\Users\eposh\OneDrive\Desktop\Dikshant\jenkins\github-review-plugin\node_modules\jest-circus\build\legacy-code-todo-rewrite\jestAdapterInit.js:122:21)
    at jestAdapter (C:\Users\eposh\OneDrive\Desktop\Dikshant\jenkins\github-review-plugin\node_modules\jest-circus\build\legacy-code-todo-rewrite\jestAdapter.js:79:19)
    at runTestInternal (C:\Users\eposh\OneDrive\Desktop\Dikshant\jenkins\github-review-plugin\node_modules\jest-runner\build\runTest.js:367:16)
    at runTest (C:\Users\eposh\OneDrive\Desktop\Dikshant\jenkins\github-review-plugin\node_modules\jest-runner\build\runTest.js:444:34)
    at Object.worker (C:\Users\eposh\OneDrive\Desktop\Dikshant\jenkins\github-review-plugin\node_modules\jest-runner\build\testWorker.js:106:12)</failure>
    </testcase>
    <testcase classname="QualityGates generateFeedback should generate feedback for all gates" name="QualityGates generateFeedback should generate feedback for all gates" time="0.002">
      <failure>Error: expect(received).toContain(expected) // indexOf

Expected substring: &quot;✅ Test Coverage&quot;
Received string:    &quot;✅ coverage: Good coverage&quot;
    at Object.toContain (C:\Users\eposh\OneDrive\Desktop\Dikshant\jenkins\github-review-plugin\tests\unit\quality-gates.test.js:521:27)
    at Promise.then.completed (C:\Users\eposh\OneDrive\Desktop\Dikshant\jenkins\github-review-plugin\node_modules\jest-circus\build\utils.js:298:28)
    at new Promise (&lt;anonymous&gt;)
    at callAsyncCircusFn (C:\Users\eposh\OneDrive\Desktop\Dikshant\jenkins\github-review-plugin\node_modules\jest-circus\build\utils.js:231:10)
    at _callCircusTest (C:\Users\eposh\OneDrive\Desktop\Dikshant\jenkins\github-review-plugin\node_modules\jest-circus\build\run.js:316:40)
    at processTicksAndRejections (node:internal/process/task_queues:105:5)
    at _runTest (C:\Users\eposh\OneDrive\Desktop\Dikshant\jenkins\github-review-plugin\node_modules\jest-circus\build\run.js:252:3)
    at _runTestsForDescribeBlock (C:\Users\eposh\OneDrive\Desktop\Dikshant\jenkins\github-review-plugin\node_modules\jest-circus\build\run.js:126:9)
    at _runTestsForDescribeBlock (C:\Users\eposh\OneDrive\Desktop\Dikshant\jenkins\github-review-plugin\node_modules\jest-circus\build\run.js:121:9)
    at _runTestsForDescribeBlock (C:\Users\eposh\OneDrive\Desktop\Dikshant\jenkins\github-review-plugin\node_modules\jest-circus\build\run.js:121:9)
    at run (C:\Users\eposh\OneDrive\Desktop\Dikshant\jenkins\github-review-plugin\node_modules\jest-circus\build\run.js:71:3)
    at runAndTransformResultsToJestFormat (C:\Users\eposh\OneDrive\Desktop\Dikshant\jenkins\github-review-plugin\node_modules\jest-circus\build\legacy-code-todo-rewrite\jestAdapterInit.js:122:21)
    at jestAdapter (C:\Users\eposh\OneDrive\Desktop\Dikshant\jenkins\github-review-plugin\node_modules\jest-circus\build\legacy-code-todo-rewrite\jestAdapter.js:79:19)
    at runTestInternal (C:\Users\eposh\OneDrive\Desktop\Dikshant\jenkins\github-review-plugin\node_modules\jest-runner\build\runTest.js:367:16)
    at runTest (C:\Users\eposh\OneDrive\Desktop\Dikshant\jenkins\github-review-plugin\node_modules\jest-runner\build\runTest.js:444:34)
    at Object.worker (C:\Users\eposh\OneDrive\Desktop\Dikshant\jenkins\github-review-plugin\node_modules\jest-runner\build\testWorker.js:106:12)</failure>
    </testcase>
    <testcase classname="QualityGates Utility Methods should get gate results for a session" name="QualityGates Utility Methods should get gate results for a session" time="0.006">
    </testcase>
    <testcase classname="QualityGates Utility Methods should get all gate results" name="QualityGates Utility Methods should get all gate results" time="0.043">
    </testcase>
    <testcase classname="QualityGates Utility Methods should clear gate results for a session" name="QualityGates Utility Methods should clear gate results for a session" time="0.008">
    </testcase>
    <testcase classname="QualityGates Utility Methods should generate report for a session" name="QualityGates Utility Methods should generate report for a session" time="0.005">
    </testcase>
    <testcase classname="QualityGates Utility Methods should return null for non-existent session report" name="QualityGates Utility Methods should return null for non-existent session report" time="0.001">
    </testcase>
    <testcase classname="QualityGates Error Handling should handle errors in coverage evaluation gracefully" name="QualityGates Error Handling should handle errors in coverage evaluation gracefully" time="0.001">
      <failure>Error: expect(received).toContain(expected) // indexOf

Expected substring: &quot;Coverage evaluation error&quot;
Received string:    &quot;No coverage data available&quot;
    at Object.toContain (C:\Users\eposh\OneDrive\Desktop\Dikshant\jenkins\github-review-plugin\tests\unit\quality-gates.test.js:613:33)
    at processTicksAndRejections (node:internal/process/task_queues:105:5)</failure>
    </testcase>
    <testcase classname="QualityGates Error Handling should handle errors in test results evaluation gracefully" name="QualityGates Error Handling should handle errors in test results evaluation gracefully" time="0.003">
      <failure>Error: expect(received).toBe(expected) // Object.is equality

Expected: false
Received: 95
    at Object.toBe (C:\Users\eposh\OneDrive\Desktop\Dikshant\jenkins\github-review-plugin\tests\unit\quality-gates.test.js:627:29)
    at processTicksAndRejections (node:internal/process/task_queues:105:5)</failure>
    </testcase>
    <testcase classname="QualityGates Error Handling should handle errors in performance evaluation gracefully" name="QualityGates Error Handling should handle errors in performance evaluation gracefully" time="0.001">
      <failure>Error: expect(received).toBe(expected) // Object.is equality

Expected: false
Received: true
    at Object.toBe (C:\Users\eposh\OneDrive\Desktop\Dikshant\jenkins\github-review-plugin\tests\unit\quality-gates.test.js:642:29)
    at processTicksAndRejections (node:internal/process/task_queues:105:5)</failure>
    </testcase>
  </testsuite>
  <testsuite name="FileFilter" errors="0" failures="15" skipped="0" timestamp="2025-09-03T15:32:02" time="5.007" tests="51">
    <testcase classname="FileFilter constructor should create instance with default configuration" name="FileFilter constructor should create instance with default configuration" time="0.026">
    </testcase>
    <testcase classname="FileFilter constructor should accept custom configuration" name="FileFilter constructor should accept custom configuration" time="0.001">
    </testcase>
    <testcase classname="FileFilter getDefaultExcludePatterns should return all required exclusion patterns" name="FileFilter getDefaultExcludePatterns should return all required exclusion patterns" time="0.003">
    </testcase>
    <testcase classname="FileFilter getDefaultExcludePatterns should have valid regex patterns" name="FileFilter getDefaultExcludePatterns should have valid regex patterns" time="0.041">
    </testcase>
    <testcase classname="FileFilter shouldExcludeFile should exclude database files" name="FileFilter shouldExcludeFile should exclude database files" time="0.012">
      <failure>Error: expect(received).toBe(expected) // Object.is equality

Expected: &quot;database&quot;
Received: &quot;extension&quot;
    at toBe (C:\Users\eposh\OneDrive\Desktop\Dikshant\jenkins\github-review-plugin\src\utils\file-filter.test.js:97:33)
    at Array.forEach (&lt;anonymous&gt;)
    at Object.forEach (C:\Users\eposh\OneDrive\Desktop\Dikshant\jenkins\github-review-plugin\src\utils\file-filter.test.js:94:17)
    at Promise.then.completed (C:\Users\eposh\OneDrive\Desktop\Dikshant\jenkins\github-review-plugin\node_modules\jest-circus\build\utils.js:298:28)
    at new Promise (&lt;anonymous&gt;)
    at callAsyncCircusFn (C:\Users\eposh\OneDrive\Desktop\Dikshant\jenkins\github-review-plugin\node_modules\jest-circus\build\utils.js:231:10)
    at _callCircusTest (C:\Users\eposh\OneDrive\Desktop\Dikshant\jenkins\github-review-plugin\node_modules\jest-circus\build\run.js:316:40)
    at processTicksAndRejections (node:internal/process/task_queues:105:5)
    at _runTest (C:\Users\eposh\OneDrive\Desktop\Dikshant\jenkins\github-review-plugin\node_modules\jest-circus\build\run.js:252:3)
    at _runTestsForDescribeBlock (C:\Users\eposh\OneDrive\Desktop\Dikshant\jenkins\github-review-plugin\node_modules\jest-circus\build\run.js:126:9)
    at _runTestsForDescribeBlock (C:\Users\eposh\OneDrive\Desktop\Dikshant\jenkins\github-review-plugin\node_modules\jest-circus\build\run.js:121:9)
    at _runTestsForDescribeBlock (C:\Users\eposh\OneDrive\Desktop\Dikshant\jenkins\github-review-plugin\node_modules\jest-circus\build\run.js:121:9)
    at run (C:\Users\eposh\OneDrive\Desktop\Dikshant\jenkins\github-review-plugin\node_modules\jest-circus\build\run.js:71:3)
    at runAndTransformResultsToJestFormat (C:\Users\eposh\OneDrive\Desktop\Dikshant\jenkins\github-review-plugin\node_modules\jest-circus\build\legacy-code-todo-rewrite\jestAdapterInit.js:122:21)
    at jestAdapter (C:\Users\eposh\OneDrive\Desktop\Dikshant\jenkins\github-review-plugin\node_modules\jest-circus\build\legacy-code-todo-rewrite\jestAdapter.js:79:19)
    at runTestInternal (C:\Users\eposh\OneDrive\Desktop\Dikshant\jenkins\github-review-plugin\node_modules\jest-runner\build\runTest.js:367:16)
    at runTest (C:\Users\eposh\OneDrive\Desktop\Dikshant\jenkins\github-review-plugin\node_modules\jest-runner\build\runTest.js:444:34)
    at Object.worker (C:\Users\eposh\OneDrive\Desktop\Dikshant\jenkins\github-review-plugin\node_modules\jest-runner\build\testWorker.js:106:12)</failure>
    </testcase>
    <testcase classname="FileFilter shouldExcludeFile should exclude environment files" name="FileFilter shouldExcludeFile should exclude environment files" time="0.003">
      <failure>Error: expect(received).toBe(expected) // Object.is equality

Expected: &quot;environment&quot;
Received: &quot;extension&quot;
    at toBe (C:\Users\eposh\OneDrive\Desktop\Dikshant\jenkins\github-review-plugin\src\utils\file-filter.test.js:113:33)
    at Array.forEach (&lt;anonymous&gt;)
    at Object.forEach (C:\Users\eposh\OneDrive\Desktop\Dikshant\jenkins\github-review-plugin\src\utils\file-filter.test.js:110:17)
    at Promise.then.completed (C:\Users\eposh\OneDrive\Desktop\Dikshant\jenkins\github-review-plugin\node_modules\jest-circus\build\utils.js:298:28)
    at new Promise (&lt;anonymous&gt;)
    at callAsyncCircusFn (C:\Users\eposh\OneDrive\Desktop\Dikshant\jenkins\github-review-plugin\node_modules\jest-circus\build\utils.js:231:10)
    at _callCircusTest (C:\Users\eposh\OneDrive\Desktop\Dikshant\jenkins\github-review-plugin\node_modules\jest-circus\build\run.js:316:40)
    at processTicksAndRejections (node:internal/process/task_queues:105:5)
    at _runTest (C:\Users\eposh\OneDrive\Desktop\Dikshant\jenkins\github-review-plugin\node_modules\jest-circus\build\run.js:252:3)
    at _runTestsForDescribeBlock (C:\Users\eposh\OneDrive\Desktop\Dikshant\jenkins\github-review-plugin\node_modules\jest-circus\build\run.js:126:9)
    at _runTestsForDescribeBlock (C:\Users\eposh\OneDrive\Desktop\Dikshant\jenkins\github-review-plugin\node_modules\jest-circus\build\run.js:121:9)
    at _runTestsForDescribeBlock (C:\Users\eposh\OneDrive\Desktop\Dikshant\jenkins\github-review-plugin\node_modules\jest-circus\build\run.js:121:9)
    at run (C:\Users\eposh\OneDrive\Desktop\Dikshant\jenkins\github-review-plugin\node_modules\jest-circus\build\run.js:71:3)
    at runAndTransformResultsToJestFormat (C:\Users\eposh\OneDrive\Desktop\Dikshant\jenkins\github-review-plugin\node_modules\jest-circus\build\legacy-code-todo-rewrite\jestAdapterInit.js:122:21)
    at jestAdapter (C:\Users\eposh\OneDrive\Desktop\Dikshant\jenkins\github-review-plugin\node_modules\jest-circus\build\legacy-code-todo-rewrite\jestAdapter.js:79:19)
    at runTestInternal (C:\Users\eposh\OneDrive\Desktop\Dikshant\jenkins\github-review-plugin\node_modules\jest-runner\build\runTest.js:367:16)
    at runTest (C:\Users\eposh\OneDrive\Desktop\Dikshant\jenkins\github-review-plugin\node_modules\jest-runner\build\runTest.js:444:34)
    at Object.worker (C:\Users\eposh\OneDrive\Desktop\Dikshant\jenkins\github-review-plugin\node_modules\jest-runner\build\testWorker.js:106:12)</failure>
    </testcase>
    <testcase classname="FileFilter shouldExcludeFile should exclude configuration files" name="FileFilter shouldExcludeFile should exclude configuration files" time="0.002">
      <failure>Error: expect(received).toBe(expected) // Object.is equality

Expected: &quot;config&quot;
Received: &quot;filename&quot;
    at toBe (C:\Users\eposh\OneDrive\Desktop\Dikshant\jenkins\github-review-plugin\src\utils\file-filter.test.js:130:33)
    at Array.forEach (&lt;anonymous&gt;)
    at Object.forEach (C:\Users\eposh\OneDrive\Desktop\Dikshant\jenkins\github-review-plugin\src\utils\file-filter.test.js:127:17)
    at Promise.then.completed (C:\Users\eposh\OneDrive\Desktop\Dikshant\jenkins\github-review-plugin\node_modules\jest-circus\build\utils.js:298:28)
    at new Promise (&lt;anonymous&gt;)
    at callAsyncCircusFn (C:\Users\eposh\OneDrive\Desktop\Dikshant\jenkins\github-review-plugin\node_modules\jest-circus\build\utils.js:231:10)
    at _callCircusTest (C:\Users\eposh\OneDrive\Desktop\Dikshant\jenkins\github-review-plugin\node_modules\jest-circus\build\run.js:316:40)
    at processTicksAndRejections (node:internal/process/task_queues:105:5)
    at _runTest (C:\Users\eposh\OneDrive\Desktop\Dikshant\jenkins\github-review-plugin\node_modules\jest-circus\build\run.js:252:3)
    at _runTestsForDescribeBlock (C:\Users\eposh\OneDrive\Desktop\Dikshant\jenkins\github-review-plugin\node_modules\jest-circus\build\run.js:126:9)
    at _runTestsForDescribeBlock (C:\Users\eposh\OneDrive\Desktop\Dikshant\jenkins\github-review-plugin\node_modules\jest-circus\build\run.js:121:9)
    at _runTestsForDescribeBlock (C:\Users\eposh\OneDrive\Desktop\Dikshant\jenkins\github-review-plugin\node_modules\jest-circus\build\run.js:121:9)
    at run (C:\Users\eposh\OneDrive\Desktop\Dikshant\jenkins\github-review-plugin\node_modules\jest-circus\build\run.js:71:3)
    at runAndTransformResultsToJestFormat (C:\Users\eposh\OneDrive\Desktop\Dikshant\jenkins\github-review-plugin\node_modules\jest-circus\build\legacy-code-todo-rewrite\jestAdapterInit.js:122:21)
    at jestAdapter (C:\Users\eposh\OneDrive\Desktop\Dikshant\jenkins\github-review-plugin\node_modules\jest-circus\build\legacy-code-todo-rewrite\jestAdapter.js:79:19)
    at runTestInternal (C:\Users\eposh\OneDrive\Desktop\Dikshant\jenkins\github-review-plugin\node_modules\jest-runner\build\runTest.js:367:16)
    at runTest (C:\Users\eposh\OneDrive\Desktop\Dikshant\jenkins\github-review-plugin\node_modules\jest-runner\build\runTest.js:444:34)
    at Object.worker (C:\Users\eposh\OneDrive\Desktop\Dikshant\jenkins\github-review-plugin\node_modules\jest-runner\build\testWorker.js:106:12)</failure>
    </testcase>
    <testcase classname="FileFilter shouldExcludeFile should exclude log files" name="FileFilter shouldExcludeFile should exclude log files" time="0.002">
      <failure>Error: expect(received).toBe(expected) // Object.is equality

Expected: &quot;logs&quot;
Received: &quot;extension&quot;
    at toBe (C:\Users\eposh\OneDrive\Desktop\Dikshant\jenkins\github-review-plugin\src\utils\file-filter.test.js:144:33)
    at Array.forEach (&lt;anonymous&gt;)
    at Object.forEach (C:\Users\eposh\OneDrive\Desktop\Dikshant\jenkins\github-review-plugin\src\utils\file-filter.test.js:141:17)
    at Promise.then.completed (C:\Users\eposh\OneDrive\Desktop\Dikshant\jenkins\github-review-plugin\node_modules\jest-circus\build\utils.js:298:28)
    at new Promise (&lt;anonymous&gt;)
    at callAsyncCircusFn (C:\Users\eposh\OneDrive\Desktop\Dikshant\jenkins\github-review-plugin\node_modules\jest-circus\build\utils.js:231:10)
    at _callCircusTest (C:\Users\eposh\OneDrive\Desktop\Dikshant\jenkins\github-review-plugin\node_modules\jest-circus\build\run.js:316:40)
    at processTicksAndRejections (node:internal/process/task_queues:105:5)
    at _runTest (C:\Users\eposh\OneDrive\Desktop\Dikshant\jenkins\github-review-plugin\node_modules\jest-circus\build\run.js:252:3)
    at _runTestsForDescribeBlock (C:\Users\eposh\OneDrive\Desktop\Dikshant\jenkins\github-review-plugin\node_modules\jest-circus\build\run.js:126:9)
    at _runTestsForDescribeBlock (C:\Users\eposh\OneDrive\Desktop\Dikshant\jenkins\github-review-plugin\node_modules\jest-circus\build\run.js:121:9)
    at _runTestsForDescribeBlock (C:\Users\eposh\OneDrive\Desktop\Dikshant\jenkins\github-review-plugin\node_modules\jest-circus\build\run.js:121:9)
    at run (C:\Users\eposh\OneDrive\Desktop\Dikshant\jenkins\github-review-plugin\node_modules\jest-circus\build\run.js:71:3)
    at runAndTransformResultsToJestFormat (C:\Users\eposh\OneDrive\Desktop\Dikshant\jenkins\github-review-plugin\node_modules\jest-circus\build\legacy-code-todo-rewrite\jestAdapterInit.js:122:21)
    at jestAdapter (C:\Users\eposh\OneDrive\Desktop\Dikshant\jenkins\github-review-plugin\node_modules\jest-circus\build\legacy-code-todo-rewrite\jestAdapter.js:79:19)
    at runTestInternal (C:\Users\eposh\OneDrive\Desktop\Dikshant\jenkins\github-review-plugin\node_modules\jest-runner\build\runTest.js:367:16)
    at runTest (C:\Users\eposh\OneDrive\Desktop\Dikshant\jenkins\github-review-plugin\node_modules\jest-runner\build\runTest.js:444:34)
    at Object.worker (C:\Users\eposh\OneDrive\Desktop\Dikshant\jenkins\github-review-plugin\node_modules\jest-runner\build\testWorker.js:106:12)</failure>
    </testcase>
    <testcase classname="FileFilter shouldExcludeFile should exclude confidential files" name="FileFilter shouldExcludeFile should exclude confidential files" time="0.002">
      <failure>Error: expect(received).toBe(expected) // Object.is equality

Expected: &quot;confidential&quot;
Received: &quot;extension&quot;
    at toBe (C:\Users\eposh\OneDrive\Desktop\Dikshant\jenkins\github-review-plugin\src\utils\file-filter.test.js:161:33)
    at Array.forEach (&lt;anonymous&gt;)
    at Object.forEach (C:\Users\eposh\OneDrive\Desktop\Dikshant\jenkins\github-review-plugin\src\utils\file-filter.test.js:158:17)
    at Promise.then.completed (C:\Users\eposh\OneDrive\Desktop\Dikshant\jenkins\github-review-plugin\node_modules\jest-circus\build\utils.js:298:28)
    at new Promise (&lt;anonymous&gt;)
    at callAsyncCircusFn (C:\Users\eposh\OneDrive\Desktop\Dikshant\jenkins\github-review-plugin\node_modules\jest-circus\build\utils.js:231:10)
    at _callCircusTest (C:\Users\eposh\OneDrive\Desktop\Dikshant\jenkins\github-review-plugin\node_modules\jest-circus\build\run.js:316:40)
    at processTicksAndRejections (node:internal/process/task_queues:105:5)
    at _runTest (C:\Users\eposh\OneDrive\Desktop\Dikshant\jenkins\github-review-plugin\node_modules\jest-circus\build\run.js:252:3)
    at _runTestsForDescribeBlock (C:\Users\eposh\OneDrive\Desktop\Dikshant\jenkins\github-review-plugin\node_modules\jest-circus\build\run.js:126:9)
    at _runTestsForDescribeBlock (C:\Users\eposh\OneDrive\Desktop\Dikshant\jenkins\github-review-plugin\node_modules\jest-circus\build\run.js:121:9)
    at _runTestsForDescribeBlock (C:\Users\eposh\OneDrive\Desktop\Dikshant\jenkins\github-review-plugin\node_modules\jest-circus\build\run.js:121:9)
    at run (C:\Users\eposh\OneDrive\Desktop\Dikshant\jenkins\github-review-plugin\node_modules\jest-circus\build\run.js:71:3)
    at runAndTransformResultsToJestFormat (C:\Users\eposh\OneDrive\Desktop\Dikshant\jenkins\github-review-plugin\node_modules\jest-circus\build\legacy-code-todo-rewrite\jestAdapterInit.js:122:21)
    at jestAdapter (C:\Users\eposh\OneDrive\Desktop\Dikshant\jenkins\github-review-plugin\node_modules\jest-circus\build\legacy-code-todo-rewrite\jestAdapter.js:79:19)
    at runTestInternal (C:\Users\eposh\OneDrive\Desktop\Dikshant\jenkins\github-review-plugin\node_modules\jest-runner\build\runTest.js:367:16)
    at runTest (C:\Users\eposh\OneDrive\Desktop\Dikshant\jenkins\github-review-plugin\node_modules\jest-runner\build\runTest.js:444:34)
    at Object.worker (C:\Users\eposh\OneDrive\Desktop\Dikshant\jenkins\github-review-plugin\node_modules\jest-runner\build\testWorker.js:106:12)</failure>
    </testcase>
    <testcase classname="FileFilter shouldExcludeFile should exclude image files" name="FileFilter shouldExcludeFile should exclude image files" time="0.002">
      <failure>Error: expect(received).toBe(expected) // Object.is equality

Expected: &quot;images&quot;
Received: &quot;extension&quot;
    at toBe (C:\Users\eposh\OneDrive\Desktop\Dikshant\jenkins\github-review-plugin\src\utils\file-filter.test.js:178:33)
    at Array.forEach (&lt;anonymous&gt;)
    at Object.forEach (C:\Users\eposh\OneDrive\Desktop\Dikshant\jenkins\github-review-plugin\src\utils\file-filter.test.js:175:17)
    at Promise.then.completed (C:\Users\eposh\OneDrive\Desktop\Dikshant\jenkins\github-review-plugin\node_modules\jest-circus\build\utils.js:298:28)
    at new Promise (&lt;anonymous&gt;)
    at callAsyncCircusFn (C:\Users\eposh\OneDrive\Desktop\Dikshant\jenkins\github-review-plugin\node_modules\jest-circus\build\utils.js:231:10)
    at _callCircusTest (C:\Users\eposh\OneDrive\Desktop\Dikshant\jenkins\github-review-plugin\node_modules\jest-circus\build\run.js:316:40)
    at processTicksAndRejections (node:internal/process/task_queues:105:5)
    at _runTest (C:\Users\eposh\OneDrive\Desktop\Dikshant\jenkins\github-review-plugin\node_modules\jest-circus\build\run.js:252:3)
    at _runTestsForDescribeBlock (C:\Users\eposh\OneDrive\Desktop\Dikshant\jenkins\github-review-plugin\node_modules\jest-circus\build\run.js:126:9)
    at _runTestsForDescribeBlock (C:\Users\eposh\OneDrive\Desktop\Dikshant\jenkins\github-review-plugin\node_modules\jest-circus\build\run.js:121:9)
    at _runTestsForDescribeBlock (C:\Users\eposh\OneDrive\Desktop\Dikshant\jenkins\github-review-plugin\node_modules\jest-circus\build\run.js:121:9)
    at run (C:\Users\eposh\OneDrive\Desktop\Dikshant\jenkins\github-review-plugin\node_modules\jest-circus\build\run.js:71:3)
    at runAndTransformResultsToJestFormat (C:\Users\eposh\OneDrive\Desktop\Dikshant\jenkins\github-review-plugin\node_modules\jest-circus\build\legacy-code-todo-rewrite\jestAdapterInit.js:122:21)
    at jestAdapter (C:\Users\eposh\OneDrive\Desktop\Dikshant\jenkins\github-review-plugin\node_modules\jest-circus\build\legacy-code-todo-rewrite\jestAdapter.js:79:19)
    at runTestInternal (C:\Users\eposh\OneDrive\Desktop\Dikshant\jenkins\github-review-plugin\node_modules\jest-runner\build\runTest.js:367:16)
    at runTest (C:\Users\eposh\OneDrive\Desktop\Dikshant\jenkins\github-review-plugin\node_modules\jest-runner\build\runTest.js:444:34)
    at Object.worker (C:\Users\eposh\OneDrive\Desktop\Dikshant\jenkins\github-review-plugin\node_modules\jest-runner\build\testWorker.js:106:12)</failure>
    </testcase>
    <testcase classname="FileFilter shouldExcludeFile should exclude binary files" name="FileFilter shouldExcludeFile should exclude binary files" time="0.001">
      <failure>Error: expect(received).toBe(expected) // Object.is equality

Expected: &quot;binary&quot;
Received: &quot;extension&quot;
    at toBe (C:\Users\eposh\OneDrive\Desktop\Dikshant\jenkins\github-review-plugin\src\utils\file-filter.test.js:195:33)
    at Array.forEach (&lt;anonymous&gt;)
    at Object.forEach (C:\Users\eposh\OneDrive\Desktop\Dikshant\jenkins\github-review-plugin\src\utils\file-filter.test.js:192:17)
    at Promise.then.completed (C:\Users\eposh\OneDrive\Desktop\Dikshant\jenkins\github-review-plugin\node_modules\jest-circus\build\utils.js:298:28)
    at new Promise (&lt;anonymous&gt;)
    at callAsyncCircusFn (C:\Users\eposh\OneDrive\Desktop\Dikshant\jenkins\github-review-plugin\node_modules\jest-circus\build\utils.js:231:10)
    at _callCircusTest (C:\Users\eposh\OneDrive\Desktop\Dikshant\jenkins\github-review-plugin\node_modules\jest-circus\build\run.js:316:40)
    at processTicksAndRejections (node:internal/process/task_queues:105:5)
    at _runTest (C:\Users\eposh\OneDrive\Desktop\Dikshant\jenkins\github-review-plugin\node_modules\jest-circus\build\run.js:252:3)
    at _runTestsForDescribeBlock (C:\Users\eposh\OneDrive\Desktop\Dikshant\jenkins\github-review-plugin\node_modules\jest-circus\build\run.js:126:9)
    at _runTestsForDescribeBlock (C:\Users\eposh\OneDrive\Desktop\Dikshant\jenkins\github-review-plugin\node_modules\jest-circus\build\run.js:121:9)
    at _runTestsForDescribeBlock (C:\Users\eposh\OneDrive\Desktop\Dikshant\jenkins\github-review-plugin\node_modules\jest-circus\build\run.js:121:9)
    at run (C:\Users\eposh\OneDrive\Desktop\Dikshant\jenkins\github-review-plugin\node_modules\jest-circus\build\run.js:71:3)
    at runAndTransformResultsToJestFormat (C:\Users\eposh\OneDrive\Desktop\Dikshant\jenkins\github-review-plugin\node_modules\jest-circus\build\legacy-code-todo-rewrite\jestAdapterInit.js:122:21)
    at jestAdapter (C:\Users\eposh\OneDrive\Desktop\Dikshant\jenkins\github-review-plugin\node_modules\jest-circus\build\legacy-code-todo-rewrite\jestAdapter.js:79:19)
    at runTestInternal (C:\Users\eposh\OneDrive\Desktop\Dikshant\jenkins\github-review-plugin\node_modules\jest-runner\build\runTest.js:367:16)
    at runTest (C:\Users\eposh\OneDrive\Desktop\Dikshant\jenkins\github-review-plugin\node_modules\jest-runner\build\runTest.js:444:34)
    at Object.worker (C:\Users\eposh\OneDrive\Desktop\Dikshant\jenkins\github-review-plugin\node_modules\jest-runner\build\testWorker.js:106:12)</failure>
    </testcase>
    <testcase classname="FileFilter shouldExcludeFile should exclude files in excluded directories" name="FileFilter shouldExcludeFile should exclude files in excluded directories" time="0.003">
      <failure>Error: expect(received).toBe(expected) // Object.is equality

Expected: true
Received: false
    at toBe (C:\Users\eposh\OneDrive\Desktop\Dikshant\jenkins\github-review-plugin\src\utils\file-filter.test.js:212:38)
    at Array.forEach (&lt;anonymous&gt;)
    at Object.forEach (C:\Users\eposh\OneDrive\Desktop\Dikshant\jenkins\github-review-plugin\src\utils\file-filter.test.js:210:17)
    at Promise.then.completed (C:\Users\eposh\OneDrive\Desktop\Dikshant\jenkins\github-review-plugin\node_modules\jest-circus\build\utils.js:298:28)
    at new Promise (&lt;anonymous&gt;)
    at callAsyncCircusFn (C:\Users\eposh\OneDrive\Desktop\Dikshant\jenkins\github-review-plugin\node_modules\jest-circus\build\utils.js:231:10)
    at _callCircusTest (C:\Users\eposh\OneDrive\Desktop\Dikshant\jenkins\github-review-plugin\node_modules\jest-circus\build\run.js:316:40)
    at processTicksAndRejections (node:internal/process/task_queues:105:5)
    at _runTest (C:\Users\eposh\OneDrive\Desktop\Dikshant\jenkins\github-review-plugin\node_modules\jest-circus\build\run.js:252:3)
    at _runTestsForDescribeBlock (C:\Users\eposh\OneDrive\Desktop\Dikshant\jenkins\github-review-plugin\node_modules\jest-circus\build\run.js:126:9)
    at _runTestsForDescribeBlock (C:\Users\eposh\OneDrive\Desktop\Dikshant\jenkins\github-review-plugin\node_modules\jest-circus\build\run.js:121:9)
    at _runTestsForDescribeBlock (C:\Users\eposh\OneDrive\Desktop\Dikshant\jenkins\github-review-plugin\node_modules\jest-circus\build\run.js:121:9)
    at run (C:\Users\eposh\OneDrive\Desktop\Dikshant\jenkins\github-review-plugin\node_modules\jest-circus\build\run.js:71:3)
    at runAndTransformResultsToJestFormat (C:\Users\eposh\OneDrive\Desktop\Dikshant\jenkins\github-review-plugin\node_modules\jest-circus\build\legacy-code-todo-rewrite\jestAdapterInit.js:122:21)
    at jestAdapter (C:\Users\eposh\OneDrive\Desktop\Dikshant\jenkins\github-review-plugin\node_modules\jest-circus\build\legacy-code-todo-rewrite\jestAdapter.js:79:19)
    at runTestInternal (C:\Users\eposh\OneDrive\Desktop\Dikshant\jenkins\github-review-plugin\node_modules\jest-runner\build\runTest.js:367:16)
    at runTest (C:\Users\eposh\OneDrive\Desktop\Dikshant\jenkins\github-review-plugin\node_modules\jest-runner\build\runTest.js:444:34)
    at Object.worker (C:\Users\eposh\OneDrive\Desktop\Dikshant\jenkins\github-review-plugin\node_modules\jest-runner\build\testWorker.js:106:12)</failure>
    </testcase>
    <testcase classname="FileFilter shouldExcludeFile should exclude files by name" name="FileFilter shouldExcludeFile should exclude files by name" time="0.005">
    </testcase>
    <testcase classname="FileFilter shouldExcludeFile should exclude files that exceed size limit" name="FileFilter shouldExcludeFile should exclude files that exceed size limit" time="0.002">
    </testcase>
    <testcase classname="FileFilter shouldExcludeFile should exclude directories" name="FileFilter shouldExcludeFile should exclude directories" time="0.009">
    </testcase>
    <testcase classname="FileFilter shouldExcludeFile should exclude inaccessible files" name="FileFilter shouldExcludeFile should exclude inaccessible files" time="0.002">
    </testcase>
    <testcase classname="FileFilter shouldExcludeFile should include valid source code files" name="FileFilter shouldExcludeFile should include valid source code files" time="0.004">
      <failure>Error: expect(received).toBe(expected) // Object.is equality

Expected: false
Received: true
    at toBe (C:\Users\eposh\OneDrive\Desktop\Dikshant\jenkins\github-review-plugin\src\utils\file-filter.test.js:281:38)
    at Array.forEach (&lt;anonymous&gt;)
    at Object.forEach (C:\Users\eposh\OneDrive\Desktop\Dikshant\jenkins\github-review-plugin\src\utils\file-filter.test.js:279:17)
    at Promise.then.completed (C:\Users\eposh\OneDrive\Desktop\Dikshant\jenkins\github-review-plugin\node_modules\jest-circus\build\utils.js:298:28)
    at new Promise (&lt;anonymous&gt;)
    at callAsyncCircusFn (C:\Users\eposh\OneDrive\Desktop\Dikshant\jenkins\github-review-plugin\node_modules\jest-circus\build\utils.js:231:10)
    at _callCircusTest (C:\Users\eposh\OneDrive\Desktop\Dikshant\jenkins\github-review-plugin\node_modules\jest-circus\build\run.js:316:40)
    at processTicksAndRejections (node:internal/process/task_queues:105:5)
    at _runTest (C:\Users\eposh\OneDrive\Desktop\Dikshant\jenkins\github-review-plugin\node_modules\jest-circus\build\run.js:252:3)
    at _runTestsForDescribeBlock (C:\Users\eposh\OneDrive\Desktop\Dikshant\jenkins\github-review-plugin\node_modules\jest-circus\build\run.js:126:9)
    at _runTestsForDescribeBlock (C:\Users\eposh\OneDrive\Desktop\Dikshant\jenkins\github-review-plugin\node_modules\jest-circus\build\run.js:121:9)
    at _runTestsForDescribeBlock (C:\Users\eposh\OneDrive\Desktop\Dikshant\jenkins\github-review-plugin\node_modules\jest-circus\build\run.js:121:9)
    at run (C:\Users\eposh\OneDrive\Desktop\Dikshant\jenkins\github-review-plugin\node_modules\jest-circus\build\run.js:71:3)
    at runAndTransformResultsToJestFormat (C:\Users\eposh\OneDrive\Desktop\Dikshant\jenkins\github-review-plugin\node_modules\jest-circus\build\legacy-code-todo-rewrite\jestAdapterInit.js:122:21)
    at jestAdapter (C:\Users\eposh\OneDrive\Desktop\Dikshant\jenkins\github-review-plugin\node_modules\jest-circus\build\legacy-code-todo-rewrite\jestAdapter.js:79:19)
    at runTestInternal (C:\Users\eposh\OneDrive\Desktop\Dikshant\jenkins\github-review-plugin\node_modules\jest-runner\build\runTest.js:367:16)
    at runTest (C:\Users\eposh\OneDrive\Desktop\Dikshant\jenkins\github-review-plugin\node_modules\jest-runner\build\runTest.js:444:34)
    at Object.worker (C:\Users\eposh\OneDrive\Desktop\Dikshant\jenkins\github-review-plugin\node_modules\jest-runner\build\testWorker.js:106:12)</failure>
    </testcase>
    <testcase classname="FileFilter shouldExcludeFile should respect include patterns when specified" name="FileFilter shouldExcludeFile should respect include patterns when specified" time="0.002">
    </testcase>
    <testcase classname="FileFilter filterFiles should filter a list of files correctly" name="FileFilter filterFiles should filter a list of files correctly" time="0.012">
    </testcase>
    <testcase classname="FileFilter filterFiles should respect file count limits" name="FileFilter filterFiles should respect file count limits" time="0.001">
      <failure>TypeError: Cannot read properties of undefined (reading &apos;category&apos;)
    at Object.category (C:\Users\eposh\OneDrive\Desktop\Dikshant\jenkins\github-review-plugin\src\utils\file-filter.test.js:338:33)
    at Promise.then.completed (C:\Users\eposh\OneDrive\Desktop\Dikshant\jenkins\github-review-plugin\node_modules\jest-circus\build\utils.js:298:28)
    at new Promise (&lt;anonymous&gt;)
    at callAsyncCircusFn (C:\Users\eposh\OneDrive\Desktop\Dikshant\jenkins\github-review-plugin\node_modules\jest-circus\build\utils.js:231:10)
    at _callCircusTest (C:\Users\eposh\OneDrive\Desktop\Dikshant\jenkins\github-review-plugin\node_modules\jest-circus\build\run.js:316:40)
    at processTicksAndRejections (node:internal/process/task_queues:105:5)
    at _runTest (C:\Users\eposh\OneDrive\Desktop\Dikshant\jenkins\github-review-plugin\node_modules\jest-circus\build\run.js:252:3)
    at _runTestsForDescribeBlock (C:\Users\eposh\OneDrive\Desktop\Dikshant\jenkins\github-review-plugin\node_modules\jest-circus\build\run.js:126:9)
    at _runTestsForDescribeBlock (C:\Users\eposh\OneDrive\Desktop\Dikshant\jenkins\github-review-plugin\node_modules\jest-circus\build\run.js:121:9)
    at _runTestsForDescribeBlock (C:\Users\eposh\OneDrive\Desktop\Dikshant\jenkins\github-review-plugin\node_modules\jest-circus\build\run.js:121:9)
    at run (C:\Users\eposh\OneDrive\Desktop\Dikshant\jenkins\github-review-plugin\node_modules\jest-circus\build\run.js:71:3)
    at runAndTransformResultsToJestFormat (C:\Users\eposh\OneDrive\Desktop\Dikshant\jenkins\github-review-plugin\node_modules\jest-circus\build\legacy-code-todo-rewrite\jestAdapterInit.js:122:21)
    at jestAdapter (C:\Users\eposh\OneDrive\Desktop\Dikshant\jenkins\github-review-plugin\node_modules\jest-circus\build\legacy-code-todo-rewrite\jestAdapter.js:79:19)
    at runTestInternal (C:\Users\eposh\OneDrive\Desktop\Dikshant\jenkins\github-review-plugin\node_modules\jest-runner\build\runTest.js:367:16)
    at runTest (C:\Users\eposh\OneDrive\Desktop\Dikshant\jenkins\github-review-plugin\node_modules\jest-runner\build\runTest.js:444:34)
    at Object.worker (C:\Users\eposh\OneDrive\Desktop\Dikshant\jenkins\github-review-plugin\node_modules\jest-runner\build\testWorker.js:106:12)</failure>
    </testcase>
    <testcase classname="FileFilter filterFiles should categorize excluded files correctly" name="FileFilter filterFiles should categorize excluded files correctly" time="0.002">
      <failure>Error: expect(received).toBe(expected) // Object.is equality

Expected: 1
Received: undefined
    at Object.toBe (C:\Users\eposh\OneDrive\Desktop\Dikshant\jenkins\github-review-plugin\src\utils\file-filter.test.js:355:50)
    at Promise.then.completed (C:\Users\eposh\OneDrive\Desktop\Dikshant\jenkins\github-review-plugin\node_modules\jest-circus\build\utils.js:298:28)
    at new Promise (&lt;anonymous&gt;)
    at callAsyncCircusFn (C:\Users\eposh\OneDrive\Desktop\Dikshant\jenkins\github-review-plugin\node_modules\jest-circus\build\utils.js:231:10)
    at _callCircusTest (C:\Users\eposh\OneDrive\Desktop\Dikshant\jenkins\github-review-plugin\node_modules\jest-circus\build\run.js:316:40)
    at processTicksAndRejections (node:internal/process/task_queues:105:5)
    at _runTest (C:\Users\eposh\OneDrive\Desktop\Dikshant\jenkins\github-review-plugin\node_modules\jest-circus\build\run.js:252:3)
    at _runTestsForDescribeBlock (C:\Users\eposh\OneDrive\Desktop\Dikshant\jenkins\github-review-plugin\node_modules\jest-circus\build\run.js:126:9)
    at _runTestsForDescribeBlock (C:\Users\eposh\OneDrive\Desktop\Dikshant\jenkins\github-review-plugin\node_modules\jest-circus\build\run.js:121:9)
    at _runTestsForDescribeBlock (C:\Users\eposh\OneDrive\Desktop\Dikshant\jenkins\github-review-plugin\node_modules\jest-circus\build\run.js:121:9)
    at run (C:\Users\eposh\OneDrive\Desktop\Dikshant\jenkins\github-review-plugin\node_modules\jest-circus\build\run.js:71:3)
    at runAndTransformResultsToJestFormat (C:\Users\eposh\OneDrive\Desktop\Dikshant\jenkins\github-review-plugin\node_modules\jest-circus\build\legacy-code-todo-rewrite\jestAdapterInit.js:122:21)
    at jestAdapter (C:\Users\eposh\OneDrive\Desktop\Dikshant\jenkins\github-review-plugin\node_modules\jest-circus\build\legacy-code-todo-rewrite\jestAdapter.js:79:19)
    at runTestInternal (C:\Users\eposh\OneDrive\Desktop\Dikshant\jenkins\github-review-plugin\node_modules\jest-runner\build\runTest.js:367:16)
    at runTest (C:\Users\eposh\OneDrive\Desktop\Dikshant\jenkins\github-review-plugin\node_modules\jest-runner\build\runTest.js:444:34)
    at Object.worker (C:\Users\eposh\OneDrive\Desktop\Dikshant\jenkins\github-review-plugin\node_modules\jest-runner\build\testWorker.js:106:12)</failure>
    </testcase>
    <testcase classname="FileFilter filterFiles should handle empty file list" name="FileFilter filterFiles should handle empty file list" time="0.001">
    </testcase>
    <testcase classname="FileFilter getFileStats should calculate file statistics correctly" name="FileFilter getFileStats should calculate file statistics correctly" time="0.045">
    </testcase>
    <testcase classname="FileFilter getFileStats should categorize files by extension" name="FileFilter getFileStats should categorize files by extension" time="0.001">
    </testcase>
    <testcase classname="FileFilter getFileStats should categorize files by type" name="FileFilter getFileStats should categorize files by type" time="0.007">
    </testcase>
    <testcase classname="FileFilter getFileStats should handle inaccessible files gracefully" name="FileFilter getFileStats should handle inaccessible files gracefully" time="0.012">
    </testcase>
    <testcase classname="FileFilter getFileCategory should categorize JavaScript files" name="FileFilter getFileCategory should categorize JavaScript files" time="0.001">
    </testcase>
    <testcase classname="FileFilter getFileCategory should categorize TypeScript files" name="FileFilter getFileCategory should categorize TypeScript files" time="0.001">
    </testcase>
    <testcase classname="FileFilter getFileCategory should categorize Python files" name="FileFilter getFileCategory should categorize Python files" time="0">
    </testcase>
    <testcase classname="FileFilter getFileCategory should categorize Java files" name="FileFilter getFileCategory should categorize Java files" time="0">
    </testcase>
    <testcase classname="FileFilter getFileCategory should categorize CSS files" name="FileFilter getFileCategory should categorize CSS files" time="0.004">
    </testcase>
    <testcase classname="FileFilter getFileCategory should categorize HTML files" name="FileFilter getFileCategory should categorize HTML files" time="0.001">
    </testcase>
    <testcase classname="FileFilter getFileCategory should categorize JSON files" name="FileFilter getFileCategory should categorize JSON files" time="0.001">
      <failure>Error: expect(received).toBe(expected) // Object.is equality

Expected: &quot;json&quot;
Received: &quot;config-json&quot;
    at Object.toBe (C:\Users\eposh\OneDrive\Desktop\Dikshant\jenkins\github-review-plugin\src\utils\file-filter.test.js:471:57)
    at Promise.then.completed (C:\Users\eposh\OneDrive\Desktop\Dikshant\jenkins\github-review-plugin\node_modules\jest-circus\build\utils.js:298:28)
    at new Promise (&lt;anonymous&gt;)
    at callAsyncCircusFn (C:\Users\eposh\OneDrive\Desktop\Dikshant\jenkins\github-review-plugin\node_modules\jest-circus\build\utils.js:231:10)
    at _callCircusTest (C:\Users\eposh\OneDrive\Desktop\Dikshant\jenkins\github-review-plugin\node_modules\jest-circus\build\run.js:316:40)
    at processTicksAndRejections (node:internal/process/task_queues:105:5)
    at _runTest (C:\Users\eposh\OneDrive\Desktop\Dikshant\jenkins\github-review-plugin\node_modules\jest-circus\build\run.js:252:3)
    at _runTestsForDescribeBlock (C:\Users\eposh\OneDrive\Desktop\Dikshant\jenkins\github-review-plugin\node_modules\jest-circus\build\run.js:126:9)
    at _runTestsForDescribeBlock (C:\Users\eposh\OneDrive\Desktop\Dikshant\jenkins\github-review-plugin\node_modules\jest-circus\build\run.js:121:9)
    at _runTestsForDescribeBlock (C:\Users\eposh\OneDrive\Desktop\Dikshant\jenkins\github-review-plugin\node_modules\jest-circus\build\run.js:121:9)
    at run (C:\Users\eposh\OneDrive\Desktop\Dikshant\jenkins\github-review-plugin\node_modules\jest-circus\build\run.js:71:3)
    at runAndTransformResultsToJestFormat (C:\Users\eposh\OneDrive\Desktop\Dikshant\jenkins\github-review-plugin\node_modules\jest-circus\build\legacy-code-todo-rewrite\jestAdapterInit.js:122:21)
    at jestAdapter (C:\Users\eposh\OneDrive\Desktop\Dikshant\jenkins\github-review-plugin\node_modules\jest-circus\build\legacy-code-todo-rewrite\jestAdapter.js:79:19)
    at runTestInternal (C:\Users\eposh\OneDrive\Desktop\Dikshant\jenkins\github-review-plugin\node_modules\jest-runner\build\runTest.js:367:16)
    at runTest (C:\Users\eposh\OneDrive\Desktop\Dikshant\jenkins\github-review-plugin\node_modules\jest-runner\build\runTest.js:444:34)
    at Object.worker (C:\Users\eposh\OneDrive\Desktop\Dikshant\jenkins\github-review-plugin\node_modules\jest-runner\build\testWorker.js:106:12)</failure>
    </testcase>
    <testcase classname="FileFilter getFileCategory should categorize shell scripts" name="FileFilter getFileCategory should categorize shell scripts" time="0.001">
    </testcase>
    <testcase classname="FileFilter getFileCategory should categorize unknown files as other" name="FileFilter getFileCategory should categorize unknown files as other" time="0">
    </testcase>
    <testcase classname="FileFilter formatFileSize should format bytes correctly" name="FileFilter formatFileSize should format bytes correctly" time="0.001">
    </testcase>
    <testcase classname="FileFilter formatFileSize should handle decimal sizes" name="FileFilter formatFileSize should handle decimal sizes" time="0">
    </testcase>
    <testcase classname="FileFilter validateConfig should validate correct configuration" name="FileFilter validateConfig should validate correct configuration" time="0.001">
    </testcase>
    <testcase classname="FileFilter validateConfig should detect invalid maxFileSize" name="FileFilter validateConfig should detect invalid maxFileSize" time="0.002">
    </testcase>
    <testcase classname="FileFilter validateConfig should detect invalid maxFiles" name="FileFilter validateConfig should detect invalid maxFiles" time="0.001">
      <failure>Error: expect(received).toBe(expected) // Object.is equality

Expected: false
Received: true
    at Object.toBe (C:\Users\eposh\OneDrive\Desktop\Dikshant\jenkins\github-review-plugin\src\utils\file-filter.test.js:517:30)
    at Promise.then.completed (C:\Users\eposh\OneDrive\Desktop\Dikshant\jenkins\github-review-plugin\node_modules\jest-circus\build\utils.js:298:28)
    at new Promise (&lt;anonymous&gt;)
    at callAsyncCircusFn (C:\Users\eposh\OneDrive\Desktop\Dikshant\jenkins\github-review-plugin\node_modules\jest-circus\build\utils.js:231:10)
    at _callCircusTest (C:\Users\eposh\OneDrive\Desktop\Dikshant\jenkins\github-review-plugin\node_modules\jest-circus\build\run.js:316:40)
    at processTicksAndRejections (node:internal/process/task_queues:105:5)
    at _runTest (C:\Users\eposh\OneDrive\Desktop\Dikshant\jenkins\github-review-plugin\node_modules\jest-circus\build\run.js:252:3)
    at _runTestsForDescribeBlock (C:\Users\eposh\OneDrive\Desktop\Dikshant\jenkins\github-review-plugin\node_modules\jest-circus\build\run.js:126:9)
    at _runTestsForDescribeBlock (C:\Users\eposh\OneDrive\Desktop\Dikshant\jenkins\github-review-plugin\node_modules\jest-circus\build\run.js:121:9)
    at _runTestsForDescribeBlock (C:\Users\eposh\OneDrive\Desktop\Dikshant\jenkins\github-review-plugin\node_modules\jest-circus\build\run.js:121:9)
    at run (C:\Users\eposh\OneDrive\Desktop\Dikshant\jenkins\github-review-plugin\node_modules\jest-circus\build\run.js:71:3)
    at runAndTransformResultsToJestFormat (C:\Users\eposh\OneDrive\Desktop\Dikshant\jenkins\github-review-plugin\node_modules\jest-circus\build\legacy-code-todo-rewrite\jestAdapterInit.js:122:21)
    at jestAdapter (C:\Users\eposh\OneDrive\Desktop\Dikshant\jenkins\github-review-plugin\node_modules\jest-circus\build\legacy-code-todo-rewrite\jestAdapter.js:79:19)
    at runTestInternal (C:\Users\eposh\OneDrive\Desktop\Dikshant\jenkins\github-review-plugin\node_modules\jest-runner\build\runTest.js:367:16)
    at runTest (C:\Users\eposh\OneDrive\Desktop\Dikshant\jenkins\github-review-plugin\node_modules\jest-runner\build\runTest.js:444:34)
    at Object.worker (C:\Users\eposh\OneDrive\Desktop\Dikshant\jenkins\github-review-plugin\node_modules\jest-runner\build\testWorker.js:106:12)</failure>
    </testcase>
    <testcase classname="FileFilter validateConfig should warn about large limits" name="FileFilter validateConfig should warn about large limits" time="0.003">
    </testcase>
    <testcase classname="FileFilter validateConfig should detect invalid regex patterns" name="FileFilter validateConfig should detect invalid regex patterns" time="0.002">
      <failure>Error: expect(received).toBe(expected) // Object.is equality

Expected: false
Received: true
    at Object.toBe (C:\Users\eposh\OneDrive\Desktop\Dikshant\jenkins\github-review-plugin\src\utils\file-filter.test.js:541:30)
    at Promise.then.completed (C:\Users\eposh\OneDrive\Desktop\Dikshant\jenkins\github-review-plugin\node_modules\jest-circus\build\utils.js:298:28)
    at new Promise (&lt;anonymous&gt;)
    at callAsyncCircusFn (C:\Users\eposh\OneDrive\Desktop\Dikshant\jenkins\github-review-plugin\node_modules\jest-circus\build\utils.js:231:10)
    at _callCircusTest (C:\Users\eposh\OneDrive\Desktop\Dikshant\jenkins\github-review-plugin\node_modules\jest-circus\build\run.js:316:40)
    at processTicksAndRejections (node:internal/process/task_queues:105:5)
    at _runTest (C:\Users\eposh\OneDrive\Desktop\Dikshant\jenkins\github-review-plugin\node_modules\jest-circus\build\run.js:252:3)
    at _runTestsForDescribeBlock (C:\Users\eposh\OneDrive\Desktop\Dikshant\jenkins\github-review-plugin\node_modules\jest-circus\build\run.js:126:9)
    at _runTestsForDescribeBlock (C:\Users\eposh\OneDrive\Desktop\Dikshant\jenkins\github-review-plugin\node_modules\jest-circus\build\run.js:121:9)
    at _runTestsForDescribeBlock (C:\Users\eposh\OneDrive\Desktop\Dikshant\jenkins\github-review-plugin\node_modules\jest-circus\build\run.js:121:9)
    at run (C:\Users\eposh\OneDrive\Desktop\Dikshant\jenkins\github-review-plugin\node_modules\jest-circus\build\run.js:71:3)
    at runAndTransformResultsToJestFormat (C:\Users\eposh\OneDrive\Desktop\Dikshant\jenkins\github-review-plugin\node_modules\jest-circus\build\legacy-code-todo-rewrite\jestAdapterInit.js:122:21)
    at jestAdapter (C:\Users\eposh\OneDrive\Desktop\Dikshant\jenkins\github-review-plugin\node_modules\jest-circus\build\legacy-code-todo-rewrite\jestAdapter.js:79:19)
    at runTestInternal (C:\Users\eposh\OneDrive\Desktop\Dikshant\jenkins\github-review-plugin\node_modules\jest-runner\build\runTest.js:367:16)
    at runTest (C:\Users\eposh\OneDrive\Desktop\Dikshant\jenkins\github-review-plugin\node_modules\jest-runner\build\runTest.js:444:34)
    at Object.worker (C:\Users\eposh\OneDrive\Desktop\Dikshant\jenkins\github-review-plugin\node_modules\jest-runner\build\testWorker.js:106:12)</failure>
    </testcase>
    <testcase classname="FileFilter getConfigSummary should return configuration summary" name="FileFilter getConfigSummary should return configuration summary" time="0.001">
    </testcase>
    <testcase classname="FileFilter getEnhancedFileCount should analyze files with complete metadata" name="FileFilter getEnhancedFileCount should analyze files with complete metadata" time="0.004">
    </testcase>
    <testcase classname="FileFilter getEnhancedFileCount should handle files with missing metadata" name="FileFilter getEnhancedFileCount should handle files with missing metadata" time="0.003">
      <failure>Error: expect(received).toBe(expected) // Object.is equality

Expected: 3
Received: 1
    at Object.toBe (C:\Users\eposh\OneDrive\Desktop\Dikshant\jenkins\github-review-plugin\src\utils\file-filter.test.js:647:38)
    at Promise.then.completed (C:\Users\eposh\OneDrive\Desktop\Dikshant\jenkins\github-review-plugin\node_modules\jest-circus\build\utils.js:298:28)
    at new Promise (&lt;anonymous&gt;)
    at callAsyncCircusFn (C:\Users\eposh\OneDrive\Desktop\Dikshant\jenkins\github-review-plugin\node_modules\jest-circus\build\utils.js:231:10)
    at _callCircusTest (C:\Users\eposh\OneDrive\Desktop\Dikshant\jenkins\github-review-plugin\node_modules\jest-circus\build\run.js:316:40)
    at processTicksAndRejections (node:internal/process/task_queues:105:5)
    at _runTest (C:\Users\eposh\OneDrive\Desktop\Dikshant\jenkins\github-review-plugin\node_modules\jest-circus\build\run.js:252:3)
    at _runTestsForDescribeBlock (C:\Users\eposh\OneDrive\Desktop\Dikshant\jenkins\github-review-plugin\node_modules\jest-circus\build\run.js:126:9)
    at _runTestsForDescribeBlock (C:\Users\eposh\OneDrive\Desktop\Dikshant\jenkins\github-review-plugin\node_modules\jest-circus\build\run.js:121:9)
    at _runTestsForDescribeBlock (C:\Users\eposh\OneDrive\Desktop\Dikshant\jenkins\github-review-plugin\node_modules\jest-circus\build\run.js:121:9)
    at run (C:\Users\eposh\OneDrive\Desktop\Dikshant\jenkins\github-review-plugin\node_modules\jest-circus\build\run.js:71:3)
    at runAndTransformResultsToJestFormat (C:\Users\eposh\OneDrive\Desktop\Dikshant\jenkins\github-review-plugin\node_modules\jest-circus\build\legacy-code-todo-rewrite\jestAdapterInit.js:122:21)
    at jestAdapter (C:\Users\eposh\OneDrive\Desktop\Dikshant\jenkins\github-review-plugin\node_modules\jest-circus\build\legacy-code-todo-rewrite\jestAdapter.js:79:19)
    at runTestInternal (C:\Users\eposh\OneDrive\Desktop\Dikshant\jenkins\github-review-plugin\node_modules\jest-runner\build\runTest.js:367:16)
    at runTest (C:\Users\eposh\OneDrive\Desktop\Dikshant\jenkins\github-review-plugin\node_modules\jest-runner\build\runTest.js:444:34)
    at Object.worker (C:\Users\eposh\OneDrive\Desktop\Dikshant\jenkins\github-review-plugin\node_modules\jest-runner\build\testWorker.js:106:12)</failure>
    </testcase>
    <testcase classname="FileFilter getEnhancedFileCount should categorize files by extension correctly" name="FileFilter getEnhancedFileCount should categorize files by extension correctly" time="0.003">
    </testcase>
    <testcase classname="FileFilter getEnhancedFileCount should analyze file sizes correctly" name="FileFilter getEnhancedFileCount should analyze file sizes correctly" time="0.001">
    </testcase>
    <testcase classname="FileFilter getEnhancedFileCount should analyze line counts correctly" name="FileFilter getEnhancedFileCount should analyze line counts correctly" time="0.002">
    </testcase>
    <testcase classname="FileFilter getEnhancedFileCount should handle empty file list" name="FileFilter getEnhancedFileCount should handle empty file list" time="0.003">
    </testcase>
    <testcase classname="FileFilter getEnhancedFileCount should validate file data integrity" name="FileFilter getEnhancedFileCount should validate file data integrity" time="0.002">
    </testcase>
    <testcase classname="FileFilter getEnhancedFileCount should calculate complexity scores correctly" name="FileFilter getEnhancedFileCount should calculate complexity scores correctly" time="0">
    </testcase>
  </testsuite>
  <testsuite name="HealthChecker" errors="0" failures="0" skipped="0" timestamp="2025-09-03T15:32:08" time="0.743" tests="28">
    <testcase classname="HealthChecker constructor should initialize with default config" name="HealthChecker constructor should initialize with default config" time="0.002">
    </testcase>
    <testcase classname="HealthChecker constructor should initialize with custom config" name="HealthChecker constructor should initialize with custom config" time="0.001">
    </testcase>
    <testcase classname="HealthChecker constructor should set critical services correctly" name="HealthChecker constructor should set critical services correctly" time="0">
    </testcase>
    <testcase classname="HealthChecker checkHttpService should return healthy status for successful response" name="HealthChecker checkHttpService should return healthy status for successful response" time="0.001">
    </testcase>
    <testcase classname="HealthChecker checkHttpService should return auth_error for 401 status" name="HealthChecker checkHttpService should return auth_error for 401 status" time="0.001">
    </testcase>
    <testcase classname="HealthChecker checkHttpService should return rate_limited for 429 status" name="HealthChecker checkHttpService should return rate_limited for 429 status" time="0.005">
    </testcase>
    <testcase classname="HealthChecker checkHttpService should return unhealthy for other error status codes" name="HealthChecker checkHttpService should return unhealthy for other error status codes" time="0.001">
    </testcase>
    <testcase classname="HealthChecker checkHttpService should handle request errors" name="HealthChecker checkHttpService should handle request errors" time="0.089">
    </testcase>
    <testcase classname="HealthChecker checkHttpService should handle request timeout" name="HealthChecker checkHttpService should handle request timeout" time="0.002">
    </testcase>
    <testcase classname="HealthChecker checkEmailService should return healthy status for successful connection" name="HealthChecker checkEmailService should return healthy status for successful connection" time="0.005">
    </testcase>
    <testcase classname="HealthChecker checkEmailService should handle connection errors" name="HealthChecker checkEmailService should handle connection errors" time="0.033">
    </testcase>
    <testcase classname="HealthChecker checkEmailService should handle connection timeout" name="HealthChecker checkEmailService should handle connection timeout" time="0.007">
    </testcase>
    <testcase classname="HealthChecker caching should cache health results" name="HealthChecker caching should cache health results" time="0.002">
    </testcase>
    <testcase classname="HealthChecker caching should clear cache when timeout expires" name="HealthChecker caching should clear cache when timeout expires" time="0.001">
    </testcase>
    <testcase classname="HealthChecker caching should clear specific service cache" name="HealthChecker caching should clear specific service cache" time="0.002">
    </testcase>
    <testcase classname="HealthChecker caching should clear all cache" name="HealthChecker caching should clear all cache" time="0.001">
    </testcase>
    <testcase classname="HealthChecker getSystemHealth should return healthy status when all critical services are healthy" name="HealthChecker getSystemHealth should return healthy status when all critical services are healthy" time="0.001">
    </testcase>
    <testcase classname="HealthChecker getSystemHealth should return degraded status when some critical services are unhealthy" name="HealthChecker getSystemHealth should return degraded status when some critical services are unhealthy" time="0.002">
    </testcase>
    <testcase classname="HealthChecker getSystemHealth should return critical status when all critical services are unhealthy" name="HealthChecker getSystemHealth should return critical status when all critical services are unhealthy" time="0.001">
    </testcase>
    <testcase classname="HealthChecker getHealthRecommendations should return critical recommendation when system is critical" name="HealthChecker getHealthRecommendations should return critical recommendation when system is critical" time="0.002">
    </testcase>
    <testcase classname="HealthChecker getHealthRecommendations should return high priority recommendation when system is degraded" name="HealthChecker getHealthRecommendations should return high priority recommendation when system is degraded" time="0.001">
    </testcase>
    <testcase classname="HealthChecker getHealthRecommendations should return auth error recommendation" name="HealthChecker getHealthRecommendations should return auth error recommendation" time="0.001">
    </testcase>
    <testcase classname="HealthChecker getHealthRecommendations should return rate limit recommendation" name="HealthChecker getHealthRecommendations should return rate limit recommendation" time="0">
    </testcase>
    <testcase classname="HealthChecker getHealthRecommendations should return slow response recommendation" name="HealthChecker getHealthRecommendations should return slow response recommendation" time="0.001">
    </testcase>
    <testcase classname="HealthChecker service management should add custom service" name="HealthChecker service management should add custom service" time="0.001">
    </testcase>
    <testcase classname="HealthChecker service management should remove service" name="HealthChecker service management should remove service" time="0.001">
    </testcase>
    <testcase classname="HealthChecker service management should throw error for unknown service" name="HealthChecker service management should throw error for unknown service" time="0.001">
    </testcase>
    <testcase classname="HealthChecker generateHealthReport should generate comprehensive health report" name="HealthChecker generateHealthReport should generate comprehensive health report" time="0.002">
    </testcase>
  </testsuite>
  <testsuite name="ResponseHandler" errors="0" failures="0" skipped="0" timestamp="2025-09-03T15:32:08" time="0.617" tests="43">
    <testcase classname="ResponseHandler constructor should initialize with provided config" name="ResponseHandler constructor should initialize with provided config" time="0.009">
    </testcase>
    <testcase classname="ResponseHandler constructor should use default values when config is not provided" name="ResponseHandler constructor should use default values when config is not provided" time="0.006">
    </testcase>
    <testcase classname="ResponseHandler validateResponse should validate correct response" name="ResponseHandler validateResponse should validate correct response" time="0.004">
    </testcase>
    <testcase classname="ResponseHandler validateResponse should detect null response" name="ResponseHandler validateResponse should detect null response" time="0.01">
    </testcase>
    <testcase classname="ResponseHandler validateResponse should detect non-object response" name="ResponseHandler validateResponse should detect non-object response" time="0.001">
    </testcase>
    <testcase classname="ResponseHandler validateResponse should detect missing required fields" name="ResponseHandler validateResponse should detect missing required fields" time="0.004">
    </testcase>
    <testcase classname="ResponseHandler validateResponse should detect invalid issues field" name="ResponseHandler validateResponse should detect invalid issues field" time="0.02">
    </testcase>
    <testcase classname="ResponseHandler validateResponse should detect invalid summary field" name="ResponseHandler validateResponse should detect invalid summary field" time="0.001">
    </testcase>
    <testcase classname="ResponseHandler validateResponse should validate with custom required fields" name="ResponseHandler validateResponse should validate with custom required fields" time="0">
    </testcase>
    <testcase classname="ResponseHandler validateIssue should validate correct issue" name="ResponseHandler validateIssue should validate correct issue" time="0.001">
    </testcase>
    <testcase classname="ResponseHandler validateIssue should detect non-object issue" name="ResponseHandler validateIssue should detect non-object issue" time="0.022">
    </testcase>
    <testcase classname="ResponseHandler validateIssue should detect missing required fields" name="ResponseHandler validateIssue should detect missing required fields" time="0.001">
    </testcase>
    <testcase classname="ResponseHandler validateIssue should detect invalid severity" name="ResponseHandler validateIssue should detect invalid severity" time="0">
    </testcase>
    <testcase classname="ResponseHandler validateIssue should warn about unknown category" name="ResponseHandler validateIssue should warn about unknown category" time="0.001">
    </testcase>
    <testcase classname="ResponseHandler validateIssue should detect invalid description type" name="ResponseHandler validateIssue should detect invalid description type" time="0">
    </testcase>
    <testcase classname="ResponseHandler validateIssue should warn about invalid file path" name="ResponseHandler validateIssue should warn about invalid file path" time="0.001">
    </testcase>
    <testcase classname="ResponseHandler validateIssue should warn about invalid line number" name="ResponseHandler validateIssue should warn about invalid line number" time="0.001">
    </testcase>
    <testcase classname="ResponseHandler fixResponse should fix missing required fields" name="ResponseHandler fixResponse should fix missing required fields" time="0.001">
    </testcase>
    <testcase classname="ResponseHandler fixResponse should fix invalid issues array" name="ResponseHandler fixResponse should fix invalid issues array" time="0.001">
    </testcase>
    <testcase classname="ResponseHandler fixResponse should fix individual issues" name="ResponseHandler fixResponse should fix individual issues" time="0.004">
    </testcase>
    <testcase classname="ResponseHandler fixResponse should remove null issues" name="ResponseHandler fixResponse should remove null issues" time="0">
    </testcase>
    <testcase classname="ResponseHandler fixResponse should update summary counts" name="ResponseHandler fixResponse should update summary counts" time="0.001">
    </testcase>
    <testcase classname="ResponseHandler fixResponse should return null for unfixable response" name="ResponseHandler fixResponse should return null for unfixable response" time="0">
    </testcase>
    <testcase classname="ResponseHandler createFallbackResponse should create fallback response for general error" name="ResponseHandler createFallbackResponse should create fallback response for general error" time="0.023">
    </testcase>
    <testcase classname="ResponseHandler createFallbackResponse should create fallback response for parse error" name="ResponseHandler createFallbackResponse should create fallback response for parse error" time="0.002">
    </testcase>
    <testcase classname="ResponseHandler createFallbackResponse should create fallback response for timeout error" name="ResponseHandler createFallbackResponse should create fallback response for timeout error" time="0">
    </testcase>
    <testcase classname="ResponseHandler getFallbackReason should identify timeout errors" name="ResponseHandler getFallbackReason should identify timeout errors" time="0.001">
    </testcase>
    <testcase classname="ResponseHandler getFallbackReason should identify parse errors" name="ResponseHandler getFallbackReason should identify parse errors" time="0">
    </testcase>
    <testcase classname="ResponseHandler getFallbackReason should identify rate limit errors" name="ResponseHandler getFallbackReason should identify rate limit errors" time="0.001">
    </testcase>
    <testcase classname="ResponseHandler getFallbackReason should identify authentication errors" name="ResponseHandler getFallbackReason should identify authentication errors" time="0">
    </testcase>
    <testcase classname="ResponseHandler getFallbackReason should identify network errors" name="ResponseHandler getFallbackReason should identify network errors" time="0">
    </testcase>
    <testcase classname="ResponseHandler getFallbackReason should return unknown for unrecognized errors" name="ResponseHandler getFallbackReason should return unknown for unrecognized errors" time="0.001">
    </testcase>
    <testcase classname="ResponseHandler isRetryableError should identify retryable error names" name="ResponseHandler isRetryableError should identify retryable error names" time="0.001">
    </testcase>
    <testcase classname="ResponseHandler isRetryableError should identify retryable error messages" name="ResponseHandler isRetryableError should identify retryable error messages" time="0.002">
    </testcase>
    <testcase classname="ResponseHandler isRetryableError should identify non-retryable errors" name="ResponseHandler isRetryableError should identify non-retryable errors" time="0.005">
    </testcase>
    <testcase classname="ResponseHandler calculateRetryDelay should calculate exponential backoff" name="ResponseHandler calculateRetryDelay should calculate exponential backoff" time="0.004">
    </testcase>
    <testcase classname="ResponseHandler calculateRetryDelay should respect maximum delay" name="ResponseHandler calculateRetryDelay should respect maximum delay" time="0.001">
    </testcase>
    <testcase classname="ResponseHandler processResponse should process valid response successfully" name="ResponseHandler processResponse should process valid response successfully" time="0.001">
    </testcase>
    <testcase classname="ResponseHandler processResponse should handle retryable errors" name="ResponseHandler processResponse should handle retryable errors" time="0.001">
    </testcase>
    <testcase classname="ResponseHandler processResponse should create fallback for non-retryable errors" name="ResponseHandler processResponse should create fallback for non-retryable errors" time="0.001">
    </testcase>
    <testcase classname="ResponseHandler processResponse should fix malformed but usable response" name="ResponseHandler processResponse should fix malformed but usable response" time="0.001">
    </testcase>
    <testcase classname="ResponseHandler processResponse should handle validation errors" name="ResponseHandler processResponse should handle validation errors" time="0.001">
    </testcase>
    <testcase classname="ResponseHandler getStatistics should return configuration statistics" name="ResponseHandler getStatistics should return configuration statistics" time="0.002">
    </testcase>
  </testsuite>
  <testsuite name="ConfigMigration" errors="0" failures="7" skipped="0" timestamp="2025-09-03T15:32:07" time="1.747" tests="33">
    <testcase classname="ConfigMigration constructor should initialize with default options" name="ConfigMigration constructor should initialize with default options" time="0.006">
    </testcase>
    <testcase classname="ConfigMigration constructor should initialize with custom options" name="ConfigMigration constructor should initialize with custom options" time="0.001">
    </testcase>
    <testcase classname="ConfigMigration checkMigrationNeeded should return no migration needed for current version" name="ConfigMigration checkMigrationNeeded should return no migration needed for current version" time="0.012">
    </testcase>
    <testcase classname="ConfigMigration checkMigrationNeeded should return migration needed for older version" name="ConfigMigration checkMigrationNeeded should return migration needed for older version" time="0.002">
    </testcase>
    <testcase classname="ConfigMigration checkMigrationNeeded should handle missing version field" name="ConfigMigration checkMigrationNeeded should handle missing version field" time="0.003">
    </testcase>
    <testcase classname="ConfigMigration checkMigrationNeeded should handle file read errors" name="ConfigMigration checkMigrationNeeded should handle file read errors" time="0.016">
    </testcase>
    <testcase classname="ConfigMigration getAvailableMigrations should return empty array for current version" name="ConfigMigration getAvailableMigrations should return empty array for current version" time="0.001">
    </testcase>
    <testcase classname="ConfigMigration getAvailableMigrations should return migrations for version 1.0" name="ConfigMigration getAvailableMigrations should return migrations for version 1.0" time="0.002">
    </testcase>
    <testcase classname="ConfigMigration getAvailableMigrations should return migrations for version 1.1" name="ConfigMigration getAvailableMigrations should return migrations for version 1.1" time="0.001">
    </testcase>
    <testcase classname="ConfigMigration getAvailableMigrations should return empty array for unsupported version" name="ConfigMigration getAvailableMigrations should return empty array for unsupported version" time="0">
    </testcase>
    <testcase classname="ConfigMigration performMigration should migrate from 1.0 to 1.1" name="ConfigMigration performMigration should migrate from 1.0 to 1.1" time="0.002">
    </testcase>
    <testcase classname="ConfigMigration performMigration should migrate from 1.1 to 1.2" name="ConfigMigration performMigration should migrate from 1.1 to 1.2" time="0.002">
    </testcase>
    <testcase classname="ConfigMigration performMigration should handle unknown migration path" name="ConfigMigration performMigration should handle unknown migration path" time="0.001">
    </testcase>
    <testcase classname="ConfigMigration migrateFrom1_0To1_1 should add logging and monitoring configuration" name="ConfigMigration migrateFrom1_0To1_1 should add logging and monitoring configuration" time="0.002">
    </testcase>
    <testcase classname="ConfigMigration migrateFrom1_0To1_1 should preserve existing configuration" name="ConfigMigration migrateFrom1_0To1_1 should preserve existing configuration" time="0.001">
    </testcase>
    <testcase classname="ConfigMigration migrateFrom1_1To1_2 should add security and quality gates configuration" name="ConfigMigration migrateFrom1_1To1_2 should add security and quality gates configuration" time="0.003">
    </testcase>
    <testcase classname="ConfigMigration migrateFrom1_1To1_2 should preserve existing configuration" name="ConfigMigration migrateFrom1_1To1_2 should preserve existing configuration" time="0.003">
    </testcase>
    <testcase classname="ConfigMigration getMigrationChanges should detect added fields" name="ConfigMigration getMigrationChanges should detect added fields" time="0.004">
      <failure>Error: expect(received).toHaveLength(expected)

Expected length: 0
Received length: 1
Received array:  [&quot;version&quot;]
    at Object.toHaveLength (C:\Users\eposh\OneDrive\Desktop\Dikshant\jenkins\github-review-plugin\src\utils\config-migration.test.js:288:32)
    at Promise.then.completed (C:\Users\eposh\OneDrive\Desktop\Dikshant\jenkins\github-review-plugin\node_modules\jest-circus\build\utils.js:298:28)
    at new Promise (&lt;anonymous&gt;)
    at callAsyncCircusFn (C:\Users\eposh\OneDrive\Desktop\Dikshant\jenkins\github-review-plugin\node_modules\jest-circus\build\utils.js:231:10)
    at _callCircusTest (C:\Users\eposh\OneDrive\Desktop\Dikshant\jenkins\github-review-plugin\node_modules\jest-circus\build\run.js:316:40)
    at processTicksAndRejections (node:internal/process/task_queues:105:5)
    at _runTest (C:\Users\eposh\OneDrive\Desktop\Dikshant\jenkins\github-review-plugin\node_modules\jest-circus\build\run.js:252:3)
    at _runTestsForDescribeBlock (C:\Users\eposh\OneDrive\Desktop\Dikshant\jenkins\github-review-plugin\node_modules\jest-circus\build\run.js:126:9)
    at _runTestsForDescribeBlock (C:\Users\eposh\OneDrive\Desktop\Dikshant\jenkins\github-review-plugin\node_modules\jest-circus\build\run.js:121:9)
    at _runTestsForDescribeBlock (C:\Users\eposh\OneDrive\Desktop\Dikshant\jenkins\github-review-plugin\node_modules\jest-circus\build\run.js:121:9)
    at run (C:\Users\eposh\OneDrive\Desktop\Dikshant\jenkins\github-review-plugin\node_modules\jest-circus\build\run.js:71:3)
    at runAndTransformResultsToJestFormat (C:\Users\eposh\OneDrive\Desktop\Dikshant\jenkins\github-review-plugin\node_modules\jest-circus\build\legacy-code-todo-rewrite\jestAdapterInit.js:122:21)
    at jestAdapter (C:\Users\eposh\OneDrive\Desktop\Dikshant\jenkins\github-review-plugin\node_modules\jest-circus\build\legacy-code-todo-rewrite\jestAdapter.js:79:19)
    at runTestInternal (C:\Users\eposh\OneDrive\Desktop\Dikshant\jenkins\github-review-plugin\node_modules\jest-runner\build\runTest.js:367:16)
    at runTest (C:\Users\eposh\OneDrive\Desktop\Dikshant\jenkins\github-review-plugin\node_modules\jest-runner\build\runTest.js:444:34)
    at Object.worker (C:\Users\eposh\OneDrive\Desktop\Dikshant\jenkins\github-review-plugin\node_modules\jest-runner\build\testWorker.js:106:12)</failure>
    </testcase>
    <testcase classname="ConfigMigration getMigrationChanges should detect modified fields" name="ConfigMigration getMigrationChanges should detect modified fields" time="0.001">
    </testcase>
    <testcase classname="ConfigMigration getMigrationChanges should detect removed fields" name="ConfigMigration getMigrationChanges should detect removed fields" time="0.001">
      <failure>Error: expect(received).toHaveLength(expected)

Expected length: 0
Received length: 1
Received array:  [&quot;version&quot;]
    at Object.toHaveLength (C:\Users\eposh\OneDrive\Desktop\Dikshant\jenkins\github-review-plugin\src\utils\config-migration.test.js:310:32)
    at Promise.then.completed (C:\Users\eposh\OneDrive\Desktop\Dikshant\jenkins\github-review-plugin\node_modules\jest-circus\build\utils.js:298:28)
    at new Promise (&lt;anonymous&gt;)
    at callAsyncCircusFn (C:\Users\eposh\OneDrive\Desktop\Dikshant\jenkins\github-review-plugin\node_modules\jest-circus\build\utils.js:231:10)
    at _callCircusTest (C:\Users\eposh\OneDrive\Desktop\Dikshant\jenkins\github-review-plugin\node_modules\jest-circus\build\run.js:316:40)
    at processTicksAndRejections (node:internal/process/task_queues:105:5)
    at _runTest (C:\Users\eposh\OneDrive\Desktop\Dikshant\jenkins\github-review-plugin\node_modules\jest-circus\build\run.js:252:3)
    at _runTestsForDescribeBlock (C:\Users\eposh\OneDrive\Desktop\Dikshant\jenkins\github-review-plugin\node_modules\jest-circus\build\run.js:126:9)
    at _runTestsForDescribeBlock (C:\Users\eposh\OneDrive\Desktop\Dikshant\jenkins\github-review-plugin\node_modules\jest-circus\build\run.js:121:9)
    at _runTestsForDescribeBlock (C:\Users\eposh\OneDrive\Desktop\Dikshant\jenkins\github-review-plugin\node_modules\jest-circus\build\run.js:121:9)
    at run (C:\Users\eposh\OneDrive\Desktop\Dikshant\jenkins\github-review-plugin\node_modules\jest-circus\build\run.js:71:3)
    at runAndTransformResultsToJestFormat (C:\Users\eposh\OneDrive\Desktop\Dikshant\jenkins\github-review-plugin\node_modules\jest-circus\build\legacy-code-todo-rewrite\jestAdapterInit.js:122:21)
    at jestAdapter (C:\Users\eposh\OneDrive\Desktop\Dikshant\jenkins\github-review-plugin\node_modules\jest-circus\build\legacy-code-todo-rewrite\jestAdapter.js:79:19)
    at runTestInternal (C:\Users\eposh\OneDrive\Desktop\Dikshant\jenkins\github-review-plugin\node_modules\jest-runner\build\runTest.js:367:16)
    at runTest (C:\Users\eposh\OneDrive\Desktop\Dikshant\jenkins\github-review-plugin\node_modules\jest-runner\build\runTest.js:444:34)
    at Object.worker (C:\Users\eposh\OneDrive\Desktop\Dikshant\jenkins\github-review-plugin\node_modules\jest-runner\build\testWorker.js:106:12)</failure>
    </testcase>
    <testcase classname="ConfigMigration getMigrationChanges should handle nested objects" name="ConfigMigration getMigrationChanges should handle nested objects" time="0.001">
      <failure>Error: expect(received).toContain(expected) // indexOf

Expected value: &quot;settings.maxConnections&quot;
Received array: []
    at Object.toContain (C:\Users\eposh\OneDrive\Desktop\Dikshant\jenkins\github-review-plugin\src\utils\config-migration.test.js:326:29)
    at Promise.then.completed (C:\Users\eposh\OneDrive\Desktop\Dikshant\jenkins\github-review-plugin\node_modules\jest-circus\build\utils.js:298:28)
    at new Promise (&lt;anonymous&gt;)
    at callAsyncCircusFn (C:\Users\eposh\OneDrive\Desktop\Dikshant\jenkins\github-review-plugin\node_modules\jest-circus\build\utils.js:231:10)
    at _callCircusTest (C:\Users\eposh\OneDrive\Desktop\Dikshant\jenkins\github-review-plugin\node_modules\jest-circus\build\run.js:316:40)
    at processTicksAndRejections (node:internal/process/task_queues:105:5)
    at _runTest (C:\Users\eposh\OneDrive\Desktop\Dikshant\jenkins\github-review-plugin\node_modules\jest-circus\build\run.js:252:3)
    at _runTestsForDescribeBlock (C:\Users\eposh\OneDrive\Desktop\Dikshant\jenkins\github-review-plugin\node_modules\jest-circus\build\run.js:126:9)
    at _runTestsForDescribeBlock (C:\Users\eposh\OneDrive\Desktop\Dikshant\jenkins\github-review-plugin\node_modules\jest-circus\build\run.js:121:9)
    at _runTestsForDescribeBlock (C:\Users\eposh\OneDrive\Desktop\Dikshant\jenkins\github-review-plugin\node_modules\jest-circus\build\run.js:121:9)
    at run (C:\Users\eposh\OneDrive\Desktop\Dikshant\jenkins\github-review-plugin\node_modules\jest-circus\build\run.js:71:3)
    at runAndTransformResultsToJestFormat (C:\Users\eposh\OneDrive\Desktop\Dikshant\jenkins\github-review-plugin\node_modules\jest-circus\build\legacy-code-todo-rewrite\jestAdapterInit.js:122:21)
    at jestAdapter (C:\Users\eposh\OneDrive\Desktop\Dikshant\jenkins\github-review-plugin\node_modules\jest-circus\build\legacy-code-todo-rewrite\jestAdapter.js:79:19)
    at runTestInternal (C:\Users\eposh\OneDrive\Desktop\Dikshant\jenkins\github-review-plugin\node_modules\jest-runner\build\runTest.js:367:16)
    at runTest (C:\Users\eposh\OneDrive\Desktop\Dikshant\jenkins\github-review-plugin\node_modules\jest-runner\build\runTest.js:444:34)
    at Object.worker (C:\Users\eposh\OneDrive\Desktop\Dikshant\jenkins\github-review-plugin\node_modules\jest-runner\build\testWorker.js:106:12)</failure>
    </testcase>
    <testcase classname="ConfigMigration createBackup should create backup directory if it does not exist" name="ConfigMigration createBackup should create backup directory if it does not exist" time="0.013">
      <failure>Error: expect(jest.fn()).toHaveBeenCalledWith(...expected)

- Expected
+ Received

- &quot;.backup&quot;,
+ &quot;C:\\Users\\eposh\\OneDrive\\Desktop\\Dikshant\\jenkins\\github-review-plugin\\.backup&quot;,
  {&quot;recursive&quot;: true},

Number of calls: 1
    at Object.toHaveBeenCalledWith (C:\Users\eposh\OneDrive\Desktop\Dikshant\jenkins\github-review-plugin\src\utils\config-migration.test.js:342:28)
    at processTicksAndRejections (node:internal/process/task_queues:105:5)</failure>
    </testcase>
    <testcase classname="ConfigMigration createBackup should not create backup in dry run mode" name="ConfigMigration createBackup should not create backup in dry run mode" time="0.005">
      <failure>Error: expect(received).toMatch(expected)

Expected pattern: /\.backup\/config-\d{4}-\d{2}-\d{2}T\d{2}-\d{2}-\d{2}-\d{3}Z\.yml$/
Received string:  &quot;C:\\Users\\eposh\\OneDrive\\Desktop\\Dikshant\\jenkins\\github-review-plugin\\.backup\\config-2025-09-03T15-32-09-497Z.yml&quot;
    at Object.toMatch (C:\Users\eposh\OneDrive\Desktop\Dikshant\jenkins\github-review-plugin\src\utils\config-migration.test.js:358:26)
    at processTicksAndRejections (node:internal/process/task_queues:105:5)</failure>
    </testcase>
    <testcase classname="ConfigMigration loadConfig and saveConfig should load YAML configuration" name="ConfigMigration loadConfig and saveConfig should load YAML configuration" time="0.001">
    </testcase>
    <testcase classname="ConfigMigration loadConfig and saveConfig should load JSON configuration" name="ConfigMigration loadConfig and saveConfig should load JSON configuration" time="0">
    </testcase>
    <testcase classname="ConfigMigration loadConfig and saveConfig should throw error for unsupported format" name="ConfigMigration loadConfig and saveConfig should throw error for unsupported format" time="0.034">
    </testcase>
    <testcase classname="ConfigMigration loadConfig and saveConfig should save YAML configuration" name="ConfigMigration loadConfig and saveConfig should save YAML configuration" time="0.026">
      <failure>Error: expect(jest.fn()).toHaveBeenCalledWith(...expected)

Expected: &quot;/test/config.yml&quot;, StringContaining &quot;version: \&quot;1.0\&quot;&quot;
Received: &quot;/test/config.yml&quot;, &quot;version: &apos;1.0&apos;
enabled: true
&quot;

Number of calls: 1
    at Object.toHaveBeenCalledWith (C:\Users\eposh\OneDrive\Desktop\Dikshant\jenkins\github-review-plugin\src\utils\config-migration.test.js:403:32)
    at Promise.then.completed (C:\Users\eposh\OneDrive\Desktop\Dikshant\jenkins\github-review-plugin\node_modules\jest-circus\build\utils.js:298:28)
    at new Promise (&lt;anonymous&gt;)
    at callAsyncCircusFn (C:\Users\eposh\OneDrive\Desktop\Dikshant\jenkins\github-review-plugin\node_modules\jest-circus\build\utils.js:231:10)
    at _callCircusTest (C:\Users\eposh\OneDrive\Desktop\Dikshant\jenkins\github-review-plugin\node_modules\jest-circus\build\run.js:316:40)
    at processTicksAndRejections (node:internal/process/task_queues:105:5)
    at _runTest (C:\Users\eposh\OneDrive\Desktop\Dikshant\jenkins\github-review-plugin\node_modules\jest-circus\build\run.js:252:3)
    at _runTestsForDescribeBlock (C:\Users\eposh\OneDrive\Desktop\Dikshant\jenkins\github-review-plugin\node_modules\jest-circus\build\run.js:126:9)
    at _runTestsForDescribeBlock (C:\Users\eposh\OneDrive\Desktop\Dikshant\jenkins\github-review-plugin\node_modules\jest-circus\build\run.js:121:9)
    at _runTestsForDescribeBlock (C:\Users\eposh\OneDrive\Desktop\Dikshant\jenkins\github-review-plugin\node_modules\jest-circus\build\run.js:121:9)
    at run (C:\Users\eposh\OneDrive\Desktop\Dikshant\jenkins\github-review-plugin\node_modules\jest-circus\build\run.js:71:3)
    at runAndTransformResultsToJestFormat (C:\Users\eposh\OneDrive\Desktop\Dikshant\jenkins\github-review-plugin\node_modules\jest-circus\build\legacy-code-todo-rewrite\jestAdapterInit.js:122:21)
    at jestAdapter (C:\Users\eposh\OneDrive\Desktop\Dikshant\jenkins\github-review-plugin\node_modules\jest-circus\build\legacy-code-todo-rewrite\jestAdapter.js:79:19)
    at runTestInternal (C:\Users\eposh\OneDrive\Desktop\Dikshant\jenkins\github-review-plugin\node_modules\jest-runner\build\runTest.js:367:16)
    at runTest (C:\Users\eposh\OneDrive\Desktop\Dikshant\jenkins\github-review-plugin\node_modules\jest-runner\build\runTest.js:444:34)
    at Object.worker (C:\Users\eposh\OneDrive\Desktop\Dikshant\jenkins\github-review-plugin\node_modules\jest-runner\build\testWorker.js:106:12)</failure>
    </testcase>
    <testcase classname="ConfigMigration loadConfig and saveConfig should save JSON configuration" name="ConfigMigration loadConfig and saveConfig should save JSON configuration" time="0">
    </testcase>
    <testcase classname="ConfigMigration findConfigFiles should find configuration files in directory" name="ConfigMigration findConfigFiles should find configuration files in directory" time="0.001">
      <failure>Error: expect(received).toContain(expected) // indexOf

Expected value: &quot;/test/config/config.yml&quot;
Received array: [&quot;\\test\\config\\config.yml&quot;, &quot;\\test\\config\\email-config.yaml&quot;, &quot;\\test\\config\\settings.json&quot;]
    at Object.toContain (C:\Users\eposh\OneDrive\Desktop\Dikshant\jenkins\github-review-plugin\src\utils\config-migration.test.js:439:27)
    at Promise.then.completed (C:\Users\eposh\OneDrive\Desktop\Dikshant\jenkins\github-review-plugin\node_modules\jest-circus\build\utils.js:298:28)
    at new Promise (&lt;anonymous&gt;)
    at callAsyncCircusFn (C:\Users\eposh\OneDrive\Desktop\Dikshant\jenkins\github-review-plugin\node_modules\jest-circus\build\utils.js:231:10)
    at _callCircusTest (C:\Users\eposh\OneDrive\Desktop\Dikshant\jenkins\github-review-plugin\node_modules\jest-circus\build\run.js:316:40)
    at processTicksAndRejections (node:internal/process/task_queues:105:5)
    at _runTest (C:\Users\eposh\OneDrive\Desktop\Dikshant\jenkins\github-review-plugin\node_modules\jest-circus\build\run.js:252:3)
    at _runTestsForDescribeBlock (C:\Users\eposh\OneDrive\Desktop\Dikshant\jenkins\github-review-plugin\node_modules\jest-circus\build\run.js:126:9)
    at _runTestsForDescribeBlock (C:\Users\eposh\OneDrive\Desktop\Dikshant\jenkins\github-review-plugin\node_modules\jest-circus\build\run.js:121:9)
    at _runTestsForDescribeBlock (C:\Users\eposh\OneDrive\Desktop\Dikshant\jenkins\github-review-plugin\node_modules\jest-circus\build\run.js:121:9)
    at run (C:\Users\eposh\OneDrive\Desktop\Dikshant\jenkins\github-review-plugin\node_modules\jest-circus\build\run.js:71:3)
    at runAndTransformResultsToJestFormat (C:\Users\eposh\OneDrive\Desktop\Dikshant\jenkins\github-review-plugin\node_modules\jest-circus\build\legacy-code-todo-rewrite\jestAdapterInit.js:122:21)
    at jestAdapter (C:\Users\eposh\OneDrive\Desktop\Dikshant\jenkins\github-review-plugin\node_modules\jest-circus\build\legacy-code-todo-rewrite\jestAdapter.js:79:19)
    at runTestInternal (C:\Users\eposh\OneDrive\Desktop\Dikshant\jenkins\github-review-plugin\node_modules\jest-runner\build\runTest.js:367:16)
    at runTest (C:\Users\eposh\OneDrive\Desktop\Dikshant\jenkins\github-review-plugin\node_modules\jest-runner\build\runTest.js:444:34)
    at Object.worker (C:\Users\eposh\OneDrive\Desktop\Dikshant\jenkins\github-review-plugin\node_modules\jest-runner\build\testWorker.js:106:12)</failure>
    </testcase>
    <testcase classname="ConfigMigration findConfigFiles should return empty array for non-existent directory" name="ConfigMigration findConfigFiles should return empty array for non-existent directory" time="0">
    </testcase>
    <testcase classname="ConfigMigration rollbackConfig should rollback to previous version" name="ConfigMigration rollbackConfig should rollback to previous version" time="0.001">
    </testcase>
    <testcase classname="ConfigMigration rollbackConfig should handle missing migration history" name="ConfigMigration rollbackConfig should handle missing migration history" time="0">
    </testcase>
    <testcase classname="ConfigMigration rollbackConfig should handle missing backup file" name="ConfigMigration rollbackConfig should handle missing backup file" time="0.001">
    </testcase>
  </testsuite>
  <testsuite name="ServiceAvailabilityHandler" errors="0" failures="0" skipped="0" timestamp="2025-09-03T15:32:08" time="1.432" tests="40">
    <testcase classname="ServiceAvailabilityHandler constructor should initialize with provided config" name="ServiceAvailabilityHandler constructor should initialize with provided config" time="0.013">
    </testcase>
    <testcase classname="ServiceAvailabilityHandler constructor should use default values when config is not provided" name="ServiceAvailabilityHandler constructor should use default values when config is not provided" time="0.002">
    </testcase>
    <testcase classname="ServiceAvailabilityHandler constructor should initialize service status maps" name="ServiceAvailabilityHandler constructor should initialize service status maps" time="0.001">
    </testcase>
    <testcase classname="ServiceAvailabilityHandler checkServiceAvailability should check service availability successfully" name="ServiceAvailabilityHandler checkServiceAvailability should check service availability successfully" time="0.003">
    </testcase>
    <testcase classname="ServiceAvailabilityHandler checkServiceAvailability should handle service check failure" name="ServiceAvailabilityHandler checkServiceAvailability should handle service check failure" time="0">
    </testcase>
    <testcase classname="ServiceAvailabilityHandler checkServiceAvailability should record check timestamp" name="ServiceAvailabilityHandler checkServiceAvailability should record check timestamp" time="0">
    </testcase>
    <testcase classname="ServiceAvailabilityHandler checkOpenAIAvailability should return boolean result" name="ServiceAvailabilityHandler checkOpenAIAvailability should return boolean result" time="0.123">
    </testcase>
    <testcase classname="ServiceAvailabilityHandler checkOpenAIAvailability should complete within reasonable time" name="ServiceAvailabilityHandler checkOpenAIAvailability should complete within reasonable time" time="0.13">
    </testcase>
    <testcase classname="ServiceAvailabilityHandler checkGitHubAvailability should return boolean result" name="ServiceAvailabilityHandler checkGitHubAvailability should return boolean result" time="0.067">
    </testcase>
    <testcase classname="ServiceAvailabilityHandler checkGitHubAvailability should complete within reasonable time" name="ServiceAvailabilityHandler checkGitHubAvailability should complete within reasonable time" time="0.058">
    </testcase>
    <testcase classname="ServiceAvailabilityHandler checkEmailAvailability should return boolean result" name="ServiceAvailabilityHandler checkEmailAvailability should return boolean result" time="0.226">
    </testcase>
    <testcase classname="ServiceAvailabilityHandler checkEmailAvailability should complete within reasonable time" name="ServiceAvailabilityHandler checkEmailAvailability should complete within reasonable time" time="0.228">
    </testcase>
    <testcase classname="ServiceAvailabilityHandler determineDegradationMode should return full mode when all critical services available" name="ServiceAvailabilityHandler determineDegradationMode should return full mode when all critical services available" time="0.039">
    </testcase>
    <testcase classname="ServiceAvailabilityHandler determineDegradationMode should return partial mode when some critical services unavailable" name="ServiceAvailabilityHandler determineDegradationMode should return partial mode when some critical services unavailable" time="0">
    </testcase>
    <testcase classname="ServiceAvailabilityHandler determineDegradationMode should return minimal mode when most critical services unavailable" name="ServiceAvailabilityHandler determineDegradationMode should return minimal mode when most critical services unavailable" time="0.001">
    </testcase>
    <testcase classname="ServiceAvailabilityHandler determineDegradationMode should return offline mode when no critical services available" name="ServiceAvailabilityHandler determineDegradationMode should return offline mode when no critical services available" time="0.003">
    </testcase>
    <testcase classname="ServiceAvailabilityHandler getFallbackStrategy should return fallback strategy for known service" name="ServiceAvailabilityHandler getFallbackStrategy should return fallback strategy for known service" time="0.001">
    </testcase>
    <testcase classname="ServiceAvailabilityHandler getFallbackStrategy should return manual fallback for unknown service" name="ServiceAvailabilityHandler getFallbackStrategy should return manual fallback for unknown service" time="0.001">
    </testcase>
    <testcase classname="ServiceAvailabilityHandler isServiceAvailable should return true for available service" name="ServiceAvailabilityHandler isServiceAvailable should return true for available service" time="0">
    </testcase>
    <testcase classname="ServiceAvailabilityHandler isServiceAvailable should return false for unavailable service" name="ServiceAvailabilityHandler isServiceAvailable should return false for unavailable service" time="0.001">
    </testcase>
    <testcase classname="ServiceAvailabilityHandler isServiceAvailable should return false for unknown service" name="ServiceAvailabilityHandler isServiceAvailable should return false for unknown service" time="0.001">
    </testcase>
    <testcase classname="ServiceAvailabilityHandler getServiceStatus should return service status" name="ServiceAvailabilityHandler getServiceStatus should return service status" time="0">
    </testcase>
    <testcase classname="ServiceAvailabilityHandler getServiceStatus should return null for unknown service" name="ServiceAvailabilityHandler getServiceStatus should return null for unknown service" time="0.001">
    </testcase>
    <testcase classname="ServiceAvailabilityHandler getAllServiceStatuses should return all service statuses" name="ServiceAvailabilityHandler getAllServiceStatuses should return all service statuses" time="0.001">
    </testcase>
    <testcase classname="ServiceAvailabilityHandler createDegradedReviewStrategy should create strategy for full mode" name="ServiceAvailabilityHandler createDegradedReviewStrategy should create strategy for full mode" time="0.002">
    </testcase>
    <testcase classname="ServiceAvailabilityHandler createDegradedReviewStrategy should create strategy for partial mode" name="ServiceAvailabilityHandler createDegradedReviewStrategy should create strategy for partial mode" time="0.003">
    </testcase>
    <testcase classname="ServiceAvailabilityHandler createDegradedReviewStrategy should create strategy for offline mode" name="ServiceAvailabilityHandler createDegradedReviewStrategy should create strategy for offline mode" time="0.012">
    </testcase>
    <testcase classname="ServiceAvailabilityHandler createOfflineReviewResponse should create offline review response" name="ServiceAvailabilityHandler createOfflineReviewResponse should create offline review response" time="0.016">
    </testcase>
    <testcase classname="ServiceAvailabilityHandler createPartialReviewResponse should create partial review response with AI results" name="ServiceAvailabilityHandler createPartialReviewResponse should create partial review response with AI results" time="0.004">
    </testcase>
    <testcase classname="ServiceAvailabilityHandler createPartialReviewResponse should create partial review response without AI results" name="ServiceAvailabilityHandler createPartialReviewResponse should create partial review response without AI results" time="0.005">
    </testcase>
    <testcase classname="ServiceAvailabilityHandler getModeConfiguration should return full mode configuration" name="ServiceAvailabilityHandler getModeConfiguration should return full mode configuration" time="0.014">
    </testcase>
    <testcase classname="ServiceAvailabilityHandler getModeConfiguration should return partial mode configuration" name="ServiceAvailabilityHandler getModeConfiguration should return partial mode configuration" time="0.028">
    </testcase>
    <testcase classname="ServiceAvailabilityHandler getModeConfiguration should return offline mode configuration" name="ServiceAvailabilityHandler getModeConfiguration should return offline mode configuration" time="0.003">
    </testcase>
    <testcase classname="ServiceAvailabilityHandler shouldProceed should allow operations in full mode" name="ServiceAvailabilityHandler shouldProceed should allow operations in full mode" time="0.001">
    </testcase>
    <testcase classname="ServiceAvailabilityHandler shouldProceed should block operations in offline mode" name="ServiceAvailabilityHandler shouldProceed should block operations in offline mode" time="0.001">
    </testcase>
    <testcase classname="ServiceAvailabilityHandler shouldProceed should allow unknown operations" name="ServiceAvailabilityHandler shouldProceed should allow unknown operations" time="0">
    </testcase>
    <testcase classname="ServiceAvailabilityHandler getHealthReport should generate health report" name="ServiceAvailabilityHandler getHealthReport should generate health report" time="0.001">
    </testcase>
    <testcase classname="ServiceAvailabilityHandler getHealthReport should include critical service recommendations" name="ServiceAvailabilityHandler getHealthReport should include critical service recommendations" time="0.001">
    </testcase>
    <testcase classname="ServiceAvailabilityHandler resetServiceStatus should reset service status" name="ServiceAvailabilityHandler resetServiceStatus should reset service status" time="0.002">
    </testcase>
    <testcase classname="ServiceAvailabilityHandler getConfiguration should return configuration" name="ServiceAvailabilityHandler getConfiguration should return configuration" time="0.002">
    </testcase>
  </testsuite>
  <testsuite name="FallbackHandler" errors="0" failures="0" skipped="0" timestamp="2025-09-03T15:32:09" time="0.628" tests="47">
    <testcase classname="FallbackHandler constructor should initialize with provided config" name="FallbackHandler constructor should initialize with provided config" time="0.002">
    </testcase>
    <testcase classname="FallbackHandler constructor should use default values when config is not provided" name="FallbackHandler constructor should use default values when config is not provided" time="0.001">
    </testcase>
    <testcase classname="FallbackHandler constructor should disable fallbacks when explicitly set to false" name="FallbackHandler constructor should disable fallbacks when explicitly set to false" time="0">
    </testcase>
    <testcase classname="FallbackHandler classifyError should classify timeout errors" name="FallbackHandler classifyError should classify timeout errors" time="0.001">
    </testcase>
    <testcase classname="FallbackHandler classifyError should classify rate limit errors" name="FallbackHandler classifyError should classify rate limit errors" time="0">
    </testcase>
    <testcase classname="FallbackHandler classifyError should classify authentication errors" name="FallbackHandler classifyError should classify authentication errors" time="0">
    </testcase>
    <testcase classname="FallbackHandler classifyError should classify malformed response errors" name="FallbackHandler classifyError should classify malformed response errors" time="0">
    </testcase>
    <testcase classname="FallbackHandler classifyError should classify network errors" name="FallbackHandler classifyError should classify network errors" time="0">
    </testcase>
    <testcase classname="FallbackHandler classifyError should classify token limit errors" name="FallbackHandler classifyError should classify token limit errors" time="0">
    </testcase>
    <testcase classname="FallbackHandler classifyError should classify unknown errors" name="FallbackHandler classifyError should classify unknown errors" time="0.001">
    </testcase>
    <testcase classname="FallbackHandler determineFallbackStrategy should return none when fallbacks are disabled" name="FallbackHandler determineFallbackStrategy should return none when fallbacks are disabled" time="0">
    </testcase>
    <testcase classname="FallbackHandler determineFallbackStrategy should return manual when max attempts exceeded" name="FallbackHandler determineFallbackStrategy should return manual when max attempts exceeded" time="0">
    </testcase>
    <testcase classname="FallbackHandler determineFallbackStrategy should return retry for timeout on first attempt" name="FallbackHandler determineFallbackStrategy should return retry for timeout on first attempt" time="0">
    </testcase>
    <testcase classname="FallbackHandler determineFallbackStrategy should return simplified for timeout on second attempt" name="FallbackHandler determineFallbackStrategy should return simplified for timeout on second attempt" time="0.001">
    </testcase>
    <testcase classname="FallbackHandler determineFallbackStrategy should return retry for rate limit errors" name="FallbackHandler determineFallbackStrategy should return retry for rate limit errors" time="0">
    </testcase>
    <testcase classname="FallbackHandler determineFallbackStrategy should return manual for authentication errors" name="FallbackHandler determineFallbackStrategy should return manual for authentication errors" time="0">
    </testcase>
    <testcase classname="FallbackHandler determineFallbackStrategy should return simplified for malformed response errors" name="FallbackHandler determineFallbackStrategy should return simplified for malformed response errors" time="0">
    </testcase>
    <testcase classname="FallbackHandler determineFallbackStrategy should return retry for network errors on first attempt" name="FallbackHandler determineFallbackStrategy should return retry for network errors on first attempt" time="0.024">
    </testcase>
    <testcase classname="FallbackHandler determineFallbackStrategy should return manual for network errors on second attempt" name="FallbackHandler determineFallbackStrategy should return manual for network errors on second attempt" time="0.004">
    </testcase>
    <testcase classname="FallbackHandler determineFallbackStrategy should return simplified for token limit errors" name="FallbackHandler determineFallbackStrategy should return simplified for token limit errors" time="0.001">
    </testcase>
    <testcase classname="FallbackHandler createSimplifiedPrompt should create simplified prompt" name="FallbackHandler createSimplifiedPrompt should create simplified prompt" time="0.015">
    </testcase>
    <testcase classname="FallbackHandler createSimplifiedPrompt should handle missing original prompt" name="FallbackHandler createSimplifiedPrompt should handle missing original prompt" time="0">
    </testcase>
    <testcase classname="FallbackHandler createManualReviewFallback should create manual review fallback" name="FallbackHandler createManualReviewFallback should create manual review fallback" time="0.004">
    </testcase>
    <testcase classname="FallbackHandler getManualReviewInstructions should return basic instructions" name="FallbackHandler getManualReviewInstructions should return basic instructions" time="0.001">
    </testcase>
    <testcase classname="FallbackHandler getManualReviewInstructions should add production-specific instructions for main branch" name="FallbackHandler getManualReviewInstructions should add production-specific instructions for main branch" time="0.001">
    </testcase>
    <testcase classname="FallbackHandler getManualReviewInstructions should add development-specific instructions for dev branch" name="FallbackHandler getManualReviewInstructions should add development-specific instructions for dev branch" time="0">
    </testcase>
    <testcase classname="FallbackHandler createDegradedReviewFallback should create degraded review fallback" name="FallbackHandler createDegradedReviewFallback should create degraded review fallback" time="0.002">
    </testcase>
    <testcase classname="FallbackHandler createDegradedReviewFallback should handle empty files array" name="FallbackHandler createDegradedReviewFallback should handle empty files array" time="0.001">
    </testcase>
    <testcase classname="FallbackHandler performBasicAnalysis should detect security vulnerabilities" name="FallbackHandler performBasicAnalysis should detect security vulnerabilities" time="0.001">
    </testcase>
    <testcase classname="FallbackHandler performBasicAnalysis should detect hardcoded credentials" name="FallbackHandler performBasicAnalysis should detect hardcoded credentials" time="0">
    </testcase>
    <testcase classname="FallbackHandler performBasicAnalysis should detect console.log in production code" name="FallbackHandler performBasicAnalysis should detect console.log in production code" time="0.001">
    </testcase>
    <testcase classname="FallbackHandler performBasicAnalysis should not flag console.log in test files" name="FallbackHandler performBasicAnalysis should not flag console.log in test files" time="0">
    </testcase>
    <testcase classname="FallbackHandler performBasicAnalysis should detect large files" name="FallbackHandler performBasicAnalysis should detect large files" time="0.001">
    </testcase>
    <testcase classname="FallbackHandler performBasicAnalysis should handle missing file properties" name="FallbackHandler performBasicAnalysis should handle missing file properties" time="0.004">
    </testcase>
    <testcase classname="FallbackHandler createEmergencyBypassFallback should create emergency bypass fallback" name="FallbackHandler createEmergencyBypassFallback should create emergency bypass fallback" time="0.023">
    </testcase>
    <testcase classname="FallbackHandler createEmergencyBypassFallback should use default reason when not provided" name="FallbackHandler createEmergencyBypassFallback should use default reason when not provided" time="0.002">
    </testcase>
    <testcase classname="FallbackHandler executeFallbackStrategy should execute retry strategy" name="FallbackHandler executeFallbackStrategy should execute retry strategy" time="0.011">
    </testcase>
    <testcase classname="FallbackHandler executeFallbackStrategy should execute simplified strategy" name="FallbackHandler executeFallbackStrategy should execute simplified strategy" time="0.004">
    </testcase>
    <testcase classname="FallbackHandler executeFallbackStrategy should execute degraded strategy" name="FallbackHandler executeFallbackStrategy should execute degraded strategy" time="0.002">
    </testcase>
    <testcase classname="FallbackHandler executeFallbackStrategy should execute manual strategy" name="FallbackHandler executeFallbackStrategy should execute manual strategy" time="0.001">
    </testcase>
    <testcase classname="FallbackHandler executeFallbackStrategy should execute emergency strategy" name="FallbackHandler executeFallbackStrategy should execute emergency strategy" time="0.001">
    </testcase>
    <testcase classname="FallbackHandler executeFallbackStrategy should handle unknown strategy" name="FallbackHandler executeFallbackStrategy should handle unknown strategy" time="0">
    </testcase>
    <testcase classname="FallbackHandler calculateRetryDelay should calculate exponential backoff" name="FallbackHandler calculateRetryDelay should calculate exponential backoff" time="0.001">
    </testcase>
    <testcase classname="FallbackHandler calculateRetryDelay should respect maximum delay" name="FallbackHandler calculateRetryDelay should respect maximum delay" time="0">
    </testcase>
    <testcase classname="FallbackHandler getConfiguration should return configuration" name="FallbackHandler getConfiguration should return configuration" time="0.001">
    </testcase>
    <testcase classname="FallbackHandler isEnabled should return true when fallbacks are enabled" name="FallbackHandler isEnabled should return true when fallbacks are enabled" time="0">
    </testcase>
    <testcase classname="FallbackHandler isEnabled should return false when fallbacks are disabled" name="FallbackHandler isEnabled should return false when fallbacks are disabled" time="0">
    </testcase>
  </testsuite>
  <testsuite name="Verbose Logging for Development Environments" errors="0" failures="0" skipped="0" timestamp="2025-09-03T15:32:09" time="1.256" tests="30">
    <testcase classname="Verbose Logging for Development Environments Verbose Logging Configuration should initialize with verbose logging enabled" name="Verbose Logging for Development Environments Verbose Logging Configuration should initialize with verbose logging enabled" time="0.011">
    </testcase>
    <testcase classname="Verbose Logging for Development Environments Verbose Logging Configuration should enable verbose logging mode" name="Verbose Logging for Development Environments Verbose Logging Configuration should enable verbose logging mode" time="0.179">
    </testcase>
    <testcase classname="Verbose Logging for Development Environments Verbose Logging Configuration should disable verbose logging mode" name="Verbose Logging for Development Environments Verbose Logging Configuration should disable verbose logging mode" time="0.004">
    </testcase>
    <testcase classname="Verbose Logging for Development Environments Verbose Logging Methods should provide verbose debug logging" name="Verbose Logging for Development Environments Verbose Logging Methods should provide verbose debug logging" time="0.179">
    </testcase>
    <testcase classname="Verbose Logging for Development Environments Verbose Logging Methods should provide verbose trace logging" name="Verbose Logging for Development Environments Verbose Logging Methods should provide verbose trace logging" time="0.007">
    </testcase>
    <testcase classname="Verbose Logging for Development Environments Verbose Logging Methods should provide verbose info logging" name="Verbose Logging for Development Environments Verbose Logging Methods should provide verbose info logging" time="0.007">
    </testcase>
    <testcase classname="Verbose Logging for Development Environments Verbose Logging Methods should provide verbose warn logging" name="Verbose Logging for Development Environments Verbose Logging Methods should provide verbose warn logging" time="0.005">
    </testcase>
    <testcase classname="Verbose Logging for Development Environments Verbose Logging Methods should provide verbose error logging" name="Verbose Logging for Development Environments Verbose Logging Methods should provide verbose error logging" time="0.108">
    </testcase>
    <testcase classname="Verbose Logging for Development Environments Verbose Logging Context Enhancement should enhance context with verbose information" name="Verbose Logging for Development Environments Verbose Logging Context Enhancement should enhance context with verbose information" time="0.007">
    </testcase>
    <testcase classname="Verbose Logging for Development Environments Verbose Logging Context Enhancement should enhance data with verbose information" name="Verbose Logging for Development Environments Verbose Logging Context Enhancement should enhance data with verbose information" time="0.007">
    </testcase>
    <testcase classname="Verbose Logging for Development Environments Utility Methods for Verbose Logging should get call stack information" name="Verbose Logging for Development Environments Utility Methods for Verbose Logging should get call stack information" time="0.004">
    </testcase>
    <testcase classname="Verbose Logging for Development Environments Utility Methods for Verbose Logging should get caller function name" name="Verbose Logging for Development Environments Utility Methods for Verbose Logging should get caller function name" time="0.002">
    </testcase>
    <testcase classname="Verbose Logging for Development Environments Utility Methods for Verbose Logging should get caller line number" name="Verbose Logging for Development Environments Utility Methods for Verbose Logging should get caller line number" time="0.002">
    </testcase>
    <testcase classname="Verbose Logging for Development Environments Utility Methods for Verbose Logging should get caller file name" name="Verbose Logging for Development Environments Utility Methods for Verbose Logging should get caller file name" time="0.001">
    </testcase>
    <testcase classname="Verbose Logging for Development Environments Utility Methods for Verbose Logging should get memory snapshot" name="Verbose Logging for Development Environments Utility Methods for Verbose Logging should get memory snapshot" time="0.007">
    </testcase>
    <testcase classname="Verbose Logging for Development Environments Utility Methods for Verbose Logging should format bytes correctly" name="Verbose Logging for Development Environments Utility Methods for Verbose Logging should format bytes correctly" time="0.001">
    </testcase>
    <testcase classname="Verbose Logging for Development Environments Verbose Logging Fallback should fall back to regular logging when verbose is disabled" name="Verbose Logging for Development Environments Verbose Logging Fallback should fall back to regular logging when verbose is disabled" time="0.003">
    </testcase>
    <testcase classname="Verbose Logging for Development Environments Verbose Logging Configuration should get verbose logging configuration" name="Verbose Logging for Development Environments Verbose Logging Configuration should get verbose logging configuration" time="0.002">
    </testcase>
    <testcase classname="Verbose Logging for Development Environments Verbose Logging Configuration should test verbose logging functionality" name="Verbose Logging for Development Environments Verbose Logging Configuration should test verbose logging functionality" time="0.001">
    </testcase>
    <testcase classname="Verbose Logging for Development Environments Verbose Logging with Options should accept verbose options" name="Verbose Logging for Development Environments Verbose Logging with Options should accept verbose options" time="0.008">
    </testcase>
    <testcase classname="Verbose Logging for Development Environments Verbose Logging Performance should handle verbose logging without performance impact" name="Verbose Logging for Development Environments Verbose Logging Performance should handle verbose logging without performance impact" time="0.008">
    </testcase>
    <testcase classname="Verbose Logging for Development Environments Verbose Logging Error Handling should handle errors in utility methods gracefully" name="Verbose Logging for Development Environments Verbose Logging Error Handling should handle errors in utility methods gracefully" time="0.001">
    </testcase>
    <testcase classname="Verbose Logging for Development Environments Verbose Logging Error Handling should handle errors in call stack capture gracefully" name="Verbose Logging for Development Environments Verbose Logging Error Handling should handle errors in call stack capture gracefully" time="0.013">
    </testcase>
    <testcase classname="Verbose Logging for Development Environments Log Filtering and Search Capabilities should search logs by various criteria" name="Verbose Logging for Development Environments Log Filtering and Search Capabilities should search logs by various criteria" time="0.004">
    </testcase>
    <testcase classname="Verbose Logging for Development Environments Log Filtering and Search Capabilities should filter logs with include/exclude criteria" name="Verbose Logging for Development Environments Log Filtering and Search Capabilities should filter logs with include/exclude criteria" time="0.002">
    </testcase>
    <testcase classname="Verbose Logging for Development Environments Log Filtering and Search Capabilities should create search index for faster searching" name="Verbose Logging for Development Environments Log Filtering and Search Capabilities should create search index for faster searching" time="0.006">
    </testcase>
    <testcase classname="Verbose Logging for Development Environments Log Filtering and Search Capabilities should search logs using index for better performance" name="Verbose Logging for Development Environments Log Filtering and Search Capabilities should search logs using index for better performance" time="0.003">
    </testcase>
    <testcase classname="Verbose Logging for Development Environments Log Filtering and Search Capabilities should generate log statistics and analytics" name="Verbose Logging for Development Environments Log Filtering and Search Capabilities should generate log statistics and analytics" time="0.003">
    </testcase>
    <testcase classname="Verbose Logging for Development Environments Log Filtering and Search Capabilities should handle nested value extraction with dot notation" name="Verbose Logging for Development Environments Log Filtering and Search Capabilities should handle nested value extraction with dot notation" time="0.001">
    </testcase>
    <testcase classname="Verbose Logging for Development Environments Log Filtering and Search Capabilities should generate time group keys for different grouping strategies" name="Verbose Logging for Development Environments Log Filtering and Search Capabilities should generate time group keys for different grouping strategies" time="0.001">
    </testcase>
  </testsuite>
  <testsuite name="TokenManager" errors="0" failures="0" skipped="0" timestamp="2025-09-03T15:32:09" time="0.768" tests="40">
    <testcase classname="TokenManager constructor should initialize with provided config" name="TokenManager constructor should initialize with provided config" time="0.002">
    </testcase>
    <testcase classname="TokenManager constructor should use default values when config is not provided" name="TokenManager constructor should use default values when config is not provided" time="0.001">
    </testcase>
    <testcase classname="TokenManager calculateTokens should calculate tokens for content" name="TokenManager calculateTokens should calculate tokens for content" time="0">
    </testcase>
    <testcase classname="TokenManager calculateTokens should handle empty content" name="TokenManager calculateTokens should handle empty content" time="0.001">
    </testcase>
    <testcase classname="TokenManager calculateTokens should handle non-string content" name="TokenManager calculateTokens should handle non-string content" time="0.001">
    </testcase>
    <testcase classname="TokenManager calculateTokensForFiles should calculate tokens for multiple files" name="TokenManager calculateTokensForFiles should calculate tokens for multiple files" time="0.001">
    </testcase>
    <testcase classname="TokenManager calculateTokensForFiles should detect oversized files" name="TokenManager calculateTokensForFiles should detect oversized files" time="0.001">
    </testcase>
    <testcase classname="TokenManager calculateTokensForFiles should handle files with missing properties" name="TokenManager calculateTokensForFiles should handle files with missing properties" time="0">
    </testcase>
    <testcase classname="TokenManager estimateCost should estimate cost for tokens" name="TokenManager estimateCost should estimate cost for tokens" time="0">
    </testcase>
    <testcase classname="TokenManager estimateCost should handle zero tokens" name="TokenManager estimateCost should handle zero tokens" time="0">
    </testcase>
    <testcase classname="TokenManager estimateCost should handle large token counts" name="TokenManager estimateCost should handle large token counts" time="0.001">
    </testcase>
    <testcase classname="TokenManager checkTokenLimits should pass when within limits" name="TokenManager checkTokenLimits should pass when within limits" time="0.005">
    </testcase>
    <testcase classname="TokenManager checkTokenLimits should fail when token limit exceeded" name="TokenManager checkTokenLimits should fail when token limit exceeded" time="0.004">
    </testcase>
    <testcase classname="TokenManager checkTokenLimits should fail when size limit exceeded" name="TokenManager checkTokenLimits should fail when size limit exceeded" time="0.001">
    </testcase>
    <testcase classname="TokenManager checkTokenLimits should fail when oversized files present" name="TokenManager checkTokenLimits should fail when oversized files present" time="0.001">
    </testcase>
    <testcase classname="TokenManager checkTokenLimits should provide utilization information" name="TokenManager checkTokenLimits should provide utilization information" time="0.001">
    </testcase>
    <testcase classname="TokenManager optimizeForTokens should optimize files within token limits" name="TokenManager optimizeForTokens should optimize files within token limits" time="0.041">
    </testcase>
    <testcase classname="TokenManager optimizeForTokens should exclude files based on patterns" name="TokenManager optimizeForTokens should exclude files based on patterns" time="0.001">
    </testcase>
    <testcase classname="TokenManager optimizeForTokens should include only files matching patterns" name="TokenManager optimizeForTokens should include only files matching patterns" time="0">
    </testcase>
    <testcase classname="TokenManager optimizeForTokens should truncate large files" name="TokenManager optimizeForTokens should truncate large files" time="0.001">
    </testcase>
    <testcase classname="TokenManager sortFilesByImportance should sort files by importance score" name="TokenManager sortFilesByImportance should sort files by importance score" time="0.001">
    </testcase>
    <testcase classname="TokenManager calculateFileImportance should give higher score to source files" name="TokenManager calculateFileImportance should give higher score to source files" time="0.001">
    </testcase>
    <testcase classname="TokenManager calculateFileImportance should give lower score to generated files" name="TokenManager calculateFileImportance should give lower score to generated files" time="0">
    </testcase>
    <testcase classname="TokenManager calculateFileImportance should give higher score to smaller files" name="TokenManager calculateFileImportance should give higher score to smaller files" time="0">
    </testcase>
    <testcase classname="TokenManager shouldExcludeFile should exclude files matching exclude patterns" name="TokenManager shouldExcludeFile should exclude files matching exclude patterns" time="0.001">
    </testcase>
    <testcase classname="TokenManager shouldExcludeFile should not exclude files not matching patterns" name="TokenManager shouldExcludeFile should not exclude files not matching patterns" time="0">
    </testcase>
    <testcase classname="TokenManager shouldExcludeFile should only include files matching include patterns" name="TokenManager shouldExcludeFile should only include files matching include patterns" time="0.001">
    </testcase>
    <testcase classname="TokenManager shouldExcludeFile should include files matching include patterns" name="TokenManager shouldExcludeFile should include files matching include patterns" time="0">
    </testcase>
    <testcase classname="TokenManager truncateFile should not truncate small files" name="TokenManager truncateFile should not truncate small files" time="0">
    </testcase>
    <testcase classname="TokenManager truncateFile should truncate large files" name="TokenManager truncateFile should truncate large files" time="0.001">
    </testcase>
    <testcase classname="TokenManager truncateFile should return null for files that cannot be truncated" name="TokenManager truncateFile should return null for files that cannot be truncated" time="0">
    </testcase>
    <testcase classname="TokenManager intelligentTruncate should truncate at line boundaries" name="TokenManager intelligentTruncate should truncate at line boundaries" time="0.001">
    </testcase>
    <testcase classname="TokenManager intelligentTruncate should handle content shorter than limit" name="TokenManager intelligentTruncate should handle content shorter than limit" time="0.001">
    </testcase>
    <testcase classname="TokenManager intelligentTruncate should return null for very small limits" name="TokenManager intelligentTruncate should return null for very small limits" time="0">
    </testcase>
    <testcase classname="TokenManager createTokenUsageReport should create comprehensive usage report" name="TokenManager createTokenUsageReport should create comprehensive usage report" time="0.004">
    </testcase>
    <testcase classname="TokenManager generateTokenRecommendations should recommend splitting for high usage" name="TokenManager generateTokenRecommendations should recommend splitting for high usage" time="0">
    </testcase>
    <testcase classname="TokenManager generateTokenRecommendations should recommend excluding oversized files" name="TokenManager generateTokenRecommendations should recommend excluding oversized files" time="0.001">
    </testcase>
    <testcase classname="TokenManager generateTokenRecommendations should recommend cost optimization for expensive reviews" name="TokenManager generateTokenRecommendations should recommend cost optimization for expensive reviews" time="0">
    </testcase>
    <testcase classname="TokenManager formatBytes should format bytes correctly" name="TokenManager formatBytes should format bytes correctly" time="0">
    </testcase>
    <testcase classname="TokenManager getConfiguration should return configuration" name="TokenManager getConfiguration should return configuration" time="0.016">
    </testcase>
  </testsuite>
  <testsuite name="LargeCommitHandler" errors="0" failures="0" skipped="0" timestamp="2025-09-03T15:32:10" time="0.541" tests="24">
    <testcase classname="LargeCommitHandler constructor should initialize with provided config" name="LargeCommitHandler constructor should initialize with provided config" time="0.002">
    </testcase>
    <testcase classname="LargeCommitHandler constructor should use default values when config is not provided" name="LargeCommitHandler constructor should use default values when config is not provided" time="0.001">
    </testcase>
    <testcase classname="LargeCommitHandler constructor should use custom values from config" name="LargeCommitHandler constructor should use custom values from config" time="0">
    </testcase>
    <testcase classname="LargeCommitHandler analyzeCommitSize should analyze small commit correctly" name="LargeCommitHandler analyzeCommitSize should analyze small commit correctly" time="0.001">
    </testcase>
    <testcase classname="LargeCommitHandler analyzeCommitSize should detect total size exceeded" name="LargeCommitHandler analyzeCommitSize should detect total size exceeded" time="0.001">
    </testcase>
    <testcase classname="LargeCommitHandler analyzeCommitSize should detect file count exceeded" name="LargeCommitHandler analyzeCommitSize should detect file count exceeded" time="0.001">
    </testcase>
    <testcase classname="LargeCommitHandler analyzeCommitSize should detect token limit exceeded" name="LargeCommitHandler analyzeCommitSize should detect token limit exceeded" time="0.001">
    </testcase>
    <testcase classname="LargeCommitHandler analyzeCommitSize should detect oversized files" name="LargeCommitHandler analyzeCommitSize should detect oversized files" time="0.001">
    </testcase>
    <testcase classname="LargeCommitHandler analyzeCommitSize should prioritize total size over other limits" name="LargeCommitHandler analyzeCommitSize should prioritize total size over other limits" time="0.001">
    </testcase>
    <testcase classname="LargeCommitHandler splitFilesIntoChunks should split files by file count limit" name="LargeCommitHandler splitFilesIntoChunks should split files by file count limit" time="0.004">
    </testcase>
    <testcase classname="LargeCommitHandler splitFilesIntoChunks should split files by size limit" name="LargeCommitHandler splitFilesIntoChunks should split files by size limit" time="0.005">
    </testcase>
    <testcase classname="LargeCommitHandler splitFilesIntoChunks should optimize chunking by sorting files by size" name="LargeCommitHandler splitFilesIntoChunks should optimize chunking by sorting files by size" time="0.002">
    </testcase>
    <testcase classname="LargeCommitHandler splitFilesIntoChunks should handle single file that exceeds limits" name="LargeCommitHandler splitFilesIntoChunks should handle single file that exceeds limits" time="0.008">
    </testcase>
    <testcase classname="LargeCommitHandler generateSkipNotification should generate skip notification for total size exceeded" name="LargeCommitHandler generateSkipNotification should generate skip notification for total size exceeded" time="0.014">
    </testcase>
    <testcase classname="LargeCommitHandler generateSkipNotification should generate skip notification for oversized files" name="LargeCommitHandler generateSkipNotification should generate skip notification for oversized files" time="0.009">
    </testcase>
    <testcase classname="LargeCommitHandler generateSplitNotification should generate split notification" name="LargeCommitHandler generateSplitNotification should generate split notification" time="0.009">
    </testcase>
    <testcase classname="LargeCommitHandler filterOversizedFiles should filter out oversized files" name="LargeCommitHandler filterOversizedFiles should filter out oversized files" time="0.002">
    </testcase>
    <testcase classname="LargeCommitHandler filterOversizedFiles should handle all files within size limit" name="LargeCommitHandler filterOversizedFiles should handle all files within size limit" time="0.001">
    </testcase>
    <testcase classname="LargeCommitHandler filterOversizedFiles should handle all files exceeding size limit" name="LargeCommitHandler filterOversizedFiles should handle all files exceeding size limit" time="0.001">
    </testcase>
    <testcase classname="LargeCommitHandler getRecommendations should provide recommendations for total size exceeded" name="LargeCommitHandler getRecommendations should provide recommendations for total size exceeded" time="0.001">
    </testcase>
    <testcase classname="LargeCommitHandler getRecommendations should provide recommendations for file count exceeded" name="LargeCommitHandler getRecommendations should provide recommendations for file count exceeded" time="0.003">
    </testcase>
    <testcase classname="LargeCommitHandler getRecommendations should provide recommendations for oversized files" name="LargeCommitHandler getRecommendations should provide recommendations for oversized files" time="0.011">
    </testcase>
    <testcase classname="LargeCommitHandler formatBytes should format bytes correctly" name="LargeCommitHandler formatBytes should format bytes correctly" time="0.003">
    </testcase>
    <testcase classname="LargeCommitHandler getConfiguration should return configuration summary" name="LargeCommitHandler getConfiguration should return configuration summary" time="0.003">
    </testcase>
  </testsuite>
  <testsuite name="AuditLogger" errors="0" failures="1" skipped="0" timestamp="2025-09-03T15:32:07" time="2.884" tests="29">
    <testcase classname="AuditLogger constructor should initialize with default configuration" name="AuditLogger constructor should initialize with default configuration" time="0.013">
    </testcase>
    <testcase classname="AuditLogger constructor should initialize with custom configuration" name="AuditLogger constructor should initialize with custom configuration" time="0.011">
    </testcase>
    <testcase classname="AuditLogger constructor should initialize audit chain" name="AuditLogger constructor should initialize audit chain" time="0.001">
    </testcase>
    <testcase classname="AuditLogger logEvent should log event with audit chain entry" name="AuditLogger logEvent should log event with audit chain entry" time="0.026">
    </testcase>
    <testcase classname="AuditLogger logEvent should generate audit chain entry" name="AuditLogger logEvent should generate audit chain entry" time="0.016">
    </testcase>
    <testcase classname="AuditLogger logEvent should maintain audit chain integrity" name="AuditLogger logEvent should maintain audit chain integrity" time="0.001">
    </testcase>
    <testcase classname="AuditLogger logEvent should include regulatory compliance when enabled" name="AuditLogger logEvent should include regulatory compliance when enabled" time="0.001">
    </testcase>
    <testcase classname="AuditLogger audit chain integrity should calculate correct chain hash" name="AuditLogger audit chain integrity should calculate correct chain hash" time="0.001">
    </testcase>
    <testcase classname="AuditLogger audit chain integrity should maintain chain size limit" name="AuditLogger audit chain integrity should maintain chain size limit" time="1.523">
    </testcase>
    <testcase classname="AuditLogger regulatory compliance should check SOX compliance when enabled" name="AuditLogger regulatory compliance should check SOX compliance when enabled" time="0.002">
    </testcase>
    <testcase classname="AuditLogger regulatory compliance should check GDPR compliance when enabled" name="AuditLogger regulatory compliance should check GDPR compliance when enabled" time="0.002">
    </testcase>
    <testcase classname="AuditLogger regulatory compliance should check HIPAA compliance when enabled" name="AuditLogger regulatory compliance should check HIPAA compliance when enabled" time="0.001">
    </testcase>
    <testcase classname="AuditLogger regulatory compliance should check PCI DSS compliance when enabled" name="AuditLogger regulatory compliance should check PCI DSS compliance when enabled" time="0.001">
    </testcase>
    <testcase classname="AuditLogger data retention should perform data retention cleanup" name="AuditLogger data retention should perform data retention cleanup" time="0.003">
    </testcase>
    <testcase classname="AuditLogger data retention should handle cleanup errors gracefully" name="AuditLogger data retention should handle cleanup errors gracefully" time="0.002">
      <failure>Error: expect(received).toBeGreaterThan(expected)

Expected: &gt; 0
Received:   0
    at Object.toBeGreaterThan (C:\Users\eposh\OneDrive\Desktop\Dikshant\jenkins\github-review-plugin\src\utils\logger.test.js:252:37)
    at processTicksAndRejections (node:internal/process/task_queues:105:5)</failure>
    </testcase>
    <testcase classname="AuditLogger integrity verification should verify audit trail integrity" name="AuditLogger integrity verification should verify audit trail integrity" time="0.002">
    </testcase>
    <testcase classname="AuditLogger integrity verification should detect hash mismatches" name="AuditLogger integrity verification should detect hash mismatches" time="0.001">
    </testcase>
    <testcase classname="AuditLogger integrity verification should detect data integrity mismatches" name="AuditLogger integrity verification should detect data integrity mismatches" time="0.001">
    </testcase>
    <testcase classname="AuditLogger compliance reporting should generate compliance report" name="AuditLogger compliance reporting should generate compliance report" time="0.003">
    </testcase>
    <testcase classname="AuditLogger compliance reporting should calculate compliance rate correctly" name="AuditLogger compliance reporting should calculate compliance rate correctly" time="0.001">
    </testcase>
    <testcase classname="AuditLogger compliance reporting should generate framework-specific reports" name="AuditLogger compliance reporting should generate framework-specific reports" time="0.001">
    </testcase>
    <testcase classname="AuditLogger configuration methods should set data retention policy" name="AuditLogger configuration methods should set data retention policy" time="0.001">
    </testcase>
    <testcase classname="AuditLogger configuration methods should set regulatory compliance frameworks" name="AuditLogger configuration methods should set regulatory compliance frameworks" time="0.001">
    </testcase>
    <testcase classname="AuditLogger audit chain methods should get audit chain" name="AuditLogger audit chain methods should get audit chain" time="0.002">
    </testcase>
    <testcase classname="AuditLogger audit chain methods should limit audit chain size" name="AuditLogger audit chain methods should limit audit chain size" time="0.01">
    </testcase>
    <testcase classname="AuditLogger file rotation should rotate log file when size limit is reached" name="AuditLogger file rotation should rotate log file when size limit is reached" time="0.005">
    </testcase>
    <testcase classname="AuditLogger file rotation should handle rotation errors gracefully" name="AuditLogger file rotation should handle rotation errors gracefully" time="0.279">
    </testcase>
    <testcase classname="AuditLogger compliance mode should validate required fields in compliance mode" name="AuditLogger compliance mode should validate required fields in compliance mode" time="0.001">
    </testcase>
    <testcase classname="AuditLogger compliance mode should detect missing required fields" name="AuditLogger compliance mode should detect missing required fields" time="0.001">
    </testcase>
  </testsuite>
  <testsuite name="AIReviewAction" errors="0" failures="27" skipped="0" timestamp="2025-09-03T15:32:02" time="10.089" tests="40">
    <testcase classname="AIReviewAction constructor should initialize with all required components" name="AIReviewAction constructor should initialize with all required components" time="0.077">
    </testcase>
    <testcase classname="AIReviewAction initialize should initialize successfully with configuration and logging" name="AIReviewAction initialize should initialize successfully with configuration and logging" time="0.03">
      <failure>TypeError: this.qualityGates.setAuditLogger is not a function
    at AIReviewAction.setAuditLogger [as initialize] (C:\Users\eposh\OneDrive\Desktop\Dikshant\jenkins\github-review-plugin\src\actions\ai-review-action.js:183:27)
    at processTicksAndRejections (node:internal/process/task_queues:105:5)
    at Object.&lt;anonymous&gt; (C:\Users\eposh\OneDrive\Desktop\Dikshant\jenkins\github-review-plugin\src\actions\ai-review-action.test.js:167:7)</failure>
    </testcase>
    <testcase classname="AIReviewAction initialize should handle configuration loading failure gracefully" name="AIReviewAction initialize should handle configuration loading failure gracefully" time="0.037">
      <failure>TypeError: this.qualityGates.setAuditLogger is not a function
    at AIReviewAction.setAuditLogger [as initialize] (C:\Users\eposh\OneDrive\Desktop\Dikshant\jenkins\github-review-plugin\src\actions\ai-review-action.js:183:27)
    at processTicksAndRejections (node:internal/process/task_queues:105:5)
    at Object.&lt;anonymous&gt; (C:\Users\eposh\OneDrive\Desktop\Dikshant\jenkins\github-review-plugin\src\actions\ai-review-action.test.js:177:7)</failure>
    </testcase>
    <testcase classname="AIReviewAction initialize should handle logging initialization failure gracefully" name="AIReviewAction initialize should handle logging initialization failure gracefully" time="0.025">
    </testcase>
    <testcase classname="AIReviewAction logReviewAttemptStart should log review attempt start with comprehensive context" name="AIReviewAction logReviewAttemptStart should log review attempt start with comprehensive context" time="0.021">
      <failure>TypeError: this.qualityGates.setAuditLogger is not a function
    at AIReviewAction.setAuditLogger [as initialize] (C:\Users\eposh\OneDrive\Desktop\Dikshant\jenkins\github-review-plugin\src\actions\ai-review-action.js:183:27)
    at processTicksAndRejections (node:internal/process/task_queues:105:5)
    at Object.&lt;anonymous&gt; (C:\Users\eposh\OneDrive\Desktop\Dikshant\jenkins\github-review-plugin\src\actions\ai-review-action.test.js:197:7)</failure>
    </testcase>
    <testcase classname="AIReviewAction logReviewAttemptStart should handle audit logger failure gracefully" name="AIReviewAction logReviewAttemptStart should handle audit logger failure gracefully" time="0.035">
      <failure>TypeError: this.qualityGates.setAuditLogger is not a function
    at AIReviewAction.setAuditLogger [as initialize] (C:\Users\eposh\OneDrive\Desktop\Dikshant\jenkins\github-review-plugin\src\actions\ai-review-action.js:183:27)
    at processTicksAndRejections (node:internal/process/task_queues:105:5)
    at Object.&lt;anonymous&gt; (C:\Users\eposh\OneDrive\Desktop\Dikshant\jenkins\github-review-plugin\src\actions\ai-review-action.test.js:197:7)</failure>
    </testcase>
    <testcase classname="AIReviewAction logReviewAttemptStart should not log when audit logger is not available" name="AIReviewAction logReviewAttemptStart should not log when audit logger is not available" time="0.02">
      <failure>TypeError: this.qualityGates.setAuditLogger is not a function
    at AIReviewAction.setAuditLogger [as initialize] (C:\Users\eposh\OneDrive\Desktop\Dikshant\jenkins\github-review-plugin\src\actions\ai-review-action.js:183:27)
    at processTicksAndRejections (node:internal/process/task_queues:105:5)
    at Object.&lt;anonymous&gt; (C:\Users\eposh\OneDrive\Desktop\Dikshant\jenkins\github-review-plugin\src\actions\ai-review-action.test.js:197:7)</failure>
    </testcase>
    <testcase classname="AIReviewAction logReviewSkipped should log review skipped with reason and branch info" name="AIReviewAction logReviewSkipped should log review skipped with reason and branch info" time="0.056">
      <failure>TypeError: this.qualityGates.setAuditLogger is not a function
    at AIReviewAction.setAuditLogger [as initialize] (C:\Users\eposh\OneDrive\Desktop\Dikshant\jenkins\github-review-plugin\src\actions\ai-review-action.js:183:27)
    at processTicksAndRejections (node:internal/process/task_queues:105:5)
    at Object.&lt;anonymous&gt; (C:\Users\eposh\OneDrive\Desktop\Dikshant\jenkins\github-review-plugin\src\actions\ai-review-action.test.js:252:7)</failure>
    </testcase>
    <testcase classname="AIReviewAction logReviewCompletion should log review completion with detailed pass/fail analysis" name="AIReviewAction logReviewCompletion should log review completion with detailed pass/fail analysis" time="0.092">
      <failure>TypeError: this.qualityGates.setAuditLogger is not a function
    at AIReviewAction.setAuditLogger [as initialize] (C:\Users\eposh\OneDrive\Desktop\Dikshant\jenkins\github-review-plugin\src\actions\ai-review-action.js:183:27)
    at processTicksAndRejections (node:internal/process/task_queues:105:5)
    at Object.&lt;anonymous&gt; (C:\Users\eposh\OneDrive\Desktop\Dikshant\jenkins\github-review-plugin\src\actions\ai-review-action.test.js:286:7)</failure>
    </testcase>
    <testcase classname="AIReviewAction logReviewCompletion should handle missing review result properties gracefully" name="AIReviewAction logReviewCompletion should handle missing review result properties gracefully" time="0.014">
      <failure>TypeError: this.qualityGates.setAuditLogger is not a function
    at AIReviewAction.setAuditLogger [as initialize] (C:\Users\eposh\OneDrive\Desktop\Dikshant\jenkins\github-review-plugin\src\actions\ai-review-action.js:183:27)
    at processTicksAndRejections (node:internal/process/task_queues:105:5)
    at Object.&lt;anonymous&gt; (C:\Users\eposh\OneDrive\Desktop\Dikshant\jenkins\github-review-plugin\src\actions\ai-review-action.test.js:286:7)</failure>
    </testcase>
    <testcase classname="AIReviewAction analyzePassFailCriteria should pass review with no issues" name="AIReviewAction analyzePassFailCriteria should pass review with no issues" time="0.025">
      <failure>TypeError: this.qualityGates.setAuditLogger is not a function
    at AIReviewAction.setAuditLogger [as initialize] (C:\Users\eposh\OneDrive\Desktop\Dikshant\jenkins\github-review-plugin\src\actions\ai-review-action.js:183:27)
    at processTicksAndRejections (node:internal/process/task_queues:105:5)
    at Object.&lt;anonymous&gt; (C:\Users\eposh\OneDrive\Desktop\Dikshant\jenkins\github-review-plugin\src\actions\ai-review-action.test.js:401:7)</failure>
    </testcase>
    <testcase classname="AIReviewAction analyzePassFailCriteria should fail review with critical issues" name="AIReviewAction analyzePassFailCriteria should fail review with critical issues" time="0.03">
      <failure>TypeError: this.qualityGates.setAuditLogger is not a function
    at AIReviewAction.setAuditLogger [as initialize] (C:\Users\eposh\OneDrive\Desktop\Dikshant\jenkins\github-review-plugin\src\actions\ai-review-action.js:183:27)
    at processTicksAndRejections (node:internal/process/task_queues:105:5)
    at Object.&lt;anonymous&gt; (C:\Users\eposh\OneDrive\Desktop\Dikshant\jenkins\github-review-plugin\src\actions\ai-review-action.test.js:401:7)</failure>
    </testcase>
    <testcase classname="AIReviewAction analyzePassFailCriteria should fail review with high issues" name="AIReviewAction analyzePassFailCriteria should fail review with high issues" time="0.053">
      <failure>TypeError: this.qualityGates.setAuditLogger is not a function
    at AIReviewAction.setAuditLogger [as initialize] (C:\Users\eposh\OneDrive\Desktop\Dikshant\jenkins\github-review-plugin\src\actions\ai-review-action.js:183:27)
    at processTicksAndRejections (node:internal/process/task_queues:105:5)
    at Object.&lt;anonymous&gt; (C:\Users\eposh\OneDrive\Desktop\Dikshant\jenkins\github-review-plugin\src\actions\ai-review-action.test.js:401:7)</failure>
    </testcase>
    <testcase classname="AIReviewAction analyzePassFailCriteria should fail production review with medium issues" name="AIReviewAction analyzePassFailCriteria should fail production review with medium issues" time="0.058">
      <failure>TypeError: this.qualityGates.setAuditLogger is not a function
    at AIReviewAction.setAuditLogger [as initialize] (C:\Users\eposh\OneDrive\Desktop\Dikshant\jenkins\github-review-plugin\src\actions\ai-review-action.js:183:27)
    at processTicksAndRejections (node:internal/process/task_queues:105:5)
    at Object.&lt;anonymous&gt; (C:\Users\eposh\OneDrive\Desktop\Dikshant\jenkins\github-review-plugin\src\actions\ai-review-action.test.js:401:7)</failure>
    </testcase>
    <testcase classname="AIReviewAction analyzePassFailCriteria should allow medium issues in dev environment" name="AIReviewAction analyzePassFailCriteria should allow medium issues in dev environment" time="0.03">
      <failure>TypeError: this.qualityGates.setAuditLogger is not a function
    at AIReviewAction.setAuditLogger [as initialize] (C:\Users\eposh\OneDrive\Desktop\Dikshant\jenkins\github-review-plugin\src\actions\ai-review-action.js:183:27)
    at processTicksAndRejections (node:internal/process/task_queues:105:5)
    at Object.&lt;anonymous&gt; (C:\Users\eposh\OneDrive\Desktop\Dikshant\jenkins\github-review-plugin\src\actions\ai-review-action.test.js:401:7)</failure>
    </testcase>
    <testcase classname="AIReviewAction analyzePassFailCriteria should fail review with low quality score" name="AIReviewAction analyzePassFailCriteria should fail review with low quality score" time="0.015">
      <failure>TypeError: this.qualityGates.setAuditLogger is not a function
    at AIReviewAction.setAuditLogger [as initialize] (C:\Users\eposh\OneDrive\Desktop\Dikshant\jenkins\github-review-plugin\src\actions\ai-review-action.js:183:27)
    at processTicksAndRejections (node:internal/process/task_queues:105:5)
    at Object.&lt;anonymous&gt; (C:\Users\eposh\OneDrive\Desktop\Dikshant\jenkins\github-review-plugin\src\actions\ai-review-action.test.js:401:7)</failure>
    </testcase>
    <testcase classname="AIReviewAction analyzePassFailCriteria should include environment thresholds in analysis" name="AIReviewAction analyzePassFailCriteria should include environment thresholds in analysis" time="0.016">
      <failure>TypeError: this.qualityGates.setAuditLogger is not a function
    at AIReviewAction.setAuditLogger [as initialize] (C:\Users\eposh\OneDrive\Desktop\Dikshant\jenkins\github-review-plugin\src\actions\ai-review-action.js:183:27)
    at processTicksAndRejections (node:internal/process/task_queues:105:5)
    at Object.&lt;anonymous&gt; (C:\Users\eposh\OneDrive\Desktop\Dikshant\jenkins\github-review-plugin\src\actions\ai-review-action.test.js:401:7)</failure>
    </testcase>
    <testcase classname="AIReviewAction calculateReviewMetrics should calculate metrics for code files" name="AIReviewAction calculateReviewMetrics should calculate metrics for code files" time="0.046">
    </testcase>
    <testcase classname="AIReviewAction calculateReviewMetrics should handle empty file list" name="AIReviewAction calculateReviewMetrics should handle empty file list" time="0.008">
    </testcase>
    <testcase classname="AIReviewAction calculateReviewMetrics should handle files without line/size information" name="AIReviewAction calculateReviewMetrics should handle files without line/size information" time="0.051">
    </testcase>
    <testcase classname="AIReviewAction calculateQualityScore should calculate perfect score for clean code" name="AIReviewAction calculateQualityScore should calculate perfect score for clean code" time="0.007">
    </testcase>
    <testcase classname="AIReviewAction calculateQualityScore should deduct points for issues" name="AIReviewAction calculateQualityScore should deduct points for issues" time="0.004">
    </testcase>
    <testcase classname="AIReviewAction calculateQualityScore should penalize very large files" name="AIReviewAction calculateQualityScore should penalize very large files" time="0.005">
    </testcase>
    <testcase classname="AIReviewAction calculateQualityScore should ensure score is between 0 and 1" name="AIReviewAction calculateQualityScore should ensure score is between 0 and 1" time="0.005">
    </testcase>
    <testcase classname="AIReviewAction handleError should log error to both error logger and audit logger" name="AIReviewAction handleError should log error to both error logger and audit logger" time="0.018">
      <failure>TypeError: this.qualityGates.setAuditLogger is not a function
    at AIReviewAction.setAuditLogger [as initialize] (C:\Users\eposh\OneDrive\Desktop\Dikshant\jenkins\github-review-plugin\src\actions\ai-review-action.js:183:27)
    at processTicksAndRejections (node:internal/process/task_queues:105:5)
    at Object.&lt;anonymous&gt; (C:\Users\eposh\OneDrive\Desktop\Dikshant\jenkins\github-review-plugin\src\actions\ai-review-action.test.js:628:7)</failure>
    </testcase>
    <testcase classname="AIReviewAction handleError should handle logging failures gracefully" name="AIReviewAction handleError should handle logging failures gracefully" time="0.016">
      <failure>TypeError: this.qualityGates.setAuditLogger is not a function
    at AIReviewAction.setAuditLogger [as initialize] (C:\Users\eposh\OneDrive\Desktop\Dikshant\jenkins\github-review-plugin\src\actions\ai-review-action.js:183:27)
    at processTicksAndRejections (node:internal/process/task_queues:105:5)
    at Object.&lt;anonymous&gt; (C:\Users\eposh\OneDrive\Desktop\Dikshant\jenkins\github-review-plugin\src\actions\ai-review-action.test.js:628:7)</failure>
    </testcase>
    <testcase classname="AIReviewAction generateSessionId should generate unique session IDs" name="AIReviewAction generateSessionId should generate unique session IDs" time="0.019">
    </testcase>
    <testcase classname="AIReviewAction shouldReviewBranch should return true for configured branches" name="AIReviewAction shouldReviewBranch should return true for configured branches" time="0.021">
    </testcase>
    <testcase classname="AIReviewAction shouldReviewBranch should return false for non-configured branches" name="AIReviewAction shouldReviewBranch should return false for non-configured branches" time="0.009">
    </testcase>
    <testcase classname="AIReviewAction shouldReviewBranch should be case insensitive" name="AIReviewAction shouldReviewBranch should be case insensitive" time="0.052">
    </testcase>
    <testcase classname="AIReviewAction getChangedFiles should get pull request files for pull_request event" name="AIReviewAction getChangedFiles should get pull request files for pull_request event" time="0.051">
      <failure>TypeError: this.qualityGates.setAuditLogger is not a function
    at AIReviewAction.setAuditLogger [as initialize] (C:\Users\eposh\OneDrive\Desktop\Dikshant\jenkins\github-review-plugin\src\actions\ai-review-action.js:183:27)
    at processTicksAndRejections (node:internal/process/task_queues:105:5)
    at Object.&lt;anonymous&gt; (C:\Users\eposh\OneDrive\Desktop\Dikshant\jenkins\github-review-plugin\src\actions\ai-review-action.test.js:736:7)</failure>
    </testcase>
    <testcase classname="AIReviewAction getChangedFiles should get commit files for push event" name="AIReviewAction getChangedFiles should get commit files for push event" time="0.015">
      <failure>TypeError: this.qualityGates.setAuditLogger is not a function
    at AIReviewAction.setAuditLogger [as initialize] (C:\Users\eposh\OneDrive\Desktop\Dikshant\jenkins\github-review-plugin\src\actions\ai-review-action.js:183:27)
    at processTicksAndRejections (node:internal/process/task_queues:105:5)
    at Object.&lt;anonymous&gt; (C:\Users\eposh\OneDrive\Desktop\Dikshant\jenkins\github-review-plugin\src\actions\ai-review-action.test.js:736:7)</failure>
    </testcase>
    <testcase classname="AIReviewAction getChangedFiles should return empty array for unsupported events" name="AIReviewAction getChangedFiles should return empty array for unsupported events" time="0.023">
      <failure>TypeError: this.qualityGates.setAuditLogger is not a function
    at AIReviewAction.setAuditLogger [as initialize] (C:\Users\eposh\OneDrive\Desktop\Dikshant\jenkins\github-review-plugin\src\actions\ai-review-action.js:183:27)
    at processTicksAndRejections (node:internal/process/task_queues:105:5)
    at Object.&lt;anonymous&gt; (C:\Users\eposh\OneDrive\Desktop\Dikshant\jenkins\github-review-plugin\src\actions\ai-review-action.test.js:736:7)</failure>
    </testcase>
    <testcase classname="AIReviewAction filterFilesForReview should filter files using file filter" name="AIReviewAction filterFilesForReview should filter files using file filter" time="0.02">
      <failure>TypeError: this.qualityGates.setAuditLogger is not a function
    at AIReviewAction.setAuditLogger [as initialize] (C:\Users\eposh\OneDrive\Desktop\Dikshant\jenkins\github-review-plugin\src\actions\ai-review-action.js:183:27)
    at processTicksAndRejections (node:internal/process/task_queues:105:5)
    at Object.&lt;anonymous&gt; (C:\Users\eposh\OneDrive\Desktop\Dikshant\jenkins\github-review-plugin\src\actions\ai-review-action.test.js:774:7)</failure>
    </testcase>
    <testcase classname="AIReviewAction handleLargeCommit should log large commit detection" name="AIReviewAction handleLargeCommit should log large commit detection" time="0.015">
      <failure>TypeError: this.qualityGates.setAuditLogger is not a function
    at AIReviewAction.setAuditLogger [as initialize] (C:\Users\eposh\OneDrive\Desktop\Dikshant\jenkins\github-review-plugin\src\actions\ai-review-action.js:183:27)
    at processTicksAndRejections (node:internal/process/task_queues:105:5)
    at Object.&lt;anonymous&gt; (C:\Users\eposh\OneDrive\Desktop\Dikshant\jenkins\github-review-plugin\src\actions\ai-review-action.test.js:798:7)</failure>
    </testcase>
    <testcase classname="AIReviewAction handleLargeCommit should skip review if configured to skip large commits" name="AIReviewAction handleLargeCommit should skip review if configured to skip large commits" time="0.065">
      <failure>TypeError: this.qualityGates.setAuditLogger is not a function
    at AIReviewAction.setAuditLogger [as initialize] (C:\Users\eposh\OneDrive\Desktop\Dikshant\jenkins\github-review-plugin\src\actions\ai-review-action.js:183:27)
    at processTicksAndRejections (node:internal/process/task_queues:105:5)
    at Object.&lt;anonymous&gt; (C:\Users\eposh\OneDrive\Desktop\Dikshant\jenkins\github-review-plugin\src\actions\ai-review-action.test.js:798:7)</failure>
    </testcase>
    <testcase classname="AIReviewAction formatIssueBody should format issue body with review results" name="AIReviewAction formatIssueBody should format issue body with review results" time="0.009">
      <failure>Error: expect(received).toContain(expected) // indexOf

Expected substring: &quot;#### HIGH: Security vulnerability&quot;
Received string:    &quot;## AI Code Review Results·
**Environment:** production
**Source Branch:** feature-branch
**Target Branch:** main
**Commit:** abc123def456·
### Issues Found (2)··
#### ⚪ **HIGH** - Security vulnerability
- **File:** `src/auth.js`
- **Line:** 45
- **Category:** General
- **Description:** SQL injection possible
- **Recommendation:** Use parameterized queries·
---··
#### ⚪ **MEDIUM** - Code style issue
- **File:** `src/utils.js`
- **Line:** 12
- **Category:** General
- **Description:** Function too long
- **Recommendation:** Break into smaller functions·
---··
### Severity Breakdown
- 🔴 **High:** 1
- 🟡 **Medium:** 1·
### Review Metrics
- **Quality Score:** 0.8/100
- **AI Response Time:** 1500ms
- **Tokens Used:** 1000
- **Model:** gpt-4·
### Next Steps
1. Review the issues above based on severity priority
2. Address **CRITICAL** and **HIGH** severity issues first
3. Consider **MEDIUM** and **LOW** severity issues for code quality improvements
4. Update this issue when fixes are implemented·
---
*This issue was automatically generated by the AI Code Review System*&quot;
    at Object.toContain (C:\Users\eposh\OneDrive\Desktop\Dikshant\jenkins\github-review-plugin\src\actions\ai-review-action.test.js:907:25)
    at Promise.then.completed (C:\Users\eposh\OneDrive\Desktop\Dikshant\jenkins\github-review-plugin\node_modules\jest-circus\build\utils.js:298:28)
    at new Promise (&lt;anonymous&gt;)
    at callAsyncCircusFn (C:\Users\eposh\OneDrive\Desktop\Dikshant\jenkins\github-review-plugin\node_modules\jest-circus\build\utils.js:231:10)
    at _callCircusTest (C:\Users\eposh\OneDrive\Desktop\Dikshant\jenkins\github-review-plugin\node_modules\jest-circus\build\run.js:316:40)
    at processTicksAndRejections (node:internal/process/task_queues:105:5)
    at _runTest (C:\Users\eposh\OneDrive\Desktop\Dikshant\jenkins\github-review-plugin\node_modules\jest-circus\build\run.js:252:3)
    at _runTestsForDescribeBlock (C:\Users\eposh\OneDrive\Desktop\Dikshant\jenkins\github-review-plugin\node_modules\jest-circus\build\run.js:126:9)
    at _runTestsForDescribeBlock (C:\Users\eposh\OneDrive\Desktop\Dikshant\jenkins\github-review-plugin\node_modules\jest-circus\build\run.js:121:9)
    at _runTestsForDescribeBlock (C:\Users\eposh\OneDrive\Desktop\Dikshant\jenkins\github-review-plugin\node_modules\jest-circus\build\run.js:121:9)
    at run (C:\Users\eposh\OneDrive\Desktop\Dikshant\jenkins\github-review-plugin\node_modules\jest-circus\build\run.js:71:3)
    at runAndTransformResultsToJestFormat (C:\Users\eposh\OneDrive\Desktop\Dikshant\jenkins\github-review-plugin\node_modules\jest-circus\build\legacy-code-todo-rewrite\jestAdapterInit.js:122:21)
    at jestAdapter (C:\Users\eposh\OneDrive\Desktop\Dikshant\jenkins\github-review-plugin\node_modules\jest-circus\build\legacy-code-todo-rewrite\jestAdapter.js:79:19)
    at runTestInternal (C:\Users\eposh\OneDrive\Desktop\Dikshant\jenkins\github-review-plugin\node_modules\jest-runner\build\runTest.js:367:16)
    at runTest (C:\Users\eposh\OneDrive\Desktop\Dikshant\jenkins\github-review-plugin\node_modules\jest-runner\build\runTest.js:444:34)
    at Object.worker (C:\Users\eposh\OneDrive\Desktop\Dikshant\jenkins\github-review-plugin\node_modules\jest-runner\build\testWorker.js:106:12)</failure>
    </testcase>
    <testcase classname="AIReviewAction run should execute complete review workflow successfully" name="AIReviewAction run should execute complete review workflow successfully" time="0.01">
      <failure>TypeError: this.qualityGates.setAuditLogger is not a function
    at AIReviewAction.setAuditLogger [as initialize] (C:\Users\eposh\OneDrive\Desktop\Dikshant\jenkins\github-review-plugin\src\actions\ai-review-action.js:183:27)
    at processTicksAndRejections (node:internal/process/task_queues:105:5)
    at Object.&lt;anonymous&gt; (C:\Users\eposh\OneDrive\Desktop\Dikshant\jenkins\github-review-plugin\src\actions\ai-review-action.test.js:922:7)</failure>
    </testcase>
    <testcase classname="AIReviewAction run should skip review for non-configured branches" name="AIReviewAction run should skip review for non-configured branches" time="0.012">
      <failure>TypeError: this.qualityGates.setAuditLogger is not a function
    at AIReviewAction.setAuditLogger [as initialize] (C:\Users\eposh\OneDrive\Desktop\Dikshant\jenkins\github-review-plugin\src\actions\ai-review-action.js:183:27)
    at processTicksAndRejections (node:internal/process/task_queues:105:5)
    at Object.&lt;anonymous&gt; (C:\Users\eposh\OneDrive\Desktop\Dikshant\jenkins\github-review-plugin\src\actions\ai-review-action.test.js:922:7)</failure>
    </testcase>
    <testcase classname="AIReviewAction run should handle errors gracefully" name="AIReviewAction run should handle errors gracefully" time="0.033">
      <failure>TypeError: this.qualityGates.setAuditLogger is not a function
    at AIReviewAction.setAuditLogger [as initialize] (C:\Users\eposh\OneDrive\Desktop\Dikshant\jenkins\github-review-plugin\src\actions\ai-review-action.js:183:27)
    at processTicksAndRejections (node:internal/process/task_queues:105:5)
    at Object.&lt;anonymous&gt; (C:\Users\eposh\OneDrive\Desktop\Dikshant\jenkins\github-review-plugin\src\actions\ai-review-action.test.js:922:7)</failure>
    </testcase>
  </testsuite>
  <testsuite name="AI Review System End-to-End Tests" errors="0" failures="10" skipped="0" timestamp="2025-09-03T15:32:02" time="9.958" tests="10">
    <testcase classname="AI Review System End-to-End Tests Complete Workflow - Development Environment should complete full review workflow in development environment" name="AI Review System End-to-End Tests Complete Workflow - Development Environment should complete full review workflow in development environment" time="0.601">
      <failure>Error: context.repo requires a GITHUB_REPOSITORY environment variable like &apos;owner/repo&apos;
    at Context.get repo [as repo] (C:\Users\eposh\OneDrive\Desktop\Dikshant\jenkins\github-review-plugin\node_modules\@actions\github\src\context.ts:79:11)
    at new repo (C:\Users\eposh\OneDrive\Desktop\Dikshant\jenkins\github-review-plugin\src\actions\ai-review-action.js:61:25)
    at Object.&lt;anonymous&gt; (C:\Users\eposh\OneDrive\Desktop\Dikshant\jenkins\github-review-plugin\tests\integration\end-to-end.test.js:160:22)
    at Promise.then.completed (C:\Users\eposh\OneDrive\Desktop\Dikshant\jenkins\github-review-plugin\node_modules\jest-circus\build\utils.js:298:28)
    at new Promise (&lt;anonymous&gt;)
    at callAsyncCircusFn (C:\Users\eposh\OneDrive\Desktop\Dikshant\jenkins\github-review-plugin\node_modules\jest-circus\build\utils.js:231:10)
    at _callCircusHook (C:\Users\eposh\OneDrive\Desktop\Dikshant\jenkins\github-review-plugin\node_modules\jest-circus\build\run.js:281:40)
    at processTicksAndRejections (node:internal/process/task_queues:105:5)
    at _runTest (C:\Users\eposh\OneDrive\Desktop\Dikshant\jenkins\github-review-plugin\node_modules\jest-circus\build\run.js:246:5)
    at _runTestsForDescribeBlock (C:\Users\eposh\OneDrive\Desktop\Dikshant\jenkins\github-review-plugin\node_modules\jest-circus\build\run.js:126:9)
    at _runTestsForDescribeBlock (C:\Users\eposh\OneDrive\Desktop\Dikshant\jenkins\github-review-plugin\node_modules\jest-circus\build\run.js:121:9)
    at _runTestsForDescribeBlock (C:\Users\eposh\OneDrive\Desktop\Dikshant\jenkins\github-review-plugin\node_modules\jest-circus\build\run.js:121:9)
    at run (C:\Users\eposh\OneDrive\Desktop\Dikshant\jenkins\github-review-plugin\node_modules\jest-circus\build\run.js:71:3)
    at runAndTransformResultsToJestFormat (C:\Users\eposh\OneDrive\Desktop\Dikshant\jenkins\github-review-plugin\node_modules\jest-circus\build\legacy-code-todo-rewrite\jestAdapterInit.js:122:21)
    at jestAdapter (C:\Users\eposh\OneDrive\Desktop\Dikshant\jenkins\github-review-plugin\node_modules\jest-circus\build\legacy-code-todo-rewrite\jestAdapter.js:79:19)
    at runTestInternal (C:\Users\eposh\OneDrive\Desktop\Dikshant\jenkins\github-review-plugin\node_modules\jest-runner\build\runTest.js:367:16)
    at runTest (C:\Users\eposh\OneDrive\Desktop\Dikshant\jenkins\github-review-plugin\node_modules\jest-runner\build\runTest.js:444:34)
    at Object.worker (C:\Users\eposh\OneDrive\Desktop\Dikshant\jenkins\github-review-plugin\node_modules\jest-runner\build\testWorker.js:106:12)</failure>
    </testcase>
    <testcase classname="AI Review System End-to-End Tests Complete Workflow - Production Environment should enforce stricter quality gates in production" name="AI Review System End-to-End Tests Complete Workflow - Production Environment should enforce stricter quality gates in production" time="0.056">
      <failure>Error: context.repo requires a GITHUB_REPOSITORY environment variable like &apos;owner/repo&apos;
    at Context.get repo [as repo] (C:\Users\eposh\OneDrive\Desktop\Dikshant\jenkins\github-review-plugin\node_modules\@actions\github\src\context.ts:79:11)
    at new repo (C:\Users\eposh\OneDrive\Desktop\Dikshant\jenkins\github-review-plugin\src\actions\ai-review-action.js:61:25)
    at Object.&lt;anonymous&gt; (C:\Users\eposh\OneDrive\Desktop\Dikshant\jenkins\github-review-plugin\tests\integration\end-to-end.test.js:160:22)
    at Promise.then.completed (C:\Users\eposh\OneDrive\Desktop\Dikshant\jenkins\github-review-plugin\node_modules\jest-circus\build\utils.js:298:28)
    at new Promise (&lt;anonymous&gt;)
    at callAsyncCircusFn (C:\Users\eposh\OneDrive\Desktop\Dikshant\jenkins\github-review-plugin\node_modules\jest-circus\build\utils.js:231:10)
    at _callCircusHook (C:\Users\eposh\OneDrive\Desktop\Dikshant\jenkins\github-review-plugin\node_modules\jest-circus\build\run.js:281:40)
    at processTicksAndRejections (node:internal/process/task_queues:105:5)
    at _runTest (C:\Users\eposh\OneDrive\Desktop\Dikshant\jenkins\github-review-plugin\node_modules\jest-circus\build\run.js:246:5)
    at _runTestsForDescribeBlock (C:\Users\eposh\OneDrive\Desktop\Dikshant\jenkins\github-review-plugin\node_modules\jest-circus\build\run.js:126:9)
    at _runTestsForDescribeBlock (C:\Users\eposh\OneDrive\Desktop\Dikshant\jenkins\github-review-plugin\node_modules\jest-circus\build\run.js:121:9)
    at _runTestsForDescribeBlock (C:\Users\eposh\OneDrive\Desktop\Dikshant\jenkins\github-review-plugin\node_modules\jest-circus\build\run.js:121:9)
    at run (C:\Users\eposh\OneDrive\Desktop\Dikshant\jenkins\github-review-plugin\node_modules\jest-circus\build\run.js:71:3)
    at runAndTransformResultsToJestFormat (C:\Users\eposh\OneDrive\Desktop\Dikshant\jenkins\github-review-plugin\node_modules\jest-circus\build\legacy-code-todo-rewrite\jestAdapterInit.js:122:21)
    at jestAdapter (C:\Users\eposh\OneDrive\Desktop\Dikshant\jenkins\github-review-plugin\node_modules\jest-circus\build\legacy-code-todo-rewrite\jestAdapter.js:79:19)
    at runTestInternal (C:\Users\eposh\OneDrive\Desktop\Dikshant\jenkins\github-review-plugin\node_modules\jest-runner\build\runTest.js:367:16)
    at runTest (C:\Users\eposh\OneDrive\Desktop\Dikshant\jenkins\github-review-plugin\node_modules\jest-runner\build\runTest.js:444:34)
    at Object.worker (C:\Users\eposh\OneDrive\Desktop\Dikshant\jenkins\github-review-plugin\node_modules\jest-runner\build\testWorker.js:106:12)</failure>
    </testcase>
    <testcase classname="AI Review System End-to-End Tests Error Recovery and Resilience should handle configuration errors gracefully" name="AI Review System End-to-End Tests Error Recovery and Resilience should handle configuration errors gracefully" time="0.017">
      <failure>Error: context.repo requires a GITHUB_REPOSITORY environment variable like &apos;owner/repo&apos;
    at Context.get repo [as repo] (C:\Users\eposh\OneDrive\Desktop\Dikshant\jenkins\github-review-plugin\node_modules\@actions\github\src\context.ts:79:11)
    at new repo (C:\Users\eposh\OneDrive\Desktop\Dikshant\jenkins\github-review-plugin\src\actions\ai-review-action.js:61:25)
    at Object.&lt;anonymous&gt; (C:\Users\eposh\OneDrive\Desktop\Dikshant\jenkins\github-review-plugin\tests\integration\end-to-end.test.js:160:22)
    at Promise.then.completed (C:\Users\eposh\OneDrive\Desktop\Dikshant\jenkins\github-review-plugin\node_modules\jest-circus\build\utils.js:298:28)
    at new Promise (&lt;anonymous&gt;)
    at callAsyncCircusFn (C:\Users\eposh\OneDrive\Desktop\Dikshant\jenkins\github-review-plugin\node_modules\jest-circus\build\utils.js:231:10)
    at _callCircusHook (C:\Users\eposh\OneDrive\Desktop\Dikshant\jenkins\github-review-plugin\node_modules\jest-circus\build\run.js:281:40)
    at processTicksAndRejections (node:internal/process/task_queues:105:5)
    at _runTest (C:\Users\eposh\OneDrive\Desktop\Dikshant\jenkins\github-review-plugin\node_modules\jest-circus\build\run.js:246:5)
    at _runTestsForDescribeBlock (C:\Users\eposh\OneDrive\Desktop\Dikshant\jenkins\github-review-plugin\node_modules\jest-circus\build\run.js:126:9)
    at _runTestsForDescribeBlock (C:\Users\eposh\OneDrive\Desktop\Dikshant\jenkins\github-review-plugin\node_modules\jest-circus\build\run.js:121:9)
    at _runTestsForDescribeBlock (C:\Users\eposh\OneDrive\Desktop\Dikshant\jenkins\github-review-plugin\node_modules\jest-circus\build\run.js:121:9)
    at run (C:\Users\eposh\OneDrive\Desktop\Dikshant\jenkins\github-review-plugin\node_modules\jest-circus\build\run.js:71:3)
    at runAndTransformResultsToJestFormat (C:\Users\eposh\OneDrive\Desktop\Dikshant\jenkins\github-review-plugin\node_modules\jest-circus\build\legacy-code-todo-rewrite\jestAdapterInit.js:122:21)
    at jestAdapter (C:\Users\eposh\OneDrive\Desktop\Dikshant\jenkins\github-review-plugin\node_modules\jest-circus\build\legacy-code-todo-rewrite\jestAdapter.js:79:19)
    at runTestInternal (C:\Users\eposh\OneDrive\Desktop\Dikshant\jenkins\github-review-plugin\node_modules\jest-runner\build\runTest.js:367:16)
    at runTest (C:\Users\eposh\OneDrive\Desktop\Dikshant\jenkins\github-review-plugin\node_modules\jest-runner\build\runTest.js:444:34)
    at Object.worker (C:\Users\eposh\OneDrive\Desktop\Dikshant\jenkins\github-review-plugin\node_modules\jest-runner\build\testWorker.js:106:12)</failure>
    </testcase>
    <testcase classname="AI Review System End-to-End Tests Error Recovery and Resilience should handle GitHub API failures gracefully" name="AI Review System End-to-End Tests Error Recovery and Resilience should handle GitHub API failures gracefully" time="0.026">
      <failure>Error: context.repo requires a GITHUB_REPOSITORY environment variable like &apos;owner/repo&apos;
    at Context.get repo [as repo] (C:\Users\eposh\OneDrive\Desktop\Dikshant\jenkins\github-review-plugin\node_modules\@actions\github\src\context.ts:79:11)
    at new repo (C:\Users\eposh\OneDrive\Desktop\Dikshant\jenkins\github-review-plugin\src\actions\ai-review-action.js:61:25)
    at Object.&lt;anonymous&gt; (C:\Users\eposh\OneDrive\Desktop\Dikshant\jenkins\github-review-plugin\tests\integration\end-to-end.test.js:160:22)
    at Promise.then.completed (C:\Users\eposh\OneDrive\Desktop\Dikshant\jenkins\github-review-plugin\node_modules\jest-circus\build\utils.js:298:28)
    at new Promise (&lt;anonymous&gt;)
    at callAsyncCircusFn (C:\Users\eposh\OneDrive\Desktop\Dikshant\jenkins\github-review-plugin\node_modules\jest-circus\build\utils.js:231:10)
    at _callCircusHook (C:\Users\eposh\OneDrive\Desktop\Dikshant\jenkins\github-review-plugin\node_modules\jest-circus\build\run.js:281:40)
    at processTicksAndRejections (node:internal/process/task_queues:105:5)
    at _runTest (C:\Users\eposh\OneDrive\Desktop\Dikshant\jenkins\github-review-plugin\node_modules\jest-circus\build\run.js:246:5)
    at _runTestsForDescribeBlock (C:\Users\eposh\OneDrive\Desktop\Dikshant\jenkins\github-review-plugin\node_modules\jest-circus\build\run.js:126:9)
    at _runTestsForDescribeBlock (C:\Users\eposh\OneDrive\Desktop\Dikshant\jenkins\github-review-plugin\node_modules\jest-circus\build\run.js:121:9)
    at _runTestsForDescribeBlock (C:\Users\eposh\OneDrive\Desktop\Dikshant\jenkins\github-review-plugin\node_modules\jest-circus\build\run.js:121:9)
    at run (C:\Users\eposh\OneDrive\Desktop\Dikshant\jenkins\github-review-plugin\node_modules\jest-circus\build\run.js:71:3)
    at runAndTransformResultsToJestFormat (C:\Users\eposh\OneDrive\Desktop\Dikshant\jenkins\github-review-plugin\node_modules\jest-circus\build\legacy-code-todo-rewrite\jestAdapterInit.js:122:21)
    at jestAdapter (C:\Users\eposh\OneDrive\Desktop\Dikshant\jenkins\github-review-plugin\node_modules\jest-circus\build\legacy-code-todo-rewrite\jestAdapter.js:79:19)
    at runTestInternal (C:\Users\eposh\OneDrive\Desktop\Dikshant\jenkins\github-review-plugin\node_modules\jest-runner\build\runTest.js:367:16)
    at runTest (C:\Users\eposh\OneDrive\Desktop\Dikshant\jenkins\github-review-plugin\node_modules\jest-runner\build\runTest.js:444:34)
    at Object.worker (C:\Users\eposh\OneDrive\Desktop\Dikshant\jenkins\github-review-plugin\node_modules\jest-runner\build\testWorker.js:106:12)</failure>
    </testcase>
    <testcase classname="AI Review System End-to-End Tests Error Recovery and Resilience should handle AI API failures gracefully" name="AI Review System End-to-End Tests Error Recovery and Resilience should handle AI API failures gracefully" time="0.011">
      <failure>Error: context.repo requires a GITHUB_REPOSITORY environment variable like &apos;owner/repo&apos;
    at Context.get repo [as repo] (C:\Users\eposh\OneDrive\Desktop\Dikshant\jenkins\github-review-plugin\node_modules\@actions\github\src\context.ts:79:11)
    at new repo (C:\Users\eposh\OneDrive\Desktop\Dikshant\jenkins\github-review-plugin\src\actions\ai-review-action.js:61:25)
    at Object.&lt;anonymous&gt; (C:\Users\eposh\OneDrive\Desktop\Dikshant\jenkins\github-review-plugin\tests\integration\end-to-end.test.js:160:22)
    at Promise.then.completed (C:\Users\eposh\OneDrive\Desktop\Dikshant\jenkins\github-review-plugin\node_modules\jest-circus\build\utils.js:298:28)
    at new Promise (&lt;anonymous&gt;)
    at callAsyncCircusFn (C:\Users\eposh\OneDrive\Desktop\Dikshant\jenkins\github-review-plugin\node_modules\jest-circus\build\utils.js:231:10)
    at _callCircusHook (C:\Users\eposh\OneDrive\Desktop\Dikshant\jenkins\github-review-plugin\node_modules\jest-circus\build\run.js:281:40)
    at processTicksAndRejections (node:internal/process/task_queues:105:5)
    at _runTest (C:\Users\eposh\OneDrive\Desktop\Dikshant\jenkins\github-review-plugin\node_modules\jest-circus\build\run.js:246:5)
    at _runTestsForDescribeBlock (C:\Users\eposh\OneDrive\Desktop\Dikshant\jenkins\github-review-plugin\node_modules\jest-circus\build\run.js:126:9)
    at _runTestsForDescribeBlock (C:\Users\eposh\OneDrive\Desktop\Dikshant\jenkins\github-review-plugin\node_modules\jest-circus\build\run.js:121:9)
    at _runTestsForDescribeBlock (C:\Users\eposh\OneDrive\Desktop\Dikshant\jenkins\github-review-plugin\node_modules\jest-circus\build\run.js:121:9)
    at run (C:\Users\eposh\OneDrive\Desktop\Dikshant\jenkins\github-review-plugin\node_modules\jest-circus\build\run.js:71:3)
    at runAndTransformResultsToJestFormat (C:\Users\eposh\OneDrive\Desktop\Dikshant\jenkins\github-review-plugin\node_modules\jest-circus\build\legacy-code-todo-rewrite\jestAdapterInit.js:122:21)
    at jestAdapter (C:\Users\eposh\OneDrive\Desktop\Dikshant\jenkins\github-review-plugin\node_modules\jest-circus\build\legacy-code-todo-rewrite\jestAdapter.js:79:19)
    at runTestInternal (C:\Users\eposh\OneDrive\Desktop\Dikshant\jenkins\github-review-plugin\node_modules\jest-runner\build\runTest.js:367:16)
    at runTest (C:\Users\eposh\OneDrive\Desktop\Dikshant\jenkins\github-review-plugin\node_modules\jest-runner\build\runTest.js:444:34)
    at Object.worker (C:\Users\eposh\OneDrive\Desktop\Dikshant\jenkins\github-review-plugin\node_modules\jest-runner\build\testWorker.js:106:12)</failure>
    </testcase>
    <testcase classname="AI Review System End-to-End Tests Error Recovery and Resilience should handle email notification failures gracefully" name="AI Review System End-to-End Tests Error Recovery and Resilience should handle email notification failures gracefully" time="0.027">
      <failure>Error: context.repo requires a GITHUB_REPOSITORY environment variable like &apos;owner/repo&apos;
    at Context.get repo [as repo] (C:\Users\eposh\OneDrive\Desktop\Dikshant\jenkins\github-review-plugin\node_modules\@actions\github\src\context.ts:79:11)
    at new repo (C:\Users\eposh\OneDrive\Desktop\Dikshant\jenkins\github-review-plugin\src\actions\ai-review-action.js:61:25)
    at Object.&lt;anonymous&gt; (C:\Users\eposh\OneDrive\Desktop\Dikshant\jenkins\github-review-plugin\tests\integration\end-to-end.test.js:160:22)
    at Promise.then.completed (C:\Users\eposh\OneDrive\Desktop\Dikshant\jenkins\github-review-plugin\node_modules\jest-circus\build\utils.js:298:28)
    at new Promise (&lt;anonymous&gt;)
    at callAsyncCircusFn (C:\Users\eposh\OneDrive\Desktop\Dikshant\jenkins\github-review-plugin\node_modules\jest-circus\build\utils.js:231:10)
    at _callCircusHook (C:\Users\eposh\OneDrive\Desktop\Dikshant\jenkins\github-review-plugin\node_modules\jest-circus\build\run.js:281:40)
    at processTicksAndRejections (node:internal/process/task_queues:105:5)
    at _runTest (C:\Users\eposh\OneDrive\Desktop\Dikshant\jenkins\github-review-plugin\node_modules\jest-circus\build\run.js:246:5)
    at _runTestsForDescribeBlock (C:\Users\eposh\OneDrive\Desktop\Dikshant\jenkins\github-review-plugin\node_modules\jest-circus\build\run.js:126:9)
    at _runTestsForDescribeBlock (C:\Users\eposh\OneDrive\Desktop\Dikshant\jenkins\github-review-plugin\node_modules\jest-circus\build\run.js:121:9)
    at _runTestsForDescribeBlock (C:\Users\eposh\OneDrive\Desktop\Dikshant\jenkins\github-review-plugin\node_modules\jest-circus\build\run.js:121:9)
    at run (C:\Users\eposh\OneDrive\Desktop\Dikshant\jenkins\github-review-plugin\node_modules\jest-circus\build\run.js:71:3)
    at runAndTransformResultsToJestFormat (C:\Users\eposh\OneDrive\Desktop\Dikshant\jenkins\github-review-plugin\node_modules\jest-circus\build\legacy-code-todo-rewrite\jestAdapterInit.js:122:21)
    at jestAdapter (C:\Users\eposh\OneDrive\Desktop\Dikshant\jenkins\github-review-plugin\node_modules\jest-circus\build\legacy-code-todo-rewrite\jestAdapter.js:79:19)
    at runTestInternal (C:\Users\eposh\OneDrive\Desktop\Dikshant\jenkins\github-review-plugin\node_modules\jest-runner\build\runTest.js:367:16)
    at runTest (C:\Users\eposh\OneDrive\Desktop\Dikshant\jenkins\github-review-plugin\node_modules\jest-runner\build\runTest.js:444:34)
    at Object.worker (C:\Users\eposh\OneDrive\Desktop\Dikshant\jenkins\github-review-plugin\node_modules\jest-runner\build\testWorker.js:106:12)</failure>
    </testcase>
    <testcase classname="AI Review System End-to-End Tests Performance and Scalability should handle large numbers of files efficiently" name="AI Review System End-to-End Tests Performance and Scalability should handle large numbers of files efficiently" time="0.012">
      <failure>Error: context.repo requires a GITHUB_REPOSITORY environment variable like &apos;owner/repo&apos;
    at Context.get repo [as repo] (C:\Users\eposh\OneDrive\Desktop\Dikshant\jenkins\github-review-plugin\node_modules\@actions\github\src\context.ts:79:11)
    at new repo (C:\Users\eposh\OneDrive\Desktop\Dikshant\jenkins\github-review-plugin\src\actions\ai-review-action.js:61:25)
    at Object.&lt;anonymous&gt; (C:\Users\eposh\OneDrive\Desktop\Dikshant\jenkins\github-review-plugin\tests\integration\end-to-end.test.js:160:22)
    at Promise.then.completed (C:\Users\eposh\OneDrive\Desktop\Dikshant\jenkins\github-review-plugin\node_modules\jest-circus\build\utils.js:298:28)
    at new Promise (&lt;anonymous&gt;)
    at callAsyncCircusFn (C:\Users\eposh\OneDrive\Desktop\Dikshant\jenkins\github-review-plugin\node_modules\jest-circus\build\utils.js:231:10)
    at _callCircusHook (C:\Users\eposh\OneDrive\Desktop\Dikshant\jenkins\github-review-plugin\node_modules\jest-circus\build\run.js:281:40)
    at processTicksAndRejections (node:internal/process/task_queues:105:5)
    at _runTest (C:\Users\eposh\OneDrive\Desktop\Dikshant\jenkins\github-review-plugin\node_modules\jest-circus\build\run.js:246:5)
    at _runTestsForDescribeBlock (C:\Users\eposh\OneDrive\Desktop\Dikshant\jenkins\github-review-plugin\node_modules\jest-circus\build\run.js:126:9)
    at _runTestsForDescribeBlock (C:\Users\eposh\OneDrive\Desktop\Dikshant\jenkins\github-review-plugin\node_modules\jest-circus\build\run.js:121:9)
    at _runTestsForDescribeBlock (C:\Users\eposh\OneDrive\Desktop\Dikshant\jenkins\github-review-plugin\node_modules\jest-circus\build\run.js:121:9)
    at run (C:\Users\eposh\OneDrive\Desktop\Dikshant\jenkins\github-review-plugin\node_modules\jest-circus\build\run.js:71:3)
    at runAndTransformResultsToJestFormat (C:\Users\eposh\OneDrive\Desktop\Dikshant\jenkins\github-review-plugin\node_modules\jest-circus\build\legacy-code-todo-rewrite\jestAdapterInit.js:122:21)
    at jestAdapter (C:\Users\eposh\OneDrive\Desktop\Dikshant\jenkins\github-review-plugin\node_modules\jest-circus\build\legacy-code-todo-rewrite\jestAdapter.js:79:19)
    at runTestInternal (C:\Users\eposh\OneDrive\Desktop\Dikshant\jenkins\github-review-plugin\node_modules\jest-runner\build\runTest.js:367:16)
    at runTest (C:\Users\eposh\OneDrive\Desktop\Dikshant\jenkins\github-review-plugin\node_modules\jest-runner\build\runTest.js:444:34)
    at Object.worker (C:\Users\eposh\OneDrive\Desktop\Dikshant\jenkins\github-review-plugin\node_modules\jest-runner\build\testWorker.js:106:12)</failure>
    </testcase>
    <testcase classname="AI Review System End-to-End Tests Performance and Scalability should handle large AI responses efficiently" name="AI Review System End-to-End Tests Performance and Scalability should handle large AI responses efficiently" time="0.03">
      <failure>Error: context.repo requires a GITHUB_REPOSITORY environment variable like &apos;owner/repo&apos;
    at Context.get repo [as repo] (C:\Users\eposh\OneDrive\Desktop\Dikshant\jenkins\github-review-plugin\node_modules\@actions\github\src\context.ts:79:11)
    at new repo (C:\Users\eposh\OneDrive\Desktop\Dikshant\jenkins\github-review-plugin\src\actions\ai-review-action.js:61:25)
    at Object.&lt;anonymous&gt; (C:\Users\eposh\OneDrive\Desktop\Dikshant\jenkins\github-review-plugin\tests\integration\end-to-end.test.js:160:22)
    at Promise.then.completed (C:\Users\eposh\OneDrive\Desktop\Dikshant\jenkins\github-review-plugin\node_modules\jest-circus\build\utils.js:298:28)
    at new Promise (&lt;anonymous&gt;)
    at callAsyncCircusFn (C:\Users\eposh\OneDrive\Desktop\Dikshant\jenkins\github-review-plugin\node_modules\jest-circus\build\utils.js:231:10)
    at _callCircusHook (C:\Users\eposh\OneDrive\Desktop\Dikshant\jenkins\github-review-plugin\node_modules\jest-circus\build\run.js:281:40)
    at processTicksAndRejections (node:internal/process/task_queues:105:5)
    at _runTest (C:\Users\eposh\OneDrive\Desktop\Dikshant\jenkins\github-review-plugin\node_modules\jest-circus\build\run.js:246:5)
    at _runTestsForDescribeBlock (C:\Users\eposh\OneDrive\Desktop\Dikshant\jenkins\github-review-plugin\node_modules\jest-circus\build\run.js:126:9)
    at _runTestsForDescribeBlock (C:\Users\eposh\OneDrive\Desktop\Dikshant\jenkins\github-review-plugin\node_modules\jest-circus\build\run.js:121:9)
    at _runTestsForDescribeBlock (C:\Users\eposh\OneDrive\Desktop\Dikshant\jenkins\github-review-plugin\node_modules\jest-circus\build\run.js:121:9)
    at run (C:\Users\eposh\OneDrive\Desktop\Dikshant\jenkins\github-review-plugin\node_modules\jest-circus\build\run.js:71:3)
    at runAndTransformResultsToJestFormat (C:\Users\eposh\OneDrive\Desktop\Dikshant\jenkins\github-review-plugin\node_modules\jest-circus\build\legacy-code-todo-rewrite\jestAdapterInit.js:122:21)
    at jestAdapter (C:\Users\eposh\OneDrive\Desktop\Dikshant\jenkins\github-review-plugin\node_modules\jest-circus\build\legacy-code-todo-rewrite\jestAdapter.js:79:19)
    at runTestInternal (C:\Users\eposh\OneDrive\Desktop\Dikshant\jenkins\github-review-plugin\node_modules\jest-runner\build\runTest.js:367:16)
    at runTest (C:\Users\eposh\OneDrive\Desktop\Dikshant\jenkins\github-review-plugin\node_modules\jest-runner\build\runTest.js:444:34)
    at Object.worker (C:\Users\eposh\OneDrive\Desktop\Dikshant\jenkins\github-review-plugin\node_modules\jest-runner\build\testWorker.js:106:12)</failure>
    </testcase>
    <testcase classname="AI Review System End-to-End Tests Data Consistency and Validation should maintain data consistency throughout the workflow" name="AI Review System End-to-End Tests Data Consistency and Validation should maintain data consistency throughout the workflow" time="0.023">
      <failure>Error: context.repo requires a GITHUB_REPOSITORY environment variable like &apos;owner/repo&apos;
    at Context.get repo [as repo] (C:\Users\eposh\OneDrive\Desktop\Dikshant\jenkins\github-review-plugin\node_modules\@actions\github\src\context.ts:79:11)
    at new repo (C:\Users\eposh\OneDrive\Desktop\Dikshant\jenkins\github-review-plugin\src\actions\ai-review-action.js:61:25)
    at Object.&lt;anonymous&gt; (C:\Users\eposh\OneDrive\Desktop\Dikshant\jenkins\github-review-plugin\tests\integration\end-to-end.test.js:160:22)
    at Promise.then.completed (C:\Users\eposh\OneDrive\Desktop\Dikshant\jenkins\github-review-plugin\node_modules\jest-circus\build\utils.js:298:28)
    at new Promise (&lt;anonymous&gt;)
    at callAsyncCircusFn (C:\Users\eposh\OneDrive\Desktop\Dikshant\jenkins\github-review-plugin\node_modules\jest-circus\build\utils.js:231:10)
    at _callCircusHook (C:\Users\eposh\OneDrive\Desktop\Dikshant\jenkins\github-review-plugin\node_modules\jest-circus\build\run.js:281:40)
    at processTicksAndRejections (node:internal/process/task_queues:105:5)
    at _runTest (C:\Users\eposh\OneDrive\Desktop\Dikshant\jenkins\github-review-plugin\node_modules\jest-circus\build\run.js:246:5)
    at _runTestsForDescribeBlock (C:\Users\eposh\OneDrive\Desktop\Dikshant\jenkins\github-review-plugin\node_modules\jest-circus\build\run.js:126:9)
    at _runTestsForDescribeBlock (C:\Users\eposh\OneDrive\Desktop\Dikshant\jenkins\github-review-plugin\node_modules\jest-circus\build\run.js:121:9)
    at _runTestsForDescribeBlock (C:\Users\eposh\OneDrive\Desktop\Dikshant\jenkins\github-review-plugin\node_modules\jest-circus\build\run.js:121:9)
    at run (C:\Users\eposh\OneDrive\Desktop\Dikshant\jenkins\github-review-plugin\node_modules\jest-circus\build\run.js:71:3)
    at runAndTransformResultsToJestFormat (C:\Users\eposh\OneDrive\Desktop\Dikshant\jenkins\github-review-plugin\node_modules\jest-circus\build\legacy-code-todo-rewrite\jestAdapterInit.js:122:21)
    at jestAdapter (C:\Users\eposh\OneDrive\Desktop\Dikshant\jenkins\github-review-plugin\node_modules\jest-circus\build\legacy-code-todo-rewrite\jestAdapter.js:79:19)
    at runTestInternal (C:\Users\eposh\OneDrive\Desktop\Dikshant\jenkins\github-review-plugin\node_modules\jest-runner\build\runTest.js:367:16)
    at runTest (C:\Users\eposh\OneDrive\Desktop\Dikshant\jenkins\github-review-plugin\node_modules\jest-runner\build\runTest.js:444:34)
    at Object.worker (C:\Users\eposh\OneDrive\Desktop\Dikshant\jenkins\github-review-plugin\node_modules\jest-runner\build\testWorker.js:106:12)</failure>
    </testcase>
    <testcase classname="AI Review System End-to-End Tests Data Consistency and Validation should validate all data structures throughout the workflow" name="AI Review System End-to-End Tests Data Consistency and Validation should validate all data structures throughout the workflow" time="0.027">
      <failure>Error: context.repo requires a GITHUB_REPOSITORY environment variable like &apos;owner/repo&apos;
    at Context.get repo [as repo] (C:\Users\eposh\OneDrive\Desktop\Dikshant\jenkins\github-review-plugin\node_modules\@actions\github\src\context.ts:79:11)
    at new repo (C:\Users\eposh\OneDrive\Desktop\Dikshant\jenkins\github-review-plugin\src\actions\ai-review-action.js:61:25)
    at Object.&lt;anonymous&gt; (C:\Users\eposh\OneDrive\Desktop\Dikshant\jenkins\github-review-plugin\tests\integration\end-to-end.test.js:160:22)
    at Promise.then.completed (C:\Users\eposh\OneDrive\Desktop\Dikshant\jenkins\github-review-plugin\node_modules\jest-circus\build\utils.js:298:28)
    at new Promise (&lt;anonymous&gt;)
    at callAsyncCircusFn (C:\Users\eposh\OneDrive\Desktop\Dikshant\jenkins\github-review-plugin\node_modules\jest-circus\build\utils.js:231:10)
    at _callCircusHook (C:\Users\eposh\OneDrive\Desktop\Dikshant\jenkins\github-review-plugin\node_modules\jest-circus\build\run.js:281:40)
    at processTicksAndRejections (node:internal/process/task_queues:105:5)
    at _runTest (C:\Users\eposh\OneDrive\Desktop\Dikshant\jenkins\github-review-plugin\node_modules\jest-circus\build\run.js:246:5)
    at _runTestsForDescribeBlock (C:\Users\eposh\OneDrive\Desktop\Dikshant\jenkins\github-review-plugin\node_modules\jest-circus\build\run.js:126:9)
    at _runTestsForDescribeBlock (C:\Users\eposh\OneDrive\Desktop\Dikshant\jenkins\github-review-plugin\node_modules\jest-circus\build\run.js:121:9)
    at _runTestsForDescribeBlock (C:\Users\eposh\OneDrive\Desktop\Dikshant\jenkins\github-review-plugin\node_modules\jest-circus\build\run.js:121:9)
    at run (C:\Users\eposh\OneDrive\Desktop\Dikshant\jenkins\github-review-plugin\node_modules\jest-circus\build\run.js:71:3)
    at runAndTransformResultsToJestFormat (C:\Users\eposh\OneDrive\Desktop\Dikshant\jenkins\github-review-plugin\node_modules\jest-circus\build\legacy-code-todo-rewrite\jestAdapterInit.js:122:21)
    at jestAdapter (C:\Users\eposh\OneDrive\Desktop\Dikshant\jenkins\github-review-plugin\node_modules\jest-circus\build\legacy-code-todo-rewrite\jestAdapter.js:79:19)
    at runTestInternal (C:\Users\eposh\OneDrive\Desktop\Dikshant\jenkins\github-review-plugin\node_modules\jest-runner\build\runTest.js:367:16)
    at runTest (C:\Users\eposh\OneDrive\Desktop\Dikshant\jenkins\github-review-plugin\node_modules\jest-runner\build\runTest.js:444:34)
    at Object.worker (C:\Users\eposh\OneDrive\Desktop\Dikshant\jenkins\github-review-plugin\node_modules\jest-runner\build\testWorker.js:106:12)</failure>
    </testcase>
  </testsuite>
  <testsuite name="AI Review System End-to-End Tests" errors="0" failures="10" skipped="0" timestamp="2025-09-03T15:32:02" time="10.44" tests="10">
    <testcase classname="AI Review System End-to-End Tests Complete Workflow - Development Environment should complete full review workflow in development environment" name="AI Review System End-to-End Tests Complete Workflow - Development Environment should complete full review workflow in development environment" time="0.433">
      <failure>Error: context.repo requires a GITHUB_REPOSITORY environment variable like &apos;owner/repo&apos;
    at Context.get repo [as repo] (C:\Users\eposh\OneDrive\Desktop\Dikshant\jenkins\github-review-plugin\node_modules\@actions\github\src\context.ts:79:11)
    at new repo (C:\Users\eposh\OneDrive\Desktop\Dikshant\jenkins\github-review-plugin\src\actions\ai-review-action.js:61:25)
    at Object.&lt;anonymous&gt; (C:\Users\eposh\OneDrive\Desktop\Dikshant\jenkins\github-review-plugin\tests\integration\end-to-end.test.js:160:22)
    at Promise.then.completed (C:\Users\eposh\OneDrive\Desktop\Dikshant\jenkins\github-review-plugin\node_modules\jest-circus\build\utils.js:298:28)
    at new Promise (&lt;anonymous&gt;)
    at callAsyncCircusFn (C:\Users\eposh\OneDrive\Desktop\Dikshant\jenkins\github-review-plugin\node_modules\jest-circus\build\utils.js:231:10)
    at _callCircusHook (C:\Users\eposh\OneDrive\Desktop\Dikshant\jenkins\github-review-plugin\node_modules\jest-circus\build\run.js:281:40)
    at processTicksAndRejections (node:internal/process/task_queues:105:5)
    at _runTest (C:\Users\eposh\OneDrive\Desktop\Dikshant\jenkins\github-review-plugin\node_modules\jest-circus\build\run.js:246:5)
    at _runTestsForDescribeBlock (C:\Users\eposh\OneDrive\Desktop\Dikshant\jenkins\github-review-plugin\node_modules\jest-circus\build\run.js:126:9)
    at _runTestsForDescribeBlock (C:\Users\eposh\OneDrive\Desktop\Dikshant\jenkins\github-review-plugin\node_modules\jest-circus\build\run.js:121:9)
    at _runTestsForDescribeBlock (C:\Users\eposh\OneDrive\Desktop\Dikshant\jenkins\github-review-plugin\node_modules\jest-circus\build\run.js:121:9)
    at run (C:\Users\eposh\OneDrive\Desktop\Dikshant\jenkins\github-review-plugin\node_modules\jest-circus\build\run.js:71:3)
    at runAndTransformResultsToJestFormat (C:\Users\eposh\OneDrive\Desktop\Dikshant\jenkins\github-review-plugin\node_modules\jest-circus\build\legacy-code-todo-rewrite\jestAdapterInit.js:122:21)
    at jestAdapter (C:\Users\eposh\OneDrive\Desktop\Dikshant\jenkins\github-review-plugin\node_modules\jest-circus\build\legacy-code-todo-rewrite\jestAdapter.js:79:19)
    at runTestInternal (C:\Users\eposh\OneDrive\Desktop\Dikshant\jenkins\github-review-plugin\node_modules\jest-runner\build\runTest.js:367:16)
    at runTest (C:\Users\eposh\OneDrive\Desktop\Dikshant\jenkins\github-review-plugin\node_modules\jest-runner\build\runTest.js:444:34)
    at Object.worker (C:\Users\eposh\OneDrive\Desktop\Dikshant\jenkins\github-review-plugin\node_modules\jest-runner\build\testWorker.js:106:12)</failure>
    </testcase>
    <testcase classname="AI Review System End-to-End Tests Complete Workflow - Production Environment should enforce stricter quality gates in production" name="AI Review System End-to-End Tests Complete Workflow - Production Environment should enforce stricter quality gates in production" time="0.036">
      <failure>Error: context.repo requires a GITHUB_REPOSITORY environment variable like &apos;owner/repo&apos;
    at Context.get repo [as repo] (C:\Users\eposh\OneDrive\Desktop\Dikshant\jenkins\github-review-plugin\node_modules\@actions\github\src\context.ts:79:11)
    at new repo (C:\Users\eposh\OneDrive\Desktop\Dikshant\jenkins\github-review-plugin\src\actions\ai-review-action.js:61:25)
    at Object.&lt;anonymous&gt; (C:\Users\eposh\OneDrive\Desktop\Dikshant\jenkins\github-review-plugin\tests\integration\end-to-end.test.js:160:22)
    at Promise.then.completed (C:\Users\eposh\OneDrive\Desktop\Dikshant\jenkins\github-review-plugin\node_modules\jest-circus\build\utils.js:298:28)
    at new Promise (&lt;anonymous&gt;)
    at callAsyncCircusFn (C:\Users\eposh\OneDrive\Desktop\Dikshant\jenkins\github-review-plugin\node_modules\jest-circus\build\utils.js:231:10)
    at _callCircusHook (C:\Users\eposh\OneDrive\Desktop\Dikshant\jenkins\github-review-plugin\node_modules\jest-circus\build\run.js:281:40)
    at processTicksAndRejections (node:internal/process/task_queues:105:5)
    at _runTest (C:\Users\eposh\OneDrive\Desktop\Dikshant\jenkins\github-review-plugin\node_modules\jest-circus\build\run.js:246:5)
    at _runTestsForDescribeBlock (C:\Users\eposh\OneDrive\Desktop\Dikshant\jenkins\github-review-plugin\node_modules\jest-circus\build\run.js:126:9)
    at _runTestsForDescribeBlock (C:\Users\eposh\OneDrive\Desktop\Dikshant\jenkins\github-review-plugin\node_modules\jest-circus\build\run.js:121:9)
    at _runTestsForDescribeBlock (C:\Users\eposh\OneDrive\Desktop\Dikshant\jenkins\github-review-plugin\node_modules\jest-circus\build\run.js:121:9)
    at run (C:\Users\eposh\OneDrive\Desktop\Dikshant\jenkins\github-review-plugin\node_modules\jest-circus\build\run.js:71:3)
    at runAndTransformResultsToJestFormat (C:\Users\eposh\OneDrive\Desktop\Dikshant\jenkins\github-review-plugin\node_modules\jest-circus\build\legacy-code-todo-rewrite\jestAdapterInit.js:122:21)
    at jestAdapter (C:\Users\eposh\OneDrive\Desktop\Dikshant\jenkins\github-review-plugin\node_modules\jest-circus\build\legacy-code-todo-rewrite\jestAdapter.js:79:19)
    at runTestInternal (C:\Users\eposh\OneDrive\Desktop\Dikshant\jenkins\github-review-plugin\node_modules\jest-runner\build\runTest.js:367:16)
    at runTest (C:\Users\eposh\OneDrive\Desktop\Dikshant\jenkins\github-review-plugin\node_modules\jest-runner\build\runTest.js:444:34)
    at Object.worker (C:\Users\eposh\OneDrive\Desktop\Dikshant\jenkins\github-review-plugin\node_modules\jest-runner\build\testWorker.js:106:12)</failure>
    </testcase>
    <testcase classname="AI Review System End-to-End Tests Error Recovery and Resilience should handle configuration errors gracefully" name="AI Review System End-to-End Tests Error Recovery and Resilience should handle configuration errors gracefully" time="0.048">
      <failure>Error: context.repo requires a GITHUB_REPOSITORY environment variable like &apos;owner/repo&apos;
    at Context.get repo [as repo] (C:\Users\eposh\OneDrive\Desktop\Dikshant\jenkins\github-review-plugin\node_modules\@actions\github\src\context.ts:79:11)
    at new repo (C:\Users\eposh\OneDrive\Desktop\Dikshant\jenkins\github-review-plugin\src\actions\ai-review-action.js:61:25)
    at Object.&lt;anonymous&gt; (C:\Users\eposh\OneDrive\Desktop\Dikshant\jenkins\github-review-plugin\tests\integration\end-to-end.test.js:160:22)
    at Promise.then.completed (C:\Users\eposh\OneDrive\Desktop\Dikshant\jenkins\github-review-plugin\node_modules\jest-circus\build\utils.js:298:28)
    at new Promise (&lt;anonymous&gt;)
    at callAsyncCircusFn (C:\Users\eposh\OneDrive\Desktop\Dikshant\jenkins\github-review-plugin\node_modules\jest-circus\build\utils.js:231:10)
    at _callCircusHook (C:\Users\eposh\OneDrive\Desktop\Dikshant\jenkins\github-review-plugin\node_modules\jest-circus\build\run.js:281:40)
    at processTicksAndRejections (node:internal/process/task_queues:105:5)
    at _runTest (C:\Users\eposh\OneDrive\Desktop\Dikshant\jenkins\github-review-plugin\node_modules\jest-circus\build\run.js:246:5)
    at _runTestsForDescribeBlock (C:\Users\eposh\OneDrive\Desktop\Dikshant\jenkins\github-review-plugin\node_modules\jest-circus\build\run.js:126:9)
    at _runTestsForDescribeBlock (C:\Users\eposh\OneDrive\Desktop\Dikshant\jenkins\github-review-plugin\node_modules\jest-circus\build\run.js:121:9)
    at _runTestsForDescribeBlock (C:\Users\eposh\OneDrive\Desktop\Dikshant\jenkins\github-review-plugin\node_modules\jest-circus\build\run.js:121:9)
    at run (C:\Users\eposh\OneDrive\Desktop\Dikshant\jenkins\github-review-plugin\node_modules\jest-circus\build\run.js:71:3)
    at runAndTransformResultsToJestFormat (C:\Users\eposh\OneDrive\Desktop\Dikshant\jenkins\github-review-plugin\node_modules\jest-circus\build\legacy-code-todo-rewrite\jestAdapterInit.js:122:21)
    at jestAdapter (C:\Users\eposh\OneDrive\Desktop\Dikshant\jenkins\github-review-plugin\node_modules\jest-circus\build\legacy-code-todo-rewrite\jestAdapter.js:79:19)
    at runTestInternal (C:\Users\eposh\OneDrive\Desktop\Dikshant\jenkins\github-review-plugin\node_modules\jest-runner\build\runTest.js:367:16)
    at runTest (C:\Users\eposh\OneDrive\Desktop\Dikshant\jenkins\github-review-plugin\node_modules\jest-runner\build\runTest.js:444:34)
    at Object.worker (C:\Users\eposh\OneDrive\Desktop\Dikshant\jenkins\github-review-plugin\node_modules\jest-runner\build\testWorker.js:106:12)</failure>
    </testcase>
    <testcase classname="AI Review System End-to-End Tests Error Recovery and Resilience should handle GitHub API failures gracefully" name="AI Review System End-to-End Tests Error Recovery and Resilience should handle GitHub API failures gracefully" time="0.041">
      <failure>Error: context.repo requires a GITHUB_REPOSITORY environment variable like &apos;owner/repo&apos;
    at Context.get repo [as repo] (C:\Users\eposh\OneDrive\Desktop\Dikshant\jenkins\github-review-plugin\node_modules\@actions\github\src\context.ts:79:11)
    at new repo (C:\Users\eposh\OneDrive\Desktop\Dikshant\jenkins\github-review-plugin\src\actions\ai-review-action.js:61:25)
    at Object.&lt;anonymous&gt; (C:\Users\eposh\OneDrive\Desktop\Dikshant\jenkins\github-review-plugin\tests\integration\end-to-end.test.js:160:22)
    at Promise.then.completed (C:\Users\eposh\OneDrive\Desktop\Dikshant\jenkins\github-review-plugin\node_modules\jest-circus\build\utils.js:298:28)
    at new Promise (&lt;anonymous&gt;)
    at callAsyncCircusFn (C:\Users\eposh\OneDrive\Desktop\Dikshant\jenkins\github-review-plugin\node_modules\jest-circus\build\utils.js:231:10)
    at _callCircusHook (C:\Users\eposh\OneDrive\Desktop\Dikshant\jenkins\github-review-plugin\node_modules\jest-circus\build\run.js:281:40)
    at processTicksAndRejections (node:internal/process/task_queues:105:5)
    at _runTest (C:\Users\eposh\OneDrive\Desktop\Dikshant\jenkins\github-review-plugin\node_modules\jest-circus\build\run.js:246:5)
    at _runTestsForDescribeBlock (C:\Users\eposh\OneDrive\Desktop\Dikshant\jenkins\github-review-plugin\node_modules\jest-circus\build\run.js:126:9)
    at _runTestsForDescribeBlock (C:\Users\eposh\OneDrive\Desktop\Dikshant\jenkins\github-review-plugin\node_modules\jest-circus\build\run.js:121:9)
    at _runTestsForDescribeBlock (C:\Users\eposh\OneDrive\Desktop\Dikshant\jenkins\github-review-plugin\node_modules\jest-circus\build\run.js:121:9)
    at run (C:\Users\eposh\OneDrive\Desktop\Dikshant\jenkins\github-review-plugin\node_modules\jest-circus\build\run.js:71:3)
    at runAndTransformResultsToJestFormat (C:\Users\eposh\OneDrive\Desktop\Dikshant\jenkins\github-review-plugin\node_modules\jest-circus\build\legacy-code-todo-rewrite\jestAdapterInit.js:122:21)
    at jestAdapter (C:\Users\eposh\OneDrive\Desktop\Dikshant\jenkins\github-review-plugin\node_modules\jest-circus\build\legacy-code-todo-rewrite\jestAdapter.js:79:19)
    at runTestInternal (C:\Users\eposh\OneDrive\Desktop\Dikshant\jenkins\github-review-plugin\node_modules\jest-runner\build\runTest.js:367:16)
    at runTest (C:\Users\eposh\OneDrive\Desktop\Dikshant\jenkins\github-review-plugin\node_modules\jest-runner\build\runTest.js:444:34)
    at Object.worker (C:\Users\eposh\OneDrive\Desktop\Dikshant\jenkins\github-review-plugin\node_modules\jest-runner\build\testWorker.js:106:12)</failure>
    </testcase>
    <testcase classname="AI Review System End-to-End Tests Error Recovery and Resilience should handle AI API failures gracefully" name="AI Review System End-to-End Tests Error Recovery and Resilience should handle AI API failures gracefully" time="0.34">
      <failure>Error: context.repo requires a GITHUB_REPOSITORY environment variable like &apos;owner/repo&apos;
    at Context.get repo [as repo] (C:\Users\eposh\OneDrive\Desktop\Dikshant\jenkins\github-review-plugin\node_modules\@actions\github\src\context.ts:79:11)
    at new repo (C:\Users\eposh\OneDrive\Desktop\Dikshant\jenkins\github-review-plugin\src\actions\ai-review-action.js:61:25)
    at Object.&lt;anonymous&gt; (C:\Users\eposh\OneDrive\Desktop\Dikshant\jenkins\github-review-plugin\tests\integration\end-to-end.test.js:160:22)
    at Promise.then.completed (C:\Users\eposh\OneDrive\Desktop\Dikshant\jenkins\github-review-plugin\node_modules\jest-circus\build\utils.js:298:28)
    at new Promise (&lt;anonymous&gt;)
    at callAsyncCircusFn (C:\Users\eposh\OneDrive\Desktop\Dikshant\jenkins\github-review-plugin\node_modules\jest-circus\build\utils.js:231:10)
    at _callCircusHook (C:\Users\eposh\OneDrive\Desktop\Dikshant\jenkins\github-review-plugin\node_modules\jest-circus\build\run.js:281:40)
    at processTicksAndRejections (node:internal/process/task_queues:105:5)
    at _runTest (C:\Users\eposh\OneDrive\Desktop\Dikshant\jenkins\github-review-plugin\node_modules\jest-circus\build\run.js:246:5)
    at _runTestsForDescribeBlock (C:\Users\eposh\OneDrive\Desktop\Dikshant\jenkins\github-review-plugin\node_modules\jest-circus\build\run.js:126:9)
    at _runTestsForDescribeBlock (C:\Users\eposh\OneDrive\Desktop\Dikshant\jenkins\github-review-plugin\node_modules\jest-circus\build\run.js:121:9)
    at _runTestsForDescribeBlock (C:\Users\eposh\OneDrive\Desktop\Dikshant\jenkins\github-review-plugin\node_modules\jest-circus\build\run.js:121:9)
    at run (C:\Users\eposh\OneDrive\Desktop\Dikshant\jenkins\github-review-plugin\node_modules\jest-circus\build\run.js:71:3)
    at runAndTransformResultsToJestFormat (C:\Users\eposh\OneDrive\Desktop\Dikshant\jenkins\github-review-plugin\node_modules\jest-circus\build\legacy-code-todo-rewrite\jestAdapterInit.js:122:21)
    at jestAdapter (C:\Users\eposh\OneDrive\Desktop\Dikshant\jenkins\github-review-plugin\node_modules\jest-circus\build\legacy-code-todo-rewrite\jestAdapter.js:79:19)
    at runTestInternal (C:\Users\eposh\OneDrive\Desktop\Dikshant\jenkins\github-review-plugin\node_modules\jest-runner\build\runTest.js:367:16)
    at runTest (C:\Users\eposh\OneDrive\Desktop\Dikshant\jenkins\github-review-plugin\node_modules\jest-runner\build\runTest.js:444:34)
    at Object.worker (C:\Users\eposh\OneDrive\Desktop\Dikshant\jenkins\github-review-plugin\node_modules\jest-runner\build\testWorker.js:106:12)</failure>
    </testcase>
    <testcase classname="AI Review System End-to-End Tests Error Recovery and Resilience should handle email notification failures gracefully" name="AI Review System End-to-End Tests Error Recovery and Resilience should handle email notification failures gracefully" time="0.009">
      <failure>Error: context.repo requires a GITHUB_REPOSITORY environment variable like &apos;owner/repo&apos;
    at Context.get repo [as repo] (C:\Users\eposh\OneDrive\Desktop\Dikshant\jenkins\github-review-plugin\node_modules\@actions\github\src\context.ts:79:11)
    at new repo (C:\Users\eposh\OneDrive\Desktop\Dikshant\jenkins\github-review-plugin\src\actions\ai-review-action.js:61:25)
    at Object.&lt;anonymous&gt; (C:\Users\eposh\OneDrive\Desktop\Dikshant\jenkins\github-review-plugin\tests\integration\end-to-end.test.js:160:22)
    at Promise.then.completed (C:\Users\eposh\OneDrive\Desktop\Dikshant\jenkins\github-review-plugin\node_modules\jest-circus\build\utils.js:298:28)
    at new Promise (&lt;anonymous&gt;)
    at callAsyncCircusFn (C:\Users\eposh\OneDrive\Desktop\Dikshant\jenkins\github-review-plugin\node_modules\jest-circus\build\utils.js:231:10)
    at _callCircusHook (C:\Users\eposh\OneDrive\Desktop\Dikshant\jenkins\github-review-plugin\node_modules\jest-circus\build\run.js:281:40)
    at processTicksAndRejections (node:internal/process/task_queues:105:5)
    at _runTest (C:\Users\eposh\OneDrive\Desktop\Dikshant\jenkins\github-review-plugin\node_modules\jest-circus\build\run.js:246:5)
    at _runTestsForDescribeBlock (C:\Users\eposh\OneDrive\Desktop\Dikshant\jenkins\github-review-plugin\node_modules\jest-circus\build\run.js:126:9)
    at _runTestsForDescribeBlock (C:\Users\eposh\OneDrive\Desktop\Dikshant\jenkins\github-review-plugin\node_modules\jest-circus\build\run.js:121:9)
    at _runTestsForDescribeBlock (C:\Users\eposh\OneDrive\Desktop\Dikshant\jenkins\github-review-plugin\node_modules\jest-circus\build\run.js:121:9)
    at run (C:\Users\eposh\OneDrive\Desktop\Dikshant\jenkins\github-review-plugin\node_modules\jest-circus\build\run.js:71:3)
    at runAndTransformResultsToJestFormat (C:\Users\eposh\OneDrive\Desktop\Dikshant\jenkins\github-review-plugin\node_modules\jest-circus\build\legacy-code-todo-rewrite\jestAdapterInit.js:122:21)
    at jestAdapter (C:\Users\eposh\OneDrive\Desktop\Dikshant\jenkins\github-review-plugin\node_modules\jest-circus\build\legacy-code-todo-rewrite\jestAdapter.js:79:19)
    at runTestInternal (C:\Users\eposh\OneDrive\Desktop\Dikshant\jenkins\github-review-plugin\node_modules\jest-runner\build\runTest.js:367:16)
    at runTest (C:\Users\eposh\OneDrive\Desktop\Dikshant\jenkins\github-review-plugin\node_modules\jest-runner\build\runTest.js:444:34)
    at Object.worker (C:\Users\eposh\OneDrive\Desktop\Dikshant\jenkins\github-review-plugin\node_modules\jest-runner\build\testWorker.js:106:12)</failure>
    </testcase>
    <testcase classname="AI Review System End-to-End Tests Performance and Scalability should handle large numbers of files efficiently" name="AI Review System End-to-End Tests Performance and Scalability should handle large numbers of files efficiently" time="0.013">
      <failure>Error: context.repo requires a GITHUB_REPOSITORY environment variable like &apos;owner/repo&apos;
    at Context.get repo [as repo] (C:\Users\eposh\OneDrive\Desktop\Dikshant\jenkins\github-review-plugin\node_modules\@actions\github\src\context.ts:79:11)
    at new repo (C:\Users\eposh\OneDrive\Desktop\Dikshant\jenkins\github-review-plugin\src\actions\ai-review-action.js:61:25)
    at Object.&lt;anonymous&gt; (C:\Users\eposh\OneDrive\Desktop\Dikshant\jenkins\github-review-plugin\tests\integration\end-to-end.test.js:160:22)
    at Promise.then.completed (C:\Users\eposh\OneDrive\Desktop\Dikshant\jenkins\github-review-plugin\node_modules\jest-circus\build\utils.js:298:28)
    at new Promise (&lt;anonymous&gt;)
    at callAsyncCircusFn (C:\Users\eposh\OneDrive\Desktop\Dikshant\jenkins\github-review-plugin\node_modules\jest-circus\build\utils.js:231:10)
    at _callCircusHook (C:\Users\eposh\OneDrive\Desktop\Dikshant\jenkins\github-review-plugin\node_modules\jest-circus\build\run.js:281:40)
    at processTicksAndRejections (node:internal/process/task_queues:105:5)
    at _runTest (C:\Users\eposh\OneDrive\Desktop\Dikshant\jenkins\github-review-plugin\node_modules\jest-circus\build\run.js:246:5)
    at _runTestsForDescribeBlock (C:\Users\eposh\OneDrive\Desktop\Dikshant\jenkins\github-review-plugin\node_modules\jest-circus\build\run.js:126:9)
    at _runTestsForDescribeBlock (C:\Users\eposh\OneDrive\Desktop\Dikshant\jenkins\github-review-plugin\node_modules\jest-circus\build\run.js:121:9)
    at _runTestsForDescribeBlock (C:\Users\eposh\OneDrive\Desktop\Dikshant\jenkins\github-review-plugin\node_modules\jest-circus\build\run.js:121:9)
    at run (C:\Users\eposh\OneDrive\Desktop\Dikshant\jenkins\github-review-plugin\node_modules\jest-circus\build\run.js:71:3)
    at runAndTransformResultsToJestFormat (C:\Users\eposh\OneDrive\Desktop\Dikshant\jenkins\github-review-plugin\node_modules\jest-circus\build\legacy-code-todo-rewrite\jestAdapterInit.js:122:21)
    at jestAdapter (C:\Users\eposh\OneDrive\Desktop\Dikshant\jenkins\github-review-plugin\node_modules\jest-circus\build\legacy-code-todo-rewrite\jestAdapter.js:79:19)
    at runTestInternal (C:\Users\eposh\OneDrive\Desktop\Dikshant\jenkins\github-review-plugin\node_modules\jest-runner\build\runTest.js:367:16)
    at runTest (C:\Users\eposh\OneDrive\Desktop\Dikshant\jenkins\github-review-plugin\node_modules\jest-runner\build\runTest.js:444:34)
    at Object.worker (C:\Users\eposh\OneDrive\Desktop\Dikshant\jenkins\github-review-plugin\node_modules\jest-runner\build\testWorker.js:106:12)</failure>
    </testcase>
    <testcase classname="AI Review System End-to-End Tests Performance and Scalability should handle large AI responses efficiently" name="AI Review System End-to-End Tests Performance and Scalability should handle large AI responses efficiently" time="0.049">
      <failure>Error: context.repo requires a GITHUB_REPOSITORY environment variable like &apos;owner/repo&apos;
    at Context.get repo [as repo] (C:\Users\eposh\OneDrive\Desktop\Dikshant\jenkins\github-review-plugin\node_modules\@actions\github\src\context.ts:79:11)
    at new repo (C:\Users\eposh\OneDrive\Desktop\Dikshant\jenkins\github-review-plugin\src\actions\ai-review-action.js:61:25)
    at Object.&lt;anonymous&gt; (C:\Users\eposh\OneDrive\Desktop\Dikshant\jenkins\github-review-plugin\tests\integration\end-to-end.test.js:160:22)
    at Promise.then.completed (C:\Users\eposh\OneDrive\Desktop\Dikshant\jenkins\github-review-plugin\node_modules\jest-circus\build\utils.js:298:28)
    at new Promise (&lt;anonymous&gt;)
    at callAsyncCircusFn (C:\Users\eposh\OneDrive\Desktop\Dikshant\jenkins\github-review-plugin\node_modules\jest-circus\build\utils.js:231:10)
    at _callCircusHook (C:\Users\eposh\OneDrive\Desktop\Dikshant\jenkins\github-review-plugin\node_modules\jest-circus\build\run.js:281:40)
    at processTicksAndRejections (node:internal/process/task_queues:105:5)
    at _runTest (C:\Users\eposh\OneDrive\Desktop\Dikshant\jenkins\github-review-plugin\node_modules\jest-circus\build\run.js:246:5)
    at _runTestsForDescribeBlock (C:\Users\eposh\OneDrive\Desktop\Dikshant\jenkins\github-review-plugin\node_modules\jest-circus\build\run.js:126:9)
    at _runTestsForDescribeBlock (C:\Users\eposh\OneDrive\Desktop\Dikshant\jenkins\github-review-plugin\node_modules\jest-circus\build\run.js:121:9)
    at _runTestsForDescribeBlock (C:\Users\eposh\OneDrive\Desktop\Dikshant\jenkins\github-review-plugin\node_modules\jest-circus\build\run.js:121:9)
    at run (C:\Users\eposh\OneDrive\Desktop\Dikshant\jenkins\github-review-plugin\node_modules\jest-circus\build\run.js:71:3)
    at runAndTransformResultsToJestFormat (C:\Users\eposh\OneDrive\Desktop\Dikshant\jenkins\github-review-plugin\node_modules\jest-circus\build\legacy-code-todo-rewrite\jestAdapterInit.js:122:21)
    at jestAdapter (C:\Users\eposh\OneDrive\Desktop\Dikshant\jenkins\github-review-plugin\node_modules\jest-circus\build\legacy-code-todo-rewrite\jestAdapter.js:79:19)
    at runTestInternal (C:\Users\eposh\OneDrive\Desktop\Dikshant\jenkins\github-review-plugin\node_modules\jest-runner\build\runTest.js:367:16)
    at runTest (C:\Users\eposh\OneDrive\Desktop\Dikshant\jenkins\github-review-plugin\node_modules\jest-runner\build\runTest.js:444:34)
    at Object.worker (C:\Users\eposh\OneDrive\Desktop\Dikshant\jenkins\github-review-plugin\node_modules\jest-runner\build\testWorker.js:106:12)</failure>
    </testcase>
    <testcase classname="AI Review System End-to-End Tests Data Consistency and Validation should maintain data consistency throughout the workflow" name="AI Review System End-to-End Tests Data Consistency and Validation should maintain data consistency throughout the workflow" time="0.062">
      <failure>Error: context.repo requires a GITHUB_REPOSITORY environment variable like &apos;owner/repo&apos;
    at Context.get repo [as repo] (C:\Users\eposh\OneDrive\Desktop\Dikshant\jenkins\github-review-plugin\node_modules\@actions\github\src\context.ts:79:11)
    at new repo (C:\Users\eposh\OneDrive\Desktop\Dikshant\jenkins\github-review-plugin\src\actions\ai-review-action.js:61:25)
    at Object.&lt;anonymous&gt; (C:\Users\eposh\OneDrive\Desktop\Dikshant\jenkins\github-review-plugin\tests\integration\end-to-end.test.js:160:22)
    at Promise.then.completed (C:\Users\eposh\OneDrive\Desktop\Dikshant\jenkins\github-review-plugin\node_modules\jest-circus\build\utils.js:298:28)
    at new Promise (&lt;anonymous&gt;)
    at callAsyncCircusFn (C:\Users\eposh\OneDrive\Desktop\Dikshant\jenkins\github-review-plugin\node_modules\jest-circus\build\utils.js:231:10)
    at _callCircusHook (C:\Users\eposh\OneDrive\Desktop\Dikshant\jenkins\github-review-plugin\node_modules\jest-circus\build\run.js:281:40)
    at processTicksAndRejections (node:internal/process/task_queues:105:5)
    at _runTest (C:\Users\eposh\OneDrive\Desktop\Dikshant\jenkins\github-review-plugin\node_modules\jest-circus\build\run.js:246:5)
    at _runTestsForDescribeBlock (C:\Users\eposh\OneDrive\Desktop\Dikshant\jenkins\github-review-plugin\node_modules\jest-circus\build\run.js:126:9)
    at _runTestsForDescribeBlock (C:\Users\eposh\OneDrive\Desktop\Dikshant\jenkins\github-review-plugin\node_modules\jest-circus\build\run.js:121:9)
    at _runTestsForDescribeBlock (C:\Users\eposh\OneDrive\Desktop\Dikshant\jenkins\github-review-plugin\node_modules\jest-circus\build\run.js:121:9)
    at run (C:\Users\eposh\OneDrive\Desktop\Dikshant\jenkins\github-review-plugin\node_modules\jest-circus\build\run.js:71:3)
    at runAndTransformResultsToJestFormat (C:\Users\eposh\OneDrive\Desktop\Dikshant\jenkins\github-review-plugin\node_modules\jest-circus\build\legacy-code-todo-rewrite\jestAdapterInit.js:122:21)
    at jestAdapter (C:\Users\eposh\OneDrive\Desktop\Dikshant\jenkins\github-review-plugin\node_modules\jest-circus\build\legacy-code-todo-rewrite\jestAdapter.js:79:19)
    at runTestInternal (C:\Users\eposh\OneDrive\Desktop\Dikshant\jenkins\github-review-plugin\node_modules\jest-runner\build\runTest.js:367:16)
    at runTest (C:\Users\eposh\OneDrive\Desktop\Dikshant\jenkins\github-review-plugin\node_modules\jest-runner\build\runTest.js:444:34)
    at Object.worker (C:\Users\eposh\OneDrive\Desktop\Dikshant\jenkins\github-review-plugin\node_modules\jest-runner\build\testWorker.js:106:12)</failure>
    </testcase>
    <testcase classname="AI Review System End-to-End Tests Data Consistency and Validation should validate all data structures throughout the workflow" name="AI Review System End-to-End Tests Data Consistency and Validation should validate all data structures throughout the workflow" time="0.089">
      <failure>Error: context.repo requires a GITHUB_REPOSITORY environment variable like &apos;owner/repo&apos;
    at Context.get repo [as repo] (C:\Users\eposh\OneDrive\Desktop\Dikshant\jenkins\github-review-plugin\node_modules\@actions\github\src\context.ts:79:11)
    at new repo (C:\Users\eposh\OneDrive\Desktop\Dikshant\jenkins\github-review-plugin\src\actions\ai-review-action.js:61:25)
    at Object.&lt;anonymous&gt; (C:\Users\eposh\OneDrive\Desktop\Dikshant\jenkins\github-review-plugin\tests\integration\end-to-end.test.js:160:22)
    at Promise.then.completed (C:\Users\eposh\OneDrive\Desktop\Dikshant\jenkins\github-review-plugin\node_modules\jest-circus\build\utils.js:298:28)
    at new Promise (&lt;anonymous&gt;)
    at callAsyncCircusFn (C:\Users\eposh\OneDrive\Desktop\Dikshant\jenkins\github-review-plugin\node_modules\jest-circus\build\utils.js:231:10)
    at _callCircusHook (C:\Users\eposh\OneDrive\Desktop\Dikshant\jenkins\github-review-plugin\node_modules\jest-circus\build\run.js:281:40)
    at processTicksAndRejections (node:internal/process/task_queues:105:5)
    at _runTest (C:\Users\eposh\OneDrive\Desktop\Dikshant\jenkins\github-review-plugin\node_modules\jest-circus\build\run.js:246:5)
    at _runTestsForDescribeBlock (C:\Users\eposh\OneDrive\Desktop\Dikshant\jenkins\github-review-plugin\node_modules\jest-circus\build\run.js:126:9)
    at _runTestsForDescribeBlock (C:\Users\eposh\OneDrive\Desktop\Dikshant\jenkins\github-review-plugin\node_modules\jest-circus\build\run.js:121:9)
    at _runTestsForDescribeBlock (C:\Users\eposh\OneDrive\Desktop\Dikshant\jenkins\github-review-plugin\node_modules\jest-circus\build\run.js:121:9)
    at run (C:\Users\eposh\OneDrive\Desktop\Dikshant\jenkins\github-review-plugin\node_modules\jest-circus\build\run.js:71:3)
    at runAndTransformResultsToJestFormat (C:\Users\eposh\OneDrive\Desktop\Dikshant\jenkins\github-review-plugin\node_modules\jest-circus\build\legacy-code-todo-rewrite\jestAdapterInit.js:122:21)
    at jestAdapter (C:\Users\eposh\OneDrive\Desktop\Dikshant\jenkins\github-review-plugin\node_modules\jest-circus\build\legacy-code-todo-rewrite\jestAdapter.js:79:19)
    at runTestInternal (C:\Users\eposh\OneDrive\Desktop\Dikshant\jenkins\github-review-plugin\node_modules\jest-runner\build\runTest.js:367:16)
    at runTest (C:\Users\eposh\OneDrive\Desktop\Dikshant\jenkins\github-review-plugin\node_modules\jest-runner\build\runTest.js:444:34)
    at Object.worker (C:\Users\eposh\OneDrive\Desktop\Dikshant\jenkins\github-review-plugin\node_modules\jest-runner\build\testWorker.js:106:12)</failure>
    </testcase>
  </testsuite>
  <testsuite name="AI Review System Performance Tests" errors="0" failures="10" skipped="0" timestamp="2025-09-03T15:32:07" time="5.249" tests="10">
    <testcase classname="AI Review System Performance Tests Single Review Performance should complete Small review (5 files, 2K tokens) within expected time" name="AI Review System Performance Tests Single Review Performance should complete Small review (5 files, 2K tokens) within expected time" time="0.684">
      <failure>Error: context.repo requires a GITHUB_REPOSITORY environment variable like &apos;owner/repo&apos;
    at Context.get repo [as repo] (C:\Users\eposh\OneDrive\Desktop\Dikshant\jenkins\github-review-plugin\node_modules\@actions\github\src\context.ts:79:11)
    at new repo (C:\Users\eposh\OneDrive\Desktop\Dikshant\jenkins\github-review-plugin\src\actions\ai-review-action.js:61:25)
    at Object.&lt;anonymous&gt; (C:\Users\eposh\OneDrive\Desktop\Dikshant\jenkins\github-review-plugin\tests\integration\performance\performance-integration.test.js:102:22)
    at Promise.then.completed (C:\Users\eposh\OneDrive\Desktop\Dikshant\jenkins\github-review-plugin\node_modules\jest-circus\build\utils.js:298:28)
    at new Promise (&lt;anonymous&gt;)
    at callAsyncCircusFn (C:\Users\eposh\OneDrive\Desktop\Dikshant\jenkins\github-review-plugin\node_modules\jest-circus\build\utils.js:231:10)
    at _callCircusHook (C:\Users\eposh\OneDrive\Desktop\Dikshant\jenkins\github-review-plugin\node_modules\jest-circus\build\run.js:281:40)
    at processTicksAndRejections (node:internal/process/task_queues:105:5)
    at _runTest (C:\Users\eposh\OneDrive\Desktop\Dikshant\jenkins\github-review-plugin\node_modules\jest-circus\build\run.js:246:5)
    at _runTestsForDescribeBlock (C:\Users\eposh\OneDrive\Desktop\Dikshant\jenkins\github-review-plugin\node_modules\jest-circus\build\run.js:126:9)
    at _runTestsForDescribeBlock (C:\Users\eposh\OneDrive\Desktop\Dikshant\jenkins\github-review-plugin\node_modules\jest-circus\build\run.js:121:9)
    at _runTestsForDescribeBlock (C:\Users\eposh\OneDrive\Desktop\Dikshant\jenkins\github-review-plugin\node_modules\jest-circus\build\run.js:121:9)
    at run (C:\Users\eposh\OneDrive\Desktop\Dikshant\jenkins\github-review-plugin\node_modules\jest-circus\build\run.js:71:3)
    at runAndTransformResultsToJestFormat (C:\Users\eposh\OneDrive\Desktop\Dikshant\jenkins\github-review-plugin\node_modules\jest-circus\build\legacy-code-todo-rewrite\jestAdapterInit.js:122:21)
    at jestAdapter (C:\Users\eposh\OneDrive\Desktop\Dikshant\jenkins\github-review-plugin\node_modules\jest-circus\build\legacy-code-todo-rewrite\jestAdapter.js:79:19)
    at runTestInternal (C:\Users\eposh\OneDrive\Desktop\Dikshant\jenkins\github-review-plugin\node_modules\jest-runner\build\runTest.js:367:16)
    at runTest (C:\Users\eposh\OneDrive\Desktop\Dikshant\jenkins\github-review-plugin\node_modules\jest-runner\build\runTest.js:444:34)
    at Object.worker (C:\Users\eposh\OneDrive\Desktop\Dikshant\jenkins\github-review-plugin\node_modules\jest-runner\build\testWorker.js:106:12)</failure>
    </testcase>
    <testcase classname="AI Review System Performance Tests Single Review Performance should complete Medium review (20 files, 5K tokens) within expected time" name="AI Review System Performance Tests Single Review Performance should complete Medium review (20 files, 5K tokens) within expected time" time="0.032">
      <failure>Error: context.repo requires a GITHUB_REPOSITORY environment variable like &apos;owner/repo&apos;
    at Context.get repo [as repo] (C:\Users\eposh\OneDrive\Desktop\Dikshant\jenkins\github-review-plugin\node_modules\@actions\github\src\context.ts:79:11)
    at new repo (C:\Users\eposh\OneDrive\Desktop\Dikshant\jenkins\github-review-plugin\src\actions\ai-review-action.js:61:25)
    at Object.&lt;anonymous&gt; (C:\Users\eposh\OneDrive\Desktop\Dikshant\jenkins\github-review-plugin\tests\integration\performance\performance-integration.test.js:102:22)
    at Promise.then.completed (C:\Users\eposh\OneDrive\Desktop\Dikshant\jenkins\github-review-plugin\node_modules\jest-circus\build\utils.js:298:28)
    at new Promise (&lt;anonymous&gt;)
    at callAsyncCircusFn (C:\Users\eposh\OneDrive\Desktop\Dikshant\jenkins\github-review-plugin\node_modules\jest-circus\build\utils.js:231:10)
    at _callCircusHook (C:\Users\eposh\OneDrive\Desktop\Dikshant\jenkins\github-review-plugin\node_modules\jest-circus\build\run.js:281:40)
    at processTicksAndRejections (node:internal/process/task_queues:105:5)
    at _runTest (C:\Users\eposh\OneDrive\Desktop\Dikshant\jenkins\github-review-plugin\node_modules\jest-circus\build\run.js:246:5)
    at _runTestsForDescribeBlock (C:\Users\eposh\OneDrive\Desktop\Dikshant\jenkins\github-review-plugin\node_modules\jest-circus\build\run.js:126:9)
    at _runTestsForDescribeBlock (C:\Users\eposh\OneDrive\Desktop\Dikshant\jenkins\github-review-plugin\node_modules\jest-circus\build\run.js:121:9)
    at _runTestsForDescribeBlock (C:\Users\eposh\OneDrive\Desktop\Dikshant\jenkins\github-review-plugin\node_modules\jest-circus\build\run.js:121:9)
    at run (C:\Users\eposh\OneDrive\Desktop\Dikshant\jenkins\github-review-plugin\node_modules\jest-circus\build\run.js:71:3)
    at runAndTransformResultsToJestFormat (C:\Users\eposh\OneDrive\Desktop\Dikshant\jenkins\github-review-plugin\node_modules\jest-circus\build\legacy-code-todo-rewrite\jestAdapterInit.js:122:21)
    at jestAdapter (C:\Users\eposh\OneDrive\Desktop\Dikshant\jenkins\github-review-plugin\node_modules\jest-circus\build\legacy-code-todo-rewrite\jestAdapter.js:79:19)
    at runTestInternal (C:\Users\eposh\OneDrive\Desktop\Dikshant\jenkins\github-review-plugin\node_modules\jest-runner\build\runTest.js:367:16)
    at runTest (C:\Users\eposh\OneDrive\Desktop\Dikshant\jenkins\github-review-plugin\node_modules\jest-runner\build\runTest.js:444:34)
    at Object.worker (C:\Users\eposh\OneDrive\Desktop\Dikshant\jenkins\github-review-plugin\node_modules\jest-runner\build\testWorker.js:106:12)</failure>
    </testcase>
    <testcase classname="AI Review System Performance Tests Single Review Performance should complete Large review (50 files, 10K tokens) within expected time" name="AI Review System Performance Tests Single Review Performance should complete Large review (50 files, 10K tokens) within expected time" time="0.013">
      <failure>Error: context.repo requires a GITHUB_REPOSITORY environment variable like &apos;owner/repo&apos;
    at Context.get repo [as repo] (C:\Users\eposh\OneDrive\Desktop\Dikshant\jenkins\github-review-plugin\node_modules\@actions\github\src\context.ts:79:11)
    at new repo (C:\Users\eposh\OneDrive\Desktop\Dikshant\jenkins\github-review-plugin\src\actions\ai-review-action.js:61:25)
    at Object.&lt;anonymous&gt; (C:\Users\eposh\OneDrive\Desktop\Dikshant\jenkins\github-review-plugin\tests\integration\performance\performance-integration.test.js:102:22)
    at Promise.then.completed (C:\Users\eposh\OneDrive\Desktop\Dikshant\jenkins\github-review-plugin\node_modules\jest-circus\build\utils.js:298:28)
    at new Promise (&lt;anonymous&gt;)
    at callAsyncCircusFn (C:\Users\eposh\OneDrive\Desktop\Dikshant\jenkins\github-review-plugin\node_modules\jest-circus\build\utils.js:231:10)
    at _callCircusHook (C:\Users\eposh\OneDrive\Desktop\Dikshant\jenkins\github-review-plugin\node_modules\jest-circus\build\run.js:281:40)
    at processTicksAndRejections (node:internal/process/task_queues:105:5)
    at _runTest (C:\Users\eposh\OneDrive\Desktop\Dikshant\jenkins\github-review-plugin\node_modules\jest-circus\build\run.js:246:5)
    at _runTestsForDescribeBlock (C:\Users\eposh\OneDrive\Desktop\Dikshant\jenkins\github-review-plugin\node_modules\jest-circus\build\run.js:126:9)
    at _runTestsForDescribeBlock (C:\Users\eposh\OneDrive\Desktop\Dikshant\jenkins\github-review-plugin\node_modules\jest-circus\build\run.js:121:9)
    at _runTestsForDescribeBlock (C:\Users\eposh\OneDrive\Desktop\Dikshant\jenkins\github-review-plugin\node_modules\jest-circus\build\run.js:121:9)
    at run (C:\Users\eposh\OneDrive\Desktop\Dikshant\jenkins\github-review-plugin\node_modules\jest-circus\build\run.js:71:3)
    at runAndTransformResultsToJestFormat (C:\Users\eposh\OneDrive\Desktop\Dikshant\jenkins\github-review-plugin\node_modules\jest-circus\build\legacy-code-todo-rewrite\jestAdapterInit.js:122:21)
    at jestAdapter (C:\Users\eposh\OneDrive\Desktop\Dikshant\jenkins\github-review-plugin\node_modules\jest-circus\build\legacy-code-todo-rewrite\jestAdapter.js:79:19)
    at runTestInternal (C:\Users\eposh\OneDrive\Desktop\Dikshant\jenkins\github-review-plugin\node_modules\jest-runner\build\runTest.js:367:16)
    at runTest (C:\Users\eposh\OneDrive\Desktop\Dikshant\jenkins\github-review-plugin\node_modules\jest-runner\build\runTest.js:444:34)
    at Object.worker (C:\Users\eposh\OneDrive\Desktop\Dikshant\jenkins\github-review-plugin\node_modules\jest-runner\build\testWorker.js:106:12)</failure>
    </testcase>
    <testcase classname="AI Review System Performance Tests Single Review Performance should complete Extra large review (100 files, 15K tokens) within expected time" name="AI Review System Performance Tests Single Review Performance should complete Extra large review (100 files, 15K tokens) within expected time" time="0.051">
      <failure>Error: context.repo requires a GITHUB_REPOSITORY environment variable like &apos;owner/repo&apos;
    at Context.get repo [as repo] (C:\Users\eposh\OneDrive\Desktop\Dikshant\jenkins\github-review-plugin\node_modules\@actions\github\src\context.ts:79:11)
    at new repo (C:\Users\eposh\OneDrive\Desktop\Dikshant\jenkins\github-review-plugin\src\actions\ai-review-action.js:61:25)
    at Object.&lt;anonymous&gt; (C:\Users\eposh\OneDrive\Desktop\Dikshant\jenkins\github-review-plugin\tests\integration\performance\performance-integration.test.js:102:22)
    at Promise.then.completed (C:\Users\eposh\OneDrive\Desktop\Dikshant\jenkins\github-review-plugin\node_modules\jest-circus\build\utils.js:298:28)
    at new Promise (&lt;anonymous&gt;)
    at callAsyncCircusFn (C:\Users\eposh\OneDrive\Desktop\Dikshant\jenkins\github-review-plugin\node_modules\jest-circus\build\utils.js:231:10)
    at _callCircusHook (C:\Users\eposh\OneDrive\Desktop\Dikshant\jenkins\github-review-plugin\node_modules\jest-circus\build\run.js:281:40)
    at processTicksAndRejections (node:internal/process/task_queues:105:5)
    at _runTest (C:\Users\eposh\OneDrive\Desktop\Dikshant\jenkins\github-review-plugin\node_modules\jest-circus\build\run.js:246:5)
    at _runTestsForDescribeBlock (C:\Users\eposh\OneDrive\Desktop\Dikshant\jenkins\github-review-plugin\node_modules\jest-circus\build\run.js:126:9)
    at _runTestsForDescribeBlock (C:\Users\eposh\OneDrive\Desktop\Dikshant\jenkins\github-review-plugin\node_modules\jest-circus\build\run.js:121:9)
    at _runTestsForDescribeBlock (C:\Users\eposh\OneDrive\Desktop\Dikshant\jenkins\github-review-plugin\node_modules\jest-circus\build\run.js:121:9)
    at run (C:\Users\eposh\OneDrive\Desktop\Dikshant\jenkins\github-review-plugin\node_modules\jest-circus\build\run.js:71:3)
    at runAndTransformResultsToJestFormat (C:\Users\eposh\OneDrive\Desktop\Dikshant\jenkins\github-review-plugin\node_modules\jest-circus\build\legacy-code-todo-rewrite\jestAdapterInit.js:122:21)
    at jestAdapter (C:\Users\eposh\OneDrive\Desktop\Dikshant\jenkins\github-review-plugin\node_modules\jest-circus\build\legacy-code-todo-rewrite\jestAdapter.js:79:19)
    at runTestInternal (C:\Users\eposh\OneDrive\Desktop\Dikshant\jenkins\github-review-plugin\node_modules\jest-runner\build\runTest.js:367:16)
    at runTest (C:\Users\eposh\OneDrive\Desktop\Dikshant\jenkins\github-review-plugin\node_modules\jest-runner\build\runTest.js:444:34)
    at Object.worker (C:\Users\eposh\OneDrive\Desktop\Dikshant\jenkins\github-review-plugin\node_modules\jest-runner\build\testWorker.js:106:12)</failure>
    </testcase>
    <testcase classname="AI Review System Performance Tests Concurrent Review Performance should handle 3 concurrent reviews efficiently" name="AI Review System Performance Tests Concurrent Review Performance should handle 3 concurrent reviews efficiently" time="0.021">
      <failure>Error: context.repo requires a GITHUB_REPOSITORY environment variable like &apos;owner/repo&apos;
    at Context.get repo [as repo] (C:\Users\eposh\OneDrive\Desktop\Dikshant\jenkins\github-review-plugin\node_modules\@actions\github\src\context.ts:79:11)
    at new repo (C:\Users\eposh\OneDrive\Desktop\Dikshant\jenkins\github-review-plugin\src\actions\ai-review-action.js:61:25)
    at Object.&lt;anonymous&gt; (C:\Users\eposh\OneDrive\Desktop\Dikshant\jenkins\github-review-plugin\tests\integration\performance\performance-integration.test.js:102:22)
    at Promise.then.completed (C:\Users\eposh\OneDrive\Desktop\Dikshant\jenkins\github-review-plugin\node_modules\jest-circus\build\utils.js:298:28)
    at new Promise (&lt;anonymous&gt;)
    at callAsyncCircusFn (C:\Users\eposh\OneDrive\Desktop\Dikshant\jenkins\github-review-plugin\node_modules\jest-circus\build\utils.js:231:10)
    at _callCircusHook (C:\Users\eposh\OneDrive\Desktop\Dikshant\jenkins\github-review-plugin\node_modules\jest-circus\build\run.js:281:40)
    at processTicksAndRejections (node:internal/process/task_queues:105:5)
    at _runTest (C:\Users\eposh\OneDrive\Desktop\Dikshant\jenkins\github-review-plugin\node_modules\jest-circus\build\run.js:246:5)
    at _runTestsForDescribeBlock (C:\Users\eposh\OneDrive\Desktop\Dikshant\jenkins\github-review-plugin\node_modules\jest-circus\build\run.js:126:9)
    at _runTestsForDescribeBlock (C:\Users\eposh\OneDrive\Desktop\Dikshant\jenkins\github-review-plugin\node_modules\jest-circus\build\run.js:121:9)
    at _runTestsForDescribeBlock (C:\Users\eposh\OneDrive\Desktop\Dikshant\jenkins\github-review-plugin\node_modules\jest-circus\build\run.js:121:9)
    at run (C:\Users\eposh\OneDrive\Desktop\Dikshant\jenkins\github-review-plugin\node_modules\jest-circus\build\run.js:71:3)
    at runAndTransformResultsToJestFormat (C:\Users\eposh\OneDrive\Desktop\Dikshant\jenkins\github-review-plugin\node_modules\jest-circus\build\legacy-code-todo-rewrite\jestAdapterInit.js:122:21)
    at jestAdapter (C:\Users\eposh\OneDrive\Desktop\Dikshant\jenkins\github-review-plugin\node_modules\jest-circus\build\legacy-code-todo-rewrite\jestAdapter.js:79:19)
    at runTestInternal (C:\Users\eposh\OneDrive\Desktop\Dikshant\jenkins\github-review-plugin\node_modules\jest-runner\build\runTest.js:367:16)
    at runTest (C:\Users\eposh\OneDrive\Desktop\Dikshant\jenkins\github-review-plugin\node_modules\jest-runner\build\runTest.js:444:34)
    at Object.worker (C:\Users\eposh\OneDrive\Desktop\Dikshant\jenkins\github-review-plugin\node_modules\jest-runner\build\testWorker.js:106:12)</failure>
    </testcase>
    <testcase classname="AI Review System Performance Tests Memory Usage Performance should maintain stable memory usage during large reviews" name="AI Review System Performance Tests Memory Usage Performance should maintain stable memory usage during large reviews" time="0.044">
      <failure>Error: context.repo requires a GITHUB_REPOSITORY environment variable like &apos;owner/repo&apos;
    at Context.get repo [as repo] (C:\Users\eposh\OneDrive\Desktop\Dikshant\jenkins\github-review-plugin\node_modules\@actions\github\src\context.ts:79:11)
    at new repo (C:\Users\eposh\OneDrive\Desktop\Dikshant\jenkins\github-review-plugin\src\actions\ai-review-action.js:61:25)
    at Object.&lt;anonymous&gt; (C:\Users\eposh\OneDrive\Desktop\Dikshant\jenkins\github-review-plugin\tests\integration\performance\performance-integration.test.js:102:22)
    at Promise.then.completed (C:\Users\eposh\OneDrive\Desktop\Dikshant\jenkins\github-review-plugin\node_modules\jest-circus\build\utils.js:298:28)
    at new Promise (&lt;anonymous&gt;)
    at callAsyncCircusFn (C:\Users\eposh\OneDrive\Desktop\Dikshant\jenkins\github-review-plugin\node_modules\jest-circus\build\utils.js:231:10)
    at _callCircusHook (C:\Users\eposh\OneDrive\Desktop\Dikshant\jenkins\github-review-plugin\node_modules\jest-circus\build\run.js:281:40)
    at processTicksAndRejections (node:internal/process/task_queues:105:5)
    at _runTest (C:\Users\eposh\OneDrive\Desktop\Dikshant\jenkins\github-review-plugin\node_modules\jest-circus\build\run.js:246:5)
    at _runTestsForDescribeBlock (C:\Users\eposh\OneDrive\Desktop\Dikshant\jenkins\github-review-plugin\node_modules\jest-circus\build\run.js:126:9)
    at _runTestsForDescribeBlock (C:\Users\eposh\OneDrive\Desktop\Dikshant\jenkins\github-review-plugin\node_modules\jest-circus\build\run.js:121:9)
    at _runTestsForDescribeBlock (C:\Users\eposh\OneDrive\Desktop\Dikshant\jenkins\github-review-plugin\node_modules\jest-circus\build\run.js:121:9)
    at run (C:\Users\eposh\OneDrive\Desktop\Dikshant\jenkins\github-review-plugin\node_modules\jest-circus\build\run.js:71:3)
    at runAndTransformResultsToJestFormat (C:\Users\eposh\OneDrive\Desktop\Dikshant\jenkins\github-review-plugin\node_modules\jest-circus\build\legacy-code-todo-rewrite\jestAdapterInit.js:122:21)
    at jestAdapter (C:\Users\eposh\OneDrive\Desktop\Dikshant\jenkins\github-review-plugin\node_modules\jest-circus\build\legacy-code-todo-rewrite\jestAdapter.js:79:19)
    at runTestInternal (C:\Users\eposh\OneDrive\Desktop\Dikshant\jenkins\github-review-plugin\node_modules\jest-runner\build\runTest.js:367:16)
    at runTest (C:\Users\eposh\OneDrive\Desktop\Dikshant\jenkins\github-review-plugin\node_modules\jest-runner\build\runTest.js:444:34)
    at Object.worker (C:\Users\eposh\OneDrive\Desktop\Dikshant\jenkins\github-review-plugin\node_modules\jest-runner\build\testWorker.js:106:12)</failure>
    </testcase>
    <testcase classname="AI Review System Performance Tests API Rate Limiting Performance should handle GitHub API rate limiting gracefully" name="AI Review System Performance Tests API Rate Limiting Performance should handle GitHub API rate limiting gracefully" time="0.033">
      <failure>Error: context.repo requires a GITHUB_REPOSITORY environment variable like &apos;owner/repo&apos;
    at Context.get repo [as repo] (C:\Users\eposh\OneDrive\Desktop\Dikshant\jenkins\github-review-plugin\node_modules\@actions\github\src\context.ts:79:11)
    at new repo (C:\Users\eposh\OneDrive\Desktop\Dikshant\jenkins\github-review-plugin\src\actions\ai-review-action.js:61:25)
    at Object.&lt;anonymous&gt; (C:\Users\eposh\OneDrive\Desktop\Dikshant\jenkins\github-review-plugin\tests\integration\performance\performance-integration.test.js:102:22)
    at Promise.then.completed (C:\Users\eposh\OneDrive\Desktop\Dikshant\jenkins\github-review-plugin\node_modules\jest-circus\build\utils.js:298:28)
    at new Promise (&lt;anonymous&gt;)
    at callAsyncCircusFn (C:\Users\eposh\OneDrive\Desktop\Dikshant\jenkins\github-review-plugin\node_modules\jest-circus\build\utils.js:231:10)
    at _callCircusHook (C:\Users\eposh\OneDrive\Desktop\Dikshant\jenkins\github-review-plugin\node_modules\jest-circus\build\run.js:281:40)
    at processTicksAndRejections (node:internal/process/task_queues:105:5)
    at _runTest (C:\Users\eposh\OneDrive\Desktop\Dikshant\jenkins\github-review-plugin\node_modules\jest-circus\build\run.js:246:5)
    at _runTestsForDescribeBlock (C:\Users\eposh\OneDrive\Desktop\Dikshant\jenkins\github-review-plugin\node_modules\jest-circus\build\run.js:126:9)
    at _runTestsForDescribeBlock (C:\Users\eposh\OneDrive\Desktop\Dikshant\jenkins\github-review-plugin\node_modules\jest-circus\build\run.js:121:9)
    at _runTestsForDescribeBlock (C:\Users\eposh\OneDrive\Desktop\Dikshant\jenkins\github-review-plugin\node_modules\jest-circus\build\run.js:121:9)
    at run (C:\Users\eposh\OneDrive\Desktop\Dikshant\jenkins\github-review-plugin\node_modules\jest-circus\build\run.js:71:3)
    at runAndTransformResultsToJestFormat (C:\Users\eposh\OneDrive\Desktop\Dikshant\jenkins\github-review-plugin\node_modules\jest-circus\build\legacy-code-todo-rewrite\jestAdapterInit.js:122:21)
    at jestAdapter (C:\Users\eposh\OneDrive\Desktop\Dikshant\jenkins\github-review-plugin\node_modules\jest-circus\build\legacy-code-todo-rewrite\jestAdapter.js:79:19)
    at runTestInternal (C:\Users\eposh\OneDrive\Desktop\Dikshant\jenkins\github-review-plugin\node_modules\jest-runner\build\runTest.js:367:16)
    at runTest (C:\Users\eposh\OneDrive\Desktop\Dikshant\jenkins\github-review-plugin\node_modules\jest-runner\build\runTest.js:444:34)
    at Object.worker (C:\Users\eposh\OneDrive\Desktop\Dikshant\jenkins\github-review-plugin\node_modules\jest-runner\build\testWorker.js:106:12)</failure>
    </testcase>
    <testcase classname="AI Review System Performance Tests Error Recovery Performance should recover from AI API failures within reasonable time" name="AI Review System Performance Tests Error Recovery Performance should recover from AI API failures within reasonable time" time="0.026">
      <failure>Error: context.repo requires a GITHUB_REPOSITORY environment variable like &apos;owner/repo&apos;
    at Context.get repo [as repo] (C:\Users\eposh\OneDrive\Desktop\Dikshant\jenkins\github-review-plugin\node_modules\@actions\github\src\context.ts:79:11)
    at new repo (C:\Users\eposh\OneDrive\Desktop\Dikshant\jenkins\github-review-plugin\src\actions\ai-review-action.js:61:25)
    at Object.&lt;anonymous&gt; (C:\Users\eposh\OneDrive\Desktop\Dikshant\jenkins\github-review-plugin\tests\integration\performance\performance-integration.test.js:102:22)
    at Promise.then.completed (C:\Users\eposh\OneDrive\Desktop\Dikshant\jenkins\github-review-plugin\node_modules\jest-circus\build\utils.js:298:28)
    at new Promise (&lt;anonymous&gt;)
    at callAsyncCircusFn (C:\Users\eposh\OneDrive\Desktop\Dikshant\jenkins\github-review-plugin\node_modules\jest-circus\build\utils.js:231:10)
    at _callCircusHook (C:\Users\eposh\OneDrive\Desktop\Dikshant\jenkins\github-review-plugin\node_modules\jest-circus\build\run.js:281:40)
    at processTicksAndRejections (node:internal/process/task_queues:105:5)
    at _runTest (C:\Users\eposh\OneDrive\Desktop\Dikshant\jenkins\github-review-plugin\node_modules\jest-circus\build\run.js:246:5)
    at _runTestsForDescribeBlock (C:\Users\eposh\OneDrive\Desktop\Dikshant\jenkins\github-review-plugin\node_modules\jest-circus\build\run.js:126:9)
    at _runTestsForDescribeBlock (C:\Users\eposh\OneDrive\Desktop\Dikshant\jenkins\github-review-plugin\node_modules\jest-circus\build\run.js:121:9)
    at _runTestsForDescribeBlock (C:\Users\eposh\OneDrive\Desktop\Dikshant\jenkins\github-review-plugin\node_modules\jest-circus\build\run.js:121:9)
    at run (C:\Users\eposh\OneDrive\Desktop\Dikshant\jenkins\github-review-plugin\node_modules\jest-circus\build\run.js:71:3)
    at runAndTransformResultsToJestFormat (C:\Users\eposh\OneDrive\Desktop\Dikshant\jenkins\github-review-plugin\node_modules\jest-circus\build\legacy-code-todo-rewrite\jestAdapterInit.js:122:21)
    at jestAdapter (C:\Users\eposh\OneDrive\Desktop\Dikshant\jenkins\github-review-plugin\node_modules\jest-circus\build\legacy-code-todo-rewrite\jestAdapter.js:79:19)
    at runTestInternal (C:\Users\eposh\OneDrive\Desktop\Dikshant\jenkins\github-review-plugin\node_modules\jest-runner\build\runTest.js:367:16)
    at runTest (C:\Users\eposh\OneDrive\Desktop\Dikshant\jenkins\github-review-plugin\node_modules\jest-runner\build\runTest.js:444:34)
    at Object.worker (C:\Users\eposh\OneDrive\Desktop\Dikshant\jenkins\github-review-plugin\node_modules\jest-runner\build\testWorker.js:106:12)</failure>
    </testcase>
    <testcase classname="AI Review System Performance Tests Scalability Performance should scale linearly with file count" name="AI Review System Performance Tests Scalability Performance should scale linearly with file count" time="0.082">
      <failure>Error: context.repo requires a GITHUB_REPOSITORY environment variable like &apos;owner/repo&apos;
    at Context.get repo [as repo] (C:\Users\eposh\OneDrive\Desktop\Dikshant\jenkins\github-review-plugin\node_modules\@actions\github\src\context.ts:79:11)
    at new repo (C:\Users\eposh\OneDrive\Desktop\Dikshant\jenkins\github-review-plugin\src\actions\ai-review-action.js:61:25)
    at Object.&lt;anonymous&gt; (C:\Users\eposh\OneDrive\Desktop\Dikshant\jenkins\github-review-plugin\tests\integration\performance\performance-integration.test.js:102:22)
    at Promise.then.completed (C:\Users\eposh\OneDrive\Desktop\Dikshant\jenkins\github-review-plugin\node_modules\jest-circus\build\utils.js:298:28)
    at new Promise (&lt;anonymous&gt;)
    at callAsyncCircusFn (C:\Users\eposh\OneDrive\Desktop\Dikshant\jenkins\github-review-plugin\node_modules\jest-circus\build\utils.js:231:10)
    at _callCircusHook (C:\Users\eposh\OneDrive\Desktop\Dikshant\jenkins\github-review-plugin\node_modules\jest-circus\build\run.js:281:40)
    at processTicksAndRejections (node:internal/process/task_queues:105:5)
    at _runTest (C:\Users\eposh\OneDrive\Desktop\Dikshant\jenkins\github-review-plugin\node_modules\jest-circus\build\run.js:246:5)
    at _runTestsForDescribeBlock (C:\Users\eposh\OneDrive\Desktop\Dikshant\jenkins\github-review-plugin\node_modules\jest-circus\build\run.js:126:9)
    at _runTestsForDescribeBlock (C:\Users\eposh\OneDrive\Desktop\Dikshant\jenkins\github-review-plugin\node_modules\jest-circus\build\run.js:121:9)
    at _runTestsForDescribeBlock (C:\Users\eposh\OneDrive\Desktop\Dikshant\jenkins\github-review-plugin\node_modules\jest-circus\build\run.js:121:9)
    at run (C:\Users\eposh\OneDrive\Desktop\Dikshant\jenkins\github-review-plugin\node_modules\jest-circus\build\run.js:71:3)
    at runAndTransformResultsToJestFormat (C:\Users\eposh\OneDrive\Desktop\Dikshant\jenkins\github-review-plugin\node_modules\jest-circus\build\legacy-code-todo-rewrite\jestAdapterInit.js:122:21)
    at jestAdapter (C:\Users\eposh\OneDrive\Desktop\Dikshant\jenkins\github-review-plugin\node_modules\jest-circus\build\legacy-code-todo-rewrite\jestAdapter.js:79:19)
    at runTestInternal (C:\Users\eposh\OneDrive\Desktop\Dikshant\jenkins\github-review-plugin\node_modules\jest-runner\build\runTest.js:367:16)
    at runTest (C:\Users\eposh\OneDrive\Desktop\Dikshant\jenkins\github-review-plugin\node_modules\jest-runner\build\runTest.js:444:34)
    at Object.worker (C:\Users\eposh\OneDrive\Desktop\Dikshant\jenkins\github-review-plugin\node_modules\jest-runner\build\testWorker.js:106:12)</failure>
    </testcase>
    <testcase classname="AI Review System Performance Tests Resource Cleanup Performance should clean up resources efficiently after large operations" name="AI Review System Performance Tests Resource Cleanup Performance should clean up resources efficiently after large operations" time="0.045">
      <failure>Error: context.repo requires a GITHUB_REPOSITORY environment variable like &apos;owner/repo&apos;
    at Context.get repo [as repo] (C:\Users\eposh\OneDrive\Desktop\Dikshant\jenkins\github-review-plugin\node_modules\@actions\github\src\context.ts:79:11)
    at new repo (C:\Users\eposh\OneDrive\Desktop\Dikshant\jenkins\github-review-plugin\src\actions\ai-review-action.js:61:25)
    at Object.&lt;anonymous&gt; (C:\Users\eposh\OneDrive\Desktop\Dikshant\jenkins\github-review-plugin\tests\integration\performance\performance-integration.test.js:102:22)
    at Promise.then.completed (C:\Users\eposh\OneDrive\Desktop\Dikshant\jenkins\github-review-plugin\node_modules\jest-circus\build\utils.js:298:28)
    at new Promise (&lt;anonymous&gt;)
    at callAsyncCircusFn (C:\Users\eposh\OneDrive\Desktop\Dikshant\jenkins\github-review-plugin\node_modules\jest-circus\build\utils.js:231:10)
    at _callCircusHook (C:\Users\eposh\OneDrive\Desktop\Dikshant\jenkins\github-review-plugin\node_modules\jest-circus\build\run.js:281:40)
    at processTicksAndRejections (node:internal/process/task_queues:105:5)
    at _runTest (C:\Users\eposh\OneDrive\Desktop\Dikshant\jenkins\github-review-plugin\node_modules\jest-circus\build\run.js:246:5)
    at _runTestsForDescribeBlock (C:\Users\eposh\OneDrive\Desktop\Dikshant\jenkins\github-review-plugin\node_modules\jest-circus\build\run.js:126:9)
    at _runTestsForDescribeBlock (C:\Users\eposh\OneDrive\Desktop\Dikshant\jenkins\github-review-plugin\node_modules\jest-circus\build\run.js:121:9)
    at _runTestsForDescribeBlock (C:\Users\eposh\OneDrive\Desktop\Dikshant\jenkins\github-review-plugin\node_modules\jest-circus\build\run.js:121:9)
    at run (C:\Users\eposh\OneDrive\Desktop\Dikshant\jenkins\github-review-plugin\node_modules\jest-circus\build\run.js:71:3)
    at runAndTransformResultsToJestFormat (C:\Users\eposh\OneDrive\Desktop\Dikshant\jenkins\github-review-plugin\node_modules\jest-circus\build\legacy-code-todo-rewrite\jestAdapterInit.js:122:21)
    at jestAdapter (C:\Users\eposh\OneDrive\Desktop\Dikshant\jenkins\github-review-plugin\node_modules\jest-circus\build\legacy-code-todo-rewrite\jestAdapter.js:79:19)
    at runTestInternal (C:\Users\eposh\OneDrive\Desktop\Dikshant\jenkins\github-review-plugin\node_modules\jest-runner\build\runTest.js:367:16)
    at runTest (C:\Users\eposh\OneDrive\Desktop\Dikshant\jenkins\github-review-plugin\node_modules\jest-runner\build\runTest.js:444:34)
    at Object.worker (C:\Users\eposh\OneDrive\Desktop\Dikshant\jenkins\github-review-plugin\node_modules\jest-runner\build\testWorker.js:106:12)</failure>
    </testcase>
  </testsuite>
  <testsuite name="AI Review System Performance Tests" errors="0" failures="10" skipped="0" timestamp="2025-09-03T15:32:05" time="8.678" tests="10">
    <testcase classname="AI Review System Performance Tests Single Review Performance should complete Small review (5 files, 2K tokens) within expected time" name="AI Review System Performance Tests Single Review Performance should complete Small review (5 files, 2K tokens) within expected time" time="0.317">
      <failure>Error: context.repo requires a GITHUB_REPOSITORY environment variable like &apos;owner/repo&apos;
    at Context.get repo [as repo] (C:\Users\eposh\OneDrive\Desktop\Dikshant\jenkins\github-review-plugin\node_modules\@actions\github\src\context.ts:79:11)
    at new repo (C:\Users\eposh\OneDrive\Desktop\Dikshant\jenkins\github-review-plugin\src\actions\ai-review-action.js:61:25)
    at Object.&lt;anonymous&gt; (C:\Users\eposh\OneDrive\Desktop\Dikshant\jenkins\github-review-plugin\tests\integration\performance\performance-integration.test.js:102:22)
    at Promise.then.completed (C:\Users\eposh\OneDrive\Desktop\Dikshant\jenkins\github-review-plugin\node_modules\jest-circus\build\utils.js:298:28)
    at new Promise (&lt;anonymous&gt;)
    at callAsyncCircusFn (C:\Users\eposh\OneDrive\Desktop\Dikshant\jenkins\github-review-plugin\node_modules\jest-circus\build\utils.js:231:10)
    at _callCircusHook (C:\Users\eposh\OneDrive\Desktop\Dikshant\jenkins\github-review-plugin\node_modules\jest-circus\build\run.js:281:40)
    at processTicksAndRejections (node:internal/process/task_queues:105:5)
    at _runTest (C:\Users\eposh\OneDrive\Desktop\Dikshant\jenkins\github-review-plugin\node_modules\jest-circus\build\run.js:246:5)
    at _runTestsForDescribeBlock (C:\Users\eposh\OneDrive\Desktop\Dikshant\jenkins\github-review-plugin\node_modules\jest-circus\build\run.js:126:9)
    at _runTestsForDescribeBlock (C:\Users\eposh\OneDrive\Desktop\Dikshant\jenkins\github-review-plugin\node_modules\jest-circus\build\run.js:121:9)
    at _runTestsForDescribeBlock (C:\Users\eposh\OneDrive\Desktop\Dikshant\jenkins\github-review-plugin\node_modules\jest-circus\build\run.js:121:9)
    at run (C:\Users\eposh\OneDrive\Desktop\Dikshant\jenkins\github-review-plugin\node_modules\jest-circus\build\run.js:71:3)
    at runAndTransformResultsToJestFormat (C:\Users\eposh\OneDrive\Desktop\Dikshant\jenkins\github-review-plugin\node_modules\jest-circus\build\legacy-code-todo-rewrite\jestAdapterInit.js:122:21)
    at jestAdapter (C:\Users\eposh\OneDrive\Desktop\Dikshant\jenkins\github-review-plugin\node_modules\jest-circus\build\legacy-code-todo-rewrite\jestAdapter.js:79:19)
    at runTestInternal (C:\Users\eposh\OneDrive\Desktop\Dikshant\jenkins\github-review-plugin\node_modules\jest-runner\build\runTest.js:367:16)
    at runTest (C:\Users\eposh\OneDrive\Desktop\Dikshant\jenkins\github-review-plugin\node_modules\jest-runner\build\runTest.js:444:34)
    at Object.worker (C:\Users\eposh\OneDrive\Desktop\Dikshant\jenkins\github-review-plugin\node_modules\jest-runner\build\testWorker.js:106:12)</failure>
    </testcase>
    <testcase classname="AI Review System Performance Tests Single Review Performance should complete Medium review (20 files, 5K tokens) within expected time" name="AI Review System Performance Tests Single Review Performance should complete Medium review (20 files, 5K tokens) within expected time" time="0.017">
      <failure>Error: context.repo requires a GITHUB_REPOSITORY environment variable like &apos;owner/repo&apos;
    at Context.get repo [as repo] (C:\Users\eposh\OneDrive\Desktop\Dikshant\jenkins\github-review-plugin\node_modules\@actions\github\src\context.ts:79:11)
    at new repo (C:\Users\eposh\OneDrive\Desktop\Dikshant\jenkins\github-review-plugin\src\actions\ai-review-action.js:61:25)
    at Object.&lt;anonymous&gt; (C:\Users\eposh\OneDrive\Desktop\Dikshant\jenkins\github-review-plugin\tests\integration\performance\performance-integration.test.js:102:22)
    at Promise.then.completed (C:\Users\eposh\OneDrive\Desktop\Dikshant\jenkins\github-review-plugin\node_modules\jest-circus\build\utils.js:298:28)
    at new Promise (&lt;anonymous&gt;)
    at callAsyncCircusFn (C:\Users\eposh\OneDrive\Desktop\Dikshant\jenkins\github-review-plugin\node_modules\jest-circus\build\utils.js:231:10)
    at _callCircusHook (C:\Users\eposh\OneDrive\Desktop\Dikshant\jenkins\github-review-plugin\node_modules\jest-circus\build\run.js:281:40)
    at processTicksAndRejections (node:internal/process/task_queues:105:5)
    at _runTest (C:\Users\eposh\OneDrive\Desktop\Dikshant\jenkins\github-review-plugin\node_modules\jest-circus\build\run.js:246:5)
    at _runTestsForDescribeBlock (C:\Users\eposh\OneDrive\Desktop\Dikshant\jenkins\github-review-plugin\node_modules\jest-circus\build\run.js:126:9)
    at _runTestsForDescribeBlock (C:\Users\eposh\OneDrive\Desktop\Dikshant\jenkins\github-review-plugin\node_modules\jest-circus\build\run.js:121:9)
    at _runTestsForDescribeBlock (C:\Users\eposh\OneDrive\Desktop\Dikshant\jenkins\github-review-plugin\node_modules\jest-circus\build\run.js:121:9)
    at run (C:\Users\eposh\OneDrive\Desktop\Dikshant\jenkins\github-review-plugin\node_modules\jest-circus\build\run.js:71:3)
    at runAndTransformResultsToJestFormat (C:\Users\eposh\OneDrive\Desktop\Dikshant\jenkins\github-review-plugin\node_modules\jest-circus\build\legacy-code-todo-rewrite\jestAdapterInit.js:122:21)
    at jestAdapter (C:\Users\eposh\OneDrive\Desktop\Dikshant\jenkins\github-review-plugin\node_modules\jest-circus\build\legacy-code-todo-rewrite\jestAdapter.js:79:19)
    at runTestInternal (C:\Users\eposh\OneDrive\Desktop\Dikshant\jenkins\github-review-plugin\node_modules\jest-runner\build\runTest.js:367:16)
    at runTest (C:\Users\eposh\OneDrive\Desktop\Dikshant\jenkins\github-review-plugin\node_modules\jest-runner\build\runTest.js:444:34)
    at Object.worker (C:\Users\eposh\OneDrive\Desktop\Dikshant\jenkins\github-review-plugin\node_modules\jest-runner\build\testWorker.js:106:12)</failure>
    </testcase>
    <testcase classname="AI Review System Performance Tests Single Review Performance should complete Large review (50 files, 10K tokens) within expected time" name="AI Review System Performance Tests Single Review Performance should complete Large review (50 files, 10K tokens) within expected time" time="0.036">
      <failure>Error: context.repo requires a GITHUB_REPOSITORY environment variable like &apos;owner/repo&apos;
    at Context.get repo [as repo] (C:\Users\eposh\OneDrive\Desktop\Dikshant\jenkins\github-review-plugin\node_modules\@actions\github\src\context.ts:79:11)
    at new repo (C:\Users\eposh\OneDrive\Desktop\Dikshant\jenkins\github-review-plugin\src\actions\ai-review-action.js:61:25)
    at Object.&lt;anonymous&gt; (C:\Users\eposh\OneDrive\Desktop\Dikshant\jenkins\github-review-plugin\tests\integration\performance\performance-integration.test.js:102:22)
    at Promise.then.completed (C:\Users\eposh\OneDrive\Desktop\Dikshant\jenkins\github-review-plugin\node_modules\jest-circus\build\utils.js:298:28)
    at new Promise (&lt;anonymous&gt;)
    at callAsyncCircusFn (C:\Users\eposh\OneDrive\Desktop\Dikshant\jenkins\github-review-plugin\node_modules\jest-circus\build\utils.js:231:10)
    at _callCircusHook (C:\Users\eposh\OneDrive\Desktop\Dikshant\jenkins\github-review-plugin\node_modules\jest-circus\build\run.js:281:40)
    at processTicksAndRejections (node:internal/process/task_queues:105:5)
    at _runTest (C:\Users\eposh\OneDrive\Desktop\Dikshant\jenkins\github-review-plugin\node_modules\jest-circus\build\run.js:246:5)
    at _runTestsForDescribeBlock (C:\Users\eposh\OneDrive\Desktop\Dikshant\jenkins\github-review-plugin\node_modules\jest-circus\build\run.js:126:9)
    at _runTestsForDescribeBlock (C:\Users\eposh\OneDrive\Desktop\Dikshant\jenkins\github-review-plugin\node_modules\jest-circus\build\run.js:121:9)
    at _runTestsForDescribeBlock (C:\Users\eposh\OneDrive\Desktop\Dikshant\jenkins\github-review-plugin\node_modules\jest-circus\build\run.js:121:9)
    at run (C:\Users\eposh\OneDrive\Desktop\Dikshant\jenkins\github-review-plugin\node_modules\jest-circus\build\run.js:71:3)
    at runAndTransformResultsToJestFormat (C:\Users\eposh\OneDrive\Desktop\Dikshant\jenkins\github-review-plugin\node_modules\jest-circus\build\legacy-code-todo-rewrite\jestAdapterInit.js:122:21)
    at jestAdapter (C:\Users\eposh\OneDrive\Desktop\Dikshant\jenkins\github-review-plugin\node_modules\jest-circus\build\legacy-code-todo-rewrite\jestAdapter.js:79:19)
    at runTestInternal (C:\Users\eposh\OneDrive\Desktop\Dikshant\jenkins\github-review-plugin\node_modules\jest-runner\build\runTest.js:367:16)
    at runTest (C:\Users\eposh\OneDrive\Desktop\Dikshant\jenkins\github-review-plugin\node_modules\jest-runner\build\runTest.js:444:34)
    at Object.worker (C:\Users\eposh\OneDrive\Desktop\Dikshant\jenkins\github-review-plugin\node_modules\jest-runner\build\testWorker.js:106:12)</failure>
    </testcase>
    <testcase classname="AI Review System Performance Tests Single Review Performance should complete Extra large review (100 files, 15K tokens) within expected time" name="AI Review System Performance Tests Single Review Performance should complete Extra large review (100 files, 15K tokens) within expected time" time="0.036">
      <failure>Error: context.repo requires a GITHUB_REPOSITORY environment variable like &apos;owner/repo&apos;
    at Context.get repo [as repo] (C:\Users\eposh\OneDrive\Desktop\Dikshant\jenkins\github-review-plugin\node_modules\@actions\github\src\context.ts:79:11)
    at new repo (C:\Users\eposh\OneDrive\Desktop\Dikshant\jenkins\github-review-plugin\src\actions\ai-review-action.js:61:25)
    at Object.&lt;anonymous&gt; (C:\Users\eposh\OneDrive\Desktop\Dikshant\jenkins\github-review-plugin\tests\integration\performance\performance-integration.test.js:102:22)
    at Promise.then.completed (C:\Users\eposh\OneDrive\Desktop\Dikshant\jenkins\github-review-plugin\node_modules\jest-circus\build\utils.js:298:28)
    at new Promise (&lt;anonymous&gt;)
    at callAsyncCircusFn (C:\Users\eposh\OneDrive\Desktop\Dikshant\jenkins\github-review-plugin\node_modules\jest-circus\build\utils.js:231:10)
    at _callCircusHook (C:\Users\eposh\OneDrive\Desktop\Dikshant\jenkins\github-review-plugin\node_modules\jest-circus\build\run.js:281:40)
    at processTicksAndRejections (node:internal/process/task_queues:105:5)
    at _runTest (C:\Users\eposh\OneDrive\Desktop\Dikshant\jenkins\github-review-plugin\node_modules\jest-circus\build\run.js:246:5)
    at _runTestsForDescribeBlock (C:\Users\eposh\OneDrive\Desktop\Dikshant\jenkins\github-review-plugin\node_modules\jest-circus\build\run.js:126:9)
    at _runTestsForDescribeBlock (C:\Users\eposh\OneDrive\Desktop\Dikshant\jenkins\github-review-plugin\node_modules\jest-circus\build\run.js:121:9)
    at _runTestsForDescribeBlock (C:\Users\eposh\OneDrive\Desktop\Dikshant\jenkins\github-review-plugin\node_modules\jest-circus\build\run.js:121:9)
    at run (C:\Users\eposh\OneDrive\Desktop\Dikshant\jenkins\github-review-plugin\node_modules\jest-circus\build\run.js:71:3)
    at runAndTransformResultsToJestFormat (C:\Users\eposh\OneDrive\Desktop\Dikshant\jenkins\github-review-plugin\node_modules\jest-circus\build\legacy-code-todo-rewrite\jestAdapterInit.js:122:21)
    at jestAdapter (C:\Users\eposh\OneDrive\Desktop\Dikshant\jenkins\github-review-plugin\node_modules\jest-circus\build\legacy-code-todo-rewrite\jestAdapter.js:79:19)
    at runTestInternal (C:\Users\eposh\OneDrive\Desktop\Dikshant\jenkins\github-review-plugin\node_modules\jest-runner\build\runTest.js:367:16)
    at runTest (C:\Users\eposh\OneDrive\Desktop\Dikshant\jenkins\github-review-plugin\node_modules\jest-runner\build\runTest.js:444:34)
    at Object.worker (C:\Users\eposh\OneDrive\Desktop\Dikshant\jenkins\github-review-plugin\node_modules\jest-runner\build\testWorker.js:106:12)</failure>
    </testcase>
    <testcase classname="AI Review System Performance Tests Concurrent Review Performance should handle 3 concurrent reviews efficiently" name="AI Review System Performance Tests Concurrent Review Performance should handle 3 concurrent reviews efficiently" time="0.005">
      <failure>Error: context.repo requires a GITHUB_REPOSITORY environment variable like &apos;owner/repo&apos;
    at Context.get repo [as repo] (C:\Users\eposh\OneDrive\Desktop\Dikshant\jenkins\github-review-plugin\node_modules\@actions\github\src\context.ts:79:11)
    at new repo (C:\Users\eposh\OneDrive\Desktop\Dikshant\jenkins\github-review-plugin\src\actions\ai-review-action.js:61:25)
    at Object.&lt;anonymous&gt; (C:\Users\eposh\OneDrive\Desktop\Dikshant\jenkins\github-review-plugin\tests\integration\performance\performance-integration.test.js:102:22)
    at Promise.then.completed (C:\Users\eposh\OneDrive\Desktop\Dikshant\jenkins\github-review-plugin\node_modules\jest-circus\build\utils.js:298:28)
    at new Promise (&lt;anonymous&gt;)
    at callAsyncCircusFn (C:\Users\eposh\OneDrive\Desktop\Dikshant\jenkins\github-review-plugin\node_modules\jest-circus\build\utils.js:231:10)
    at _callCircusHook (C:\Users\eposh\OneDrive\Desktop\Dikshant\jenkins\github-review-plugin\node_modules\jest-circus\build\run.js:281:40)
    at processTicksAndRejections (node:internal/process/task_queues:105:5)
    at _runTest (C:\Users\eposh\OneDrive\Desktop\Dikshant\jenkins\github-review-plugin\node_modules\jest-circus\build\run.js:246:5)
    at _runTestsForDescribeBlock (C:\Users\eposh\OneDrive\Desktop\Dikshant\jenkins\github-review-plugin\node_modules\jest-circus\build\run.js:126:9)
    at _runTestsForDescribeBlock (C:\Users\eposh\OneDrive\Desktop\Dikshant\jenkins\github-review-plugin\node_modules\jest-circus\build\run.js:121:9)
    at _runTestsForDescribeBlock (C:\Users\eposh\OneDrive\Desktop\Dikshant\jenkins\github-review-plugin\node_modules\jest-circus\build\run.js:121:9)
    at run (C:\Users\eposh\OneDrive\Desktop\Dikshant\jenkins\github-review-plugin\node_modules\jest-circus\build\run.js:71:3)
    at runAndTransformResultsToJestFormat (C:\Users\eposh\OneDrive\Desktop\Dikshant\jenkins\github-review-plugin\node_modules\jest-circus\build\legacy-code-todo-rewrite\jestAdapterInit.js:122:21)
    at jestAdapter (C:\Users\eposh\OneDrive\Desktop\Dikshant\jenkins\github-review-plugin\node_modules\jest-circus\build\legacy-code-todo-rewrite\jestAdapter.js:79:19)
    at runTestInternal (C:\Users\eposh\OneDrive\Desktop\Dikshant\jenkins\github-review-plugin\node_modules\jest-runner\build\runTest.js:367:16)
    at runTest (C:\Users\eposh\OneDrive\Desktop\Dikshant\jenkins\github-review-plugin\node_modules\jest-runner\build\runTest.js:444:34)
    at Object.worker (C:\Users\eposh\OneDrive\Desktop\Dikshant\jenkins\github-review-plugin\node_modules\jest-runner\build\testWorker.js:106:12)</failure>
    </testcase>
    <testcase classname="AI Review System Performance Tests Memory Usage Performance should maintain stable memory usage during large reviews" name="AI Review System Performance Tests Memory Usage Performance should maintain stable memory usage during large reviews" time="0.005">
      <failure>Error: context.repo requires a GITHUB_REPOSITORY environment variable like &apos;owner/repo&apos;
    at Context.get repo [as repo] (C:\Users\eposh\OneDrive\Desktop\Dikshant\jenkins\github-review-plugin\node_modules\@actions\github\src\context.ts:79:11)
    at new repo (C:\Users\eposh\OneDrive\Desktop\Dikshant\jenkins\github-review-plugin\src\actions\ai-review-action.js:61:25)
    at Object.&lt;anonymous&gt; (C:\Users\eposh\OneDrive\Desktop\Dikshant\jenkins\github-review-plugin\tests\integration\performance\performance-integration.test.js:102:22)
    at Promise.then.completed (C:\Users\eposh\OneDrive\Desktop\Dikshant\jenkins\github-review-plugin\node_modules\jest-circus\build\utils.js:298:28)
    at new Promise (&lt;anonymous&gt;)
    at callAsyncCircusFn (C:\Users\eposh\OneDrive\Desktop\Dikshant\jenkins\github-review-plugin\node_modules\jest-circus\build\utils.js:231:10)
    at _callCircusHook (C:\Users\eposh\OneDrive\Desktop\Dikshant\jenkins\github-review-plugin\node_modules\jest-circus\build\run.js:281:40)
    at processTicksAndRejections (node:internal/process/task_queues:105:5)
    at _runTest (C:\Users\eposh\OneDrive\Desktop\Dikshant\jenkins\github-review-plugin\node_modules\jest-circus\build\run.js:246:5)
    at _runTestsForDescribeBlock (C:\Users\eposh\OneDrive\Desktop\Dikshant\jenkins\github-review-plugin\node_modules\jest-circus\build\run.js:126:9)
    at _runTestsForDescribeBlock (C:\Users\eposh\OneDrive\Desktop\Dikshant\jenkins\github-review-plugin\node_modules\jest-circus\build\run.js:121:9)
    at _runTestsForDescribeBlock (C:\Users\eposh\OneDrive\Desktop\Dikshant\jenkins\github-review-plugin\node_modules\jest-circus\build\run.js:121:9)
    at run (C:\Users\eposh\OneDrive\Desktop\Dikshant\jenkins\github-review-plugin\node_modules\jest-circus\build\run.js:71:3)
    at runAndTransformResultsToJestFormat (C:\Users\eposh\OneDrive\Desktop\Dikshant\jenkins\github-review-plugin\node_modules\jest-circus\build\legacy-code-todo-rewrite\jestAdapterInit.js:122:21)
    at jestAdapter (C:\Users\eposh\OneDrive\Desktop\Dikshant\jenkins\github-review-plugin\node_modules\jest-circus\build\legacy-code-todo-rewrite\jestAdapter.js:79:19)
    at runTestInternal (C:\Users\eposh\OneDrive\Desktop\Dikshant\jenkins\github-review-plugin\node_modules\jest-runner\build\runTest.js:367:16)
    at runTest (C:\Users\eposh\OneDrive\Desktop\Dikshant\jenkins\github-review-plugin\node_modules\jest-runner\build\runTest.js:444:34)
    at Object.worker (C:\Users\eposh\OneDrive\Desktop\Dikshant\jenkins\github-review-plugin\node_modules\jest-runner\build\testWorker.js:106:12)</failure>
    </testcase>
    <testcase classname="AI Review System Performance Tests API Rate Limiting Performance should handle GitHub API rate limiting gracefully" name="AI Review System Performance Tests API Rate Limiting Performance should handle GitHub API rate limiting gracefully" time="0.006">
      <failure>Error: context.repo requires a GITHUB_REPOSITORY environment variable like &apos;owner/repo&apos;
    at Context.get repo [as repo] (C:\Users\eposh\OneDrive\Desktop\Dikshant\jenkins\github-review-plugin\node_modules\@actions\github\src\context.ts:79:11)
    at new repo (C:\Users\eposh\OneDrive\Desktop\Dikshant\jenkins\github-review-plugin\src\actions\ai-review-action.js:61:25)
    at Object.&lt;anonymous&gt; (C:\Users\eposh\OneDrive\Desktop\Dikshant\jenkins\github-review-plugin\tests\integration\performance\performance-integration.test.js:102:22)
    at Promise.then.completed (C:\Users\eposh\OneDrive\Desktop\Dikshant\jenkins\github-review-plugin\node_modules\jest-circus\build\utils.js:298:28)
    at new Promise (&lt;anonymous&gt;)
    at callAsyncCircusFn (C:\Users\eposh\OneDrive\Desktop\Dikshant\jenkins\github-review-plugin\node_modules\jest-circus\build\utils.js:231:10)
    at _callCircusHook (C:\Users\eposh\OneDrive\Desktop\Dikshant\jenkins\github-review-plugin\node_modules\jest-circus\build\run.js:281:40)
    at processTicksAndRejections (node:internal/process/task_queues:105:5)
    at _runTest (C:\Users\eposh\OneDrive\Desktop\Dikshant\jenkins\github-review-plugin\node_modules\jest-circus\build\run.js:246:5)
    at _runTestsForDescribeBlock (C:\Users\eposh\OneDrive\Desktop\Dikshant\jenkins\github-review-plugin\node_modules\jest-circus\build\run.js:126:9)
    at _runTestsForDescribeBlock (C:\Users\eposh\OneDrive\Desktop\Dikshant\jenkins\github-review-plugin\node_modules\jest-circus\build\run.js:121:9)
    at _runTestsForDescribeBlock (C:\Users\eposh\OneDrive\Desktop\Dikshant\jenkins\github-review-plugin\node_modules\jest-circus\build\run.js:121:9)
    at run (C:\Users\eposh\OneDrive\Desktop\Dikshant\jenkins\github-review-plugin\node_modules\jest-circus\build\run.js:71:3)
    at runAndTransformResultsToJestFormat (C:\Users\eposh\OneDrive\Desktop\Dikshant\jenkins\github-review-plugin\node_modules\jest-circus\build\legacy-code-todo-rewrite\jestAdapterInit.js:122:21)
    at jestAdapter (C:\Users\eposh\OneDrive\Desktop\Dikshant\jenkins\github-review-plugin\node_modules\jest-circus\build\legacy-code-todo-rewrite\jestAdapter.js:79:19)
    at runTestInternal (C:\Users\eposh\OneDrive\Desktop\Dikshant\jenkins\github-review-plugin\node_modules\jest-runner\build\runTest.js:367:16)
    at runTest (C:\Users\eposh\OneDrive\Desktop\Dikshant\jenkins\github-review-plugin\node_modules\jest-runner\build\runTest.js:444:34)
    at Object.worker (C:\Users\eposh\OneDrive\Desktop\Dikshant\jenkins\github-review-plugin\node_modules\jest-runner\build\testWorker.js:106:12)</failure>
    </testcase>
    <testcase classname="AI Review System Performance Tests Error Recovery Performance should recover from AI API failures within reasonable time" name="AI Review System Performance Tests Error Recovery Performance should recover from AI API failures within reasonable time" time="0.006">
      <failure>Error: context.repo requires a GITHUB_REPOSITORY environment variable like &apos;owner/repo&apos;
    at Context.get repo [as repo] (C:\Users\eposh\OneDrive\Desktop\Dikshant\jenkins\github-review-plugin\node_modules\@actions\github\src\context.ts:79:11)
    at new repo (C:\Users\eposh\OneDrive\Desktop\Dikshant\jenkins\github-review-plugin\src\actions\ai-review-action.js:61:25)
    at Object.&lt;anonymous&gt; (C:\Users\eposh\OneDrive\Desktop\Dikshant\jenkins\github-review-plugin\tests\integration\performance\performance-integration.test.js:102:22)
    at Promise.then.completed (C:\Users\eposh\OneDrive\Desktop\Dikshant\jenkins\github-review-plugin\node_modules\jest-circus\build\utils.js:298:28)
    at new Promise (&lt;anonymous&gt;)
    at callAsyncCircusFn (C:\Users\eposh\OneDrive\Desktop\Dikshant\jenkins\github-review-plugin\node_modules\jest-circus\build\utils.js:231:10)
    at _callCircusHook (C:\Users\eposh\OneDrive\Desktop\Dikshant\jenkins\github-review-plugin\node_modules\jest-circus\build\run.js:281:40)
    at processTicksAndRejections (node:internal/process/task_queues:105:5)
    at _runTest (C:\Users\eposh\OneDrive\Desktop\Dikshant\jenkins\github-review-plugin\node_modules\jest-circus\build\run.js:246:5)
    at _runTestsForDescribeBlock (C:\Users\eposh\OneDrive\Desktop\Dikshant\jenkins\github-review-plugin\node_modules\jest-circus\build\run.js:126:9)
    at _runTestsForDescribeBlock (C:\Users\eposh\OneDrive\Desktop\Dikshant\jenkins\github-review-plugin\node_modules\jest-circus\build\run.js:121:9)
    at _runTestsForDescribeBlock (C:\Users\eposh\OneDrive\Desktop\Dikshant\jenkins\github-review-plugin\node_modules\jest-circus\build\run.js:121:9)
    at run (C:\Users\eposh\OneDrive\Desktop\Dikshant\jenkins\github-review-plugin\node_modules\jest-circus\build\run.js:71:3)
    at runAndTransformResultsToJestFormat (C:\Users\eposh\OneDrive\Desktop\Dikshant\jenkins\github-review-plugin\node_modules\jest-circus\build\legacy-code-todo-rewrite\jestAdapterInit.js:122:21)
    at jestAdapter (C:\Users\eposh\OneDrive\Desktop\Dikshant\jenkins\github-review-plugin\node_modules\jest-circus\build\legacy-code-todo-rewrite\jestAdapter.js:79:19)
    at runTestInternal (C:\Users\eposh\OneDrive\Desktop\Dikshant\jenkins\github-review-plugin\node_modules\jest-runner\build\runTest.js:367:16)
    at runTest (C:\Users\eposh\OneDrive\Desktop\Dikshant\jenkins\github-review-plugin\node_modules\jest-runner\build\runTest.js:444:34)
    at Object.worker (C:\Users\eposh\OneDrive\Desktop\Dikshant\jenkins\github-review-plugin\node_modules\jest-runner\build\testWorker.js:106:12)</failure>
    </testcase>
    <testcase classname="AI Review System Performance Tests Scalability Performance should scale linearly with file count" name="AI Review System Performance Tests Scalability Performance should scale linearly with file count" time="0.025">
      <failure>Error: context.repo requires a GITHUB_REPOSITORY environment variable like &apos;owner/repo&apos;
    at Context.get repo [as repo] (C:\Users\eposh\OneDrive\Desktop\Dikshant\jenkins\github-review-plugin\node_modules\@actions\github\src\context.ts:79:11)
    at new repo (C:\Users\eposh\OneDrive\Desktop\Dikshant\jenkins\github-review-plugin\src\actions\ai-review-action.js:61:25)
    at Object.&lt;anonymous&gt; (C:\Users\eposh\OneDrive\Desktop\Dikshant\jenkins\github-review-plugin\tests\integration\performance\performance-integration.test.js:102:22)
    at Promise.then.completed (C:\Users\eposh\OneDrive\Desktop\Dikshant\jenkins\github-review-plugin\node_modules\jest-circus\build\utils.js:298:28)
    at new Promise (&lt;anonymous&gt;)
    at callAsyncCircusFn (C:\Users\eposh\OneDrive\Desktop\Dikshant\jenkins\github-review-plugin\node_modules\jest-circus\build\utils.js:231:10)
    at _callCircusHook (C:\Users\eposh\OneDrive\Desktop\Dikshant\jenkins\github-review-plugin\node_modules\jest-circus\build\run.js:281:40)
    at processTicksAndRejections (node:internal/process/task_queues:105:5)
    at _runTest (C:\Users\eposh\OneDrive\Desktop\Dikshant\jenkins\github-review-plugin\node_modules\jest-circus\build\run.js:246:5)
    at _runTestsForDescribeBlock (C:\Users\eposh\OneDrive\Desktop\Dikshant\jenkins\github-review-plugin\node_modules\jest-circus\build\run.js:126:9)
    at _runTestsForDescribeBlock (C:\Users\eposh\OneDrive\Desktop\Dikshant\jenkins\github-review-plugin\node_modules\jest-circus\build\run.js:121:9)
    at _runTestsForDescribeBlock (C:\Users\eposh\OneDrive\Desktop\Dikshant\jenkins\github-review-plugin\node_modules\jest-circus\build\run.js:121:9)
    at run (C:\Users\eposh\OneDrive\Desktop\Dikshant\jenkins\github-review-plugin\node_modules\jest-circus\build\run.js:71:3)
    at runAndTransformResultsToJestFormat (C:\Users\eposh\OneDrive\Desktop\Dikshant\jenkins\github-review-plugin\node_modules\jest-circus\build\legacy-code-todo-rewrite\jestAdapterInit.js:122:21)
    at jestAdapter (C:\Users\eposh\OneDrive\Desktop\Dikshant\jenkins\github-review-plugin\node_modules\jest-circus\build\legacy-code-todo-rewrite\jestAdapter.js:79:19)
    at runTestInternal (C:\Users\eposh\OneDrive\Desktop\Dikshant\jenkins\github-review-plugin\node_modules\jest-runner\build\runTest.js:367:16)
    at runTest (C:\Users\eposh\OneDrive\Desktop\Dikshant\jenkins\github-review-plugin\node_modules\jest-runner\build\runTest.js:444:34)
    at Object.worker (C:\Users\eposh\OneDrive\Desktop\Dikshant\jenkins\github-review-plugin\node_modules\jest-runner\build\testWorker.js:106:12)</failure>
    </testcase>
    <testcase classname="AI Review System Performance Tests Resource Cleanup Performance should clean up resources efficiently after large operations" name="AI Review System Performance Tests Resource Cleanup Performance should clean up resources efficiently after large operations" time="0.011">
      <failure>Error: context.repo requires a GITHUB_REPOSITORY environment variable like &apos;owner/repo&apos;
    at Context.get repo [as repo] (C:\Users\eposh\OneDrive\Desktop\Dikshant\jenkins\github-review-plugin\node_modules\@actions\github\src\context.ts:79:11)
    at new repo (C:\Users\eposh\OneDrive\Desktop\Dikshant\jenkins\github-review-plugin\src\actions\ai-review-action.js:61:25)
    at Object.&lt;anonymous&gt; (C:\Users\eposh\OneDrive\Desktop\Dikshant\jenkins\github-review-plugin\tests\integration\performance\performance-integration.test.js:102:22)
    at Promise.then.completed (C:\Users\eposh\OneDrive\Desktop\Dikshant\jenkins\github-review-plugin\node_modules\jest-circus\build\utils.js:298:28)
    at new Promise (&lt;anonymous&gt;)
    at callAsyncCircusFn (C:\Users\eposh\OneDrive\Desktop\Dikshant\jenkins\github-review-plugin\node_modules\jest-circus\build\utils.js:231:10)
    at _callCircusHook (C:\Users\eposh\OneDrive\Desktop\Dikshant\jenkins\github-review-plugin\node_modules\jest-circus\build\run.js:281:40)
    at processTicksAndRejections (node:internal/process/task_queues:105:5)
    at _runTest (C:\Users\eposh\OneDrive\Desktop\Dikshant\jenkins\github-review-plugin\node_modules\jest-circus\build\run.js:246:5)
    at _runTestsForDescribeBlock (C:\Users\eposh\OneDrive\Desktop\Dikshant\jenkins\github-review-plugin\node_modules\jest-circus\build\run.js:126:9)
    at _runTestsForDescribeBlock (C:\Users\eposh\OneDrive\Desktop\Dikshant\jenkins\github-review-plugin\node_modules\jest-circus\build\run.js:121:9)
    at _runTestsForDescribeBlock (C:\Users\eposh\OneDrive\Desktop\Dikshant\jenkins\github-review-plugin\node_modules\jest-circus\build\run.js:121:9)
    at run (C:\Users\eposh\OneDrive\Desktop\Dikshant\jenkins\github-review-plugin\node_modules\jest-circus\build\run.js:71:3)
    at runAndTransformResultsToJestFormat (C:\Users\eposh\OneDrive\Desktop\Dikshant\jenkins\github-review-plugin\node_modules\jest-circus\build\legacy-code-todo-rewrite\jestAdapterInit.js:122:21)
    at jestAdapter (C:\Users\eposh\OneDrive\Desktop\Dikshant\jenkins\github-review-plugin\node_modules\jest-circus\build\legacy-code-todo-rewrite\jestAdapter.js:79:19)
    at runTestInternal (C:\Users\eposh\OneDrive\Desktop\Dikshant\jenkins\github-review-plugin\node_modules\jest-runner\build\runTest.js:367:16)
    at runTest (C:\Users\eposh\OneDrive\Desktop\Dikshant\jenkins\github-review-plugin\node_modules\jest-runner\build\runTest.js:444:34)
    at Object.worker (C:\Users\eposh\OneDrive\Desktop\Dikshant\jenkins\github-review-plugin\node_modules\jest-runner\build\testWorker.js:106:12)</failure>
    </testcase>
  </testsuite>
  <testsuite name="QualityGates" errors="0" failures="33" skipped="0" timestamp="2025-09-03T15:32:09" time="1.913" tests="33">
    <testcase classname="QualityGates constructor should initialize with default options" name="QualityGates constructor should initialize with default options" time="0.091">
      <failure>TypeError: Cannot read properties of undefined (reading &apos;enabled&apos;)
    at Object.enabled (C:\Users\eposh\OneDrive\Desktop\Dikshant\jenkins\github-review-plugin\src\utils\quality-gates.test.js:39:25)
    at Promise.then.completed (C:\Users\eposh\OneDrive\Desktop\Dikshant\jenkins\github-review-plugin\node_modules\jest-circus\build\utils.js:298:28)
    at new Promise (&lt;anonymous&gt;)
    at callAsyncCircusFn (C:\Users\eposh\OneDrive\Desktop\Dikshant\jenkins\github-review-plugin\node_modules\jest-circus\build\utils.js:231:10)
    at _callCircusTest (C:\Users\eposh\OneDrive\Desktop\Dikshant\jenkins\github-review-plugin\node_modules\jest-circus\build\run.js:316:40)
    at processTicksAndRejections (node:internal/process/task_queues:105:5)
    at _runTest (C:\Users\eposh\OneDrive\Desktop\Dikshant\jenkins\github-review-plugin\node_modules\jest-circus\build\run.js:252:3)
    at _runTestsForDescribeBlock (C:\Users\eposh\OneDrive\Desktop\Dikshant\jenkins\github-review-plugin\node_modules\jest-circus\build\run.js:126:9)
    at _runTestsForDescribeBlock (C:\Users\eposh\OneDrive\Desktop\Dikshant\jenkins\github-review-plugin\node_modules\jest-circus\build\run.js:121:9)
    at _runTestsForDescribeBlock (C:\Users\eposh\OneDrive\Desktop\Dikshant\jenkins\github-review-plugin\node_modules\jest-circus\build\run.js:121:9)
    at run (C:\Users\eposh\OneDrive\Desktop\Dikshant\jenkins\github-review-plugin\node_modules\jest-circus\build\run.js:71:3)
    at runAndTransformResultsToJestFormat (C:\Users\eposh\OneDrive\Desktop\Dikshant\jenkins\github-review-plugin\node_modules\jest-circus\build\legacy-code-todo-rewrite\jestAdapterInit.js:122:21)
    at jestAdapter (C:\Users\eposh\OneDrive\Desktop\Dikshant\jenkins\github-review-plugin\node_modules\jest-circus\build\legacy-code-todo-rewrite\jestAdapter.js:79:19)
    at runTestInternal (C:\Users\eposh\OneDrive\Desktop\Dikshant\jenkins\github-review-plugin\node_modules\jest-runner\build\runTest.js:367:16)
    at runTest (C:\Users\eposh\OneDrive\Desktop\Dikshant\jenkins\github-review-plugin\node_modules\jest-runner\build\runTest.js:444:34)
    at Object.worker (C:\Users\eposh\OneDrive\Desktop\Dikshant\jenkins\github-review-plugin\node_modules\jest-runner\build\testWorker.js:106:12)</failure>
    </testcase>
    <testcase classname="QualityGates constructor should initialize with custom options" name="QualityGates constructor should initialize with custom options" time="0.018">
      <failure>TypeError: Cannot read properties of undefined (reading &apos;enabled&apos;)
    at Object.enabled (C:\Users\eposh\OneDrive\Desktop\Dikshant\jenkins\github-review-plugin\src\utils\quality-gates.test.js:57:25)
    at Promise.then.completed (C:\Users\eposh\OneDrive\Desktop\Dikshant\jenkins\github-review-plugin\node_modules\jest-circus\build\utils.js:298:28)
    at new Promise (&lt;anonymous&gt;)
    at callAsyncCircusFn (C:\Users\eposh\OneDrive\Desktop\Dikshant\jenkins\github-review-plugin\node_modules\jest-circus\build\utils.js:231:10)
    at _callCircusTest (C:\Users\eposh\OneDrive\Desktop\Dikshant\jenkins\github-review-plugin\node_modules\jest-circus\build\run.js:316:40)
    at processTicksAndRejections (node:internal/process/task_queues:105:5)
    at _runTest (C:\Users\eposh\OneDrive\Desktop\Dikshant\jenkins\github-review-plugin\node_modules\jest-circus\build\run.js:252:3)
    at _runTestsForDescribeBlock (C:\Users\eposh\OneDrive\Desktop\Dikshant\jenkins\github-review-plugin\node_modules\jest-circus\build\run.js:126:9)
    at _runTestsForDescribeBlock (C:\Users\eposh\OneDrive\Desktop\Dikshant\jenkins\github-review-plugin\node_modules\jest-circus\build\run.js:121:9)
    at _runTestsForDescribeBlock (C:\Users\eposh\OneDrive\Desktop\Dikshant\jenkins\github-review-plugin\node_modules\jest-circus\build\run.js:121:9)
    at run (C:\Users\eposh\OneDrive\Desktop\Dikshant\jenkins\github-review-plugin\node_modules\jest-circus\build\run.js:71:3)
    at runAndTransformResultsToJestFormat (C:\Users\eposh\OneDrive\Desktop\Dikshant\jenkins\github-review-plugin\node_modules\jest-circus\build\legacy-code-todo-rewrite\jestAdapterInit.js:122:21)
    at jestAdapter (C:\Users\eposh\OneDrive\Desktop\Dikshant\jenkins\github-review-plugin\node_modules\jest-circus\build\legacy-code-todo-rewrite\jestAdapter.js:79:19)
    at runTestInternal (C:\Users\eposh\OneDrive\Desktop\Dikshant\jenkins\github-review-plugin\node_modules\jest-runner\build\runTest.js:367:16)
    at runTest (C:\Users\eposh\OneDrive\Desktop\Dikshant\jenkins\github-review-plugin\node_modules\jest-runner\build\runTest.js:444:34)
    at Object.worker (C:\Users\eposh\OneDrive\Desktop\Dikshant\jenkins\github-review-plugin\node_modules\jest-runner\build\testWorker.js:106:12)</failure>
    </testcase>
    <testcase classname="QualityGates constructor should validate configuration" name="QualityGates constructor should validate configuration" time="0.039">
      <failure>Error: expect(received).toThrow(expected)

Expected substring: &quot;Invalid severity threshold&quot;

Received function did not throw
    at Object.toThrow (C:\Users\eposh\OneDrive\Desktop\Dikshant\jenkins\github-review-plugin\src\utils\quality-gates.test.js:66:72)
    at Promise.then.completed (C:\Users\eposh\OneDrive\Desktop\Dikshant\jenkins\github-review-plugin\node_modules\jest-circus\build\utils.js:298:28)
    at new Promise (&lt;anonymous&gt;)
    at callAsyncCircusFn (C:\Users\eposh\OneDrive\Desktop\Dikshant\jenkins\github-review-plugin\node_modules\jest-circus\build\utils.js:231:10)
    at _callCircusTest (C:\Users\eposh\OneDrive\Desktop\Dikshant\jenkins\github-review-plugin\node_modules\jest-circus\build\run.js:316:40)
    at processTicksAndRejections (node:internal/process/task_queues:105:5)
    at _runTest (C:\Users\eposh\OneDrive\Desktop\Dikshant\jenkins\github-review-plugin\node_modules\jest-circus\build\run.js:252:3)
    at _runTestsForDescribeBlock (C:\Users\eposh\OneDrive\Desktop\Dikshant\jenkins\github-review-plugin\node_modules\jest-circus\build\run.js:126:9)
    at _runTestsForDescribeBlock (C:\Users\eposh\OneDrive\Desktop\Dikshant\jenkins\github-review-plugin\node_modules\jest-circus\build\run.js:121:9)
    at _runTestsForDescribeBlock (C:\Users\eposh\OneDrive\Desktop\Dikshant\jenkins\github-review-plugin\node_modules\jest-circus\build\run.js:121:9)
    at run (C:\Users\eposh\OneDrive\Desktop\Dikshant\jenkins\github-review-plugin\node_modules\jest-circus\build\run.js:71:3)
    at runAndTransformResultsToJestFormat (C:\Users\eposh\OneDrive\Desktop\Dikshant\jenkins\github-review-plugin\node_modules\jest-circus\build\legacy-code-todo-rewrite\jestAdapterInit.js:122:21)
    at jestAdapter (C:\Users\eposh\OneDrive\Desktop\Dikshant\jenkins\github-review-plugin\node_modules\jest-circus\build\legacy-code-todo-rewrite\jestAdapter.js:79:19)
    at runTestInternal (C:\Users\eposh\OneDrive\Desktop\Dikshant\jenkins\github-review-plugin\node_modules\jest-runner\build\runTest.js:367:16)
    at runTest (C:\Users\eposh\OneDrive\Desktop\Dikshant\jenkins\github-review-plugin\node_modules\jest-runner\build\runTest.js:444:34)
    at Object.worker (C:\Users\eposh\OneDrive\Desktop\Dikshant\jenkins\github-review-plugin\node_modules\jest-runner\build\testWorker.js:106:12)</failure>
    </testcase>
    <testcase classname="QualityGates setAuditLogger should set audit logger reference" name="QualityGates setAuditLogger should set audit logger reference" time="0.057">
      <failure>Error: expect(received).toBe(expected) // Object.is equality

Expected: {&quot;logInfo&quot;: [Function mockConstructor]}
Received: null
    at Object.toBe (C:\Users\eposh\OneDrive\Desktop\Dikshant\jenkins\github-review-plugin\src\utils\quality-gates.test.js:77:30)
    at Promise.then.completed (C:\Users\eposh\OneDrive\Desktop\Dikshant\jenkins\github-review-plugin\node_modules\jest-circus\build\utils.js:298:28)
    at new Promise (&lt;anonymous&gt;)
    at callAsyncCircusFn (C:\Users\eposh\OneDrive\Desktop\Dikshant\jenkins\github-review-plugin\node_modules\jest-circus\build\utils.js:231:10)
    at _callCircusTest (C:\Users\eposh\OneDrive\Desktop\Dikshant\jenkins\github-review-plugin\node_modules\jest-circus\build\run.js:316:40)
    at processTicksAndRejections (node:internal/process/task_queues:105:5)
    at _runTest (C:\Users\eposh\OneDrive\Desktop\Dikshant\jenkins\github-review-plugin\node_modules\jest-circus\build\run.js:252:3)
    at _runTestsForDescribeBlock (C:\Users\eposh\OneDrive\Desktop\Dikshant\jenkins\github-review-plugin\node_modules\jest-circus\build\run.js:126:9)
    at _runTestsForDescribeBlock (C:\Users\eposh\OneDrive\Desktop\Dikshant\jenkins\github-review-plugin\node_modules\jest-circus\build\run.js:121:9)
    at _runTestsForDescribeBlock (C:\Users\eposh\OneDrive\Desktop\Dikshant\jenkins\github-review-plugin\node_modules\jest-circus\build\run.js:121:9)
    at run (C:\Users\eposh\OneDrive\Desktop\Dikshant\jenkins\github-review-plugin\node_modules\jest-circus\build\run.js:71:3)
    at runAndTransformResultsToJestFormat (C:\Users\eposh\OneDrive\Desktop\Dikshant\jenkins\github-review-plugin\node_modules\jest-circus\build\legacy-code-todo-rewrite\jestAdapterInit.js:122:21)
    at jestAdapter (C:\Users\eposh\OneDrive\Desktop\Dikshant\jenkins\github-review-plugin\node_modules\jest-circus\build\legacy-code-todo-rewrite\jestAdapter.js:79:19)
    at runTestInternal (C:\Users\eposh\OneDrive\Desktop\Dikshant\jenkins\github-review-plugin\node_modules\jest-runner\build\runTest.js:367:16)
    at runTest (C:\Users\eposh\OneDrive\Desktop\Dikshant\jenkins\github-review-plugin\node_modules\jest-runner\build\runTest.js:444:34)
    at Object.worker (C:\Users\eposh\OneDrive\Desktop\Dikshant\jenkins\github-review-plugin\node_modules\jest-runner\build\testWorker.js:106:12)</failure>
    </testcase>
    <testcase classname="QualityGates evaluateQualityGate should return passed when quality gates disabled" name="QualityGates evaluateQualityGate should return passed when quality gates disabled" time="0.043">
      <failure>Error: expect(received).toBe(expected) // Object.is equality

Expected: true
Received: false
    at Object.toBe (C:\Users\eposh\OneDrive\Desktop\Dikshant\jenkins\github-review-plugin\src\utils\quality-gates.test.js:111:29)
    at processTicksAndRejections (node:internal/process/task_queues:105:5)</failure>
    </testcase>
    <testcase classname="QualityGates evaluateQualityGate should return passed when not production environment" name="QualityGates evaluateQualityGate should return passed when not production environment" time="0.064">
      <failure>Error: expect(received).toBe(expected) // Object.is equality

Expected: true
Received: false
    at Object.toBe (C:\Users\eposh\OneDrive\Desktop\Dikshant\jenkins\github-review-plugin\src\utils\quality-gates.test.js:125:29)
    at processTicksAndRejections (node:internal/process/task_queues:105:5)</failure>
    </testcase>
    <testcase classname="QualityGates evaluateQualityGate should return passed when blocking disabled" name="QualityGates evaluateQualityGate should return passed when blocking disabled" time="0.026">
      <failure>Error: expect(received).toBe(expected) // Object.is equality

Expected: true
Received: false
    at Object.toBe (C:\Users\eposh\OneDrive\Desktop\Dikshant\jenkins\github-review-plugin\src\utils\quality-gates.test.js:137:29)
    at processTicksAndRejections (node:internal/process/task_queues:105:5)</failure>
    </testcase>
    <testcase classname="QualityGates evaluateQualityGate should return passed with override when URGENT keyword found" name="QualityGates evaluateQualityGate should return passed with override when URGENT keyword found" time="0.031">
      <failure>Error: expect(received).toBe(expected) // Object.is equality

Expected: true
Received: false
    at Object.toBe (C:\Users\eposh\OneDrive\Desktop\Dikshant\jenkins\github-review-plugin\src\utils\quality-gates.test.js:149:29)
    at processTicksAndRejections (node:internal/process/task_queues:105:5)</failure>
    </testcase>
    <testcase classname="QualityGates evaluateQualityGate should return failed when high severity issues found" name="QualityGates evaluateQualityGate should return failed when high severity issues found" time="0.053">
      <failure>Error: expect(received).toBe(expected) // Object.is equality

Expected: true
Received: undefined
    at Object.toBe (C:\Users\eposh\OneDrive\Desktop\Dikshant\jenkins\github-review-plugin\src\utils\quality-gates.test.js:159:30)
    at processTicksAndRejections (node:internal/process/task_queues:105:5)</failure>
    </testcase>
    <testcase classname="QualityGates evaluateQualityGate should return passed when issues below threshold" name="QualityGates evaluateQualityGate should return passed when issues below threshold" time="0.055">
      <failure>Error: expect(received).toBe(expected) // Object.is equality

Expected: true
Received: false
    at Object.toBe (C:\Users\eposh\OneDrive\Desktop\Dikshant\jenkins\github-review-plugin\src\utils\quality-gates.test.js:172:29)
    at processTicksAndRejections (node:internal/process/task_queues:105:5)</failure>
    </testcase>
    <testcase classname="QualityGates evaluateQualityGate should handle errors gracefully" name="QualityGates evaluateQualityGate should handle errors gracefully" time="0.009">
      <failure>Error: Property `logQualityGateStart` does not exist in the provided object
    at ModuleMocker.spyOn (C:\Users\eposh\OneDrive\Desktop\Dikshant\jenkins\github-review-plugin\node_modules\jest-mock\build\index.js:731:13)
    at Object.spyOn (C:\Users\eposh\OneDrive\Desktop\Dikshant\jenkins\github-review-plugin\src\utils\quality-gates.test.js:180:12)
    at Promise.then.completed (C:\Users\eposh\OneDrive\Desktop\Dikshant\jenkins\github-review-plugin\node_modules\jest-circus\build\utils.js:298:28)
    at new Promise (&lt;anonymous&gt;)
    at callAsyncCircusFn (C:\Users\eposh\OneDrive\Desktop\Dikshant\jenkins\github-review-plugin\node_modules\jest-circus\build\utils.js:231:10)
    at _callCircusTest (C:\Users\eposh\OneDrive\Desktop\Dikshant\jenkins\github-review-plugin\node_modules\jest-circus\build\run.js:316:40)
    at processTicksAndRejections (node:internal/process/task_queues:105:5)
    at _runTest (C:\Users\eposh\OneDrive\Desktop\Dikshant\jenkins\github-review-plugin\node_modules\jest-circus\build\run.js:252:3)
    at _runTestsForDescribeBlock (C:\Users\eposh\OneDrive\Desktop\Dikshant\jenkins\github-review-plugin\node_modules\jest-circus\build\run.js:126:9)
    at _runTestsForDescribeBlock (C:\Users\eposh\OneDrive\Desktop\Dikshant\jenkins\github-review-plugin\node_modules\jest-circus\build\run.js:121:9)
    at _runTestsForDescribeBlock (C:\Users\eposh\OneDrive\Desktop\Dikshant\jenkins\github-review-plugin\node_modules\jest-circus\build\run.js:121:9)
    at run (C:\Users\eposh\OneDrive\Desktop\Dikshant\jenkins\github-review-plugin\node_modules\jest-circus\build\run.js:71:3)
    at runAndTransformResultsToJestFormat (C:\Users\eposh\OneDrive\Desktop\Dikshant\jenkins\github-review-plugin\node_modules\jest-circus\build\legacy-code-todo-rewrite\jestAdapterInit.js:122:21)
    at jestAdapter (C:\Users\eposh\OneDrive\Desktop\Dikshant\jenkins\github-review-plugin\node_modules\jest-circus\build\legacy-code-todo-rewrite\jestAdapter.js:79:19)
    at runTestInternal (C:\Users\eposh\OneDrive\Desktop\Dikshant\jenkins\github-review-plugin\node_modules\jest-runner\build\runTest.js:367:16)
    at runTest (C:\Users\eposh\OneDrive\Desktop\Dikshant\jenkins\github-review-plugin\node_modules\jest-runner\build\runTest.js:444:34)
    at Object.worker (C:\Users\eposh\OneDrive\Desktop\Dikshant\jenkins\github-review-plugin\node_modules\jest-runner\build\testWorker.js:106:12)</failure>
    </testcase>
    <testcase classname="QualityGates checkUrgentOverride should return false when override disabled" name="QualityGates checkUrgentOverride should return false when override disabled" time="0.029">
      <failure>TypeError: qg.checkUrgentOverride is not a function
    at Object.checkUrgentOverride (C:\Users\eposh\OneDrive\Desktop\Dikshant\jenkins\github-review-plugin\src\utils\quality-gates.test.js:206:31)
    at Promise.then.completed (C:\Users\eposh\OneDrive\Desktop\Dikshant\jenkins\github-review-plugin\node_modules\jest-circus\build\utils.js:298:28)
    at new Promise (&lt;anonymous&gt;)
    at callAsyncCircusFn (C:\Users\eposh\OneDrive\Desktop\Dikshant\jenkins\github-review-plugin\node_modules\jest-circus\build\utils.js:231:10)
    at _callCircusTest (C:\Users\eposh\OneDrive\Desktop\Dikshant\jenkins\github-review-plugin\node_modules\jest-circus\build\run.js:316:40)
    at processTicksAndRejections (node:internal/process/task_queues:105:5)
    at _runTest (C:\Users\eposh\OneDrive\Desktop\Dikshant\jenkins\github-review-plugin\node_modules\jest-circus\build\run.js:252:3)
    at _runTestsForDescribeBlock (C:\Users\eposh\OneDrive\Desktop\Dikshant\jenkins\github-review-plugin\node_modules\jest-circus\build\run.js:126:9)
    at _runTestsForDescribeBlock (C:\Users\eposh\OneDrive\Desktop\Dikshant\jenkins\github-review-plugin\node_modules\jest-circus\build\run.js:121:9)
    at _runTestsForDescribeBlock (C:\Users\eposh\OneDrive\Desktop\Dikshant\jenkins\github-review-plugin\node_modules\jest-circus\build\run.js:121:9)
    at run (C:\Users\eposh\OneDrive\Desktop\Dikshant\jenkins\github-review-plugin\node_modules\jest-circus\build\run.js:71:3)
    at runAndTransformResultsToJestFormat (C:\Users\eposh\OneDrive\Desktop\Dikshant\jenkins\github-review-plugin\node_modules\jest-circus\build\legacy-code-todo-rewrite\jestAdapterInit.js:122:21)
    at jestAdapter (C:\Users\eposh\OneDrive\Desktop\Dikshant\jenkins\github-review-plugin\node_modules\jest-circus\build\legacy-code-todo-rewrite\jestAdapter.js:79:19)
    at runTestInternal (C:\Users\eposh\OneDrive\Desktop\Dikshant\jenkins\github-review-plugin\node_modules\jest-runner\build\runTest.js:367:16)
    at runTest (C:\Users\eposh\OneDrive\Desktop\Dikshant\jenkins\github-review-plugin\node_modules\jest-runner\build\runTest.js:444:34)
    at Object.worker (C:\Users\eposh\OneDrive\Desktop\Dikshant\jenkins\github-review-plugin\node_modules\jest-runner\build\testWorker.js:106:12)</failure>
    </testcase>
    <testcase classname="QualityGates checkUrgentOverride should return false when no URGENT keyword" name="QualityGates checkUrgentOverride should return false when no URGENT keyword" time="0.025">
      <failure>TypeError: qualityGates.checkUrgentOverride is not a function
    at Object.checkUrgentOverride (C:\Users\eposh\OneDrive\Desktop\Dikshant\jenkins\github-review-plugin\src\utils\quality-gates.test.js:213:41)
    at Promise.then.completed (C:\Users\eposh\OneDrive\Desktop\Dikshant\jenkins\github-review-plugin\node_modules\jest-circus\build\utils.js:298:28)
    at new Promise (&lt;anonymous&gt;)
    at callAsyncCircusFn (C:\Users\eposh\OneDrive\Desktop\Dikshant\jenkins\github-review-plugin\node_modules\jest-circus\build\utils.js:231:10)
    at _callCircusTest (C:\Users\eposh\OneDrive\Desktop\Dikshant\jenkins\github-review-plugin\node_modules\jest-circus\build\run.js:316:40)
    at processTicksAndRejections (node:internal/process/task_queues:105:5)
    at _runTest (C:\Users\eposh\OneDrive\Desktop\Dikshant\jenkins\github-review-plugin\node_modules\jest-circus\build\run.js:252:3)
    at _runTestsForDescribeBlock (C:\Users\eposh\OneDrive\Desktop\Dikshant\jenkins\github-review-plugin\node_modules\jest-circus\build\run.js:126:9)
    at _runTestsForDescribeBlock (C:\Users\eposh\OneDrive\Desktop\Dikshant\jenkins\github-review-plugin\node_modules\jest-circus\build\run.js:121:9)
    at _runTestsForDescribeBlock (C:\Users\eposh\OneDrive\Desktop\Dikshant\jenkins\github-review-plugin\node_modules\jest-circus\build\run.js:121:9)
    at run (C:\Users\eposh\OneDrive\Desktop\Dikshant\jenkins\github-review-plugin\node_modules\jest-circus\build\run.js:71:3)
    at runAndTransformResultsToJestFormat (C:\Users\eposh\OneDrive\Desktop\Dikshant\jenkins\github-review-plugin\node_modules\jest-circus\build\legacy-code-todo-rewrite\jestAdapterInit.js:122:21)
    at jestAdapter (C:\Users\eposh\OneDrive\Desktop\Dikshant\jenkins\github-review-plugin\node_modules\jest-circus\build\legacy-code-todo-rewrite\jestAdapter.js:79:19)
    at runTestInternal (C:\Users\eposh\OneDrive\Desktop\Dikshant\jenkins\github-review-plugin\node_modules\jest-runner\build\runTest.js:367:16)
    at runTest (C:\Users\eposh\OneDrive\Desktop\Dikshant\jenkins\github-review-plugin\node_modules\jest-runner\build\runTest.js:444:34)
    at Object.worker (C:\Users\eposh\OneDrive\Desktop\Dikshant\jenkins\github-review-plugin\node_modules\jest-runner\build\testWorker.js:106:12)</failure>
    </testcase>
    <testcase classname="QualityGates checkUrgentOverride should return true when URGENT keyword found and within limits" name="QualityGates checkUrgentOverride should return true when URGENT keyword found and within limits" time="0.005">
      <failure>TypeError: qualityGates.checkUrgentOverride is not a function
    at Object.checkUrgentOverride (C:\Users\eposh\OneDrive\Desktop\Dikshant\jenkins\github-review-plugin\src\utils\quality-gates.test.js:220:41)
    at Promise.then.completed (C:\Users\eposh\OneDrive\Desktop\Dikshant\jenkins\github-review-plugin\node_modules\jest-circus\build\utils.js:298:28)
    at new Promise (&lt;anonymous&gt;)
    at callAsyncCircusFn (C:\Users\eposh\OneDrive\Desktop\Dikshant\jenkins\github-review-plugin\node_modules\jest-circus\build\utils.js:231:10)
    at _callCircusTest (C:\Users\eposh\OneDrive\Desktop\Dikshant\jenkins\github-review-plugin\node_modules\jest-circus\build\run.js:316:40)
    at processTicksAndRejections (node:internal/process/task_queues:105:5)
    at _runTest (C:\Users\eposh\OneDrive\Desktop\Dikshant\jenkins\github-review-plugin\node_modules\jest-circus\build\run.js:252:3)
    at _runTestsForDescribeBlock (C:\Users\eposh\OneDrive\Desktop\Dikshant\jenkins\github-review-plugin\node_modules\jest-circus\build\run.js:126:9)
    at _runTestsForDescribeBlock (C:\Users\eposh\OneDrive\Desktop\Dikshant\jenkins\github-review-plugin\node_modules\jest-circus\build\run.js:121:9)
    at _runTestsForDescribeBlock (C:\Users\eposh\OneDrive\Desktop\Dikshant\jenkins\github-review-plugin\node_modules\jest-circus\build\run.js:121:9)
    at run (C:\Users\eposh\OneDrive\Desktop\Dikshant\jenkins\github-review-plugin\node_modules\jest-circus\build\run.js:71:3)
    at runAndTransformResultsToJestFormat (C:\Users\eposh\OneDrive\Desktop\Dikshant\jenkins\github-review-plugin\node_modules\jest-circus\build\legacy-code-todo-rewrite\jestAdapterInit.js:122:21)
    at jestAdapter (C:\Users\eposh\OneDrive\Desktop\Dikshant\jenkins\github-review-plugin\node_modules\jest-circus\build\legacy-code-todo-rewrite\jestAdapter.js:79:19)
    at runTestInternal (C:\Users\eposh\OneDrive\Desktop\Dikshant\jenkins\github-review-plugin\node_modules\jest-runner\build\runTest.js:367:16)
    at runTest (C:\Users\eposh\OneDrive\Desktop\Dikshant\jenkins\github-review-plugin\node_modules\jest-runner\build\runTest.js:444:34)
    at Object.worker (C:\Users\eposh\OneDrive\Desktop\Dikshant\jenkins\github-review-plugin\node_modules\jest-runner\build\testWorker.js:106:12)</failure>
    </testcase>
    <testcase classname="QualityGates checkUrgentOverride should return false when daily limit exceeded" name="QualityGates checkUrgentOverride should return false when daily limit exceeded" time="0.003">
      <failure>TypeError: Cannot read properties of undefined (reading &apos;overrideTracking&apos;)
    at Object.overrideTracking (C:\Users\eposh\OneDrive\Desktop\Dikshant\jenkins\github-review-plugin\src\utils\quality-gates.test.js:231:28)
    at Promise.then.completed (C:\Users\eposh\OneDrive\Desktop\Dikshant\jenkins\github-review-plugin\node_modules\jest-circus\build\utils.js:298:28)
    at new Promise (&lt;anonymous&gt;)
    at callAsyncCircusFn (C:\Users\eposh\OneDrive\Desktop\Dikshant\jenkins\github-review-plugin\node_modules\jest-circus\build\utils.js:231:10)
    at _callCircusTest (C:\Users\eposh\OneDrive\Desktop\Dikshant\jenkins\github-review-plugin\node_modules\jest-circus\build\run.js:316:40)
    at processTicksAndRejections (node:internal/process/task_queues:105:5)
    at _runTest (C:\Users\eposh\OneDrive\Desktop\Dikshant\jenkins\github-review-plugin\node_modules\jest-circus\build\run.js:252:3)
    at _runTestsForDescribeBlock (C:\Users\eposh\OneDrive\Desktop\Dikshant\jenkins\github-review-plugin\node_modules\jest-circus\build\run.js:126:9)
    at _runTestsForDescribeBlock (C:\Users\eposh\OneDrive\Desktop\Dikshant\jenkins\github-review-plugin\node_modules\jest-circus\build\run.js:121:9)
    at _runTestsForDescribeBlock (C:\Users\eposh\OneDrive\Desktop\Dikshant\jenkins\github-review-plugin\node_modules\jest-circus\build\run.js:121:9)
    at run (C:\Users\eposh\OneDrive\Desktop\Dikshant\jenkins\github-review-plugin\node_modules\jest-circus\build\run.js:71:3)
    at runAndTransformResultsToJestFormat (C:\Users\eposh\OneDrive\Desktop\Dikshant\jenkins\github-review-plugin\node_modules\jest-circus\build\legacy-code-todo-rewrite\jestAdapterInit.js:122:21)
    at jestAdapter (C:\Users\eposh\OneDrive\Desktop\Dikshant\jenkins\github-review-plugin\node_modules\jest-circus\build\legacy-code-todo-rewrite\jestAdapter.js:79:19)
    at runTestInternal (C:\Users\eposh\OneDrive\Desktop\Dikshant\jenkins\github-review-plugin\node_modules\jest-runner\build\runTest.js:367:16)
    at runTest (C:\Users\eposh\OneDrive\Desktop\Dikshant\jenkins\github-review-plugin\node_modules\jest-runner\build\runTest.js:444:34)
    at Object.worker (C:\Users\eposh\OneDrive\Desktop\Dikshant\jenkins\github-review-plugin\node_modules\jest-runner\build\testWorker.js:106:12)</failure>
    </testcase>
    <testcase classname="QualityGates hasUrgentKeyword should detect URGENT keyword" name="QualityGates hasUrgentKeyword should detect URGENT keyword" time="0.003">
      <failure>TypeError: qualityGates.hasUrgentKeyword is not a function
    at Object.hasUrgentKeyword (C:\Users\eposh\OneDrive\Desktop\Dikshant\jenkins\github-review-plugin\src\utils\quality-gates.test.js:243:27)
    at Promise.then.completed (C:\Users\eposh\OneDrive\Desktop\Dikshant\jenkins\github-review-plugin\node_modules\jest-circus\build\utils.js:298:28)
    at new Promise (&lt;anonymous&gt;)
    at callAsyncCircusFn (C:\Users\eposh\OneDrive\Desktop\Dikshant\jenkins\github-review-plugin\node_modules\jest-circus\build\utils.js:231:10)
    at _callCircusTest (C:\Users\eposh\OneDrive\Desktop\Dikshant\jenkins\github-review-plugin\node_modules\jest-circus\build\run.js:316:40)
    at processTicksAndRejections (node:internal/process/task_queues:105:5)
    at _runTest (C:\Users\eposh\OneDrive\Desktop\Dikshant\jenkins\github-review-plugin\node_modules\jest-circus\build\run.js:252:3)
    at _runTestsForDescribeBlock (C:\Users\eposh\OneDrive\Desktop\Dikshant\jenkins\github-review-plugin\node_modules\jest-circus\build\run.js:126:9)
    at _runTestsForDescribeBlock (C:\Users\eposh\OneDrive\Desktop\Dikshant\jenkins\github-review-plugin\node_modules\jest-circus\build\run.js:121:9)
    at _runTestsForDescribeBlock (C:\Users\eposh\OneDrive\Desktop\Dikshant\jenkins\github-review-plugin\node_modules\jest-circus\build\run.js:121:9)
    at run (C:\Users\eposh\OneDrive\Desktop\Dikshant\jenkins\github-review-plugin\node_modules\jest-circus\build\run.js:71:3)
    at runAndTransformResultsToJestFormat (C:\Users\eposh\OneDrive\Desktop\Dikshant\jenkins\github-review-plugin\node_modules\jest-circus\build\legacy-code-todo-rewrite\jestAdapterInit.js:122:21)
    at jestAdapter (C:\Users\eposh\OneDrive\Desktop\Dikshant\jenkins\github-review-plugin\node_modules\jest-circus\build\legacy-code-todo-rewrite\jestAdapter.js:79:19)
    at runTestInternal (C:\Users\eposh\OneDrive\Desktop\Dikshant\jenkins\github-review-plugin\node_modules\jest-runner\build\runTest.js:367:16)
    at runTest (C:\Users\eposh\OneDrive\Desktop\Dikshant\jenkins\github-review-plugin\node_modules\jest-runner\build\runTest.js:444:34)
    at Object.worker (C:\Users\eposh\OneDrive\Desktop\Dikshant\jenkins\github-review-plugin\node_modules\jest-runner\build\testWorker.js:106:12)</failure>
    </testcase>
    <testcase classname="QualityGates hasUrgentKeyword should not detect URGENT keyword in other words" name="QualityGates hasUrgentKeyword should not detect URGENT keyword in other words" time="0.004">
      <failure>TypeError: qualityGates.hasUrgentKeyword is not a function
    at Object.hasUrgentKeyword (C:\Users\eposh\OneDrive\Desktop\Dikshant\jenkins\github-review-plugin\src\utils\quality-gates.test.js:249:27)
    at Promise.then.completed (C:\Users\eposh\OneDrive\Desktop\Dikshant\jenkins\github-review-plugin\node_modules\jest-circus\build\utils.js:298:28)
    at new Promise (&lt;anonymous&gt;)
    at callAsyncCircusFn (C:\Users\eposh\OneDrive\Desktop\Dikshant\jenkins\github-review-plugin\node_modules\jest-circus\build\utils.js:231:10)
    at _callCircusTest (C:\Users\eposh\OneDrive\Desktop\Dikshant\jenkins\github-review-plugin\node_modules\jest-circus\build\run.js:316:40)
    at processTicksAndRejections (node:internal/process/task_queues:105:5)
    at _runTest (C:\Users\eposh\OneDrive\Desktop\Dikshant\jenkins\github-review-plugin\node_modules\jest-circus\build\run.js:252:3)
    at _runTestsForDescribeBlock (C:\Users\eposh\OneDrive\Desktop\Dikshant\jenkins\github-review-plugin\node_modules\jest-circus\build\run.js:126:9)
    at _runTestsForDescribeBlock (C:\Users\eposh\OneDrive\Desktop\Dikshant\jenkins\github-review-plugin\node_modules\jest-circus\build\run.js:121:9)
    at _runTestsForDescribeBlock (C:\Users\eposh\OneDrive\Desktop\Dikshant\jenkins\github-review-plugin\node_modules\jest-circus\build\run.js:121:9)
    at run (C:\Users\eposh\OneDrive\Desktop\Dikshant\jenkins\github-review-plugin\node_modules\jest-circus\build\run.js:71:3)
    at runAndTransformResultsToJestFormat (C:\Users\eposh\OneDrive\Desktop\Dikshant\jenkins\github-review-plugin\node_modules\jest-circus\build\legacy-code-todo-rewrite\jestAdapterInit.js:122:21)
    at jestAdapter (C:\Users\eposh\OneDrive\Desktop\Dikshant\jenkins\github-review-plugin\node_modules\jest-circus\build\legacy-code-todo-rewrite\jestAdapter.js:79:19)
    at runTestInternal (C:\Users\eposh\OneDrive\Desktop\Dikshant\jenkins\github-review-plugin\node_modules\jest-runner\build\runTest.js:367:16)
    at runTest (C:\Users\eposh\OneDrive\Desktop\Dikshant\jenkins\github-review-plugin\node_modules\jest-runner\build\runTest.js:444:34)
    at Object.worker (C:\Users\eposh\OneDrive\Desktop\Dikshant\jenkins\github-review-plugin\node_modules\jest-runner\build\testWorker.js:106:12)</failure>
    </testcase>
    <testcase classname="QualityGates hasUrgentKeyword should work with custom keyword" name="QualityGates hasUrgentKeyword should work with custom keyword" time="0.003">
      <failure>TypeError: qg.hasUrgentKeyword is not a function
    at Object.hasUrgentKeyword (C:\Users\eposh\OneDrive\Desktop\Dikshant\jenkins\github-review-plugin\src\utils\quality-gates.test.js:258:17)
    at Promise.then.completed (C:\Users\eposh\OneDrive\Desktop\Dikshant\jenkins\github-review-plugin\node_modules\jest-circus\build\utils.js:298:28)
    at new Promise (&lt;anonymous&gt;)
    at callAsyncCircusFn (C:\Users\eposh\OneDrive\Desktop\Dikshant\jenkins\github-review-plugin\node_modules\jest-circus\build\utils.js:231:10)
    at _callCircusTest (C:\Users\eposh\OneDrive\Desktop\Dikshant\jenkins\github-review-plugin\node_modules\jest-circus\build\run.js:316:40)
    at processTicksAndRejections (node:internal/process/task_queues:105:5)
    at _runTest (C:\Users\eposh\OneDrive\Desktop\Dikshant\jenkins\github-review-plugin\node_modules\jest-circus\build\run.js:252:3)
    at _runTestsForDescribeBlock (C:\Users\eposh\OneDrive\Desktop\Dikshant\jenkins\github-review-plugin\node_modules\jest-circus\build\run.js:126:9)
    at _runTestsForDescribeBlock (C:\Users\eposh\OneDrive\Desktop\Dikshant\jenkins\github-review-plugin\node_modules\jest-circus\build\run.js:121:9)
    at _runTestsForDescribeBlock (C:\Users\eposh\OneDrive\Desktop\Dikshant\jenkins\github-review-plugin\node_modules\jest-circus\build\run.js:121:9)
    at run (C:\Users\eposh\OneDrive\Desktop\Dikshant\jenkins\github-review-plugin\node_modules\jest-circus\build\run.js:71:3)
    at runAndTransformResultsToJestFormat (C:\Users\eposh\OneDrive\Desktop\Dikshant\jenkins\github-review-plugin\node_modules\jest-circus\build\legacy-code-todo-rewrite\jestAdapterInit.js:122:21)
    at jestAdapter (C:\Users\eposh\OneDrive\Desktop\Dikshant\jenkins\github-review-plugin\node_modules\jest-circus\build\legacy-code-todo-rewrite\jestAdapter.js:79:19)
    at runTestInternal (C:\Users\eposh\OneDrive\Desktop\Dikshant\jenkins\github-review-plugin\node_modules\jest-runner\build\runTest.js:367:16)
    at runTest (C:\Users\eposh\OneDrive\Desktop\Dikshant\jenkins\github-review-plugin\node_modules\jest-runner\build\runTest.js:444:34)
    at Object.worker (C:\Users\eposh\OneDrive\Desktop\Dikshant\jenkins\github-review-plugin\node_modules\jest-runner\build\testWorker.js:106:12)</failure>
    </testcase>
    <testcase classname="QualityGates evaluateSeverity should block when high severity issues found" name="QualityGates evaluateSeverity should block when high severity issues found" time="0.003">
      <failure>TypeError: qualityGates.evaluateSeverity is not a function
    at Object.evaluateSeverity (C:\Users\eposh\OneDrive\Desktop\Dikshant\jenkins\github-review-plugin\src\utils\quality-gates.test.js:271:35)
    at Promise.then.completed (C:\Users\eposh\OneDrive\Desktop\Dikshant\jenkins\github-review-plugin\node_modules\jest-circus\build\utils.js:298:28)
    at new Promise (&lt;anonymous&gt;)
    at callAsyncCircusFn (C:\Users\eposh\OneDrive\Desktop\Dikshant\jenkins\github-review-plugin\node_modules\jest-circus\build\utils.js:231:10)
    at _callCircusTest (C:\Users\eposh\OneDrive\Desktop\Dikshant\jenkins\github-review-plugin\node_modules\jest-circus\build\run.js:316:40)
    at processTicksAndRejections (node:internal/process/task_queues:105:5)
    at _runTest (C:\Users\eposh\OneDrive\Desktop\Dikshant\jenkins\github-review-plugin\node_modules\jest-circus\build\run.js:252:3)
    at _runTestsForDescribeBlock (C:\Users\eposh\OneDrive\Desktop\Dikshant\jenkins\github-review-plugin\node_modules\jest-circus\build\run.js:126:9)
    at _runTestsForDescribeBlock (C:\Users\eposh\OneDrive\Desktop\Dikshant\jenkins\github-review-plugin\node_modules\jest-circus\build\run.js:121:9)
    at _runTestsForDescribeBlock (C:\Users\eposh\OneDrive\Desktop\Dikshant\jenkins\github-review-plugin\node_modules\jest-circus\build\run.js:121:9)
    at run (C:\Users\eposh\OneDrive\Desktop\Dikshant\jenkins\github-review-plugin\node_modules\jest-circus\build\run.js:71:3)
    at runAndTransformResultsToJestFormat (C:\Users\eposh\OneDrive\Desktop\Dikshant\jenkins\github-review-plugin\node_modules\jest-circus\build\legacy-code-todo-rewrite\jestAdapterInit.js:122:21)
    at jestAdapter (C:\Users\eposh\OneDrive\Desktop\Dikshant\jenkins\github-review-plugin\node_modules\jest-circus\build\legacy-code-todo-rewrite\jestAdapter.js:79:19)
    at runTestInternal (C:\Users\eposh\OneDrive\Desktop\Dikshant\jenkins\github-review-plugin\node_modules\jest-runner\build\runTest.js:367:16)
    at runTest (C:\Users\eposh\OneDrive\Desktop\Dikshant\jenkins\github-review-plugin\node_modules\jest-runner\build\runTest.js:444:34)
    at Object.worker (C:\Users\eposh\OneDrive\Desktop\Dikshant\jenkins\github-review-plugin\node_modules\jest-runner\build\testWorker.js:106:12)</failure>
    </testcase>
    <testcase classname="QualityGates evaluateSeverity should not block when issues below threshold" name="QualityGates evaluateSeverity should not block when issues below threshold" time="0.028">
      <failure>TypeError: qualityGates.evaluateSeverity is not a function
    at Object.evaluateSeverity (C:\Users\eposh\OneDrive\Desktop\Dikshant\jenkins\github-review-plugin\src\utils\quality-gates.test.js:280:35)
    at Promise.then.completed (C:\Users\eposh\OneDrive\Desktop\Dikshant\jenkins\github-review-plugin\node_modules\jest-circus\build\utils.js:298:28)
    at new Promise (&lt;anonymous&gt;)
    at callAsyncCircusFn (C:\Users\eposh\OneDrive\Desktop\Dikshant\jenkins\github-review-plugin\node_modules\jest-circus\build\utils.js:231:10)
    at _callCircusTest (C:\Users\eposh\OneDrive\Desktop\Dikshant\jenkins\github-review-plugin\node_modules\jest-circus\build\run.js:316:40)
    at processTicksAndRejections (node:internal/process/task_queues:105:5)
    at _runTest (C:\Users\eposh\OneDrive\Desktop\Dikshant\jenkins\github-review-plugin\node_modules\jest-circus\build\run.js:252:3)
    at _runTestsForDescribeBlock (C:\Users\eposh\OneDrive\Desktop\Dikshant\jenkins\github-review-plugin\node_modules\jest-circus\build\run.js:126:9)
    at _runTestsForDescribeBlock (C:\Users\eposh\OneDrive\Desktop\Dikshant\jenkins\github-review-plugin\node_modules\jest-circus\build\run.js:121:9)
    at _runTestsForDescribeBlock (C:\Users\eposh\OneDrive\Desktop\Dikshant\jenkins\github-review-plugin\node_modules\jest-circus\build\run.js:121:9)
    at run (C:\Users\eposh\OneDrive\Desktop\Dikshant\jenkins\github-review-plugin\node_modules\jest-circus\build\run.js:71:3)
    at runAndTransformResultsToJestFormat (C:\Users\eposh\OneDrive\Desktop\Dikshant\jenkins\github-review-plugin\node_modules\jest-circus\build\legacy-code-todo-rewrite\jestAdapterInit.js:122:21)
    at jestAdapter (C:\Users\eposh\OneDrive\Desktop\Dikshant\jenkins\github-review-plugin\node_modules\jest-circus\build\legacy-code-todo-rewrite\jestAdapter.js:79:19)
    at runTestInternal (C:\Users\eposh\OneDrive\Desktop\Dikshant\jenkins\github-review-plugin\node_modules\jest-runner\build\runTest.js:367:16)
    at runTest (C:\Users\eposh\OneDrive\Desktop\Dikshant\jenkins\github-review-plugin\node_modules\jest-runner\build\runTest.js:444:34)
    at Object.worker (C:\Users\eposh\OneDrive\Desktop\Dikshant\jenkins\github-review-plugin\node_modules\jest-runner\build\testWorker.js:106:12)</failure>
    </testcase>
    <testcase classname="QualityGates evaluateSeverity should handle empty severity breakdown" name="QualityGates evaluateSeverity should handle empty severity breakdown" time="0.004">
      <failure>TypeError: qualityGates.evaluateSeverity is not a function
    at Object.evaluateSeverity (C:\Users\eposh\OneDrive\Desktop\Dikshant\jenkins\github-review-plugin\src\utils\quality-gates.test.js:288:35)
    at Promise.then.completed (C:\Users\eposh\OneDrive\Desktop\Dikshant\jenkins\github-review-plugin\node_modules\jest-circus\build\utils.js:298:28)
    at new Promise (&lt;anonymous&gt;)
    at callAsyncCircusFn (C:\Users\eposh\OneDrive\Desktop\Dikshant\jenkins\github-review-plugin\node_modules\jest-circus\build\utils.js:231:10)
    at _callCircusTest (C:\Users\eposh\OneDrive\Desktop\Dikshant\jenkins\github-review-plugin\node_modules\jest-circus\build\run.js:316:40)
    at processTicksAndRejections (node:internal/process/task_queues:105:5)
    at _runTest (C:\Users\eposh\OneDrive\Desktop\Dikshant\jenkins\github-review-plugin\node_modules\jest-circus\build\run.js:252:3)
    at _runTestsForDescribeBlock (C:\Users\eposh\OneDrive\Desktop\Dikshant\jenkins\github-review-plugin\node_modules\jest-circus\build\run.js:126:9)
    at _runTestsForDescribeBlock (C:\Users\eposh\OneDrive\Desktop\Dikshant\jenkins\github-review-plugin\node_modules\jest-circus\build\run.js:121:9)
    at _runTestsForDescribeBlock (C:\Users\eposh\OneDrive\Desktop\Dikshant\jenkins\github-review-plugin\node_modules\jest-circus\build\run.js:121:9)
    at run (C:\Users\eposh\OneDrive\Desktop\Dikshant\jenkins\github-review-plugin\node_modules\jest-circus\build\run.js:71:3)
    at runAndTransformResultsToJestFormat (C:\Users\eposh\OneDrive\Desktop\Dikshant\jenkins\github-review-plugin\node_modules\jest-circus\build\legacy-code-todo-rewrite\jestAdapterInit.js:122:21)
    at jestAdapter (C:\Users\eposh\OneDrive\Desktop\Dikshant\jenkins\github-review-plugin\node_modules\jest-circus\build\legacy-code-todo-rewrite\jestAdapter.js:79:19)
    at runTestInternal (C:\Users\eposh\OneDrive\Desktop\Dikshant\jenkins\github-review-plugin\node_modules\jest-runner\build\runTest.js:367:16)
    at runTest (C:\Users\eposh\OneDrive\Desktop\Dikshant\jenkins\github-review-plugin\node_modules\jest-runner\build\runTest.js:444:34)
    at Object.worker (C:\Users\eposh\OneDrive\Desktop\Dikshant\jenkins\github-review-plugin\node_modules\jest-runner\build\testWorker.js:106:12)</failure>
    </testcase>
    <testcase classname="QualityGates getHighestSeverity should return highest severity level" name="QualityGates getHighestSeverity should return highest severity level" time="0.079">
      <failure>TypeError: qualityGates.getHighestSeverity is not a function
    at Object.getHighestSeverity (C:\Users\eposh\OneDrive\Desktop\Dikshant\jenkins\github-review-plugin\src\utils\quality-gates.test.js:297:27)
    at Promise.then.completed (C:\Users\eposh\OneDrive\Desktop\Dikshant\jenkins\github-review-plugin\node_modules\jest-circus\build\utils.js:298:28)
    at new Promise (&lt;anonymous&gt;)
    at callAsyncCircusFn (C:\Users\eposh\OneDrive\Desktop\Dikshant\jenkins\github-review-plugin\node_modules\jest-circus\build\utils.js:231:10)
    at _callCircusTest (C:\Users\eposh\OneDrive\Desktop\Dikshant\jenkins\github-review-plugin\node_modules\jest-circus\build\run.js:316:40)
    at processTicksAndRejections (node:internal/process/task_queues:105:5)
    at _runTest (C:\Users\eposh\OneDrive\Desktop\Dikshant\jenkins\github-review-plugin\node_modules\jest-circus\build\run.js:252:3)
    at _runTestsForDescribeBlock (C:\Users\eposh\OneDrive\Desktop\Dikshant\jenkins\github-review-plugin\node_modules\jest-circus\build\run.js:126:9)
    at _runTestsForDescribeBlock (C:\Users\eposh\OneDrive\Desktop\Dikshant\jenkins\github-review-plugin\node_modules\jest-circus\build\run.js:121:9)
    at _runTestsForDescribeBlock (C:\Users\eposh\OneDrive\Desktop\Dikshant\jenkins\github-review-plugin\node_modules\jest-circus\build\run.js:121:9)
    at run (C:\Users\eposh\OneDrive\Desktop\Dikshant\jenkins\github-review-plugin\node_modules\jest-circus\build\run.js:71:3)
    at runAndTransformResultsToJestFormat (C:\Users\eposh\OneDrive\Desktop\Dikshant\jenkins\github-review-plugin\node_modules\jest-circus\build\legacy-code-todo-rewrite\jestAdapterInit.js:122:21)
    at jestAdapter (C:\Users\eposh\OneDrive\Desktop\Dikshant\jenkins\github-review-plugin\node_modules\jest-circus\build\legacy-code-todo-rewrite\jestAdapter.js:79:19)
    at runTestInternal (C:\Users\eposh\OneDrive\Desktop\Dikshant\jenkins\github-review-plugin\node_modules\jest-runner\build\runTest.js:367:16)
    at runTest (C:\Users\eposh\OneDrive\Desktop\Dikshant\jenkins\github-review-plugin\node_modules\jest-runner\build\runTest.js:444:34)
    at Object.worker (C:\Users\eposh\OneDrive\Desktop\Dikshant\jenkins\github-review-plugin\node_modules\jest-runner\build\testWorker.js:106:12)</failure>
    </testcase>
    <testcase classname="QualityGates countIssuesAtOrAboveSeverity should count issues at or above specified severity" name="QualityGates countIssuesAtOrAboveSeverity should count issues at or above specified severity" time="0.033">
      <failure>TypeError: qualityGates.countIssuesAtOrAboveSeverity is not a function
    at Object.countIssuesAtOrAboveSeverity (C:\Users\eposh\OneDrive\Desktop\Dikshant\jenkins\github-review-plugin\src\utils\quality-gates.test.js:308:27)
    at Promise.then.completed (C:\Users\eposh\OneDrive\Desktop\Dikshant\jenkins\github-review-plugin\node_modules\jest-circus\build\utils.js:298:28)
    at new Promise (&lt;anonymous&gt;)
    at callAsyncCircusFn (C:\Users\eposh\OneDrive\Desktop\Dikshant\jenkins\github-review-plugin\node_modules\jest-circus\build\utils.js:231:10)
    at _callCircusTest (C:\Users\eposh\OneDrive\Desktop\Dikshant\jenkins\github-review-plugin\node_modules\jest-circus\build\run.js:316:40)
    at processTicksAndRejections (node:internal/process/task_queues:105:5)
    at _runTest (C:\Users\eposh\OneDrive\Desktop\Dikshant\jenkins\github-review-plugin\node_modules\jest-circus\build\run.js:252:3)
    at _runTestsForDescribeBlock (C:\Users\eposh\OneDrive\Desktop\Dikshant\jenkins\github-review-plugin\node_modules\jest-circus\build\run.js:126:9)
    at _runTestsForDescribeBlock (C:\Users\eposh\OneDrive\Desktop\Dikshant\jenkins\github-review-plugin\node_modules\jest-circus\build\run.js:121:9)
    at _runTestsForDescribeBlock (C:\Users\eposh\OneDrive\Desktop\Dikshant\jenkins\github-review-plugin\node_modules\jest-circus\build\run.js:121:9)
    at run (C:\Users\eposh\OneDrive\Desktop\Dikshant\jenkins\github-review-plugin\node_modules\jest-circus\build\run.js:71:3)
    at runAndTransformResultsToJestFormat (C:\Users\eposh\OneDrive\Desktop\Dikshant\jenkins\github-review-plugin\node_modules\jest-circus\build\legacy-code-todo-rewrite\jestAdapterInit.js:122:21)
    at jestAdapter (C:\Users\eposh\OneDrive\Desktop\Dikshant\jenkins\github-review-plugin\node_modules\jest-circus\build\legacy-code-todo-rewrite\jestAdapter.js:79:19)
    at runTestInternal (C:\Users\eposh\OneDrive\Desktop\Dikshant\jenkins\github-review-plugin\node_modules\jest-runner\build\runTest.js:367:16)
    at runTest (C:\Users\eposh\OneDrive\Desktop\Dikshant\jenkins\github-review-plugin\node_modules\jest-runner\build\runTest.js:444:34)
    at Object.worker (C:\Users\eposh\OneDrive\Desktop\Dikshant\jenkins\github-review-plugin\node_modules\jest-runner\build\testWorker.js:106:12)</failure>
    </testcase>
    <testcase classname="QualityGates isProductionEnvironment should identify production branches" name="QualityGates isProductionEnvironment should identify production branches" time="0.006">
      <failure>TypeError: qualityGates.isProductionEnvironment is not a function
    at Object.isProductionEnvironment (C:\Users\eposh\OneDrive\Desktop\Dikshant\jenkins\github-review-plugin\src\utils\quality-gates.test.js:316:27)
    at Promise.then.completed (C:\Users\eposh\OneDrive\Desktop\Dikshant\jenkins\github-review-plugin\node_modules\jest-circus\build\utils.js:298:28)
    at new Promise (&lt;anonymous&gt;)
    at callAsyncCircusFn (C:\Users\eposh\OneDrive\Desktop\Dikshant\jenkins\github-review-plugin\node_modules\jest-circus\build\utils.js:231:10)
    at _callCircusTest (C:\Users\eposh\OneDrive\Desktop\Dikshant\jenkins\github-review-plugin\node_modules\jest-circus\build\run.js:316:40)
    at processTicksAndRejections (node:internal/process/task_queues:105:5)
    at _runTest (C:\Users\eposh\OneDrive\Desktop\Dikshant\jenkins\github-review-plugin\node_modules\jest-circus\build\run.js:252:3)
    at _runTestsForDescribeBlock (C:\Users\eposh\OneDrive\Desktop\Dikshant\jenkins\github-review-plugin\node_modules\jest-circus\build\run.js:126:9)
    at _runTestsForDescribeBlock (C:\Users\eposh\OneDrive\Desktop\Dikshant\jenkins\github-review-plugin\node_modules\jest-circus\build\run.js:121:9)
    at _runTestsForDescribeBlock (C:\Users\eposh\OneDrive\Desktop\Dikshant\jenkins\github-review-plugin\node_modules\jest-circus\build\run.js:121:9)
    at run (C:\Users\eposh\OneDrive\Desktop\Dikshant\jenkins\github-review-plugin\node_modules\jest-circus\build\run.js:71:3)
    at runAndTransformResultsToJestFormat (C:\Users\eposh\OneDrive\Desktop\Dikshant\jenkins\github-review-plugin\node_modules\jest-circus\build\legacy-code-todo-rewrite\jestAdapterInit.js:122:21)
    at jestAdapter (C:\Users\eposh\OneDrive\Desktop\Dikshant\jenkins\github-review-plugin\node_modules\jest-circus\build\legacy-code-todo-rewrite\jestAdapter.js:79:19)
    at runTestInternal (C:\Users\eposh\OneDrive\Desktop\Dikshant\jenkins\github-review-plugin\node_modules\jest-runner\build\runTest.js:367:16)
    at runTest (C:\Users\eposh\OneDrive\Desktop\Dikshant\jenkins\github-review-plugin\node_modules\jest-runner\build\runTest.js:444:34)
    at Object.worker (C:\Users\eposh\OneDrive\Desktop\Dikshant\jenkins\github-review-plugin\node_modules\jest-runner\build\testWorker.js:106:12)</failure>
    </testcase>
    <testcase classname="QualityGates generateStatusMessage should generate appropriate status messages" name="QualityGates generateStatusMessage should generate appropriate status messages" time="0.028">
      <failure>TypeError: qualityGates.generateStatusMessage is not a function
    at Object.generateStatusMessage (C:\Users\eposh\OneDrive\Desktop\Dikshant\jenkins\github-review-plugin\src\utils\quality-gates.test.js:326:27)
    at Promise.then.completed (C:\Users\eposh\OneDrive\Desktop\Dikshant\jenkins\github-review-plugin\node_modules\jest-circus\build\utils.js:298:28)
    at new Promise (&lt;anonymous&gt;)
    at callAsyncCircusFn (C:\Users\eposh\OneDrive\Desktop\Dikshant\jenkins\github-review-plugin\node_modules\jest-circus\build\utils.js:231:10)
    at _callCircusTest (C:\Users\eposh\OneDrive\Desktop\Dikshant\jenkins\github-review-plugin\node_modules\jest-circus\build\run.js:316:40)
    at processTicksAndRejections (node:internal/process/task_queues:105:5)
    at _runTest (C:\Users\eposh\OneDrive\Desktop\Dikshant\jenkins\github-review-plugin\node_modules\jest-circus\build\run.js:252:3)
    at _runTestsForDescribeBlock (C:\Users\eposh\OneDrive\Desktop\Dikshant\jenkins\github-review-plugin\node_modules\jest-circus\build\run.js:126:9)
    at _runTestsForDescribeBlock (C:\Users\eposh\OneDrive\Desktop\Dikshant\jenkins\github-review-plugin\node_modules\jest-circus\build\run.js:121:9)
    at _runTestsForDescribeBlock (C:\Users\eposh\OneDrive\Desktop\Dikshant\jenkins\github-review-plugin\node_modules\jest-circus\build\run.js:121:9)
    at run (C:\Users\eposh\OneDrive\Desktop\Dikshant\jenkins\github-review-plugin\node_modules\jest-circus\build\run.js:71:3)
    at runAndTransformResultsToJestFormat (C:\Users\eposh\OneDrive\Desktop\Dikshant\jenkins\github-review-plugin\node_modules\jest-circus\build\legacy-code-todo-rewrite\jestAdapterInit.js:122:21)
    at jestAdapter (C:\Users\eposh\OneDrive\Desktop\Dikshant\jenkins\github-review-plugin\node_modules\jest-circus\build\legacy-code-todo-rewrite\jestAdapter.js:79:19)
    at runTestInternal (C:\Users\eposh\OneDrive\Desktop\Dikshant\jenkins\github-review-plugin\node_modules\jest-runner\build\runTest.js:367:16)
    at runTest (C:\Users\eposh\OneDrive\Desktop\Dikshant\jenkins\github-review-plugin\node_modules\jest-runner\build\runTest.js:444:34)
    at Object.worker (C:\Users\eposh\OneDrive\Desktop\Dikshant\jenkins\github-review-plugin\node_modules\jest-runner\build\testWorker.js:106:12)</failure>
    </testcase>
    <testcase classname="QualityGates getOverrideStats should return override statistics" name="QualityGates getOverrideStats should return override statistics" time="0.029">
      <failure>TypeError: Cannot read properties of undefined (reading &apos;overrideTracking&apos;)
    at Object.overrideTracking (C:\Users\eposh\OneDrive\Desktop\Dikshant\jenkins\github-review-plugin\src\utils\quality-gates.test.js:339:28)
    at Promise.then.completed (C:\Users\eposh\OneDrive\Desktop\Dikshant\jenkins\github-review-plugin\node_modules\jest-circus\build\utils.js:298:28)
    at new Promise (&lt;anonymous&gt;)
    at callAsyncCircusFn (C:\Users\eposh\OneDrive\Desktop\Dikshant\jenkins\github-review-plugin\node_modules\jest-circus\build\utils.js:231:10)
    at _callCircusTest (C:\Users\eposh\OneDrive\Desktop\Dikshant\jenkins\github-review-plugin\node_modules\jest-circus\build\run.js:316:40)
    at processTicksAndRejections (node:internal/process/task_queues:105:5)
    at _runTest (C:\Users\eposh\OneDrive\Desktop\Dikshant\jenkins\github-review-plugin\node_modules\jest-circus\build\run.js:252:3)
    at _runTestsForDescribeBlock (C:\Users\eposh\OneDrive\Desktop\Dikshant\jenkins\github-review-plugin\node_modules\jest-circus\build\run.js:126:9)
    at _runTestsForDescribeBlock (C:\Users\eposh\OneDrive\Desktop\Dikshant\jenkins\github-review-plugin\node_modules\jest-circus\build\run.js:121:9)
    at _runTestsForDescribeBlock (C:\Users\eposh\OneDrive\Desktop\Dikshant\jenkins\github-review-plugin\node_modules\jest-circus\build\run.js:121:9)
    at run (C:\Users\eposh\OneDrive\Desktop\Dikshant\jenkins\github-review-plugin\node_modules\jest-circus\build\run.js:71:3)
    at runAndTransformResultsToJestFormat (C:\Users\eposh\OneDrive\Desktop\Dikshant\jenkins\github-review-plugin\node_modules\jest-circus\build\legacy-code-todo-rewrite\jestAdapterInit.js:122:21)
    at jestAdapter (C:\Users\eposh\OneDrive\Desktop\Dikshant\jenkins\github-review-plugin\node_modules\jest-circus\build\legacy-code-todo-rewrite\jestAdapter.js:79:19)
    at runTestInternal (C:\Users\eposh\OneDrive\Desktop\Dikshant\jenkins\github-review-plugin\node_modules\jest-runner\build\runTest.js:367:16)
    at runTest (C:\Users\eposh\OneDrive\Desktop\Dikshant\jenkins\github-review-plugin\node_modules\jest-runner\build\runTest.js:444:34)
    at Object.worker (C:\Users\eposh\OneDrive\Desktop\Dikshant\jenkins\github-review-plugin\node_modules\jest-runner\build\testWorker.js:106:12)</failure>
    </testcase>
    <testcase classname="QualityGates clearOverrideTracking should clear all tracking data" name="QualityGates clearOverrideTracking should clear all tracking data" time="0.006">
      <failure>TypeError: Cannot read properties of undefined (reading &apos;overrideTracking&apos;)
    at Object.overrideTracking (C:\Users\eposh\OneDrive\Desktop\Dikshant\jenkins\github-review-plugin\src\utils\quality-gates.test.js:355:28)
    at Promise.then.completed (C:\Users\eposh\OneDrive\Desktop\Dikshant\jenkins\github-review-plugin\node_modules\jest-circus\build\utils.js:298:28)
    at new Promise (&lt;anonymous&gt;)
    at callAsyncCircusFn (C:\Users\eposh\OneDrive\Desktop\Dikshant\jenkins\github-review-plugin\node_modules\jest-circus\build\utils.js:231:10)
    at _callCircusTest (C:\Users\eposh\OneDrive\Desktop\Dikshant\jenkins\github-review-plugin\node_modules\jest-circus\build\run.js:316:40)
    at processTicksAndRejections (node:internal/process/task_queues:105:5)
    at _runTest (C:\Users\eposh\OneDrive\Desktop\Dikshant\jenkins\github-review-plugin\node_modules\jest-circus\build\run.js:252:3)
    at _runTestsForDescribeBlock (C:\Users\eposh\OneDrive\Desktop\Dikshant\jenkins\github-review-plugin\node_modules\jest-circus\build\run.js:126:9)
    at _runTestsForDescribeBlock (C:\Users\eposh\OneDrive\Desktop\Dikshant\jenkins\github-review-plugin\node_modules\jest-circus\build\run.js:121:9)
    at _runTestsForDescribeBlock (C:\Users\eposh\OneDrive\Desktop\Dikshant\jenkins\github-review-plugin\node_modules\jest-circus\build\run.js:121:9)
    at run (C:\Users\eposh\OneDrive\Desktop\Dikshant\jenkins\github-review-plugin\node_modules\jest-circus\build\run.js:71:3)
    at runAndTransformResultsToJestFormat (C:\Users\eposh\OneDrive\Desktop\Dikshant\jenkins\github-review-plugin\node_modules\jest-circus\build\legacy-code-todo-rewrite\jestAdapterInit.js:122:21)
    at jestAdapter (C:\Users\eposh\OneDrive\Desktop\Dikshant\jenkins\github-review-plugin\node_modules\jest-circus\build\legacy-code-todo-rewrite\jestAdapter.js:79:19)
    at runTestInternal (C:\Users\eposh\OneDrive\Desktop\Dikshant\jenkins\github-review-plugin\node_modules\jest-runner\build\runTest.js:367:16)
    at runTest (C:\Users\eposh\OneDrive\Desktop\Dikshant\jenkins\github-review-plugin\node_modules\jest-runner\build\runTest.js:444:34)
    at Object.worker (C:\Users\eposh\OneDrive\Desktop\Dikshant\jenkins\github-review-plugin\node_modules\jest-runner\build\testWorker.js:106:12)</failure>
    </testcase>
    <testcase classname="QualityGates clearOverrideTracking should clear old tracking data" name="QualityGates clearOverrideTracking should clear old tracking data" time="0.006">
      <failure>TypeError: Cannot read properties of undefined (reading &apos;overrideTracking&apos;)
    at Object.overrideTracking (C:\Users\eposh\OneDrive\Desktop\Dikshant\jenkins\github-review-plugin\src\utils\quality-gates.test.js:364:28)
    at Promise.then.completed (C:\Users\eposh\OneDrive\Desktop\Dikshant\jenkins\github-review-plugin\node_modules\jest-circus\build\utils.js:298:28)
    at new Promise (&lt;anonymous&gt;)
    at callAsyncCircusFn (C:\Users\eposh\OneDrive\Desktop\Dikshant\jenkins\github-review-plugin\node_modules\jest-circus\build\utils.js:231:10)
    at _callCircusTest (C:\Users\eposh\OneDrive\Desktop\Dikshant\jenkins\github-review-plugin\node_modules\jest-circus\build\run.js:316:40)
    at processTicksAndRejections (node:internal/process/task_queues:105:5)
    at _runTest (C:\Users\eposh\OneDrive\Desktop\Dikshant\jenkins\github-review-plugin\node_modules\jest-circus\build\run.js:252:3)
    at _runTestsForDescribeBlock (C:\Users\eposh\OneDrive\Desktop\Dikshant\jenkins\github-review-plugin\node_modules\jest-circus\build\run.js:126:9)
    at _runTestsForDescribeBlock (C:\Users\eposh\OneDrive\Desktop\Dikshant\jenkins\github-review-plugin\node_modules\jest-circus\build\run.js:121:9)
    at _runTestsForDescribeBlock (C:\Users\eposh\OneDrive\Desktop\Dikshant\jenkins\github-review-plugin\node_modules\jest-circus\build\run.js:121:9)
    at run (C:\Users\eposh\OneDrive\Desktop\Dikshant\jenkins\github-review-plugin\node_modules\jest-circus\build\run.js:71:3)
    at runAndTransformResultsToJestFormat (C:\Users\eposh\OneDrive\Desktop\Dikshant\jenkins\github-review-plugin\node_modules\jest-circus\build\legacy-code-todo-rewrite\jestAdapterInit.js:122:21)
    at jestAdapter (C:\Users\eposh\OneDrive\Desktop\Dikshant\jenkins\github-review-plugin\node_modules\jest-circus\build\legacy-code-todo-rewrite\jestAdapter.js:79:19)
    at runTestInternal (C:\Users\eposh\OneDrive\Desktop\Dikshant\jenkins\github-review-plugin\node_modules\jest-runner\build\runTest.js:367:16)
    at runTest (C:\Users\eposh\OneDrive\Desktop\Dikshant\jenkins\github-review-plugin\node_modules\jest-runner\build\runTest.js:444:34)
    at Object.worker (C:\Users\eposh\OneDrive\Desktop\Dikshant\jenkins\github-review-plugin\node_modules\jest-runner\build\testWorker.js:106:12)</failure>
    </testcase>
    <testcase classname="QualityGates getConfigSummary should return configuration summary" name="QualityGates getConfigSummary should return configuration summary" time="0.006">
      <failure>TypeError: qualityGates.getConfigSummary is not a function
    at Object.getConfigSummary (C:\Users\eposh\OneDrive\Desktop\Dikshant\jenkins\github-review-plugin\src\utils\quality-gates.test.js:376:36)
    at Promise.then.completed (C:\Users\eposh\OneDrive\Desktop\Dikshant\jenkins\github-review-plugin\node_modules\jest-circus\build\utils.js:298:28)
    at new Promise (&lt;anonymous&gt;)
    at callAsyncCircusFn (C:\Users\eposh\OneDrive\Desktop\Dikshant\jenkins\github-review-plugin\node_modules\jest-circus\build\utils.js:231:10)
    at _callCircusTest (C:\Users\eposh\OneDrive\Desktop\Dikshant\jenkins\github-review-plugin\node_modules\jest-circus\build\run.js:316:40)
    at processTicksAndRejections (node:internal/process/task_queues:105:5)
    at _runTest (C:\Users\eposh\OneDrive\Desktop\Dikshant\jenkins\github-review-plugin\node_modules\jest-circus\build\run.js:252:3)
    at _runTestsForDescribeBlock (C:\Users\eposh\OneDrive\Desktop\Dikshant\jenkins\github-review-plugin\node_modules\jest-circus\build\run.js:126:9)
    at _runTestsForDescribeBlock (C:\Users\eposh\OneDrive\Desktop\Dikshant\jenkins\github-review-plugin\node_modules\jest-circus\build\run.js:121:9)
    at _runTestsForDescribeBlock (C:\Users\eposh\OneDrive\Desktop\Dikshant\jenkins\github-review-plugin\node_modules\jest-circus\build\run.js:121:9)
    at run (C:\Users\eposh\OneDrive\Desktop\Dikshant\jenkins\github-review-plugin\node_modules\jest-circus\build\run.js:71:3)
    at runAndTransformResultsToJestFormat (C:\Users\eposh\OneDrive\Desktop\Dikshant\jenkins\github-review-plugin\node_modules\jest-circus\build\legacy-code-todo-rewrite\jestAdapterInit.js:122:21)
    at jestAdapter (C:\Users\eposh\OneDrive\Desktop\Dikshant\jenkins\github-review-plugin\node_modules\jest-circus\build\legacy-code-todo-rewrite\jestAdapter.js:79:19)
    at runTestInternal (C:\Users\eposh\OneDrive\Desktop\Dikshant\jenkins\github-review-plugin\node_modules\jest-runner\build\runTest.js:367:16)
    at runTest (C:\Users\eposh\OneDrive\Desktop\Dikshant\jenkins\github-review-plugin\node_modules\jest-runner\build\runTest.js:444:34)
    at Object.worker (C:\Users\eposh\OneDrive\Desktop\Dikshant\jenkins\github-review-plugin\node_modules\jest-runner\build\testWorker.js:106:12)</failure>
    </testcase>
    <testcase classname="QualityGates logging methods should log info messages when enabled" name="QualityGates logging methods should log info messages when enabled" time="0.008">
      <failure>TypeError: qg.logInfo is not a function
    at Object.logInfo (C:\Users\eposh\OneDrive\Desktop\Dikshant\jenkins\github-review-plugin\src\utils\quality-gates.test.js:393:10)
    at Promise.then.completed (C:\Users\eposh\OneDrive\Desktop\Dikshant\jenkins\github-review-plugin\node_modules\jest-circus\build\utils.js:298:28)
    at new Promise (&lt;anonymous&gt;)
    at callAsyncCircusFn (C:\Users\eposh\OneDrive\Desktop\Dikshant\jenkins\github-review-plugin\node_modules\jest-circus\build\utils.js:231:10)
    at _callCircusTest (C:\Users\eposh\OneDrive\Desktop\Dikshant\jenkins\github-review-plugin\node_modules\jest-circus\build\run.js:316:40)
    at processTicksAndRejections (node:internal/process/task_queues:105:5)
    at _runTest (C:\Users\eposh\OneDrive\Desktop\Dikshant\jenkins\github-review-plugin\node_modules\jest-circus\build\run.js:252:3)
    at _runTestsForDescribeBlock (C:\Users\eposh\OneDrive\Desktop\Dikshant\jenkins\github-review-plugin\node_modules\jest-circus\build\run.js:126:9)
    at _runTestsForDescribeBlock (C:\Users\eposh\OneDrive\Desktop\Dikshant\jenkins\github-review-plugin\node_modules\jest-circus\build\run.js:121:9)
    at _runTestsForDescribeBlock (C:\Users\eposh\OneDrive\Desktop\Dikshant\jenkins\github-review-plugin\node_modules\jest-circus\build\run.js:121:9)
    at run (C:\Users\eposh\OneDrive\Desktop\Dikshant\jenkins\github-review-plugin\node_modules\jest-circus\build\run.js:71:3)
    at runAndTransformResultsToJestFormat (C:\Users\eposh\OneDrive\Desktop\Dikshant\jenkins\github-review-plugin\node_modules\jest-circus\build\legacy-code-todo-rewrite\jestAdapterInit.js:122:21)
    at jestAdapter (C:\Users\eposh\OneDrive\Desktop\Dikshant\jenkins\github-review-plugin\node_modules\jest-circus\build\legacy-code-todo-rewrite\jestAdapter.js:79:19)
    at runTestInternal (C:\Users\eposh\OneDrive\Desktop\Dikshant\jenkins\github-review-plugin\node_modules\jest-runner\build\runTest.js:367:16)
    at runTest (C:\Users\eposh\OneDrive\Desktop\Dikshant\jenkins\github-review-plugin\node_modules\jest-runner\build\runTest.js:444:34)
    at Object.worker (C:\Users\eposh\OneDrive\Desktop\Dikshant\jenkins\github-review-plugin\node_modules\jest-runner\build\testWorker.js:106:12)</failure>
    </testcase>
    <testcase classname="QualityGates logging methods should log warning messages when enabled" name="QualityGates logging methods should log warning messages when enabled" time="0.019">
      <failure>TypeError: qg.logWarning is not a function
    at Object.logWarning (C:\Users\eposh\OneDrive\Desktop\Dikshant\jenkins\github-review-plugin\src\utils\quality-gates.test.js:402:10)
    at Promise.then.completed (C:\Users\eposh\OneDrive\Desktop\Dikshant\jenkins\github-review-plugin\node_modules\jest-circus\build\utils.js:298:28)
    at new Promise (&lt;anonymous&gt;)
    at callAsyncCircusFn (C:\Users\eposh\OneDrive\Desktop\Dikshant\jenkins\github-review-plugin\node_modules\jest-circus\build\utils.js:231:10)
    at _callCircusTest (C:\Users\eposh\OneDrive\Desktop\Dikshant\jenkins\github-review-plugin\node_modules\jest-circus\build\run.js:316:40)
    at processTicksAndRejections (node:internal/process/task_queues:105:5)
    at _runTest (C:\Users\eposh\OneDrive\Desktop\Dikshant\jenkins\github-review-plugin\node_modules\jest-circus\build\run.js:252:3)
    at _runTestsForDescribeBlock (C:\Users\eposh\OneDrive\Desktop\Dikshant\jenkins\github-review-plugin\node_modules\jest-circus\build\run.js:126:9)
    at _runTestsForDescribeBlock (C:\Users\eposh\OneDrive\Desktop\Dikshant\jenkins\github-review-plugin\node_modules\jest-circus\build\run.js:121:9)
    at _runTestsForDescribeBlock (C:\Users\eposh\OneDrive\Desktop\Dikshant\jenkins\github-review-plugin\node_modules\jest-circus\build\run.js:121:9)
    at run (C:\Users\eposh\OneDrive\Desktop\Dikshant\jenkins\github-review-plugin\node_modules\jest-circus\build\run.js:71:3)
    at runAndTransformResultsToJestFormat (C:\Users\eposh\OneDrive\Desktop\Dikshant\jenkins\github-review-plugin\node_modules\jest-circus\build\legacy-code-todo-rewrite\jestAdapterInit.js:122:21)
    at jestAdapter (C:\Users\eposh\OneDrive\Desktop\Dikshant\jenkins\github-review-plugin\node_modules\jest-circus\build\legacy-code-todo-rewrite\jestAdapter.js:79:19)
    at runTestInternal (C:\Users\eposh\OneDrive\Desktop\Dikshant\jenkins\github-review-plugin\node_modules\jest-runner\build\runTest.js:367:16)
    at runTest (C:\Users\eposh\OneDrive\Desktop\Dikshant\jenkins\github-review-plugin\node_modules\jest-runner\build\runTest.js:444:34)
    at Object.worker (C:\Users\eposh\OneDrive\Desktop\Dikshant\jenkins\github-review-plugin\node_modules\jest-runner\build\testWorker.js:106:12)</failure>
    </testcase>
    <testcase classname="QualityGates logging methods should log error messages when enabled" name="QualityGates logging methods should log error messages when enabled" time="0.028">
      <failure>TypeError: qg.logError is not a function
    at Object.logError (C:\Users\eposh\OneDrive\Desktop\Dikshant\jenkins\github-review-plugin\src\utils\quality-gates.test.js:411:10)
    at Promise.then.completed (C:\Users\eposh\OneDrive\Desktop\Dikshant\jenkins\github-review-plugin\node_modules\jest-circus\build\utils.js:298:28)
    at new Promise (&lt;anonymous&gt;)
    at callAsyncCircusFn (C:\Users\eposh\OneDrive\Desktop\Dikshant\jenkins\github-review-plugin\node_modules\jest-circus\build\utils.js:231:10)
    at _callCircusTest (C:\Users\eposh\OneDrive\Desktop\Dikshant\jenkins\github-review-plugin\node_modules\jest-circus\build\run.js:316:40)
    at processTicksAndRejections (node:internal/process/task_queues:105:5)
    at _runTest (C:\Users\eposh\OneDrive\Desktop\Dikshant\jenkins\github-review-plugin\node_modules\jest-circus\build\run.js:252:3)
    at _runTestsForDescribeBlock (C:\Users\eposh\OneDrive\Desktop\Dikshant\jenkins\github-review-plugin\node_modules\jest-circus\build\run.js:126:9)
    at _runTestsForDescribeBlock (C:\Users\eposh\OneDrive\Desktop\Dikshant\jenkins\github-review-plugin\node_modules\jest-circus\build\run.js:121:9)
    at _runTestsForDescribeBlock (C:\Users\eposh\OneDrive\Desktop\Dikshant\jenkins\github-review-plugin\node_modules\jest-circus\build\run.js:121:9)
    at run (C:\Users\eposh\OneDrive\Desktop\Dikshant\jenkins\github-review-plugin\node_modules\jest-circus\build\run.js:71:3)
    at runAndTransformResultsToJestFormat (C:\Users\eposh\OneDrive\Desktop\Dikshant\jenkins\github-review-plugin\node_modules\jest-circus\build\legacy-code-todo-rewrite\jestAdapterInit.js:122:21)
    at jestAdapter (C:\Users\eposh\OneDrive\Desktop\Dikshant\jenkins\github-review-plugin\node_modules\jest-circus\build\legacy-code-todo-rewrite\jestAdapter.js:79:19)
    at runTestInternal (C:\Users\eposh\OneDrive\Desktop\Dikshant\jenkins\github-review-plugin\node_modules\jest-runner\build\runTest.js:367:16)
    at runTest (C:\Users\eposh\OneDrive\Desktop\Dikshant\jenkins\github-review-plugin\node_modules\jest-runner\build\runTest.js:444:34)
    at Object.worker (C:\Users\eposh\OneDrive\Desktop\Dikshant\jenkins\github-review-plugin\node_modules\jest-runner\build\testWorker.js:106:12)</failure>
    </testcase>
    <testcase classname="QualityGates logging methods should not log when logging disabled" name="QualityGates logging methods should not log when logging disabled" time="0.025">
      <failure>TypeError: qg.logInfo is not a function
    at Object.logInfo (C:\Users\eposh\OneDrive\Desktop\Dikshant\jenkins\github-review-plugin\src\utils\quality-gates.test.js:423:10)
    at Promise.then.completed (C:\Users\eposh\OneDrive\Desktop\Dikshant\jenkins\github-review-plugin\node_modules\jest-circus\build\utils.js:298:28)
    at new Promise (&lt;anonymous&gt;)
    at callAsyncCircusFn (C:\Users\eposh\OneDrive\Desktop\Dikshant\jenkins\github-review-plugin\node_modules\jest-circus\build\utils.js:231:10)
    at _callCircusTest (C:\Users\eposh\OneDrive\Desktop\Dikshant\jenkins\github-review-plugin\node_modules\jest-circus\build\run.js:316:40)
    at processTicksAndRejections (node:internal/process/task_queues:105:5)
    at _runTest (C:\Users\eposh\OneDrive\Desktop\Dikshant\jenkins\github-review-plugin\node_modules\jest-circus\build\run.js:252:3)
    at _runTestsForDescribeBlock (C:\Users\eposh\OneDrive\Desktop\Dikshant\jenkins\github-review-plugin\node_modules\jest-circus\build\run.js:126:9)
    at _runTestsForDescribeBlock (C:\Users\eposh\OneDrive\Desktop\Dikshant\jenkins\github-review-plugin\node_modules\jest-circus\build\run.js:121:9)
    at _runTestsForDescribeBlock (C:\Users\eposh\OneDrive\Desktop\Dikshant\jenkins\github-review-plugin\node_modules\jest-circus\build\run.js:121:9)
    at run (C:\Users\eposh\OneDrive\Desktop\Dikshant\jenkins\github-review-plugin\node_modules\jest-circus\build\run.js:71:3)
    at runAndTransformResultsToJestFormat (C:\Users\eposh\OneDrive\Desktop\Dikshant\jenkins\github-review-plugin\node_modules\jest-circus\build\legacy-code-todo-rewrite\jestAdapterInit.js:122:21)
    at jestAdapter (C:\Users\eposh\OneDrive\Desktop\Dikshant\jenkins\github-review-plugin\node_modules\jest-circus\build\legacy-code-todo-rewrite\jestAdapter.js:79:19)
    at runTestInternal (C:\Users\eposh\OneDrive\Desktop\Dikshant\jenkins\github-review-plugin\node_modules\jest-runner\build\runTest.js:367:16)
    at runTest (C:\Users\eposh\OneDrive\Desktop\Dikshant\jenkins\github-review-plugin\node_modules\jest-runner\build\runTest.js:444:34)
    at Object.worker (C:\Users\eposh\OneDrive\Desktop\Dikshant\jenkins\github-review-plugin\node_modules\jest-runner\build\testWorker.js:106:12)</failure>
    </testcase>
  </testsuite>
  <testsuite name="Debug Logging Configuration" errors="0" failures="5" skipped="0" timestamp="2025-09-03T15:32:14" time="0.367" tests="23">
    <testcase classname="Debug Logging Configuration Constructor and Default Values should initialize with default debug configuration" name="Debug Logging Configuration Constructor and Default Values should initialize with default debug configuration" time="0.015">
    </testcase>
    <testcase classname="Debug Logging Configuration Constructor and Default Values should initialize with custom debug configuration" name="Debug Logging Configuration Constructor and Default Values should initialize with custom debug configuration" time="0.003">
    </testcase>
    <testcase classname="Debug Logging Configuration shouldLog Method should respect log level hierarchy" name="Debug Logging Configuration shouldLog Method should respect log level hierarchy" time="0.001">
    </testcase>
    <testcase classname="Debug Logging Configuration shouldLog Method should debug the shouldLog method" name="Debug Logging Configuration shouldLog Method should debug the shouldLog method" time="0.025">
      <failure>Error: expect(received).toBe(expected) // Object.is equality

Expected: true
Received: false
    at Object.toBe (C:\Users\eposh\OneDrive\Desktop\Dikshant\jenkins\github-review-plugin\tests\unit\debug-logging.test.js:87:41)
    at Promise.then.completed (C:\Users\eposh\OneDrive\Desktop\Dikshant\jenkins\github-review-plugin\node_modules\jest-circus\build\utils.js:298:28)
    at new Promise (&lt;anonymous&gt;)
    at callAsyncCircusFn (C:\Users\eposh\OneDrive\Desktop\Dikshant\jenkins\github-review-plugin\node_modules\jest-circus\build\utils.js:231:10)
    at _callCircusTest (C:\Users\eposh\OneDrive\Desktop\Dikshant\jenkins\github-review-plugin\node_modules\jest-circus\build\run.js:316:40)
    at processTicksAndRejections (node:internal/process/task_queues:105:5)
    at _runTest (C:\Users\eposh\OneDrive\Desktop\Dikshant\jenkins\github-review-plugin\node_modules\jest-circus\build\run.js:252:3)
    at _runTestsForDescribeBlock (C:\Users\eposh\OneDrive\Desktop\Dikshant\jenkins\github-review-plugin\node_modules\jest-circus\build\run.js:126:9)
    at _runTestsForDescribeBlock (C:\Users\eposh\OneDrive\Desktop\Dikshant\jenkins\github-review-plugin\node_modules\jest-circus\build\run.js:121:9)
    at _runTestsForDescribeBlock (C:\Users\eposh\OneDrive\Desktop\Dikshant\jenkins\github-review-plugin\node_modules\jest-circus\build\run.js:121:9)
    at run (C:\Users\eposh\OneDrive\Desktop\Dikshant\jenkins\github-review-plugin\node_modules\jest-circus\build\run.js:71:3)
    at runAndTransformResultsToJestFormat (C:\Users\eposh\OneDrive\Desktop\Dikshant\jenkins\github-review-plugin\node_modules\jest-circus\build\legacy-code-todo-rewrite\jestAdapterInit.js:122:21)
    at jestAdapter (C:\Users\eposh\OneDrive\Desktop\Dikshant\jenkins\github-review-plugin\node_modules\jest-circus\build\legacy-code-todo-rewrite\jestAdapter.js:79:19)
    at runTestInternal (C:\Users\eposh\OneDrive\Desktop\Dikshant\jenkins\github-review-plugin\node_modules\jest-runner\build\runTest.js:367:16)
    at runTest (C:\Users\eposh\OneDrive\Desktop\Dikshant\jenkins\github-review-plugin\node_modules\jest-runner\build\runTest.js:444:34)
    at Object.worker (C:\Users\eposh\OneDrive\Desktop\Dikshant\jenkins\github-review-plugin\node_modules\jest-runner\build\testWorker.js:106:12)</failure>
    </testcase>
    <testcase classname="Debug Logging Configuration shouldLog Method should allow debug logging when debug mode is enabled" name="Debug Logging Configuration shouldLog Method should allow debug logging when debug mode is enabled" time="0.009">
      <failure>Error: expect(received).toBe(expected) // Object.is equality

Expected: true
Received: false
    at Object.toBe (C:\Users\eposh\OneDrive\Desktop\Dikshant\jenkins\github-review-plugin\tests\unit\debug-logging.test.js:100:41)
    at Promise.then.completed (C:\Users\eposh\OneDrive\Desktop\Dikshant\jenkins\github-review-plugin\node_modules\jest-circus\build\utils.js:298:28)
    at new Promise (&lt;anonymous&gt;)
    at callAsyncCircusFn (C:\Users\eposh\OneDrive\Desktop\Dikshant\jenkins\github-review-plugin\node_modules\jest-circus\build\utils.js:231:10)
    at _callCircusTest (C:\Users\eposh\OneDrive\Desktop\Dikshant\jenkins\github-review-plugin\node_modules\jest-circus\build\run.js:316:40)
    at processTicksAndRejections (node:internal/process/task_queues:105:5)
    at _runTest (C:\Users\eposh\OneDrive\Desktop\Dikshant\jenkins\github-review-plugin\node_modules\jest-circus\build\run.js:252:3)
    at _runTestsForDescribeBlock (C:\Users\eposh\OneDrive\Desktop\Dikshant\jenkins\github-review-plugin\node_modules\jest-circus\build\run.js:126:9)
    at _runTestsForDescribeBlock (C:\Users\eposh\OneDrive\Desktop\Dikshant\jenkins\github-review-plugin\node_modules\jest-circus\build\run.js:121:9)
    at _runTestsForDescribeBlock (C:\Users\eposh\OneDrive\Desktop\Dikshant\jenkins\github-review-plugin\node_modules\jest-circus\build\run.js:121:9)
    at run (C:\Users\eposh\OneDrive\Desktop\Dikshant\jenkins\github-review-plugin\node_modules\jest-circus\build\run.js:71:3)
    at runAndTransformResultsToJestFormat (C:\Users\eposh\OneDrive\Desktop\Dikshant\jenkins\github-review-plugin\node_modules\jest-circus\build\legacy-code-todo-rewrite\jestAdapterInit.js:122:21)
    at jestAdapter (C:\Users\eposh\OneDrive\Desktop\Dikshant\jenkins\github-review-plugin\node_modules\jest-circus\build\legacy-code-todo-rewrite\jestAdapter.js:79:19)
    at runTestInternal (C:\Users\eposh\OneDrive\Desktop\Dikshant\jenkins\github-review-plugin\node_modules\jest-runner\build\runTest.js:367:16)
    at runTest (C:\Users\eposh\OneDrive\Desktop\Dikshant\jenkins\github-review-plugin\node_modules\jest-runner\build\runTest.js:444:34)
    at Object.worker (C:\Users\eposh\OneDrive\Desktop\Dikshant\jenkins\github-review-plugin\node_modules\jest-runner\build\testWorker.js:106:12)</failure>
    </testcase>
    <testcase classname="Debug Logging Configuration shouldLog Method should block debug logging when debug mode is disabled" name="Debug Logging Configuration shouldLog Method should block debug logging when debug mode is disabled" time="0.001">
    </testcase>
    <testcase classname="Debug Logging Configuration shouldLog Method should respect debug categories" name="Debug Logging Configuration shouldLog Method should respect debug categories" time="0.001">
      <failure>Error: expect(received).toBe(expected) // Object.is equality

Expected: true
Received: false
    at Object.toBe (C:\Users\eposh\OneDrive\Desktop\Dikshant\jenkins\github-review-plugin\tests\unit\debug-logging.test.js:115:54)
    at Promise.then.completed (C:\Users\eposh\OneDrive\Desktop\Dikshant\jenkins\github-review-plugin\node_modules\jest-circus\build\utils.js:298:28)
    at new Promise (&lt;anonymous&gt;)
    at callAsyncCircusFn (C:\Users\eposh\OneDrive\Desktop\Dikshant\jenkins\github-review-plugin\node_modules\jest-circus\build\utils.js:231:10)
    at _callCircusTest (C:\Users\eposh\OneDrive\Desktop\Dikshant\jenkins\github-review-plugin\node_modules\jest-circus\build\run.js:316:40)
    at processTicksAndRejections (node:internal/process/task_queues:105:5)
    at _runTest (C:\Users\eposh\OneDrive\Desktop\Dikshant\jenkins\github-review-plugin\node_modules\jest-circus\build\run.js:252:3)
    at _runTestsForDescribeBlock (C:\Users\eposh\OneDrive\Desktop\Dikshant\jenkins\github-review-plugin\node_modules\jest-circus\build\run.js:126:9)
    at _runTestsForDescribeBlock (C:\Users\eposh\OneDrive\Desktop\Dikshant\jenkins\github-review-plugin\node_modules\jest-circus\build\run.js:121:9)
    at _runTestsForDescribeBlock (C:\Users\eposh\OneDrive\Desktop\Dikshant\jenkins\github-review-plugin\node_modules\jest-circus\build\run.js:121:9)
    at run (C:\Users\eposh\OneDrive\Desktop\Dikshant\jenkins\github-review-plugin\node_modules\jest-circus\build\run.js:71:3)
    at runAndTransformResultsToJestFormat (C:\Users\eposh\OneDrive\Desktop\Dikshant\jenkins\github-review-plugin\node_modules\jest-circus\build\legacy-code-todo-rewrite\jestAdapterInit.js:122:21)
    at jestAdapter (C:\Users\eposh\OneDrive\Desktop\Dikshant\jenkins\github-review-plugin\node_modules\jest-circus\build\legacy-code-todo-rewrite\jestAdapter.js:79:19)
    at runTestInternal (C:\Users\eposh\OneDrive\Desktop\Dikshant\jenkins\github-review-plugin\node_modules\jest-runner\build\runTest.js:367:16)
    at runTest (C:\Users\eposh\OneDrive\Desktop\Dikshant\jenkins\github-review-plugin\node_modules\jest-runner\build\runTest.js:444:34)
    at Object.worker (C:\Users\eposh\OneDrive\Desktop\Dikshant\jenkins\github-review-plugin\node_modules\jest-runner\build\testWorker.js:106:12)</failure>
    </testcase>
    <testcase classname="Debug Logging Configuration shouldLog Method should allow all categories when debug_categories is [&quot;all&quot;]" name="Debug Logging Configuration shouldLog Method should allow all categories when debug_categories is [&quot;all&quot;]" time="0.001">
      <failure>Error: expect(received).toBe(expected) // Object.is equality

Expected: true
Received: false
    at Object.toBe (C:\Users\eposh\OneDrive\Desktop\Dikshant\jenkins\github-review-plugin\tests\unit\debug-logging.test.js:124:54)
    at Promise.then.completed (C:\Users\eposh\OneDrive\Desktop\Dikshant\jenkins\github-review-plugin\node_modules\jest-circus\build\utils.js:298:28)
    at new Promise (&lt;anonymous&gt;)
    at callAsyncCircusFn (C:\Users\eposh\OneDrive\Desktop\Dikshant\jenkins\github-review-plugin\node_modules\jest-circus\build\utils.js:231:10)
    at _callCircusTest (C:\Users\eposh\OneDrive\Desktop\Dikshant\jenkins\github-review-plugin\node_modules\jest-circus\build\run.js:316:40)
    at processTicksAndRejections (node:internal/process/task_queues:105:5)
    at _runTest (C:\Users\eposh\OneDrive\Desktop\Dikshant\jenkins\github-review-plugin\node_modules\jest-circus\build\run.js:252:3)
    at _runTestsForDescribeBlock (C:\Users\eposh\OneDrive\Desktop\Dikshant\jenkins\github-review-plugin\node_modules\jest-circus\build\run.js:126:9)
    at _runTestsForDescribeBlock (C:\Users\eposh\OneDrive\Desktop\Dikshant\jenkins\github-review-plugin\node_modules\jest-circus\build\run.js:121:9)
    at _runTestsForDescribeBlock (C:\Users\eposh\OneDrive\Desktop\Dikshant\jenkins\github-review-plugin\node_modules\jest-circus\build\run.js:121:9)
    at run (C:\Users\eposh\OneDrive\Desktop\Dikshant\jenkins\github-review-plugin\node_modules\jest-circus\build\run.js:71:3)
    at runAndTransformResultsToJestFormat (C:\Users\eposh\OneDrive\Desktop\Dikshant\jenkins\github-review-plugin\node_modules\jest-circus\build\legacy-code-todo-rewrite\jestAdapterInit.js:122:21)
    at jestAdapter (C:\Users\eposh\OneDrive\Desktop\Dikshant\jenkins\github-review-plugin\node_modules\jest-circus\build\legacy-code-todo-rewrite\jestAdapter.js:79:19)
    at runTestInternal (C:\Users\eposh\OneDrive\Desktop\Dikshant\jenkins\github-review-plugin\node_modules\jest-runner\build\runTest.js:367:16)
    at runTest (C:\Users\eposh\OneDrive\Desktop\Dikshant\jenkins\github-review-plugin\node_modules\jest-runner\build\runTest.js:444:34)
    at Object.worker (C:\Users\eposh\OneDrive\Desktop\Dikshant\jenkins\github-review-plugin\node_modules\jest-runner\build\testWorker.js:106:12)</failure>
    </testcase>
    <testcase classname="Debug Logging Configuration shouldLog Method should respect debug filters" name="Debug Logging Configuration shouldLog Method should respect debug filters" time="0">
      <failure>Error: expect(received).toBe(expected) // Object.is equality

Expected: true
Received: false
    at Object.toBe (C:\Users\eposh\OneDrive\Desktop\Dikshant\jenkins\github-review-plugin\tests\unit\debug-logging.test.js:137:54)
    at Promise.then.completed (C:\Users\eposh\OneDrive\Desktop\Dikshant\jenkins\github-review-plugin\node_modules\jest-circus\build\utils.js:298:28)
    at new Promise (&lt;anonymous&gt;)
    at callAsyncCircusFn (C:\Users\eposh\OneDrive\Desktop\Dikshant\jenkins\github-review-plugin\node_modules\jest-circus\build\utils.js:231:10)
    at _callCircusTest (C:\Users\eposh\OneDrive\Desktop\Dikshant\jenkins\github-review-plugin\node_modules\jest-circus\build\run.js:316:40)
    at processTicksAndRejections (node:internal/process/task_queues:105:5)
    at _runTest (C:\Users\eposh\OneDrive\Desktop\Dikshant\jenkins\github-review-plugin\node_modules\jest-circus\build\run.js:252:3)
    at _runTestsForDescribeBlock (C:\Users\eposh\OneDrive\Desktop\Dikshant\jenkins\github-review-plugin\node_modules\jest-circus\build\run.js:126:9)
    at _runTestsForDescribeBlock (C:\Users\eposh\OneDrive\Desktop\Dikshant\jenkins\github-review-plugin\node_modules\jest-circus\build\run.js:121:9)
    at _runTestsForDescribeBlock (C:\Users\eposh\OneDrive\Desktop\Dikshant\jenkins\github-review-plugin\node_modules\jest-circus\build\run.js:121:9)
    at run (C:\Users\eposh\OneDrive\Desktop\Dikshant\jenkins\github-review-plugin\node_modules\jest-circus\build\run.js:71:3)
    at runAndTransformResultsToJestFormat (C:\Users\eposh\OneDrive\Desktop\Dikshant\jenkins\github-review-plugin\node_modules\jest-circus\build\legacy-code-todo-rewrite\jestAdapterInit.js:122:21)
    at jestAdapter (C:\Users\eposh\OneDrive\Desktop\Dikshant\jenkins\github-review-plugin\node_modules\jest-circus\build\legacy-code-todo-rewrite\jestAdapter.js:79:19)
    at runTestInternal (C:\Users\eposh\OneDrive\Desktop\Dikshant\jenkins\github-review-plugin\node_modules\jest-runner\build\runTest.js:367:16)
    at runTest (C:\Users\eposh\OneDrive\Desktop\Dikshant\jenkins\github-review-plugin\node_modules\jest-runner\build\runTest.js:444:34)
    at Object.worker (C:\Users\eposh\OneDrive\Desktop\Dikshant\jenkins\github-review-plugin\node_modules\jest-runner\build\testWorker.js:106:12)</failure>
    </testcase>
    <testcase classname="Debug Logging Configuration Debug Configuration Methods should configure debug logging" name="Debug Logging Configuration Debug Configuration Methods should configure debug logging" time="0.003">
    </testcase>
    <testcase classname="Debug Logging Configuration Debug Configuration Methods should enable debug mode" name="Debug Logging Configuration Debug Configuration Methods should enable debug mode" time="0.003">
    </testcase>
    <testcase classname="Debug Logging Configuration Debug Configuration Methods should disable debug mode" name="Debug Logging Configuration Debug Configuration Methods should disable debug mode" time="0.025">
    </testcase>
    <testcase classname="Debug Logging Configuration Debug Configuration Methods should add debug category" name="Debug Logging Configuration Debug Configuration Methods should add debug category" time="0.002">
    </testcase>
    <testcase classname="Debug Logging Configuration Debug Configuration Methods should remove debug category" name="Debug Logging Configuration Debug Configuration Methods should remove debug category" time="0.002">
    </testcase>
    <testcase classname="Debug Logging Configuration Debug Configuration Methods should add debug filter" name="Debug Logging Configuration Debug Configuration Methods should add debug filter" time="0.002">
    </testcase>
    <testcase classname="Debug Logging Configuration Debug Configuration Methods should remove debug filter" name="Debug Logging Configuration Debug Configuration Methods should remove debug filter" time="0.003">
    </testcase>
    <testcase classname="Debug Logging Configuration Debug Logging Methods should provide debug convenience method" name="Debug Logging Configuration Debug Logging Methods should provide debug convenience method" time="0.006">
    </testcase>
    <testcase classname="Debug Logging Configuration Debug Logging Methods should provide trace convenience method" name="Debug Logging Configuration Debug Logging Methods should provide trace convenience method" time="0.003">
    </testcase>
    <testcase classname="Debug Logging Configuration Debug Logging Methods should filter debug logs based on configuration" name="Debug Logging Configuration Debug Logging Methods should filter debug logs based on configuration" time="0.001">
    </testcase>
    <testcase classname="Debug Logging Configuration Debug Configuration Status should get debug configuration" name="Debug Logging Configuration Debug Configuration Status should get debug configuration" time="0.001">
    </testcase>
    <testcase classname="Debug Logging Configuration Debug Configuration Status should test debug configuration" name="Debug Logging Configuration Debug Configuration Status should test debug configuration" time="0.007">
    </testcase>
    <testcase classname="Debug Logging Configuration Integration with logEvent should filter logs based on shouldLog result" name="Debug Logging Configuration Integration with logEvent should filter logs based on shouldLog result" time="0.001">
    </testcase>
    <testcase classname="Debug Logging Configuration Integration with logEvent should log when shouldLog returns true" name="Debug Logging Configuration Integration with logEvent should log when shouldLog returns true" time="0.004">
    </testcase>
  </testsuite>
  <testsuite name="BranchDetector" errors="0" failures="17" skipped="0" timestamp="2025-09-03T15:32:14" time="0.34" tests="17">
    <testcase classname="BranchDetector detectBranches should detect push event branches correctly" name="BranchDetector detectBranches should detect push event branches correctly" time="0.001">
      <failure>TypeError: core.info is not a function
    at new info (C:\Users\eposh\OneDrive\Desktop\Dikshant\jenkins\github-review-plugin\src\utils\branch-detector.js:11:10)
    at Object.&lt;anonymous&gt; (C:\Users\eposh\OneDrive\Desktop\Dikshant\jenkins\github-review-plugin\src\utils\branch-detector.test.js:42:22)
    at Promise.then.completed (C:\Users\eposh\OneDrive\Desktop\Dikshant\jenkins\github-review-plugin\node_modules\jest-circus\build\utils.js:298:28)
    at new Promise (&lt;anonymous&gt;)
    at callAsyncCircusFn (C:\Users\eposh\OneDrive\Desktop\Dikshant\jenkins\github-review-plugin\node_modules\jest-circus\build\utils.js:231:10)
    at _callCircusHook (C:\Users\eposh\OneDrive\Desktop\Dikshant\jenkins\github-review-plugin\node_modules\jest-circus\build\run.js:281:40)
    at processTicksAndRejections (node:internal/process/task_queues:105:5)
    at _runTest (C:\Users\eposh\OneDrive\Desktop\Dikshant\jenkins\github-review-plugin\node_modules\jest-circus\build\run.js:246:5)
    at _runTestsForDescribeBlock (C:\Users\eposh\OneDrive\Desktop\Dikshant\jenkins\github-review-plugin\node_modules\jest-circus\build\run.js:126:9)
    at _runTestsForDescribeBlock (C:\Users\eposh\OneDrive\Desktop\Dikshant\jenkins\github-review-plugin\node_modules\jest-circus\build\run.js:121:9)
    at _runTestsForDescribeBlock (C:\Users\eposh\OneDrive\Desktop\Dikshant\jenkins\github-review-plugin\node_modules\jest-circus\build\run.js:121:9)
    at run (C:\Users\eposh\OneDrive\Desktop\Dikshant\jenkins\github-review-plugin\node_modules\jest-circus\build\run.js:71:3)
    at runAndTransformResultsToJestFormat (C:\Users\eposh\OneDrive\Desktop\Dikshant\jenkins\github-review-plugin\node_modules\jest-circus\build\legacy-code-todo-rewrite\jestAdapterInit.js:122:21)
    at jestAdapter (C:\Users\eposh\OneDrive\Desktop\Dikshant\jenkins\github-review-plugin\node_modules\jest-circus\build\legacy-code-todo-rewrite\jestAdapter.js:79:19)
    at runTestInternal (C:\Users\eposh\OneDrive\Desktop\Dikshant\jenkins\github-review-plugin\node_modules\jest-runner\build\runTest.js:367:16)
    at runTest (C:\Users\eposh\OneDrive\Desktop\Dikshant\jenkins\github-review-plugin\node_modules\jest-runner\build\runTest.js:444:34)
    at Object.worker (C:\Users\eposh\OneDrive\Desktop\Dikshant\jenkins\github-review-plugin\node_modules\jest-runner\build\testWorker.js:106:12)</failure>
    </testcase>
    <testcase classname="BranchDetector detectBranches should detect pull request event branches correctly" name="BranchDetector detectBranches should detect pull request event branches correctly" time="0.001">
      <failure>TypeError: core.info is not a function
    at new info (C:\Users\eposh\OneDrive\Desktop\Dikshant\jenkins\github-review-plugin\src\utils\branch-detector.js:11:10)
    at Object.&lt;anonymous&gt; (C:\Users\eposh\OneDrive\Desktop\Dikshant\jenkins\github-review-plugin\src\utils\branch-detector.test.js:42:22)
    at Promise.then.completed (C:\Users\eposh\OneDrive\Desktop\Dikshant\jenkins\github-review-plugin\node_modules\jest-circus\build\utils.js:298:28)
    at new Promise (&lt;anonymous&gt;)
    at callAsyncCircusFn (C:\Users\eposh\OneDrive\Desktop\Dikshant\jenkins\github-review-plugin\node_modules\jest-circus\build\utils.js:231:10)
    at _callCircusHook (C:\Users\eposh\OneDrive\Desktop\Dikshant\jenkins\github-review-plugin\node_modules\jest-circus\build\run.js:281:40)
    at processTicksAndRejections (node:internal/process/task_queues:105:5)
    at _runTest (C:\Users\eposh\OneDrive\Desktop\Dikshant\jenkins\github-review-plugin\node_modules\jest-circus\build\run.js:246:5)
    at _runTestsForDescribeBlock (C:\Users\eposh\OneDrive\Desktop\Dikshant\jenkins\github-review-plugin\node_modules\jest-circus\build\run.js:126:9)
    at _runTestsForDescribeBlock (C:\Users\eposh\OneDrive\Desktop\Dikshant\jenkins\github-review-plugin\node_modules\jest-circus\build\run.js:121:9)
    at _runTestsForDescribeBlock (C:\Users\eposh\OneDrive\Desktop\Dikshant\jenkins\github-review-plugin\node_modules\jest-circus\build\run.js:121:9)
    at run (C:\Users\eposh\OneDrive\Desktop\Dikshant\jenkins\github-review-plugin\node_modules\jest-circus\build\run.js:71:3)
    at runAndTransformResultsToJestFormat (C:\Users\eposh\OneDrive\Desktop\Dikshant\jenkins\github-review-plugin\node_modules\jest-circus\build\legacy-code-todo-rewrite\jestAdapterInit.js:122:21)
    at jestAdapter (C:\Users\eposh\OneDrive\Desktop\Dikshant\jenkins\github-review-plugin\node_modules\jest-circus\build\legacy-code-todo-rewrite\jestAdapter.js:79:19)
    at runTestInternal (C:\Users\eposh\OneDrive\Desktop\Dikshant\jenkins\github-review-plugin\node_modules\jest-runner\build\runTest.js:367:16)
    at runTest (C:\Users\eposh\OneDrive\Desktop\Dikshant\jenkins\github-review-plugin\node_modules\jest-runner\build\runTest.js:444:34)
    at Object.worker (C:\Users\eposh\OneDrive\Desktop\Dikshant\jenkins\github-review-plugin\node_modules\jest-runner\build\testWorker.js:106:12)</failure>
    </testcase>
    <testcase classname="BranchDetector detectBranches should detect manual workflow dispatch branches correctly" name="BranchDetector detectBranches should detect manual workflow dispatch branches correctly" time="0">
      <failure>TypeError: core.info is not a function
    at new info (C:\Users\eposh\OneDrive\Desktop\Dikshant\jenkins\github-review-plugin\src\utils\branch-detector.js:11:10)
    at Object.&lt;anonymous&gt; (C:\Users\eposh\OneDrive\Desktop\Dikshant\jenkins\github-review-plugin\src\utils\branch-detector.test.js:42:22)
    at Promise.then.completed (C:\Users\eposh\OneDrive\Desktop\Dikshant\jenkins\github-review-plugin\node_modules\jest-circus\build\utils.js:298:28)
    at new Promise (&lt;anonymous&gt;)
    at callAsyncCircusFn (C:\Users\eposh\OneDrive\Desktop\Dikshant\jenkins\github-review-plugin\node_modules\jest-circus\build\utils.js:231:10)
    at _callCircusHook (C:\Users\eposh\OneDrive\Desktop\Dikshant\jenkins\github-review-plugin\node_modules\jest-circus\build\run.js:281:40)
    at processTicksAndRejections (node:internal/process/task_queues:105:5)
    at _runTest (C:\Users\eposh\OneDrive\Desktop\Dikshant\jenkins\github-review-plugin\node_modules\jest-circus\build\run.js:246:5)
    at _runTestsForDescribeBlock (C:\Users\eposh\OneDrive\Desktop\Dikshant\jenkins\github-review-plugin\node_modules\jest-circus\build\run.js:126:9)
    at _runTestsForDescribeBlock (C:\Users\eposh\OneDrive\Desktop\Dikshant\jenkins\github-review-plugin\node_modules\jest-circus\build\run.js:121:9)
    at _runTestsForDescribeBlock (C:\Users\eposh\OneDrive\Desktop\Dikshant\jenkins\github-review-plugin\node_modules\jest-circus\build\run.js:121:9)
    at run (C:\Users\eposh\OneDrive\Desktop\Dikshant\jenkins\github-review-plugin\node_modules\jest-circus\build\run.js:71:3)
    at runAndTransformResultsToJestFormat (C:\Users\eposh\OneDrive\Desktop\Dikshant\jenkins\github-review-plugin\node_modules\jest-circus\build\legacy-code-todo-rewrite\jestAdapterInit.js:122:21)
    at jestAdapter (C:\Users\eposh\OneDrive\Desktop\Dikshant\jenkins\github-review-plugin\node_modules\jest-circus\build\legacy-code-todo-rewrite\jestAdapter.js:79:19)
    at runTestInternal (C:\Users\eposh\OneDrive\Desktop\Dikshant\jenkins\github-review-plugin\node_modules\jest-runner\build\runTest.js:367:16)
    at runTest (C:\Users\eposh\OneDrive\Desktop\Dikshant\jenkins\github-review-plugin\node_modules\jest-runner\build\runTest.js:444:34)
    at Object.worker (C:\Users\eposh\OneDrive\Desktop\Dikshant\jenkins\github-review-plugin\node_modules\jest-runner\build\testWorker.js:106:12)</failure>
    </testcase>
    <testcase classname="BranchDetector detectBranches should throw error for unsupported event type" name="BranchDetector detectBranches should throw error for unsupported event type" time="0.001">
      <failure>TypeError: core.info is not a function
    at new info (C:\Users\eposh\OneDrive\Desktop\Dikshant\jenkins\github-review-plugin\src\utils\branch-detector.js:11:10)
    at Object.&lt;anonymous&gt; (C:\Users\eposh\OneDrive\Desktop\Dikshant\jenkins\github-review-plugin\src\utils\branch-detector.test.js:42:22)
    at Promise.then.completed (C:\Users\eposh\OneDrive\Desktop\Dikshant\jenkins\github-review-plugin\node_modules\jest-circus\build\utils.js:298:28)
    at new Promise (&lt;anonymous&gt;)
    at callAsyncCircusFn (C:\Users\eposh\OneDrive\Desktop\Dikshant\jenkins\github-review-plugin\node_modules\jest-circus\build\utils.js:231:10)
    at _callCircusHook (C:\Users\eposh\OneDrive\Desktop\Dikshant\jenkins\github-review-plugin\node_modules\jest-circus\build\run.js:281:40)
    at processTicksAndRejections (node:internal/process/task_queues:105:5)
    at _runTest (C:\Users\eposh\OneDrive\Desktop\Dikshant\jenkins\github-review-plugin\node_modules\jest-circus\build\run.js:246:5)
    at _runTestsForDescribeBlock (C:\Users\eposh\OneDrive\Desktop\Dikshant\jenkins\github-review-plugin\node_modules\jest-circus\build\run.js:126:9)
    at _runTestsForDescribeBlock (C:\Users\eposh\OneDrive\Desktop\Dikshant\jenkins\github-review-plugin\node_modules\jest-circus\build\run.js:121:9)
    at _runTestsForDescribeBlock (C:\Users\eposh\OneDrive\Desktop\Dikshant\jenkins\github-review-plugin\node_modules\jest-circus\build\run.js:121:9)
    at run (C:\Users\eposh\OneDrive\Desktop\Dikshant\jenkins\github-review-plugin\node_modules\jest-circus\build\run.js:71:3)
    at runAndTransformResultsToJestFormat (C:\Users\eposh\OneDrive\Desktop\Dikshant\jenkins\github-review-plugin\node_modules\jest-circus\build\legacy-code-todo-rewrite\jestAdapterInit.js:122:21)
    at jestAdapter (C:\Users\eposh\OneDrive\Desktop\Dikshant\jenkins\github-review-plugin\node_modules\jest-circus\build\legacy-code-todo-rewrite\jestAdapter.js:79:19)
    at runTestInternal (C:\Users\eposh\OneDrive\Desktop\Dikshant\jenkins\github-review-plugin\node_modules\jest-runner\build\runTest.js:367:16)
    at runTest (C:\Users\eposh\OneDrive\Desktop\Dikshant\jenkins\github-review-plugin\node_modules\jest-runner\build\runTest.js:444:34)
    at Object.worker (C:\Users\eposh\OneDrive\Desktop\Dikshant\jenkins\github-review-plugin\node_modules\jest-runner\build\testWorker.js:106:12)</failure>
    </testcase>
    <testcase classname="BranchDetector getBranchType should identify development branches" name="BranchDetector getBranchType should identify development branches" time="0.001">
      <failure>TypeError: core.info is not a function
    at new info (C:\Users\eposh\OneDrive\Desktop\Dikshant\jenkins\github-review-plugin\src\utils\branch-detector.js:11:10)
    at Object.&lt;anonymous&gt; (C:\Users\eposh\OneDrive\Desktop\Dikshant\jenkins\github-review-plugin\src\utils\branch-detector.test.js:42:22)
    at Promise.then.completed (C:\Users\eposh\OneDrive\Desktop\Dikshant\jenkins\github-review-plugin\node_modules\jest-circus\build\utils.js:298:28)
    at new Promise (&lt;anonymous&gt;)
    at callAsyncCircusFn (C:\Users\eposh\OneDrive\Desktop\Dikshant\jenkins\github-review-plugin\node_modules\jest-circus\build\utils.js:231:10)
    at _callCircusHook (C:\Users\eposh\OneDrive\Desktop\Dikshant\jenkins\github-review-plugin\node_modules\jest-circus\build\run.js:281:40)
    at processTicksAndRejections (node:internal/process/task_queues:105:5)
    at _runTest (C:\Users\eposh\OneDrive\Desktop\Dikshant\jenkins\github-review-plugin\node_modules\jest-circus\build\run.js:246:5)
    at _runTestsForDescribeBlock (C:\Users\eposh\OneDrive\Desktop\Dikshant\jenkins\github-review-plugin\node_modules\jest-circus\build\run.js:126:9)
    at _runTestsForDescribeBlock (C:\Users\eposh\OneDrive\Desktop\Dikshant\jenkins\github-review-plugin\node_modules\jest-circus\build\run.js:121:9)
    at _runTestsForDescribeBlock (C:\Users\eposh\OneDrive\Desktop\Dikshant\jenkins\github-review-plugin\node_modules\jest-circus\build\run.js:121:9)
    at run (C:\Users\eposh\OneDrive\Desktop\Dikshant\jenkins\github-review-plugin\node_modules\jest-circus\build\run.js:71:3)
    at runAndTransformResultsToJestFormat (C:\Users\eposh\OneDrive\Desktop\Dikshant\jenkins\github-review-plugin\node_modules\jest-circus\build\legacy-code-todo-rewrite\jestAdapterInit.js:122:21)
    at jestAdapter (C:\Users\eposh\OneDrive\Desktop\Dikshant\jenkins\github-review-plugin\node_modules\jest-circus\build\legacy-code-todo-rewrite\jestAdapter.js:79:19)
    at runTestInternal (C:\Users\eposh\OneDrive\Desktop\Dikshant\jenkins\github-review-plugin\node_modules\jest-runner\build\runTest.js:367:16)
    at runTest (C:\Users\eposh\OneDrive\Desktop\Dikshant\jenkins\github-review-plugin\node_modules\jest-runner\build\runTest.js:444:34)
    at Object.worker (C:\Users\eposh\OneDrive\Desktop\Dikshant\jenkins\github-review-plugin\node_modules\jest-runner\build\testWorker.js:106:12)</failure>
    </testcase>
    <testcase classname="BranchDetector getBranchType should identify staging branches" name="BranchDetector getBranchType should identify staging branches" time="0">
      <failure>TypeError: core.info is not a function
    at new info (C:\Users\eposh\OneDrive\Desktop\Dikshant\jenkins\github-review-plugin\src\utils\branch-detector.js:11:10)
    at Object.&lt;anonymous&gt; (C:\Users\eposh\OneDrive\Desktop\Dikshant\jenkins\github-review-plugin\src\utils\branch-detector.test.js:42:22)
    at Promise.then.completed (C:\Users\eposh\OneDrive\Desktop\Dikshant\jenkins\github-review-plugin\node_modules\jest-circus\build\utils.js:298:28)
    at new Promise (&lt;anonymous&gt;)
    at callAsyncCircusFn (C:\Users\eposh\OneDrive\Desktop\Dikshant\jenkins\github-review-plugin\node_modules\jest-circus\build\utils.js:231:10)
    at _callCircusHook (C:\Users\eposh\OneDrive\Desktop\Dikshant\jenkins\github-review-plugin\node_modules\jest-circus\build\run.js:281:40)
    at processTicksAndRejections (node:internal/process/task_queues:105:5)
    at _runTest (C:\Users\eposh\OneDrive\Desktop\Dikshant\jenkins\github-review-plugin\node_modules\jest-circus\build\run.js:246:5)
    at _runTestsForDescribeBlock (C:\Users\eposh\OneDrive\Desktop\Dikshant\jenkins\github-review-plugin\node_modules\jest-circus\build\run.js:126:9)
    at _runTestsForDescribeBlock (C:\Users\eposh\OneDrive\Desktop\Dikshant\jenkins\github-review-plugin\node_modules\jest-circus\build\run.js:121:9)
    at _runTestsForDescribeBlock (C:\Users\eposh\OneDrive\Desktop\Dikshant\jenkins\github-review-plugin\node_modules\jest-circus\build\run.js:121:9)
    at run (C:\Users\eposh\OneDrive\Desktop\Dikshant\jenkins\github-review-plugin\node_modules\jest-circus\build\run.js:71:3)
    at runAndTransformResultsToJestFormat (C:\Users\eposh\OneDrive\Desktop\Dikshant\jenkins\github-review-plugin\node_modules\jest-circus\build\legacy-code-todo-rewrite\jestAdapterInit.js:122:21)
    at jestAdapter (C:\Users\eposh\OneDrive\Desktop\Dikshant\jenkins\github-review-plugin\node_modules\jest-circus\build\legacy-code-todo-rewrite\jestAdapter.js:79:19)
    at runTestInternal (C:\Users\eposh\OneDrive\Desktop\Dikshant\jenkins\github-review-plugin\node_modules\jest-runner\build\runTest.js:367:16)
    at runTest (C:\Users\eposh\OneDrive\Desktop\Dikshant\jenkins\github-review-plugin\node_modules\jest-runner\build\runTest.js:444:34)
    at Object.worker (C:\Users\eposh\OneDrive\Desktop\Dikshant\jenkins\github-review-plugin\node_modules\jest-runner\build\testWorker.js:106:12)</failure>
    </testcase>
    <testcase classname="BranchDetector getBranchType should identify production branches" name="BranchDetector getBranchType should identify production branches" time="0.001">
      <failure>TypeError: core.info is not a function
    at new info (C:\Users\eposh\OneDrive\Desktop\Dikshant\jenkins\github-review-plugin\src\utils\branch-detector.js:11:10)
    at Object.&lt;anonymous&gt; (C:\Users\eposh\OneDrive\Desktop\Dikshant\jenkins\github-review-plugin\src\utils\branch-detector.test.js:42:22)
    at Promise.then.completed (C:\Users\eposh\OneDrive\Desktop\Dikshant\jenkins\github-review-plugin\node_modules\jest-circus\build\utils.js:298:28)
    at new Promise (&lt;anonymous&gt;)
    at callAsyncCircusFn (C:\Users\eposh\OneDrive\Desktop\Dikshant\jenkins\github-review-plugin\node_modules\jest-circus\build\utils.js:231:10)
    at _callCircusHook (C:\Users\eposh\OneDrive\Desktop\Dikshant\jenkins\github-review-plugin\node_modules\jest-circus\build\run.js:281:40)
    at processTicksAndRejections (node:internal/process/task_queues:105:5)
    at _runTest (C:\Users\eposh\OneDrive\Desktop\Dikshant\jenkins\github-review-plugin\node_modules\jest-circus\build\run.js:246:5)
    at _runTestsForDescribeBlock (C:\Users\eposh\OneDrive\Desktop\Dikshant\jenkins\github-review-plugin\node_modules\jest-circus\build\run.js:126:9)
    at _runTestsForDescribeBlock (C:\Users\eposh\OneDrive\Desktop\Dikshant\jenkins\github-review-plugin\node_modules\jest-circus\build\run.js:121:9)
    at _runTestsForDescribeBlock (C:\Users\eposh\OneDrive\Desktop\Dikshant\jenkins\github-review-plugin\node_modules\jest-circus\build\run.js:121:9)
    at run (C:\Users\eposh\OneDrive\Desktop\Dikshant\jenkins\github-review-plugin\node_modules\jest-circus\build\run.js:71:3)
    at runAndTransformResultsToJestFormat (C:\Users\eposh\OneDrive\Desktop\Dikshant\jenkins\github-review-plugin\node_modules\jest-circus\build\legacy-code-todo-rewrite\jestAdapterInit.js:122:21)
    at jestAdapter (C:\Users\eposh\OneDrive\Desktop\Dikshant\jenkins\github-review-plugin\node_modules\jest-circus\build\legacy-code-todo-rewrite\jestAdapter.js:79:19)
    at runTestInternal (C:\Users\eposh\OneDrive\Desktop\Dikshant\jenkins\github-review-plugin\node_modules\jest-runner\build\runTest.js:367:16)
    at runTest (C:\Users\eposh\OneDrive\Desktop\Dikshant\jenkins\github-review-plugin\node_modules\jest-runner\build\runTest.js:444:34)
    at Object.worker (C:\Users\eposh\OneDrive\Desktop\Dikshant\jenkins\github-review-plugin\node_modules\jest-runner\build\testWorker.js:106:12)</failure>
    </testcase>
    <testcase classname="BranchDetector getBranchType should identify feature branches" name="BranchDetector getBranchType should identify feature branches" time="0">
      <failure>TypeError: core.info is not a function
    at new info (C:\Users\eposh\OneDrive\Desktop\Dikshant\jenkins\github-review-plugin\src\utils\branch-detector.js:11:10)
    at Object.&lt;anonymous&gt; (C:\Users\eposh\OneDrive\Desktop\Dikshant\jenkins\github-review-plugin\src\utils\branch-detector.test.js:42:22)
    at Promise.then.completed (C:\Users\eposh\OneDrive\Desktop\Dikshant\jenkins\github-review-plugin\node_modules\jest-circus\build\utils.js:298:28)
    at new Promise (&lt;anonymous&gt;)
    at callAsyncCircusFn (C:\Users\eposh\OneDrive\Desktop\Dikshant\jenkins\github-review-plugin\node_modules\jest-circus\build\utils.js:231:10)
    at _callCircusHook (C:\Users\eposh\OneDrive\Desktop\Dikshant\jenkins\github-review-plugin\node_modules\jest-circus\build\run.js:281:40)
    at processTicksAndRejections (node:internal/process/task_queues:105:5)
    at _runTest (C:\Users\eposh\OneDrive\Desktop\Dikshant\jenkins\github-review-plugin\node_modules\jest-circus\build\run.js:246:5)
    at _runTestsForDescribeBlock (C:\Users\eposh\OneDrive\Desktop\Dikshant\jenkins\github-review-plugin\node_modules\jest-circus\build\run.js:126:9)
    at _runTestsForDescribeBlock (C:\Users\eposh\OneDrive\Desktop\Dikshant\jenkins\github-review-plugin\node_modules\jest-circus\build\run.js:121:9)
    at _runTestsForDescribeBlock (C:\Users\eposh\OneDrive\Desktop\Dikshant\jenkins\github-review-plugin\node_modules\jest-circus\build\run.js:121:9)
    at run (C:\Users\eposh\OneDrive\Desktop\Dikshant\jenkins\github-review-plugin\node_modules\jest-circus\build\run.js:71:3)
    at runAndTransformResultsToJestFormat (C:\Users\eposh\OneDrive\Desktop\Dikshant\jenkins\github-review-plugin\node_modules\jest-circus\build\legacy-code-todo-rewrite\jestAdapterInit.js:122:21)
    at jestAdapter (C:\Users\eposh\OneDrive\Desktop\Dikshant\jenkins\github-review-plugin\node_modules\jest-circus\build\legacy-code-todo-rewrite\jestAdapter.js:79:19)
    at runTestInternal (C:\Users\eposh\OneDrive\Desktop\Dikshant\jenkins\github-review-plugin\node_modules\jest-runner\build\runTest.js:367:16)
    at runTest (C:\Users\eposh\OneDrive\Desktop\Dikshant\jenkins\github-review-plugin\node_modules\jest-runner\build\runTest.js:444:34)
    at Object.worker (C:\Users\eposh\OneDrive\Desktop\Dikshant\jenkins\github-review-plugin\node_modules\jest-runner\build\testWorker.js:106:12)</failure>
    </testcase>
    <testcase classname="BranchDetector getBranchType should identify other branches" name="BranchDetector getBranchType should identify other branches" time="0.001">
      <failure>TypeError: core.info is not a function
    at new info (C:\Users\eposh\OneDrive\Desktop\Dikshant\jenkins\github-review-plugin\src\utils\branch-detector.js:11:10)
    at Object.&lt;anonymous&gt; (C:\Users\eposh\OneDrive\Desktop\Dikshant\jenkins\github-review-plugin\src\utils\branch-detector.test.js:42:22)
    at Promise.then.completed (C:\Users\eposh\OneDrive\Desktop\Dikshant\jenkins\github-review-plugin\node_modules\jest-circus\build\utils.js:298:28)
    at new Promise (&lt;anonymous&gt;)
    at callAsyncCircusFn (C:\Users\eposh\OneDrive\Desktop\Dikshant\jenkins\github-review-plugin\node_modules\jest-circus\build\utils.js:231:10)
    at _callCircusHook (C:\Users\eposh\OneDrive\Desktop\Dikshant\jenkins\github-review-plugin\node_modules\jest-circus\build\run.js:281:40)
    at processTicksAndRejections (node:internal/process/task_queues:105:5)
    at _runTest (C:\Users\eposh\OneDrive\Desktop\Dikshant\jenkins\github-review-plugin\node_modules\jest-circus\build\run.js:246:5)
    at _runTestsForDescribeBlock (C:\Users\eposh\OneDrive\Desktop\Dikshant\jenkins\github-review-plugin\node_modules\jest-circus\build\run.js:126:9)
    at _runTestsForDescribeBlock (C:\Users\eposh\OneDrive\Desktop\Dikshant\jenkins\github-review-plugin\node_modules\jest-circus\build\run.js:121:9)
    at _runTestsForDescribeBlock (C:\Users\eposh\OneDrive\Desktop\Dikshant\jenkins\github-review-plugin\node_modules\jest-circus\build\run.js:121:9)
    at run (C:\Users\eposh\OneDrive\Desktop\Dikshant\jenkins\github-review-plugin\node_modules\jest-circus\build\run.js:71:3)
    at runAndTransformResultsToJestFormat (C:\Users\eposh\OneDrive\Desktop\Dikshant\jenkins\github-review-plugin\node_modules\jest-circus\build\legacy-code-todo-rewrite\jestAdapterInit.js:122:21)
    at jestAdapter (C:\Users\eposh\OneDrive\Desktop\Dikshant\jenkins\github-review-plugin\node_modules\jest-circus\build\legacy-code-todo-rewrite\jestAdapter.js:79:19)
    at runTestInternal (C:\Users\eposh\OneDrive\Desktop\Dikshant\jenkins\github-review-plugin\node_modules\jest-runner\build\runTest.js:367:16)
    at runTest (C:\Users\eposh\OneDrive\Desktop\Dikshant\jenkins\github-review-plugin\node_modules\jest-runner\build\runTest.js:444:34)
    at Object.worker (C:\Users\eposh\OneDrive\Desktop\Dikshant\jenkins\github-review-plugin\node_modules\jest-runner\build\testWorker.js:106:12)</failure>
    </testcase>
    <testcase classname="BranchDetector isValidBranchMovement should return true for valid branch movements" name="BranchDetector isValidBranchMovement should return true for valid branch movements" time="0">
      <failure>TypeError: core.info is not a function
    at new info (C:\Users\eposh\OneDrive\Desktop\Dikshant\jenkins\github-review-plugin\src\utils\branch-detector.js:11:10)
    at Object.&lt;anonymous&gt; (C:\Users\eposh\OneDrive\Desktop\Dikshant\jenkins\github-review-plugin\src\utils\branch-detector.test.js:42:22)
    at Promise.then.completed (C:\Users\eposh\OneDrive\Desktop\Dikshant\jenkins\github-review-plugin\node_modules\jest-circus\build\utils.js:298:28)
    at new Promise (&lt;anonymous&gt;)
    at callAsyncCircusFn (C:\Users\eposh\OneDrive\Desktop\Dikshant\jenkins\github-review-plugin\node_modules\jest-circus\build\utils.js:231:10)
    at _callCircusHook (C:\Users\eposh\OneDrive\Desktop\Dikshant\jenkins\github-review-plugin\node_modules\jest-circus\build\run.js:281:40)
    at processTicksAndRejections (node:internal/process/task_queues:105:5)
    at _runTest (C:\Users\eposh\OneDrive\Desktop\Dikshant\jenkins\github-review-plugin\node_modules\jest-circus\build\run.js:246:5)
    at _runTestsForDescribeBlock (C:\Users\eposh\OneDrive\Desktop\Dikshant\jenkins\github-review-plugin\node_modules\jest-circus\build\run.js:126:9)
    at _runTestsForDescribeBlock (C:\Users\eposh\OneDrive\Desktop\Dikshant\jenkins\github-review-plugin\node_modules\jest-circus\build\run.js:121:9)
    at _runTestsForDescribeBlock (C:\Users\eposh\OneDrive\Desktop\Dikshant\jenkins\github-review-plugin\node_modules\jest-circus\build\run.js:121:9)
    at run (C:\Users\eposh\OneDrive\Desktop\Dikshant\jenkins\github-review-plugin\node_modules\jest-circus\build\run.js:71:3)
    at runAndTransformResultsToJestFormat (C:\Users\eposh\OneDrive\Desktop\Dikshant\jenkins\github-review-plugin\node_modules\jest-circus\build\legacy-code-todo-rewrite\jestAdapterInit.js:122:21)
    at jestAdapter (C:\Users\eposh\OneDrive\Desktop\Dikshant\jenkins\github-review-plugin\node_modules\jest-circus\build\legacy-code-todo-rewrite\jestAdapter.js:79:19)
    at runTestInternal (C:\Users\eposh\OneDrive\Desktop\Dikshant\jenkins\github-review-plugin\node_modules\jest-runner\build\runTest.js:367:16)
    at runTest (C:\Users\eposh\OneDrive\Desktop\Dikshant\jenkins\github-review-plugin\node_modules\jest-runner\build\runTest.js:444:34)
    at Object.worker (C:\Users\eposh\OneDrive\Desktop\Dikshant\jenkins\github-review-plugin\node_modules\jest-runner\build\testWorker.js:106:12)</failure>
    </testcase>
    <testcase classname="BranchDetector isValidBranchMovement should return false for invalid branch movements" name="BranchDetector isValidBranchMovement should return false for invalid branch movements" time="0.001">
      <failure>TypeError: core.info is not a function
    at new info (C:\Users\eposh\OneDrive\Desktop\Dikshant\jenkins\github-review-plugin\src\utils\branch-detector.js:11:10)
    at Object.&lt;anonymous&gt; (C:\Users\eposh\OneDrive\Desktop\Dikshant\jenkins\github-review-plugin\src\utils\branch-detector.test.js:42:22)
    at Promise.then.completed (C:\Users\eposh\OneDrive\Desktop\Dikshant\jenkins\github-review-plugin\node_modules\jest-circus\build\utils.js:298:28)
    at new Promise (&lt;anonymous&gt;)
    at callAsyncCircusFn (C:\Users\eposh\OneDrive\Desktop\Dikshant\jenkins\github-review-plugin\node_modules\jest-circus\build\utils.js:231:10)
    at _callCircusHook (C:\Users\eposh\OneDrive\Desktop\Dikshant\jenkins\github-review-plugin\node_modules\jest-circus\build\run.js:281:40)
    at processTicksAndRejections (node:internal/process/task_queues:105:5)
    at _runTest (C:\Users\eposh\OneDrive\Desktop\Dikshant\jenkins\github-review-plugin\node_modules\jest-circus\build\run.js:246:5)
    at _runTestsForDescribeBlock (C:\Users\eposh\OneDrive\Desktop\Dikshant\jenkins\github-review-plugin\node_modules\jest-circus\build\run.js:126:9)
    at _runTestsForDescribeBlock (C:\Users\eposh\OneDrive\Desktop\Dikshant\jenkins\github-review-plugin\node_modules\jest-circus\build\run.js:121:9)
    at _runTestsForDescribeBlock (C:\Users\eposh\OneDrive\Desktop\Dikshant\jenkins\github-review-plugin\node_modules\jest-circus\build\run.js:121:9)
    at run (C:\Users\eposh\OneDrive\Desktop\Dikshant\jenkins\github-review-plugin\node_modules\jest-circus\build\run.js:71:3)
    at runAndTransformResultsToJestFormat (C:\Users\eposh\OneDrive\Desktop\Dikshant\jenkins\github-review-plugin\node_modules\jest-circus\build\legacy-code-todo-rewrite\jestAdapterInit.js:122:21)
    at jestAdapter (C:\Users\eposh\OneDrive\Desktop\Dikshant\jenkins\github-review-plugin\node_modules\jest-circus\build\legacy-code-todo-rewrite\jestAdapter.js:79:19)
    at runTestInternal (C:\Users\eposh\OneDrive\Desktop\Dikshant\jenkins\github-review-plugin\node_modules\jest-runner\build\runTest.js:367:16)
    at runTest (C:\Users\eposh\OneDrive\Desktop\Dikshant\jenkins\github-review-plugin\node_modules\jest-runner\build\runTest.js:444:34)
    at Object.worker (C:\Users\eposh\OneDrive\Desktop\Dikshant\jenkins\github-review-plugin\node_modules\jest-runner\build\testWorker.js:106:12)</failure>
    </testcase>
    <testcase classname="BranchDetector getEnvironmentConfig should return development config for dev branches" name="BranchDetector getEnvironmentConfig should return development config for dev branches" time="0">
      <failure>TypeError: core.info is not a function
    at new info (C:\Users\eposh\OneDrive\Desktop\Dikshant\jenkins\github-review-plugin\src\utils\branch-detector.js:11:10)
    at Object.&lt;anonymous&gt; (C:\Users\eposh\OneDrive\Desktop\Dikshant\jenkins\github-review-plugin\src\utils\branch-detector.test.js:42:22)
    at Promise.then.completed (C:\Users\eposh\OneDrive\Desktop\Dikshant\jenkins\github-review-plugin\node_modules\jest-circus\build\utils.js:298:28)
    at new Promise (&lt;anonymous&gt;)
    at callAsyncCircusFn (C:\Users\eposh\OneDrive\Desktop\Dikshant\jenkins\github-review-plugin\node_modules\jest-circus\build\utils.js:231:10)
    at _callCircusHook (C:\Users\eposh\OneDrive\Desktop\Dikshant\jenkins\github-review-plugin\node_modules\jest-circus\build\run.js:281:40)
    at processTicksAndRejections (node:internal/process/task_queues:105:5)
    at _runTest (C:\Users\eposh\OneDrive\Desktop\Dikshant\jenkins\github-review-plugin\node_modules\jest-circus\build\run.js:246:5)
    at _runTestsForDescribeBlock (C:\Users\eposh\OneDrive\Desktop\Dikshant\jenkins\github-review-plugin\node_modules\jest-circus\build\run.js:126:9)
    at _runTestsForDescribeBlock (C:\Users\eposh\OneDrive\Desktop\Dikshant\jenkins\github-review-plugin\node_modules\jest-circus\build\run.js:121:9)
    at _runTestsForDescribeBlock (C:\Users\eposh\OneDrive\Desktop\Dikshant\jenkins\github-review-plugin\node_modules\jest-circus\build\run.js:121:9)
    at run (C:\Users\eposh\OneDrive\Desktop\Dikshant\jenkins\github-review-plugin\node_modules\jest-circus\build\run.js:71:3)
    at runAndTransformResultsToJestFormat (C:\Users\eposh\OneDrive\Desktop\Dikshant\jenkins\github-review-plugin\node_modules\jest-circus\build\legacy-code-todo-rewrite\jestAdapterInit.js:122:21)
    at jestAdapter (C:\Users\eposh\OneDrive\Desktop\Dikshant\jenkins\github-review-plugin\node_modules\jest-circus\build\legacy-code-todo-rewrite\jestAdapter.js:79:19)
    at runTestInternal (C:\Users\eposh\OneDrive\Desktop\Dikshant\jenkins\github-review-plugin\node_modules\jest-runner\build\runTest.js:367:16)
    at runTest (C:\Users\eposh\OneDrive\Desktop\Dikshant\jenkins\github-review-plugin\node_modules\jest-runner\build\runTest.js:444:34)
    at Object.worker (C:\Users\eposh\OneDrive\Desktop\Dikshant\jenkins\github-review-plugin\node_modules\jest-runner\build\testWorker.js:106:12)</failure>
    </testcase>
    <testcase classname="BranchDetector getEnvironmentConfig should return staging config for uat branches" name="BranchDetector getEnvironmentConfig should return staging config for uat branches" time="0">
      <failure>TypeError: core.info is not a function
    at new info (C:\Users\eposh\OneDrive\Desktop\Dikshant\jenkins\github-review-plugin\src\utils\branch-detector.js:11:10)
    at Object.&lt;anonymous&gt; (C:\Users\eposh\OneDrive\Desktop\Dikshant\jenkins\github-review-plugin\src\utils\branch-detector.test.js:42:22)
    at Promise.then.completed (C:\Users\eposh\OneDrive\Desktop\Dikshant\jenkins\github-review-plugin\node_modules\jest-circus\build\utils.js:298:28)
    at new Promise (&lt;anonymous&gt;)
    at callAsyncCircusFn (C:\Users\eposh\OneDrive\Desktop\Dikshant\jenkins\github-review-plugin\node_modules\jest-circus\build\utils.js:231:10)
    at _callCircusHook (C:\Users\eposh\OneDrive\Desktop\Dikshant\jenkins\github-review-plugin\node_modules\jest-circus\build\run.js:281:40)
    at processTicksAndRejections (node:internal/process/task_queues:105:5)
    at _runTest (C:\Users\eposh\OneDrive\Desktop\Dikshant\jenkins\github-review-plugin\node_modules\jest-circus\build\run.js:246:5)
    at _runTestsForDescribeBlock (C:\Users\eposh\OneDrive\Desktop\Dikshant\jenkins\github-review-plugin\node_modules\jest-circus\build\run.js:126:9)
    at _runTestsForDescribeBlock (C:\Users\eposh\OneDrive\Desktop\Dikshant\jenkins\github-review-plugin\node_modules\jest-circus\build\run.js:121:9)
    at _runTestsForDescribeBlock (C:\Users\eposh\OneDrive\Desktop\Dikshant\jenkins\github-review-plugin\node_modules\jest-circus\build\run.js:121:9)
    at run (C:\Users\eposh\OneDrive\Desktop\Dikshant\jenkins\github-review-plugin\node_modules\jest-circus\build\run.js:71:3)
    at runAndTransformResultsToJestFormat (C:\Users\eposh\OneDrive\Desktop\Dikshant\jenkins\github-review-plugin\node_modules\jest-circus\build\legacy-code-todo-rewrite\jestAdapterInit.js:122:21)
    at jestAdapter (C:\Users\eposh\OneDrive\Desktop\Dikshant\jenkins\github-review-plugin\node_modules\jest-circus\build\legacy-code-todo-rewrite\jestAdapter.js:79:19)
    at runTestInternal (C:\Users\eposh\OneDrive\Desktop\Dikshant\jenkins\github-review-plugin\node_modules\jest-runner\build\runTest.js:367:16)
    at runTest (C:\Users\eposh\OneDrive\Desktop\Dikshant\jenkins\github-review-plugin\node_modules\jest-runner\build\runTest.js:444:34)
    at Object.worker (C:\Users\eposh\OneDrive\Desktop\Dikshant\jenkins\github-review-plugin\node_modules\jest-runner\build\testWorker.js:106:12)</failure>
    </testcase>
    <testcase classname="BranchDetector getEnvironmentConfig should return production config for main branches" name="BranchDetector getEnvironmentConfig should return production config for main branches" time="0">
      <failure>TypeError: core.info is not a function
    at new info (C:\Users\eposh\OneDrive\Desktop\Dikshant\jenkins\github-review-plugin\src\utils\branch-detector.js:11:10)
    at Object.&lt;anonymous&gt; (C:\Users\eposh\OneDrive\Desktop\Dikshant\jenkins\github-review-plugin\src\utils\branch-detector.test.js:42:22)
    at Promise.then.completed (C:\Users\eposh\OneDrive\Desktop\Dikshant\jenkins\github-review-plugin\node_modules\jest-circus\build\utils.js:298:28)
    at new Promise (&lt;anonymous&gt;)
    at callAsyncCircusFn (C:\Users\eposh\OneDrive\Desktop\Dikshant\jenkins\github-review-plugin\node_modules\jest-circus\build\utils.js:231:10)
    at _callCircusHook (C:\Users\eposh\OneDrive\Desktop\Dikshant\jenkins\github-review-plugin\node_modules\jest-circus\build\run.js:281:40)
    at processTicksAndRejections (node:internal/process/task_queues:105:5)
    at _runTest (C:\Users\eposh\OneDrive\Desktop\Dikshant\jenkins\github-review-plugin\node_modules\jest-circus\build\run.js:246:5)
    at _runTestsForDescribeBlock (C:\Users\eposh\OneDrive\Desktop\Dikshant\jenkins\github-review-plugin\node_modules\jest-circus\build\run.js:126:9)
    at _runTestsForDescribeBlock (C:\Users\eposh\OneDrive\Desktop\Dikshant\jenkins\github-review-plugin\node_modules\jest-circus\build\run.js:121:9)
    at _runTestsForDescribeBlock (C:\Users\eposh\OneDrive\Desktop\Dikshant\jenkins\github-review-plugin\node_modules\jest-circus\build\run.js:121:9)
    at run (C:\Users\eposh\OneDrive\Desktop\Dikshant\jenkins\github-review-plugin\node_modules\jest-circus\build\run.js:71:3)
    at runAndTransformResultsToJestFormat (C:\Users\eposh\OneDrive\Desktop\Dikshant\jenkins\github-review-plugin\node_modules\jest-circus\build\legacy-code-todo-rewrite\jestAdapterInit.js:122:21)
    at jestAdapter (C:\Users\eposh\OneDrive\Desktop\Dikshant\jenkins\github-review-plugin\node_modules\jest-circus\build\legacy-code-todo-rewrite\jestAdapter.js:79:19)
    at runTestInternal (C:\Users\eposh\OneDrive\Desktop\Dikshant\jenkins\github-review-plugin\node_modules\jest-runner\build\runTest.js:367:16)
    at runTest (C:\Users\eposh\OneDrive\Desktop\Dikshant\jenkins\github-review-plugin\node_modules\jest-runner\build\runTest.js:444:34)
    at Object.worker (C:\Users\eposh\OneDrive\Desktop\Dikshant\jenkins\github-review-plugin\node_modules\jest-runner\build\testWorker.js:106:12)</failure>
    </testcase>
    <testcase classname="BranchDetector validateBranchInfo should return true for valid branch info" name="BranchDetector validateBranchInfo should return true for valid branch info" time="0.001">
      <failure>TypeError: core.info is not a function
    at new info (C:\Users\eposh\OneDrive\Desktop\Dikshant\jenkins\github-review-plugin\src\utils\branch-detector.js:11:10)
    at Object.&lt;anonymous&gt; (C:\Users\eposh\OneDrive\Desktop\Dikshant\jenkins\github-review-plugin\src\utils\branch-detector.test.js:42:22)
    at Promise.then.completed (C:\Users\eposh\OneDrive\Desktop\Dikshant\jenkins\github-review-plugin\node_modules\jest-circus\build\utils.js:298:28)
    at new Promise (&lt;anonymous&gt;)
    at callAsyncCircusFn (C:\Users\eposh\OneDrive\Desktop\Dikshant\jenkins\github-review-plugin\node_modules\jest-circus\build\utils.js:231:10)
    at _callCircusHook (C:\Users\eposh\OneDrive\Desktop\Dikshant\jenkins\github-review-plugin\node_modules\jest-circus\build\run.js:281:40)
    at processTicksAndRejections (node:internal/process/task_queues:105:5)
    at _runTest (C:\Users\eposh\OneDrive\Desktop\Dikshant\jenkins\github-review-plugin\node_modules\jest-circus\build\run.js:246:5)
    at _runTestsForDescribeBlock (C:\Users\eposh\OneDrive\Desktop\Dikshant\jenkins\github-review-plugin\node_modules\jest-circus\build\run.js:126:9)
    at _runTestsForDescribeBlock (C:\Users\eposh\OneDrive\Desktop\Dikshant\jenkins\github-review-plugin\node_modules\jest-circus\build\run.js:121:9)
    at _runTestsForDescribeBlock (C:\Users\eposh\OneDrive\Desktop\Dikshant\jenkins\github-review-plugin\node_modules\jest-circus\build\run.js:121:9)
    at run (C:\Users\eposh\OneDrive\Desktop\Dikshant\jenkins\github-review-plugin\node_modules\jest-circus\build\run.js:71:3)
    at runAndTransformResultsToJestFormat (C:\Users\eposh\OneDrive\Desktop\Dikshant\jenkins\github-review-plugin\node_modules\jest-circus\build\legacy-code-todo-rewrite\jestAdapterInit.js:122:21)
    at jestAdapter (C:\Users\eposh\OneDrive\Desktop\Dikshant\jenkins\github-review-plugin\node_modules\jest-circus\build\legacy-code-todo-rewrite\jestAdapter.js:79:19)
    at runTestInternal (C:\Users\eposh\OneDrive\Desktop\Dikshant\jenkins\github-review-plugin\node_modules\jest-runner\build\runTest.js:367:16)
    at runTest (C:\Users\eposh\OneDrive\Desktop\Dikshant\jenkins\github-review-plugin\node_modules\jest-runner\build\runTest.js:444:34)
    at Object.worker (C:\Users\eposh\OneDrive\Desktop\Dikshant\jenkins\github-review-plugin\node_modules\jest-runner\build\testWorker.js:106:12)</failure>
    </testcase>
    <testcase classname="BranchDetector validateBranchInfo should return false for invalid branch info" name="BranchDetector validateBranchInfo should return false for invalid branch info" time="0">
      <failure>TypeError: core.info is not a function
    at new info (C:\Users\eposh\OneDrive\Desktop\Dikshant\jenkins\github-review-plugin\src\utils\branch-detector.js:11:10)
    at Object.&lt;anonymous&gt; (C:\Users\eposh\OneDrive\Desktop\Dikshant\jenkins\github-review-plugin\src\utils\branch-detector.test.js:42:22)
    at Promise.then.completed (C:\Users\eposh\OneDrive\Desktop\Dikshant\jenkins\github-review-plugin\node_modules\jest-circus\build\utils.js:298:28)
    at new Promise (&lt;anonymous&gt;)
    at callAsyncCircusFn (C:\Users\eposh\OneDrive\Desktop\Dikshant\jenkins\github-review-plugin\node_modules\jest-circus\build\utils.js:231:10)
    at _callCircusHook (C:\Users\eposh\OneDrive\Desktop\Dikshant\jenkins\github-review-plugin\node_modules\jest-circus\build\run.js:281:40)
    at processTicksAndRejections (node:internal/process/task_queues:105:5)
    at _runTest (C:\Users\eposh\OneDrive\Desktop\Dikshant\jenkins\github-review-plugin\node_modules\jest-circus\build\run.js:246:5)
    at _runTestsForDescribeBlock (C:\Users\eposh\OneDrive\Desktop\Dikshant\jenkins\github-review-plugin\node_modules\jest-circus\build\run.js:126:9)
    at _runTestsForDescribeBlock (C:\Users\eposh\OneDrive\Desktop\Dikshant\jenkins\github-review-plugin\node_modules\jest-circus\build\run.js:121:9)
    at _runTestsForDescribeBlock (C:\Users\eposh\OneDrive\Desktop\Dikshant\jenkins\github-review-plugin\node_modules\jest-circus\build\run.js:121:9)
    at run (C:\Users\eposh\OneDrive\Desktop\Dikshant\jenkins\github-review-plugin\node_modules\jest-circus\build\run.js:71:3)
    at runAndTransformResultsToJestFormat (C:\Users\eposh\OneDrive\Desktop\Dikshant\jenkins\github-review-plugin\node_modules\jest-circus\build\legacy-code-todo-rewrite\jestAdapterInit.js:122:21)
    at jestAdapter (C:\Users\eposh\OneDrive\Desktop\Dikshant\jenkins\github-review-plugin\node_modules\jest-circus\build\legacy-code-todo-rewrite\jestAdapter.js:79:19)
    at runTestInternal (C:\Users\eposh\OneDrive\Desktop\Dikshant\jenkins\github-review-plugin\node_modules\jest-runner\build\runTest.js:367:16)
    at runTest (C:\Users\eposh\OneDrive\Desktop\Dikshant\jenkins\github-review-plugin\node_modules\jest-runner\build\runTest.js:444:34)
    at Object.worker (C:\Users\eposh\OneDrive\Desktop\Dikshant\jenkins\github-review-plugin\node_modules\jest-runner\build\testWorker.js:106:12)</failure>
    </testcase>
    <testcase classname="BranchDetector getDetailedInfo should return detailed branch information" name="BranchDetector getDetailedInfo should return detailed branch information" time="0">
      <failure>TypeError: core.info is not a function
    at new info (C:\Users\eposh\OneDrive\Desktop\Dikshant\jenkins\github-review-plugin\src\utils\branch-detector.js:11:10)
    at Object.&lt;anonymous&gt; (C:\Users\eposh\OneDrive\Desktop\Dikshant\jenkins\github-review-plugin\src\utils\branch-detector.test.js:42:22)
    at Promise.then.completed (C:\Users\eposh\OneDrive\Desktop\Dikshant\jenkins\github-review-plugin\node_modules\jest-circus\build\utils.js:298:28)
    at new Promise (&lt;anonymous&gt;)
    at callAsyncCircusFn (C:\Users\eposh\OneDrive\Desktop\Dikshant\jenkins\github-review-plugin\node_modules\jest-circus\build\utils.js:231:10)
    at _callCircusHook (C:\Users\eposh\OneDrive\Desktop\Dikshant\jenkins\github-review-plugin\node_modules\jest-circus\build\run.js:281:40)
    at processTicksAndRejections (node:internal/process/task_queues:105:5)
    at _runTest (C:\Users\eposh\OneDrive\Desktop\Dikshant\jenkins\github-review-plugin\node_modules\jest-circus\build\run.js:246:5)
    at _runTestsForDescribeBlock (C:\Users\eposh\OneDrive\Desktop\Dikshant\jenkins\github-review-plugin\node_modules\jest-circus\build\run.js:126:9)
    at _runTestsForDescribeBlock (C:\Users\eposh\OneDrive\Desktop\Dikshant\jenkins\github-review-plugin\node_modules\jest-circus\build\run.js:121:9)
    at _runTestsForDescribeBlock (C:\Users\eposh\OneDrive\Desktop\Dikshant\jenkins\github-review-plugin\node_modules\jest-circus\build\run.js:121:9)
    at run (C:\Users\eposh\OneDrive\Desktop\Dikshant\jenkins\github-review-plugin\node_modules\jest-circus\build\run.js:71:3)
    at runAndTransformResultsToJestFormat (C:\Users\eposh\OneDrive\Desktop\Dikshant\jenkins\github-review-plugin\node_modules\jest-circus\build\legacy-code-todo-rewrite\jestAdapterInit.js:122:21)
    at jestAdapter (C:\Users\eposh\OneDrive\Desktop\Dikshant\jenkins\github-review-plugin\node_modules\jest-circus\build\legacy-code-todo-rewrite\jestAdapter.js:79:19)
    at runTestInternal (C:\Users\eposh\OneDrive\Desktop\Dikshant\jenkins\github-review-plugin\node_modules\jest-runner\build\runTest.js:367:16)
    at runTest (C:\Users\eposh\OneDrive\Desktop\Dikshant\jenkins\github-review-plugin\node_modules\jest-runner\build\runTest.js:444:34)
    at Object.worker (C:\Users\eposh\OneDrive\Desktop\Dikshant\jenkins\github-review-plugin\node_modules\jest-runner\build\testWorker.js:106:12)</failure>
    </testcase>
  </testsuite>
  <testsuite name="MetricsAggregator" errors="0" failures="1" skipped="0" timestamp="2025-09-03T15:32:10" time="0.747" tests="30">
    <testcase classname="MetricsAggregator constructor should initialize with default config" name="MetricsAggregator constructor should initialize with default config" time="0.002">
    </testcase>
    <testcase classname="MetricsAggregator constructor should initialize with custom config" name="MetricsAggregator constructor should initialize with custom config" time="0">
    </testcase>
    <testcase classname="MetricsAggregator calculatePercentiles should return default values for empty data" name="MetricsAggregator calculatePercentiles should return default values for empty data" time="0">
    </testcase>
    <testcase classname="MetricsAggregator calculatePercentiles should calculate percentiles for response time data" name="MetricsAggregator calculatePercentiles should calculate percentiles for response time data" time="0.003">
      <failure>Error: expect(received).toBe(expected) // Object.is equality

Expected: 4950
Received: 4960
    at Object.toBe (C:\Users\eposh\OneDrive\Desktop\Dikshant\jenkins\github-review-plugin\src\utils\metrics-aggregator.test.js:88:26)
    at Promise.then.completed (C:\Users\eposh\OneDrive\Desktop\Dikshant\jenkins\github-review-plugin\node_modules\jest-circus\build\utils.js:298:28)
    at new Promise (&lt;anonymous&gt;)
    at callAsyncCircusFn (C:\Users\eposh\OneDrive\Desktop\Dikshant\jenkins\github-review-plugin\node_modules\jest-circus\build\utils.js:231:10)
    at _callCircusTest (C:\Users\eposh\OneDrive\Desktop\Dikshant\jenkins\github-review-plugin\node_modules\jest-circus\build\run.js:316:40)
    at processTicksAndRejections (node:internal/process/task_queues:105:5)
    at _runTest (C:\Users\eposh\OneDrive\Desktop\Dikshant\jenkins\github-review-plugin\node_modules\jest-circus\build\run.js:252:3)
    at _runTestsForDescribeBlock (C:\Users\eposh\OneDrive\Desktop\Dikshant\jenkins\github-review-plugin\node_modules\jest-circus\build\run.js:126:9)
    at _runTestsForDescribeBlock (C:\Users\eposh\OneDrive\Desktop\Dikshant\jenkins\github-review-plugin\node_modules\jest-circus\build\run.js:121:9)
    at _runTestsForDescribeBlock (C:\Users\eposh\OneDrive\Desktop\Dikshant\jenkins\github-review-plugin\node_modules\jest-circus\build\run.js:121:9)
    at run (C:\Users\eposh\OneDrive\Desktop\Dikshant\jenkins\github-review-plugin\node_modules\jest-circus\build\run.js:71:3)
    at runAndTransformResultsToJestFormat (C:\Users\eposh\OneDrive\Desktop\Dikshant\jenkins\github-review-plugin\node_modules\jest-circus\build\legacy-code-todo-rewrite\jestAdapterInit.js:122:21)
    at jestAdapter (C:\Users\eposh\OneDrive\Desktop\Dikshant\jenkins\github-review-plugin\node_modules\jest-circus\build\legacy-code-todo-rewrite\jestAdapter.js:79:19)
    at runTestInternal (C:\Users\eposh\OneDrive\Desktop\Dikshant\jenkins\github-review-plugin\node_modules\jest-runner\build\runTest.js:367:16)
    at runTest (C:\Users\eposh\OneDrive\Desktop\Dikshant\jenkins\github-review-plugin\node_modules\jest-runner\build\runTest.js:444:34)
    at Object.worker (C:\Users\eposh\OneDrive\Desktop\Dikshant\jenkins\github-review-plugin\node_modules\jest-runner\build\testWorker.js:106:12)</failure>
    </testcase>
    <testcase classname="MetricsAggregator calculatePercentiles should filter out invalid values" name="MetricsAggregator calculatePercentiles should filter out invalid values" time="0.001">
    </testcase>
    <testcase classname="MetricsAggregator calculatePercentiles should handle single value" name="MetricsAggregator calculatePercentiles should handle single value" time="0.001">
    </testcase>
    <testcase classname="MetricsAggregator calculatePercentile should calculate exact percentile for single value" name="MetricsAggregator calculatePercentile should calculate exact percentile for single value" time="0">
    </testcase>
    <testcase classname="MetricsAggregator calculatePercentile should calculate interpolated percentile" name="MetricsAggregator calculatePercentile should calculate interpolated percentile" time="0.001">
    </testcase>
    <testcase classname="MetricsAggregator calculatePercentile should handle edge cases" name="MetricsAggregator calculatePercentile should handle edge cases" time="0">
    </testcase>
    <testcase classname="MetricsAggregator generatePerformanceReport should generate performance report with default options" name="MetricsAggregator generatePerformanceReport should generate performance report with default options" time="0.005">
    </testcase>
    <testcase classname="MetricsAggregator generatePerformanceReport should use cache for repeated requests" name="MetricsAggregator generatePerformanceReport should use cache for repeated requests" time="0.002">
    </testcase>
    <testcase classname="MetricsAggregator generatePerformanceReport should filter by model" name="MetricsAggregator generatePerformanceReport should filter by model" time="0.003">
    </testcase>
    <testcase classname="MetricsAggregator generatePerformanceReport should filter by environment" name="MetricsAggregator generatePerformanceReport should filter by environment" time="0.001">
    </testcase>
    <testcase classname="MetricsAggregator generatePerformanceReport should handle file read errors gracefully" name="MetricsAggregator generatePerformanceReport should handle file read errors gracefully" time="0.032">
    </testcase>
    <testcase classname="MetricsAggregator calculateTrends should return insufficient data for single metric" name="MetricsAggregator calculateTrends should return insufficient data for single metric" time="0.001">
    </testcase>
    <testcase classname="MetricsAggregator calculateTrends should calculate trends for multiple days" name="MetricsAggregator calculateTrends should calculate trends for multiple days" time="0.001">
    </testcase>
    <testcase classname="MetricsAggregator calculateTrends should identify stable trends" name="MetricsAggregator calculateTrends should identify stable trends" time="0.001">
    </testcase>
    <testcase classname="MetricsAggregator generateInsights should return default insight for empty data" name="MetricsAggregator generateInsights should return default insight for empty data" time="0.001">
    </testcase>
    <testcase classname="MetricsAggregator generateInsights should generate performance insights for slow response times" name="MetricsAggregator generateInsights should generate performance insights for slow response times" time="0">
    </testcase>
    <testcase classname="MetricsAggregator generateInsights should generate quality insights for low quality scores" name="MetricsAggregator generateInsights should generate quality insights for low quality scores" time="0.001">
    </testcase>
    <testcase classname="MetricsAggregator generateInsights should generate cost insights for high costs" name="MetricsAggregator generateInsights should generate cost insights for high costs" time="0">
    </testcase>
    <testcase classname="MetricsAggregator generateInsights should generate efficiency insights for low efficiency scores" name="MetricsAggregator generateInsights should generate efficiency insights for low efficiency scores" time="0.001">
    </testcase>
    <testcase classname="MetricsAggregator generateInsights should generate failure rate insights" name="MetricsAggregator generateInsights should generate failure rate insights" time="0">
    </testcase>
    <testcase classname="MetricsAggregator generateRecommendations should return default recommendation for empty data" name="MetricsAggregator generateRecommendations should return default recommendation for empty data" time="0.001">
    </testcase>
    <testcase classname="MetricsAggregator generateRecommendations should generate performance recommendations for slow reviews" name="MetricsAggregator generateRecommendations should generate performance recommendations for slow reviews" time="0.001">
    </testcase>
    <testcase classname="MetricsAggregator generateRecommendations should generate quality recommendations for low quality reviews" name="MetricsAggregator generateRecommendations should generate quality recommendations for low quality reviews" time="0">
    </testcase>
    <testcase classname="MetricsAggregator generateRecommendations should generate cost recommendations for expensive reviews" name="MetricsAggregator generateRecommendations should generate cost recommendations for expensive reviews" time="0.001">
    </testcase>
    <testcase classname="MetricsAggregator generateRecommendations should generate model standardization recommendations" name="MetricsAggregator generateRecommendations should generate model standardization recommendations" time="0">
    </testcase>
    <testcase classname="MetricsAggregator cache management should clear cache" name="MetricsAggregator cache management should clear cache" time="0.001">
    </testcase>
    <testcase classname="MetricsAggregator cache management should get cache statistics" name="MetricsAggregator cache management should get cache statistics" time="0">
    </testcase>
  </testsuite>
  <testsuite name="ErrorLogger" errors="0" failures="0" skipped="0" timestamp="2025-09-03T15:32:10" time="0.935" tests="31">
    <testcase classname="ErrorLogger constructor should initialize with default config" name="ErrorLogger constructor should initialize with default config" time="0.003">
    </testcase>
    <testcase classname="ErrorLogger constructor should initialize with custom config" name="ErrorLogger constructor should initialize with custom config" time="0.001">
    </testcase>
    <testcase classname="ErrorLogger constructor should initialize error counts and categories" name="ErrorLogger constructor should initialize error counts and categories" time="0.001">
    </testcase>
    <testcase classname="ErrorLogger constructor should call initializeLogDirectory" name="ErrorLogger constructor should call initializeLogDirectory" time="0.001">
    </testcase>
    <testcase classname="ErrorLogger logError should log error with string message" name="ErrorLogger logError should log error with string message" time="0.003">
    </testcase>
    <testcase classname="ErrorLogger logError should log error with Error object" name="ErrorLogger logError should log error with Error object" time="0.034">
    </testcase>
    <testcase classname="ErrorLogger logError should update error counts and categories" name="ErrorLogger logError should update error counts and categories" time="0.046">
    </testcase>
    <testcase classname="ErrorLogger logError should use default severity and category" name="ErrorLogger logError should use default severity and category" time="0.022">
    </testcase>
    <testcase classname="ErrorLogger logError should include context in log entry" name="ErrorLogger logError should include context in log entry" time="0.07">
    </testcase>
    <testcase classname="ErrorLogger convenience methods should log critical error" name="ErrorLogger convenience methods should log critical error" time="0.035">
    </testcase>
    <testcase classname="ErrorLogger convenience methods should log high error" name="ErrorLogger convenience methods should log high error" time="0.036">
    </testcase>
    <testcase classname="ErrorLogger convenience methods should log medium error" name="ErrorLogger convenience methods should log medium error" time="0.042">
    </testcase>
    <testcase classname="ErrorLogger convenience methods should log low error" name="ErrorLogger convenience methods should log low error" time="0.09">
    </testcase>
    <testcase classname="ErrorLogger generateErrorReport should generate error report" name="ErrorLogger generateErrorReport should generate error report" time="0.019">
    </testcase>
    <testcase classname="ErrorLogger generateErrorReport should filter by date range" name="ErrorLogger generateErrorReport should filter by date range" time="0.001">
    </testcase>
    <testcase classname="ErrorLogger generateErrorReport should filter by severity" name="ErrorLogger generateErrorReport should filter by severity" time="0">
    </testcase>
    <testcase classname="ErrorLogger generateErrorReport should filter by category" name="ErrorLogger generateErrorReport should filter by category" time="0.001">
    </testcase>
    <testcase classname="ErrorLogger generateErrorReport should handle empty log files" name="ErrorLogger generateErrorReport should handle empty log files" time="0">
    </testcase>
    <testcase classname="ErrorLogger generateErrorReport should handle malformed log entries" name="ErrorLogger generateErrorReport should handle malformed log entries" time="0">
    </testcase>
    <testcase classname="ErrorLogger generateRecommendations should generate recommendations for critical errors" name="ErrorLogger generateRecommendations should generate recommendations for critical errors" time="0">
    </testcase>
    <testcase classname="ErrorLogger generateRecommendations should generate recommendations for AI service issues" name="ErrorLogger generateRecommendations should generate recommendations for AI service issues" time="0.001">
    </testcase>
    <testcase classname="ErrorLogger generateRecommendations should generate recommendations for GitHub API issues" name="ErrorLogger generateRecommendations should generate recommendations for GitHub API issues" time="0.001">
    </testcase>
    <testcase classname="ErrorLogger generateRecommendations should generate recommendations for high error volume" name="ErrorLogger generateRecommendations should generate recommendations for high error volume" time="0.001">
    </testcase>
    <testcase classname="ErrorLogger getErrorStats should return current error statistics" name="ErrorLogger getErrorStats should return current error statistics" time="0.028">
    </testcase>
    <testcase classname="ErrorLogger clearStats should clear error statistics" name="ErrorLogger clearStats should clear error statistics" time="0.007">
    </testcase>
    <testcase classname="ErrorLogger file rotation and cleanup should rotate log file when size exceeds limit" name="ErrorLogger file rotation and cleanup should rotate log file when size exceeds limit" time="0.079">
    </testcase>
    <testcase classname="ErrorLogger file rotation and cleanup should not rotate log file when size is within limit" name="ErrorLogger file rotation and cleanup should not rotate log file when size is within limit" time="0">
    </testcase>
    <testcase classname="ErrorLogger file rotation and cleanup should cleanup old log files" name="ErrorLogger file rotation and cleanup should cleanup old log files" time="0.002">
    </testcase>
    <testcase classname="ErrorLogger error handling should handle fs.mkdir failure gracefully" name="ErrorLogger error handling should handle fs.mkdir failure gracefully" time="0.004">
    </testcase>
    <testcase classname="ErrorLogger error handling should handle fs.appendFile failure gracefully" name="ErrorLogger error handling should handle fs.appendFile failure gracefully" time="0.036">
    </testcase>
    <testcase classname="ErrorLogger error handling should handle fs.readdir failure in report generation" name="ErrorLogger error handling should handle fs.readdir failure in report generation" time="0.012">
    </testcase>
  </testsuite>
  <testsuite name="OpenAIClient" errors="0" failures="2" skipped="0" timestamp="2025-09-03T15:32:02" time="26.331" tests="36">
    <testcase classname="OpenAIClient constructor should create instance with default configuration" name="OpenAIClient constructor should create instance with default configuration" time="0.038">
    </testcase>
    <testcase classname="OpenAIClient constructor should accept custom configuration" name="OpenAIClient constructor should accept custom configuration" time="0.007">
    </testcase>
    <testcase classname="OpenAIClient constructor should validate API key format" name="OpenAIClient constructor should validate API key format" time="0.131">
    </testcase>
    <testcase classname="OpenAIClient constructor should validate timeout" name="OpenAIClient constructor should validate timeout" time="0.002">
    </testcase>
    <testcase classname="OpenAIClient constructor should validate max retries" name="OpenAIClient constructor should validate max retries" time="0.003">
    </testcase>
    <testcase classname="OpenAIClient constructor should validate temperature" name="OpenAIClient constructor should validate temperature" time="0.017">
    </testcase>
    <testcase classname="OpenAIClient makeRequest should make successful API request" name="OpenAIClient makeRequest should make successful API request" time="0.005">
    </testcase>
    <testcase classname="OpenAIClient makeRequest should handle API errors" name="OpenAIClient makeRequest should handle API errors" time="0.005">
    </testcase>
    <testcase classname="OpenAIClient makeRequest should handle network errors" name="OpenAIClient makeRequest should handle network errors" time="7.087">
    </testcase>
    <testcase classname="OpenAIClient makeRequest should handle timeouts" name="OpenAIClient makeRequest should handle timeouts" time="7.048">
    </testcase>
    <testcase classname="OpenAIClient retry logic should retry on transient errors" name="OpenAIClient retry logic should retry on transient errors" time="3.018">
    </testcase>
    <testcase classname="OpenAIClient retry logic should not retry on authentication errors" name="OpenAIClient retry logic should not retry on authentication errors" time="0.004">
    </testcase>
    <testcase classname="OpenAIClient rate limiting should track request count" name="OpenAIClient rate limiting should track request count" time="0">
    </testcase>
    <testcase classname="OpenAIClient rate limiting should track token count" name="OpenAIClient rate limiting should track token count" time="0.002">
    </testcase>
    <testcase classname="OpenAIClient rate limiting should reset counters after time window" name="OpenAIClient rate limiting should reset counters after time window" time="0.001">
    </testcase>
    <testcase classname="OpenAIClient rate limiting should throw error when rate limit exceeded" name="OpenAIClient rate limiting should throw error when rate limit exceeded" time="0.003">
    </testcase>
    <testcase classname="OpenAIClient performCodeReview should perform code review successfully" name="OpenAIClient performCodeReview should perform code review successfully" time="0.017">
    </testcase>
    <testcase classname="OpenAIClient performCodeReview should handle review failure" name="OpenAIClient performCodeReview should handle review failure" time="7.062">
      <failure>Error: expect(received).toBe(expected) // Object.is equality

Expected: &quot;API unavailable&quot;
Received: &quot;Request failed after 4 attempts: Request failed: API unavailable&quot;
    at Object.toBe (C:\Users\eposh\OneDrive\Desktop\Dikshant\jenkins\github-review-plugin\src\utils\openai-client.test.js:444:28)</failure>
    </testcase>
    <testcase classname="OpenAIClient response parsing should parse valid JSON response" name="OpenAIClient response parsing should parse valid JSON response" time="0.002">
    </testcase>
    <testcase classname="OpenAIClient response parsing should handle malformed JSON response" name="OpenAIClient response parsing should handle malformed JSON response" time="0.001">
    </testcase>
    <testcase classname="OpenAIClient response parsing should validate response structure" name="OpenAIClient response parsing should validate response structure" time="0">
    </testcase>
    <testcase classname="OpenAIClient response parsing should validate issue structure" name="OpenAIClient response parsing should validate issue structure" time="0.001">
    </testcase>
    <testcase classname="OpenAIClient token calculation should calculate max tokens based on file content" name="OpenAIClient token calculation should calculate max tokens based on file content" time="0">
    </testcase>
    <testcase classname="OpenAIClient token calculation should handle empty files" name="OpenAIClient token calculation should handle empty files" time="0.001">
    </testcase>
    <testcase classname="OpenAIClient token calculation should respect max token limit" name="OpenAIClient token calculation should respect max token limit" time="0">
    </testcase>
    <testcase classname="OpenAIClient utility methods should format file size correctly" name="OpenAIClient utility methods should format file size correctly" time="0.002">
      <failure>TypeError: client.formatFileSize is not a function
    at Object.formatFileSize (C:\Users\eposh\OneDrive\Desktop\Dikshant\jenkins\github-review-plugin\src\utils\openai-client.test.js:562:21)
    at Promise.then.completed (C:\Users\eposh\OneDrive\Desktop\Dikshant\jenkins\github-review-plugin\node_modules\jest-circus\build\utils.js:298:28)
    at new Promise (&lt;anonymous&gt;)
    at callAsyncCircusFn (C:\Users\eposh\OneDrive\Desktop\Dikshant\jenkins\github-review-plugin\node_modules\jest-circus\build\utils.js:231:10)
    at _callCircusTest (C:\Users\eposh\OneDrive\Desktop\Dikshant\jenkins\github-review-plugin\node_modules\jest-circus\build\run.js:316:40)
    at _runTest (C:\Users\eposh\OneDrive\Desktop\Dikshant\jenkins\github-review-plugin\node_modules\jest-circus\build\run.js:252:3)
    at _runTestsForDescribeBlock (C:\Users\eposh\OneDrive\Desktop\Dikshant\jenkins\github-review-plugin\node_modules\jest-circus\build\run.js:126:9)
    at _runTestsForDescribeBlock (C:\Users\eposh\OneDrive\Desktop\Dikshant\jenkins\github-review-plugin\node_modules\jest-circus\build\run.js:121:9)
    at _runTestsForDescribeBlock (C:\Users\eposh\OneDrive\Desktop\Dikshant\jenkins\github-review-plugin\node_modules\jest-circus\build\run.js:121:9)
    at run (C:\Users\eposh\OneDrive\Desktop\Dikshant\jenkins\github-review-plugin\node_modules\jest-circus\build\run.js:71:3)
    at runAndTransformResultsToJestFormat (C:\Users\eposh\OneDrive\Desktop\Dikshant\jenkins\github-review-plugin\node_modules\jest-circus\build\legacy-code-todo-rewrite\jestAdapterInit.js:122:21)
    at jestAdapter (C:\Users\eposh\OneDrive\Desktop\Dikshant\jenkins\github-review-plugin\node_modules\jest-circus\build\legacy-code-todo-rewrite\jestAdapter.js:79:19)
    at runTestInternal (C:\Users\eposh\OneDrive\Desktop\Dikshant\jenkins\github-review-plugin\node_modules\jest-runner\build\runTest.js:367:16)
    at runTest (C:\Users\eposh\OneDrive\Desktop\Dikshant\jenkins\github-review-plugin\node_modules\jest-runner\build\runTest.js:444:34)
    at Object.worker (C:\Users\eposh\OneDrive\Desktop\Dikshant\jenkins\github-review-plugin\node_modules\jest-runner\build\testWorker.js:106:12)</failure>
    </testcase>
    <testcase classname="OpenAIClient utility methods should sleep for specified time" name="OpenAIClient utility methods should sleep for specified time" time="0.112">
    </testcase>
    <testcase classname="OpenAIClient utility methods should get configuration summary" name="OpenAIClient utility methods should get configuration summary" time="0.001">
    </testcase>
    <testcase classname="OpenAIClient utility methods should get rate limit state" name="OpenAIClient utility methods should get rate limit state" time="0">
    </testcase>
    <testcase classname="OpenAIClient logging should log info messages when enabled" name="OpenAIClient logging should log info messages when enabled" time="0.001">
    </testcase>
    <testcase classname="OpenAIClient logging should log warning messages" name="OpenAIClient logging should log warning messages" time="0">
    </testcase>
    <testcase classname="OpenAIClient logging should log error messages" name="OpenAIClient logging should log error messages" time="0">
    </testcase>
    <testcase classname="OpenAIClient logging should not log info when disabled" name="OpenAIClient logging should not log info when disabled" time="0">
    </testcase>
    <testcase classname="OpenAIClient error handling should handle missing API key" name="OpenAIClient error handling should handle missing API key" time="0.002">
    </testcase>
    <testcase classname="OpenAIClient error handling should handle invalid API key format" name="OpenAIClient error handling should handle invalid API key format" time="0.005">
    </testcase>
    <testcase classname="OpenAIClient error handling should handle response parsing errors" name="OpenAIClient error handling should handle response parsing errors" time="0">
    </testcase>
  </testsuite>
</testsuites>